Abaqus/Explicit 2026                             DATE 20-Sep-2026  TIME 20:09:24
-------------------------------------------------------------------------------
 PREPROCESSOR WARNING MESSAGES
-------------------------------------------------------------------------------


***WARNING: There are 6 warning messages in the data (.dat) file.  Please
            check the data file for possible errors in the input file.


-------------------------------------------------------------------------------
 NUMERICAL PRECISION USED FOR THIS Abaqus/Explicit ANALYSIS
-------------------------------------------------------------------------------

Single precision package and explicit executables will be used in this analysis.

-------------------------------------------------------------------------------
-------------------------------------------------------------------------------
 MODEL INFORMATION (IN GLOBAL X-Y COORDINATES)
-------------------------------------------------------------------------------

   Total mass in model = 3.69676E-02
   Center of mass of model = ( 5.000000E-02, 5.000000E-02, 1.536635E-03)

    Moments of Inertia :
                 About Center of Mass              About Origin
      I(XX)          2.763283E-05                  1.201392E-04
      I(YY)          2.763283E-05                  1.201392E-04
      I(ZZ)          5.504050E-05                  2.398786E-04
      I(XY)         -3.209268E-12                 -9.241906E-05
      I(YZ)         -7.343015E-14                 -2.840287E-06
      I(ZX)         -7.617665E-14                 -2.840287E-06

-------------------------------------------------------------------------------
 STABLE TIME INCREMENT INFORMATION
-------------------------------------------------------------------------------


  The stable time increment estimate for each element is based on
  linearization about the initial state.


   Initial time increment = 1.22410E-08

   Statistics over 89888 deformable elements:
      Mean = 2.26340E-08
      Standard deviation = 3.64392E-09

   Most critical elements:
    Element number   Rank    Time increment   Increment ratio
   ----------------------------------------------------------
       16908          1       1.224104E-08      1.000000E+00
       28144          2       1.224104E-08      1.000000E+00
        5672          3       1.224104E-08      9.999999E-01
       39380          4       1.224104E-08      9.999999E-01
       61852          5       1.224104E-08      9.999999E-01
       73088          6       1.224104E-08      9.999999E-01
       84324          7       1.224104E-08      9.999999E-01
       50616          8       1.224104E-08      9.999999E-01
       16907          9       1.224107E-08      9.999973E-01
       28143         10       1.224107E-08      9.999973E-01

-------------------------------------------------------------------------------

  INFORMATION REGARDING INITIAL CONTACT OVERCLOSURES FOR NEWLY DEFINED GENERAL
  CONTACT INTERACTIONS IN STEP 1

-------------------------------------------------------------------------------

  No initial node-face overclosures found.


  Abaqus/Explicit will attempt to resolve 73 initial edge-edge overclosure(s).


  Maximum initial overclosure for edge-edge contact is 1.37152E-09 between the
  edge defined by nodes 34348 and 34455 and the edge defined by nodes 45797
  and 45798


  No node-face overclosures left unresolved.


  56 edge-edge overclosure(s) left unresolved and will be stored as offsets.
  To help identify the nodes involved in the overclosures a node set
  InfoNodeUnresolvInitOver has been created. Check the message file for more
  detailed information.


  Maximum unresolved overclosure is 1.37152E-09 between the edge defined by
  nodes 34348 and 34455 and the edge defined by nodes 45797 and 45798


  For more detailed information on initial overclosures, use the *DIAGNOSTICS,
  CONTACT=DETAIL command and see the message (.msg) file.


***NOTE: You can view the deformed configuration due to the resolution of
         initial overclosures.  In increment 0, draw the deformed shape or
         draw a symbol plot of vector displacements.

------------------------------------------------------------------------------

Abaqus/Explicit 2026                             DATE 20-Sep-2026  TIME 20:09:37
The entire model is considered 1 domain.
Only 1 MPI rank is used.

-------------------------------------------------------------------------------
 SOLUTION PROGRESS
-------------------------------------------------------------------------------

 STEP 1  ORIGIN 0.0000

  Total memory used for step 1 is approximately 1.5 gigabytes.
  Global time estimation algorithm will be used.
  Scaling factor:  1.0000
              STEP     TOTAL      WALL        STABLE    CRITICAL    KINETIC      TOTAL
INCREMENT     TIME      TIME      TIME     INCREMENT     ELEMENT     ENERGY     ENERGY
        0  0.000E+00 0.000E+00  00:00:11 1.15145E-08       28144  7.937E-01  7.937E-01
Output Field Frame Number     0, of     25, at step time 0.000E+00
      145  1.871E-06 1.871E-06  00:00:44 1.29098E-08       84324  7.908E-01  7.937E-01
      339  4.285E-06 4.285E-06  00:01:25 1.22075E-08       84218  7.772E-01  7.937E-01
      539  6.721E-06 6.721E-06  00:02:06 1.21730E-08       50510  7.573E-01  7.937E-01
      742  9.192E-06 9.192E-06  00:02:47 1.21730E-08       50616  7.347E-01  7.937E-01
      937  1.157E-05 1.157E-05  00:03:28 1.21727E-08       39274  7.124E-01  7.937E-01
     1141  1.405E-05 1.405E-05  00:04:09 1.21730E-08       73087  6.894E-01  7.937E-01
     1343  1.651E-05 1.651E-05  00:04:51 1.21730E-08       84217  6.672E-01  7.937E-01
     1545  1.897E-05 1.897E-05  00:05:32 1.21730E-08       61745  6.460E-01  7.937E-01
     1630  2.000E-05 2.000E-05  00:05:50 1.21728E-08       84217  6.373E-01  7.937E-01
Output Field Frame Number     1, of     25, at step time 2.000E-05
     1830  2.244E-05 2.244E-05  00:06:32 1.21730E-08       84217  6.177E-01  7.937E-01
     2018  2.472E-05 2.472E-05  00:07:13 1.21726E-08       72981  6.002E-01  7.937E-01
     2170  2.657E-05 2.657E-05  00:07:49 1.21729E-08       72981  5.869E-01  7.937E-01
     2301  2.817E-05 2.817E-05  00:08:21 1.21730E-08       84217  5.763E-01  7.937E-01
     2434  2.979E-05 2.979E-05  00:08:53 1.21730E-08       84324  5.653E-01  7.937E-01
     2562  3.135E-05 3.135E-05  00:09:26 1.21730E-08       73087  5.543E-01  7.937E-01
     2741  3.353E-05 3.353E-05  00:10:04 1.21729E-08       84323  5.388E-01  7.937E-01
     2947  3.603E-05 3.603E-05  00:10:45 1.21730E-08       73087  5.231E-01  7.937E-01
     3150  3.850E-05 3.850E-05  00:11:27 1.21730E-08       73087  5.102E-01  7.937E-01
     3273  4.000E-05 4.000E-05  00:11:52 1.21730E-08       61745  5.037E-01  7.937E-01
Output Field Frame Number     2, of     25, at step time 4.000E-05
     3482  4.255E-05 4.255E-05  00:12:33 1.21728E-08       73087  4.955E-01  7.937E-01
     3678  4.493E-05 4.493E-05  00:13:14 1.21727E-08       84323  4.904E-01  7.937E-01
     3884  4.744E-05 4.744E-05  00:13:56 1.21730E-08       73087  4.861E-01  7.937E-01
     4090  4.995E-05 4.995E-05  00:14:37 1.21725E-08       61851  4.810E-01  7.937E-01
     4261  5.203E-05 5.203E-05  00:15:14 1.21724E-08       84323  4.764E-01  7.937E-01
     4457  5.441E-05 5.441E-05  00:15:55 1.21695E-08       39274  4.719E-01  7.937E-01
     4589  5.602E-05 5.602E-05  00:16:27 1.21709E-08       61852  4.679E-01  7.937E-01
     4717  5.757E-05 5.757E-05  00:16:59 1.21730E-08       73088  4.641E-01  7.937E-01
     4873  5.947E-05 5.947E-05  00:17:34 1.21730E-08       61746  4.591E-01  7.937E-01
     4917  6.001E-05 6.001E-05  00:17:42 1.21730E-08       28144  4.576E-01  7.937E-01
Output Field Frame Number     3, of     25, at step time 6.001E-05
     5121  6.249E-05 6.249E-05  00:18:24 1.21730E-08       28144  4.498E-01  7.937E-01
     5332  6.506E-05 6.506E-05  00:19:05 1.21694E-08        5672  4.407E-01  7.937E-01
     5546  6.767E-05 6.767E-05  00:19:47 1.21704E-08       39380  4.300E-01  7.937E-01
     5761  7.028E-05 7.028E-05  00:20:29 1.21716E-08       61745  4.185E-01  7.937E-01
     5968  7.280E-05 7.280E-05  00:21:10 1.21726E-08       39273  4.054E-01  7.937E-01
     6131  7.479E-05 7.479E-05  00:21:46 1.21724E-08       16802  3.937E-01  7.937E-01
     6273  7.651E-05 7.651E-05  00:22:19 1.21730E-08       84324  3.821E-01  7.937E-01
     6412  7.821E-05 7.821E-05  00:22:51 1.21724E-08       84218  3.695E-01  7.937E-01
     6560  8.001E-05 8.001E-05  00:23:25 1.21730E-08       61851  3.551E-01  7.937E-01
Output Field Frame Number     4, of     25, at step time 8.001E-05
     6778  8.266E-05 8.266E-05  00:24:07 1.21730E-08       39274  3.330E-01  7.937E-01

 STEP 1  ORIGIN 0.0000

              STEP     TOTAL      WALL        STABLE    CRITICAL    KINETIC      TOTAL
INCREMENT     TIME      TIME      TIME     INCREMENT     ELEMENT     ENERGY     ENERGY
     6999  8.535E-05 8.535E-05  00:24:49 1.21728E-08        5566  3.092E-01  7.937E-01
     7222  8.807E-05 8.807E-05  00:25:31 1.21730E-08       84324  2.856E-01  7.937E-01
     7447  9.081E-05 9.081E-05  00:26:13 1.21730E-08       73088  2.642E-01  7.937E-01
     7672  9.354E-05 9.354E-05  00:26:55 1.21727E-08       84324  2.458E-01  7.937E-01
     7891  9.621E-05 9.621E-05  00:27:37 1.21725E-08       61852  2.322E-01  7.937E-01
     8109  9.886E-05 9.886E-05  00:28:19 1.21727E-08       84323  2.220E-01  7.937E-01
     8203  1.000E-04 1.000E-04  00:28:37 1.21729E-08       84324  2.178E-01  7.937E-01
Output Field Frame Number     5, of     25, at step time 1.000E-04
     8408  1.025E-04 1.025E-04  00:29:20 1.21730E-08       16907  2.092E-01  7.937E-01
     8583  1.046E-04 1.046E-04  00:29:58 1.21729E-08       28144  2.029E-01  7.937E-01
     8723  1.063E-04 1.063E-04  00:30:31 1.21729E-08       84323  1.983E-01  7.937E-01
     8855  1.079E-04 1.079E-04  00:31:04 1.21730E-08       84324  1.938E-01  7.937E-01
     8981  1.095E-04 1.095E-04  00:31:36 1.21727E-08        5566  1.894E-01  7.937E-01
     9107  1.110E-04 1.110E-04  00:32:09 1.21730E-08       84323  1.852E-01  7.937E-01
     9271  1.130E-04 1.130E-04  00:32:48 1.21728E-08       84324  1.809E-01  7.937E-01
     9450  1.152E-04 1.152E-04  00:33:29 1.21726E-08       73087  1.793E-01  7.937E-01
     9606  1.171E-04 1.171E-04  00:34:08 1.21730E-08       28144  1.817E-01  7.937E-01
     9734  1.186E-04 1.186E-04  00:34:41 1.21730E-08       73088  1.858E-01  7.937E-01
     9846  1.200E-04 1.200E-04  00:35:09 1.21730E-08       84218  1.900E-01  7.937E-01
Output Field Frame Number     6, of     25, at step time 1.200E-04
    10017  1.221E-04 1.221E-04  00:35:51 1.21729E-08       84324  1.977E-01  7.938E-01
    10182  1.241E-04 1.241E-04  00:36:32 1.21730E-08       73087  2.070E-01  7.938E-01
    10349  1.261E-04 1.261E-04  00:37:15 1.21729E-08       84218  2.167E-01  7.938E-01
    10511  1.281E-04 1.281E-04  00:37:57 1.21730E-08       84323  2.241E-01  7.938E-01
    10673  1.301E-04 1.301E-04  00:38:39 1.21730E-08       84324  2.280E-01  7.938E-01
    10837  1.321E-04 1.321E-04  00:39:21 1.21729E-08       84218  2.285E-01  7.938E-01
    10998  1.340E-04 1.340E-04  00:40:03 1.21730E-08       84218  2.261E-01  7.938E-01
    11154  1.359E-04 1.359E-04  00:40:45 1.21730E-08       39380  2.219E-01  7.938E-01
    11279  1.375E-04 1.375E-04  00:41:19 1.21730E-08       61746  2.173E-01  7.938E-01
    11427  1.393E-04 1.393E-04  00:41:58 1.21730E-08       84323  2.102E-01  7.938E-01
    11488  1.400E-04 1.400E-04  00:42:14 1.21730E-08       72982  2.068E-01  7.938E-01
Output Field Frame Number     7, of     25, at step time 1.400E-04
    11643  1.419E-04 1.419E-04  00:42:57 1.21730E-08       73087  1.964E-01  7.938E-01
    11773  1.435E-04 1.435E-04  00:43:32 1.21730E-08       84324  1.862E-01  7.938E-01
    11894  1.450E-04 1.450E-04  00:44:05 1.21730E-08       73088  1.761E-01  7.938E-01
    12044  1.468E-04 1.468E-04  00:44:46 1.21730E-08       84218  1.633E-01  7.938E-01
    12195  1.486E-04 1.486E-04  00:45:26 1.21730E-08       84323  1.501E-01  7.938E-01
    12319  1.501E-04 1.501E-04  00:46:00 1.21730E-08       84218  1.396E-01  7.938E-01
    12443  1.516E-04 1.516E-04  00:46:34 1.21730E-08       84218  1.301E-01  7.938E-01
    12602  1.536E-04 1.536E-04  00:47:15 1.21730E-08       84218  1.195E-01  7.938E-01
    12743  1.553E-04 1.553E-04  00:47:53 1.21727E-08       72982  1.106E-01  7.938E-01
    12865  1.568E-04 1.568E-04  00:48:26 1.21730E-08       84324  1.026E-01  7.938E-01
    13004  1.585E-04 1.585E-04  00:49:04 1.21730E-08       61746  9.272E-02  7.938E-01

 STEP 1  ORIGIN 0.0000

              STEP     TOTAL      WALL        STABLE    CRITICAL    KINETIC      TOTAL
INCREMENT     TIME      TIME      TIME     INCREMENT     ELEMENT     ENERGY     ENERGY
    13130  1.600E-04 1.600E-04  00:49:38 1.21729E-08       50616  8.376E-02  7.938E-01
Output Field Frame Number     8, of     25, at step time 1.600E-04
    13248  1.614E-04 1.614E-04  00:50:11 1.21730E-08       84324  7.639E-02  7.938E-01
    13379  1.630E-04 1.630E-04  00:50:47 1.21727E-08       61851  7.015E-02  7.938E-01
    13536  1.649E-04 1.649E-04  00:51:29 1.21730E-08       84218  6.593E-02  7.938E-01
    13695  1.669E-04 1.669E-04  00:52:10 1.21725E-08       84323  6.498E-02  7.938E-01
    13853  1.688E-04 1.688E-04  00:52:53 1.21729E-08       73088  6.660E-02  7.938E-01
    14009  1.707E-04 1.707E-04  00:53:34 1.21721E-08       61746  6.998E-02  7.938E-01
    14138  1.723E-04 1.723E-04  00:54:09 1.21728E-08       84218  7.360E-02  7.938E-01
    14258  1.737E-04 1.737E-04  00:54:42 1.21728E-08       61852  7.787E-02  7.939E-01
    14387  1.753E-04 1.753E-04  00:55:17 1.21726E-08       50510  8.364E-02  7.939E-01
    14544  1.772E-04 1.772E-04  00:55:59 1.21729E-08       73087  9.249E-02  7.939E-01
    14700  1.791E-04 1.791E-04  00:56:41 1.21729E-08       72981  1.033E-01  7.939E-01
    14773  1.800E-04 1.800E-04  00:57:00 1.21728E-08       28038  1.090E-01  7.939E-01
Output Field Frame Number     9, of     25, at step time 1.800E-04
    14930  1.819E-04 1.819E-04  00:57:42 1.21724E-08       16802  1.224E-01  7.939E-01
    15084  1.838E-04 1.838E-04  00:58:24 1.21730E-08       50510  1.369E-01  7.939E-01
    15243  1.857E-04 1.857E-04  00:59:06 1.21723E-08       72982  1.531E-01  7.939E-01
    15402  1.877E-04 1.877E-04  00:59:48 1.21726E-08       50510  1.700E-01  7.939E-01
    15561  1.896E-04 1.896E-04  01:00:30 1.21723E-08       61745  1.872E-01  7.939E-01
    15719  1.915E-04 1.915E-04  01:01:12 1.21725E-08       84217  2.048E-01  7.939E-01
    15880  1.935E-04 1.935E-04  01:01:54 1.21726E-08       50616  2.232E-01  7.939E-01
    16038  1.954E-04 1.954E-04  01:02:36 1.21726E-08       61746  2.410E-01  7.939E-01
    16199  1.974E-04 1.974E-04  01:03:18 1.21728E-08       61852  2.593E-01  7.939E-01
    16358  1.993E-04 1.993E-04  01:04:00 1.21730E-08       72982  2.777E-01  7.939E-01
    16416  2.000E-04 2.000E-04  01:04:16 1.21729E-08       84324  2.842E-01  7.939E-01
Output Field Frame Number    10, of     25, at step time 2.000E-04
    16573  2.019E-04 2.019E-04  01:04:58 1.21724E-08        5672  3.008E-01  7.939E-01
    16737  2.039E-04 2.039E-04  01:05:40 1.21726E-08       39380  3.164E-01  7.939E-01
    16894  2.058E-04 2.058E-04  01:06:22 1.21730E-08       16802  3.295E-01  7.939E-01
    17050  2.077E-04 2.077E-04  01:07:04 1.21730E-08        5566  3.408E-01  7.939E-01
    17205  2.096E-04 2.096E-04  01:07:46 1.21727E-08        5672  3.508E-01  7.939E-01
    17363  2.115E-04 2.115E-04  01:08:27 1.21730E-08       28038  3.595E-01  7.939E-01
    17525  2.135E-04 2.135E-04  01:09:10 1.21728E-08       50615  3.673E-01  7.939E-01
    17683  2.154E-04 2.154E-04  01:09:52 1.21726E-08        5671  3.746E-01  7.939E-01
    17840  2.173E-04 2.173E-04  01:10:34 1.21730E-08        5566  3.814E-01  7.939E-01
    17997  2.193E-04 2.193E-04  01:11:16 1.21728E-08       16908  3.877E-01  7.939E-01
    18058  2.200E-04 2.200E-04  01:11:32 1.21729E-08       16908  3.903E-01  7.939E-01
Output Field Frame Number    11, of     25, at step time 2.200E-04
    18221  2.220E-04 2.220E-04  01:12:15 1.21728E-08        5671  3.987E-01  7.939E-01
    18381  2.239E-04 2.239E-04  01:12:57 1.21728E-08        5566  4.085E-01  7.939E-01
    18538  2.258E-04 2.258E-04  01:13:38 1.21727E-08        5566  4.197E-01  7.939E-01
    18695  2.278E-04 2.278E-04  01:14:20 1.21728E-08        5566  4.322E-01  7.939E-01
    18856  2.297E-04 2.297E-04  01:15:03 1.21726E-08        5671  4.454E-01  7.939E-01

 STEP 1  ORIGIN 0.0000

              STEP     TOTAL      WALL        STABLE    CRITICAL    KINETIC      TOTAL
INCREMENT     TIME      TIME      TIME     INCREMENT     ELEMENT     ENERGY     ENERGY
    19019  2.317E-04 2.317E-04  01:15:44 1.21730E-08        5566  4.586E-01  7.939E-01
    19197  2.339E-04 2.339E-04  01:16:27 1.15523E-08       61852  4.723E-01  7.939E-01
    19406  2.363E-04 2.363E-04  01:17:09 1.15523E-08       72982  4.869E-01  7.940E-01
    19614  2.387E-04 2.387E-04  01:17:50 1.15522E-08       39380  5.005E-01  7.940E-01
    19730  2.400E-04 2.400E-04  01:18:13 1.15523E-08       84218  5.078E-01  7.940E-01
Output Field Frame Number    12, of     25, at step time 2.400E-04
    19946  2.425E-04 2.425E-04  01:18:56 1.15523E-08       61746  5.205E-01  7.940E-01
    20168  2.451E-04 2.451E-04  01:19:37 1.15523E-08       84324  5.312E-01  7.940E-01
    20393  2.477E-04 2.477E-04  01:20:19 1.15523E-08       84324  5.386E-01  7.940E-01
    20630  2.504E-04 2.504E-04  01:21:02 1.15523E-08       84323  5.446E-01  7.940E-01
    20864  2.531E-04 2.531E-04  01:21:43 1.15522E-08        5671  5.519E-01  7.940E-01
    21099  2.558E-04 2.558E-04  01:22:25 1.15523E-08       16802  5.607E-01  7.940E-01
    21331  2.585E-04 2.585E-04  01:23:07 1.15523E-08       28144  5.702E-01  7.940E-01
    21461  2.600E-04 2.600E-04  01:23:30 1.15522E-08        5671  5.758E-01  7.940E-01
Output Field Frame Number    13, of     25, at step time 2.600E-04
    21697  2.627E-04 2.627E-04  01:24:12 1.15522E-08        5566  5.863E-01  7.940E-01
    21941  2.656E-04 2.656E-04  01:24:54 1.15521E-08        5672  5.959E-01  7.940E-01
    22188  2.684E-04 2.684E-04  01:25:36 1.15523E-08       39380  6.073E-01  7.940E-01
    22446  2.714E-04 2.714E-04  01:26:18 1.15523E-08        5566  6.228E-01  7.940E-01
    22711  2.745E-04 2.745E-04  01:27:00 1.15523E-08       16908  6.398E-01  7.940E-01
    22970  2.774E-04 2.774E-04  01:27:42 1.15523E-08       50615  6.533E-01  7.940E-01
    23192  2.800E-04 2.800E-04  01:28:18 1.15522E-08       16907  6.624E-01  7.940E-01
Output Field Frame Number    14, of     25, at step time 2.800E-04
    23447  2.830E-04 2.830E-04  01:29:00 1.15522E-08        5672  6.745E-01  7.940E-01
    23712  2.860E-04 2.860E-04  01:29:43 1.15522E-08       84323  6.873E-01  7.940E-01
    23969  2.890E-04 2.890E-04  01:30:24 1.15523E-08       73088  6.936E-01  7.940E-01
    24235  2.921E-04 2.921E-04  01:31:06 1.15523E-08       73088  6.906E-01  7.940E-01
    24502  2.951E-04 2.951E-04  01:31:48 1.15523E-08       84218  6.814E-01  7.940E-01
    24767  2.982E-04 2.982E-04  01:32:30 1.15523E-08       84324  6.733E-01  7.940E-01
    24923  3.000E-04 3.000E-04  01:32:56 1.15523E-08       39380  6.681E-01  7.940E-01
Output Field Frame Number    15, of     25, at step time 3.000E-04
    25186  3.030E-04 3.030E-04  01:33:38 1.15523E-08       50616  6.542E-01  7.940E-01
    25450  3.061E-04 3.061E-04  01:34:20 1.15523E-08        5566  6.387E-01  7.940E-01
    25706  3.091E-04 3.091E-04  01:35:02 1.15523E-08       28144  6.272E-01  7.940E-01
    25959  3.120E-04 3.120E-04  01:35:44 1.15522E-08        5672  6.178E-01  7.940E-01
    26210  3.149E-04 3.149E-04  01:36:26 1.15521E-08        5672  6.067E-01  7.940E-01
    26447  3.176E-04 3.176E-04  01:37:08 1.15522E-08        5672  5.943E-01  7.940E-01
    26653  3.200E-04 3.200E-04  01:37:45 1.15521E-08        5672  5.831E-01  7.940E-01
Output Field Frame Number    16, of     25, at step time 3.200E-04
    26879  3.226E-04 3.226E-04  01:38:28 1.15521E-08        5671  5.721E-01  7.940E-01
    27102  3.252E-04 3.252E-04  01:39:10 1.15520E-08        5672  5.637E-01  7.940E-01
    27329  3.278E-04 3.278E-04  01:39:52 1.15521E-08        5672  5.579E-01  7.940E-01
    27553  3.304E-04 3.304E-04  01:40:34 1.15521E-08        5672  5.536E-01  7.940E-01
    27770  3.329E-04 3.329E-04  01:41:16 1.15521E-08        5672  5.501E-01  7.940E-01
    27988  3.354E-04 3.354E-04  01:41:58 1.15521E-08        5672  5.464E-01  7.940E-01

 STEP 1  ORIGIN 0.0000

              STEP     TOTAL      WALL        STABLE    CRITICAL    KINETIC      TOTAL
INCREMENT     TIME      TIME      TIME     INCREMENT     ELEMENT     ENERGY     ENERGY
    28201  3.379E-04 3.379E-04  01:42:39 1.15521E-08        5672  5.424E-01  7.940E-01
    28384  3.400E-04 3.400E-04  01:43:15 1.15521E-08        5672  5.389E-01  7.940E-01
Output Field Frame Number    17, of     25, at step time 3.400E-04
    28595  3.424E-04 3.424E-04  01:43:57 1.15522E-08       16908  5.359E-01  7.940E-01
    28800  3.448E-04 3.448E-04  01:44:39 1.15523E-08       28144  5.323E-01  7.940E-01
    28997  3.471E-04 3.471E-04  01:45:21 1.15523E-08       39380  5.271E-01  7.940E-01
    29187  3.493E-04 3.493E-04  01:46:03 1.15522E-08        5671  5.192E-01  7.940E-01
    29381  3.515E-04 3.515E-04  01:46:45 1.15523E-08       28144  5.092E-01  7.940E-01
    29576  3.538E-04 3.538E-04  01:47:27 1.15523E-08       73088  4.995E-01  7.940E-01
    29770  3.560E-04 3.560E-04  01:48:09 1.15523E-08       73088  4.908E-01  7.940E-01
    29964  3.583E-04 3.583E-04  01:48:52 1.15523E-08       73088  4.844E-01  7.940E-01
    30115  3.600E-04 3.600E-04  01:49:25 1.15523E-08        5672  4.806E-01  7.940E-01
Output Field Frame Number    18, of     25, at step time 3.600E-04
    30310  3.623E-04 3.623E-04  01:50:07 1.15523E-08        5672  4.757E-01  7.940E-01
    30505  3.645E-04 3.645E-04  01:50:49 1.15523E-08       28144  4.716E-01  7.940E-01
    30702  3.668E-04 3.668E-04  01:51:32 1.15523E-08       84324  4.696E-01  7.940E-01
    30895  3.690E-04 3.690E-04  01:52:13 1.15523E-08       84324  4.715E-01  7.940E-01
    31088  3.712E-04 3.712E-04  01:52:55 1.15523E-08       84324  4.781E-01  7.940E-01
    31282  3.735E-04 3.735E-04  01:53:37 1.15523E-08       50616  4.880E-01  7.940E-01
    31479  3.758E-04 3.758E-04  01:54:19 1.15523E-08        5672  4.991E-01  7.940E-01
    31671  3.780E-04 3.780E-04  01:55:01 1.15523E-08       39380  5.090E-01  7.940E-01
    31846  3.800E-04 3.800E-04  01:55:39 1.15523E-08       39380  5.179E-01  7.940E-01
Output Field Frame Number    19, of     25, at step time 3.800E-04
    32038  3.822E-04 3.822E-04  01:56:20 1.15522E-08        5672  5.275E-01  7.940E-01
    32229  3.844E-04 3.844E-04  01:57:02 1.15523E-08        5671  5.353E-01  7.940E-01
    32424  3.867E-04 3.867E-04  01:57:43 1.15522E-08        5672  5.403E-01  7.940E-01
    32616  3.889E-04 3.889E-04  01:58:25 1.15522E-08        5671  5.431E-01  7.941E-01
    32809  3.911E-04 3.911E-04  01:59:06 1.15522E-08        5672  5.436E-01  7.941E-01
    33009  3.934E-04 3.934E-04  01:59:49 1.15523E-08       84324  5.418E-01  7.941E-01
    33207  3.957E-04 3.957E-04  02:00:31 1.15523E-08       84324  5.389E-01  7.941E-01
    33400  3.980E-04 3.980E-04  02:01:12 1.15523E-08       73088  5.371E-01  7.941E-01
    33577  4.000E-04 4.000E-04  02:01:51 1.15523E-08        5566  5.388E-01  7.941E-01
Output Field Frame Number    20, of     25, at step time 4.000E-04
    33771  4.022E-04 4.022E-04  02:02:33 1.15523E-08       73088  5.452E-01  7.941E-01
    33961  4.044E-04 4.044E-04  02:03:15 1.15523E-08       50616  5.561E-01  7.941E-01
    34157  4.067E-04 4.067E-04  02:03:57 1.15523E-08       73088  5.695E-01  7.941E-01
    34353  4.090E-04 4.090E-04  02:04:39 1.15523E-08       16908  5.843E-01  7.941E-01
    34544  4.112E-04 4.112E-04  02:05:21 1.15523E-08        5672  6.007E-01  7.941E-01
    34735  4.134E-04 4.134E-04  02:06:02 1.15523E-08       73088  6.194E-01  7.941E-01
    34939  4.157E-04 4.157E-04  02:06:44 1.15523E-08       84324  6.406E-01  7.941E-01
    35129  4.179E-04 4.179E-04  02:07:26 1.15523E-08       73088  6.581E-01  7.941E-01
    35308  4.200E-04 4.200E-04  02:08:05 1.15523E-08       84324  6.687E-01  7.941E-01
Output Field Frame Number    21, of     25, at step time 4.200E-04
    35506  4.223E-04 4.223E-04  02:08:48 1.15523E-08       84324  6.741E-01  7.941E-01
    35708  4.246E-04 4.246E-04  02:09:30 1.15523E-08       84324  6.759E-01  7.941E-01

 STEP 1  ORIGIN 0.0000

              STEP     TOTAL      WALL        STABLE    CRITICAL    KINETIC      TOTAL
INCREMENT     TIME      TIME      TIME     INCREMENT     ELEMENT     ENERGY     ENERGY
    35912  4.270E-04 4.270E-04  02:10:12 1.15523E-08       84324  6.769E-01  7.941E-01
    36126  4.295E-04 4.295E-04  02:10:54 1.15523E-08       84324  6.770E-01  7.941E-01
    36421  4.329E-04 4.329E-04  02:11:50 1.15523E-08       84323  6.726E-01  7.941E-01
    36735  4.365E-04 4.365E-04  02:12:49 1.15523E-08        5672  6.672E-01  7.941E-01
    37039  4.400E-04 4.400E-04  02:13:47 1.15523E-08       73088  6.716E-01  7.941E-01
Output Field Frame Number    22, of     25, at step time 4.400E-04
    37347  4.436E-04 4.436E-04  02:14:46 1.15523E-08       84324  6.831E-01  7.941E-01
    37661  4.472E-04 4.472E-04  02:15:46 1.15523E-08        5672  6.943E-01  7.941E-01
    37975  4.508E-04 4.508E-04  02:16:46 1.15523E-08       28144  7.031E-01  7.941E-01
    38284  4.544E-04 4.544E-04  02:17:45 1.15523E-08        5672  7.105E-01  7.941E-01
    38601  4.580E-04 4.580E-04  02:18:45 1.15523E-08       84324  7.112E-01  7.941E-01
    38770  4.600E-04 4.600E-04  02:19:12 1.15523E-08       84324  7.072E-01  7.941E-01
Output Field Frame Number    23, of     25, at step time 4.600E-04
    39046  4.632E-04 4.632E-04  02:20:03 1.15523E-08       73088  6.966E-01  7.941E-01
    39320  4.664E-04 4.664E-04  02:20:52 1.15523E-08       61852  6.846E-01  7.941E-01
    39593  4.695E-04 4.695E-04  02:21:41 1.15523E-08        5672  6.745E-01  7.941E-01
    39950  4.736E-04 4.736E-04  02:22:39 1.15523E-08       84324  6.654E-01  7.941E-01
    40244  4.770E-04 4.770E-04  02:23:29 1.15523E-08       73088  6.613E-01  7.941E-01
    40501  4.800E-04 4.800E-04  02:24:14 1.15523E-08       84324  6.596E-01  7.941E-01
Output Field Frame Number    24, of     25, at step time 4.800E-04
    40776  4.832E-04 4.832E-04  02:25:02 1.15523E-08       73088  6.588E-01  7.941E-01
    41055  4.864E-04 4.864E-04  02:25:52 1.15523E-08        5672  6.588E-01  7.941E-01
    41828  4.953E-04 4.953E-04  02:27:34 1.15523E-08        5672  6.375E-01  7.941E-01
    42235  5.000E-04 5.000E-04  02:28:26 1.15351E-08       39380  6.050E-01  7.941E-01
Restart Number  1 at 5.00000E-04
Output Field Frame Number    25, of     25, at step time 5.000E-04
  EXPLICIT EXECUTABLE TIME SUMMARY
       USER TIME (SEC)      =   25460.
       SYSTEM TIME (SEC)    =   2621.8
       WALLCLOCK TIME (SEC) =         8909
              INIT (SEC) =         14
              MAIN (SEC) =       8895

  THE ANALYSIS HAS COMPLETED SUCCESSFULLY

