Analysis initiated from SIMULIA established products
Abaqus JOB grade
Abaqus 2026
USING MEMORY DOUG-LEA ALLOCATOR
Abaqus License Manager checked out the following licenses:
Abaqus/Explicit checked out 5 tokens from Flexnet server localhost.
<9994 out of 9999 licenses remain available>.
Begin Analysis Input File Processor
9/20/2026 8:07:09 PM
Run pre.exe
9/20/2026 8:07:17 PM
End Analysis Input File Processor
Begin Abaqus/Explicit Packager
9/20/2026 8:07:17 PM
PAC_NUM_THREADS VALUE: 1
Run package.exe
9/20/2026 8:07:29 PM
End Abaqus/Explicit Packager
Begin Abaqus/Explicit Analysis
9/20/2026 8:07:29 PM
Run explicit.exe
9/20/2026 8:07:45 PM
End Abaqus/Explicit Analysis
Abaqus JOB grade COMPLETED
