Abaqus/Explicit 2026                             DATE 20-Sep-2026  TIME 20:09:09
-------------------------------------------------------------------------------
 PREPROCESSOR WARNING MESSAGES
-------------------------------------------------------------------------------


***WARNING: There are 6 warning messages in the data (.dat) file.  Please
            check the data file for possible errors in the input file.


-------------------------------------------------------------------------------
 NUMERICAL PRECISION USED FOR THIS Abaqus/Explicit ANALYSIS
-------------------------------------------------------------------------------

Single precision package and explicit executables will be used in this analysis.

-------------------------------------------------------------------------------
-------------------------------------------------------------------------------
 MODEL INFORMATION (IN GLOBAL X-Y COORDINATES)
-------------------------------------------------------------------------------

   Total mass in model = 3.69676E-02
   Center of mass of model = ( 5.000000E-02, 5.000000E-02, 1.536635E-03)

    Moments of Inertia :
                 About Center of Mass              About Origin
      I(XX)          2.763283E-05                  1.201392E-04
      I(YY)          2.763283E-05                  1.201392E-04
      I(ZZ)          5.504050E-05                  2.398786E-04
      I(XY)         -3.209268E-12                 -9.241906E-05
      I(YZ)         -7.343015E-14                 -2.840287E-06
      I(ZX)         -7.617665E-14                 -2.840287E-06

-------------------------------------------------------------------------------
 STABLE TIME INCREMENT INFORMATION
-------------------------------------------------------------------------------


  The stable time increment estimate for each element is based on
  linearization about the initial state.


   Initial time increment = 1.22410E-08

   Statistics over 89888 deformable elements:
      Mean = 2.26340E-08
      Standard deviation = 3.64392E-09

   Most critical elements:
    Element number   Rank    Time increment   Increment ratio
   ----------------------------------------------------------
       16908          1       1.224104E-08      1.000000E+00
       28144          2       1.224104E-08      1.000000E+00
        5672          3       1.224104E-08      9.999999E-01
       39380          4       1.224104E-08      9.999999E-01
       61852          5       1.224104E-08      9.999999E-01
       73088          6       1.224104E-08      9.999999E-01
       84324          7       1.224104E-08      9.999999E-01
       50616          8       1.224104E-08      9.999999E-01
       16907          9       1.224107E-08      9.999973E-01
       28143         10       1.224107E-08      9.999973E-01

-------------------------------------------------------------------------------

  INFORMATION REGARDING INITIAL CONTACT OVERCLOSURES FOR NEWLY DEFINED GENERAL
  CONTACT INTERACTIONS IN STEP 1

-------------------------------------------------------------------------------

  No initial node-face overclosures found.


  Abaqus/Explicit will attempt to resolve 73 initial edge-edge overclosure(s).


  Maximum initial overclosure for edge-edge contact is 1.37152E-09 between the
  edge defined by nodes 34348 and 34455 and the edge defined by nodes 45797
  and 45798


  No node-face overclosures left unresolved.


  56 edge-edge overclosure(s) left unresolved and will be stored as offsets.
  To help identify the nodes involved in the overclosures a node set
  InfoNodeUnresolvInitOver has been created. Check the message file for more
  detailed information.


  Maximum unresolved overclosure is 1.37152E-09 between the edge defined by
  nodes 34348 and 34455 and the edge defined by nodes 45797 and 45798


  For more detailed information on initial overclosures, use the *DIAGNOSTICS,
  CONTACT=DETAIL command and see the message (.msg) file.


***NOTE: You can view the deformed configuration due to the resolution of
         initial overclosures.  In increment 0, draw the deformed shape or
         draw a symbol plot of vector displacements.

------------------------------------------------------------------------------

Abaqus/Explicit 2026                             DATE 20-Sep-2026  TIME 20:09:23
The entire model is considered 1 domain.
Only 1 MPI rank is used.

-------------------------------------------------------------------------------
 SOLUTION PROGRESS
-------------------------------------------------------------------------------

 STEP 1  ORIGIN 0.0000

  Total memory used for step 1 is approximately 1.5 gigabytes.
  Global time estimation algorithm will be used.
  Scaling factor:  1.0000
              STEP     TOTAL      WALL        STABLE    CRITICAL    KINETIC      TOTAL
INCREMENT     TIME      TIME      TIME     INCREMENT     ELEMENT     ENERGY     ENERGY
        0  0.000E+00 0.000E+00  00:00:11 1.15145E-08       28144  3.000E-01  3.000E-01
Output Field Frame Number     0, of     25, at step time 0.000E+00
      151  1.952E-06 1.952E-06  00:00:47 1.30656E-08       84218  2.989E-01  3.000E-01
      331  4.270E-06 4.270E-06  00:01:29 1.25238E-08       84218  2.947E-01  3.000E-01
      517  6.584E-06 6.584E-06  00:02:10 1.23835E-08       84218  2.881E-01  2.999E-01
      700  8.847E-06 8.847E-06  00:02:51 1.23279E-08       84324  2.804E-01  2.999E-01
      907  1.126E-05 1.126E-05  00:03:32 1.15048E-08       61746  2.718E-01  2.999E-01
     1117  1.368E-05 1.368E-05  00:04:13 1.15047E-08       28038  2.631E-01  2.999E-01
     1333  1.616E-05 1.616E-05  00:04:54 1.15045E-08       61746  2.544E-01  2.999E-01
     1540  1.854E-05 1.854E-05  00:05:35 1.15048E-08       84217  2.465E-01  2.999E-01
     1667  2.000E-05 2.000E-05  00:06:00 1.15048E-08       61852  2.418E-01  2.999E-01
Output Field Frame Number     1, of     25, at step time 2.000E-05
     1874  2.239E-05 2.239E-05  00:06:42 1.15047E-08       50615  2.345E-01  2.999E-01
     2081  2.477E-05 2.477E-05  00:07:23 1.15047E-08       28144  2.277E-01  2.999E-01
     2265  2.688E-05 2.688E-05  00:08:00 1.15048E-08       50615  2.222E-01  2.999E-01
     2423  2.870E-05 2.870E-05  00:08:32 1.15048E-08       39380  2.177E-01  2.999E-01
     2582  3.053E-05 3.053E-05  00:09:04 1.15048E-08       28038  2.132E-01  2.998E-01
     2738  3.233E-05 3.233E-05  00:09:37 1.15048E-08       50616  2.087E-01  2.998E-01
     2930  3.453E-05 3.453E-05  00:10:14 1.15048E-08       84324  2.030E-01  2.998E-01
     3136  3.690E-05 3.690E-05  00:10:56 1.15045E-08        5672  1.976E-01  2.998E-01
     3357  3.945E-05 3.945E-05  00:11:37 1.15047E-08       84324  1.928E-01  2.998E-01
     3406  4.001E-05 4.001E-05  00:11:47 1.15046E-08        5672  1.920E-01  2.998E-01
Output Field Frame Number     2, of     25, at step time 4.001E-05
     3620  4.247E-05 4.247E-05  00:12:28 1.15048E-08       28143  1.890E-01  2.998E-01
     3828  4.486E-05 4.486E-05  00:13:10 1.15047E-08        5672  1.874E-01  2.998E-01
     4041  4.731E-05 4.731E-05  00:13:51 1.15048E-08       16802  1.865E-01  2.998E-01
     4242  4.963E-05 4.963E-05  00:14:32 1.15046E-08        5566  1.855E-01  2.998E-01
     4438  5.188E-05 5.188E-05  00:15:12 1.15047E-08        5672  1.841E-01  2.998E-01
     4634  5.414E-05 5.414E-05  00:15:51 1.15047E-08        5672  1.823E-01  2.998E-01
     4804  5.609E-05 5.609E-05  00:16:26 1.15046E-08       84218  1.805E-01  2.998E-01
     4963  5.792E-05 5.792E-05  00:16:58 1.15048E-08       73088  1.787E-01  2.998E-01
     5120  5.973E-05 5.973E-05  00:17:31 1.15048E-08       73088  1.768E-01  2.998E-01
     5144  6.000E-05 6.000E-05  00:17:36 1.15048E-08       84324  1.764E-01  2.998E-01
Output Field Frame Number     3, of     25, at step time 6.000E-05
     5347  6.234E-05 6.234E-05  00:18:17 1.15048E-08       84324  1.736E-01  2.998E-01
     5556  6.474E-05 6.474E-05  00:18:59 1.15047E-08        5672  1.703E-01  2.998E-01
     5759  6.708E-05 6.708E-05  00:19:41 1.15047E-08        5672  1.667E-01  2.998E-01
     5973  6.954E-05 6.954E-05  00:20:23 1.15047E-08        5566  1.625E-01  2.998E-01
     6173  7.184E-05 7.184E-05  00:21:04 1.15047E-08        5672  1.582E-01  2.998E-01
     6377  7.419E-05 7.419E-05  00:21:44 1.15047E-08        5672  1.530E-01  2.998E-01
     6535  7.600E-05 7.600E-05  00:22:17 1.15047E-08        5672  1.486E-01  2.998E-01
     6699  7.789E-05 7.789E-05  00:22:50 1.15047E-08        5566  1.432E-01  2.998E-01
     6852  7.965E-05 7.965E-05  00:23:22 1.15047E-08        5671  1.377E-01  2.998E-01
     6883  8.001E-05 8.001E-05  00:23:29 1.15046E-08        5672  1.365E-01  2.998E-01
Output Field Frame Number     4, of     25, at step time 8.001E-05

 STEP 1  ORIGIN 0.0000

              STEP     TOTAL      WALL        STABLE    CRITICAL    KINETIC      TOTAL
INCREMENT     TIME      TIME      TIME     INCREMENT     ELEMENT     ENERGY     ENERGY
     7080  8.227E-05 8.227E-05  00:24:09 1.15047E-08        5566  1.289E-01  2.998E-01
     7287  8.465E-05 8.465E-05  00:24:51 1.15047E-08        5671  1.206E-01  2.998E-01
     7490  8.699E-05 8.699E-05  00:25:33 1.15048E-08        5671  1.123E-01  2.998E-01
     7700  8.941E-05 8.941E-05  00:26:15 1.15048E-08        5671  1.044E-01  2.998E-01
     7906  9.177E-05 9.177E-05  00:26:58 1.15047E-08        5672  9.754E-02  2.999E-01
     8113  9.416E-05 9.416E-05  00:27:39 1.15047E-08       84218  9.185E-02  2.999E-01
     8326  9.661E-05 9.661E-05  00:28:21 1.15047E-08       84218  8.763E-02  2.999E-01
     8545  9.913E-05 9.913E-05  00:29:03 1.15048E-08       84323  8.467E-02  2.999E-01
     8622  1.000E-04 1.000E-04  00:29:18 1.15047E-08       84218  8.378E-02  2.999E-01
Output Field Frame Number     5, of     25, at step time 1.000E-04
     8833  1.024E-04 1.024E-04  00:29:58 1.15048E-08       84324  8.145E-02  2.999E-01
     9014  1.045E-04 1.045E-04  00:30:33 1.15048E-08       84323  7.961E-02  2.999E-01
     9188  1.065E-04 1.065E-04  00:31:06 1.15047E-08       84218  7.792E-02  2.999E-01
     9360  1.085E-04 1.085E-04  00:31:38 1.15048E-08       84323  7.611E-02  2.999E-01
     9537  1.105E-04 1.105E-04  00:32:11 1.15048E-08       73088  7.410E-02  2.999E-01
     9733  1.128E-04 1.128E-04  00:32:46 1.15048E-08       84324  7.209E-02  2.999E-01
     9985  1.157E-04 1.157E-04  00:33:28 1.15048E-08       84323  7.112E-02  2.999E-01
    10225  1.185E-04 1.185E-04  00:34:08 1.15048E-08       84218  7.316E-02  2.999E-01
    10360  1.200E-04 1.200E-04  00:34:32 1.15048E-08       84324  7.535E-02  2.999E-01
Output Field Frame Number     6, of     25, at step time 1.200E-04
    10532  1.220E-04 1.220E-04  00:35:05 1.15048E-08       84324  7.883E-02  2.999E-01
    10772  1.247E-04 1.247E-04  00:35:45 1.15048E-08       84324  8.475E-02  2.999E-01
    11034  1.278E-04 1.278E-04  00:36:26 1.15048E-08       84218  9.086E-02  2.999E-01
    11303  1.309E-04 1.309E-04  00:37:08 1.15048E-08       73088  9.381E-02  2.999E-01
    11572  1.340E-04 1.340E-04  00:37:50 1.15048E-08       72982  9.244E-02  2.999E-01
    11843  1.371E-04 1.371E-04  00:38:32 1.15048E-08       84324  8.791E-02  2.999E-01
    12098  1.400E-04 1.400E-04  00:39:12 1.15048E-08       61852  8.180E-02  2.999E-01
Output Field Frame Number     7, of     25, at step time 1.400E-04
    12372  1.432E-04 1.432E-04  00:39:54 1.15048E-08       84324  7.356E-02  2.999E-01
    12649  1.464E-04 1.464E-04  00:40:36 1.15048E-08       84323  6.422E-02  2.999E-01
    12894  1.492E-04 1.492E-04  00:41:15 1.15048E-08       84218  5.590E-02  2.999E-01
    13087  1.514E-04 1.514E-04  00:41:49 1.15048E-08       84324  4.985E-02  2.999E-01
    13364  1.546E-04 1.546E-04  00:42:31 1.15048E-08       84218  4.287E-02  2.999E-01
    13634  1.577E-04 1.577E-04  00:43:13 1.15048E-08       84218  3.700E-02  2.999E-01
    13833  1.600E-04 1.600E-04  00:43:48 1.15048E-08       73087  3.241E-02  2.999E-01
    13835  1.600E-04 1.600E-04  00:43:48 1.15048E-08       73087  3.237E-02  2.999E-01
Output Field Frame Number     8, of     25, at step time 1.600E-04
    14014  1.621E-04 1.621E-04  00:44:22 1.15048E-08       84218  2.860E-02  2.999E-01
    14264  1.649E-04 1.649E-04  00:45:03 1.15048E-08       84323  2.544E-02  2.999E-01
    14494  1.676E-04 1.676E-04  00:45:43 1.15048E-08       73088  2.548E-02  2.999E-01
    14670  1.696E-04 1.696E-04  00:46:16 1.15047E-08        5671  2.722E-02  2.999E-01
    14847  1.717E-04 1.717E-04  00:46:50 1.15047E-08        5672  3.003E-02  2.999E-01
    15075  1.743E-04 1.743E-04  00:47:32 1.15048E-08        5672  3.464E-02  2.999E-01
    15276  1.766E-04 1.766E-04  00:48:09 1.15047E-08        5671  3.960E-02  2.999E-01

 STEP 1  ORIGIN 0.0000

              STEP     TOTAL      WALL        STABLE    CRITICAL    KINETIC      TOTAL
INCREMENT     TIME      TIME      TIME     INCREMENT     ELEMENT     ENERGY     ENERGY
    15443  1.785E-04 1.785E-04  00:48:43 1.15047E-08        5566  4.440E-02  2.999E-01
    15573  1.800E-04 1.800E-04  00:49:07 1.15046E-08        5566  4.852E-02  2.999E-01
Output Field Frame Number     9, of     25, at step time 1.800E-04
    15777  1.824E-04 1.824E-04  00:49:46 1.15046E-08        5672  5.551E-02  2.999E-01
    15939  1.842E-04 1.842E-04  00:50:19 1.15047E-08        5672  6.155E-02  2.999E-01
    16107  1.862E-04 1.862E-04  00:50:53 1.15046E-08        5672  6.819E-02  2.999E-01
    16318  1.886E-04 1.886E-04  00:51:34 1.15046E-08        5671  7.674E-02  2.999E-01
    16524  1.910E-04 1.910E-04  00:52:16 1.15046E-08        5671  8.499E-02  2.999E-01
    16732  1.933E-04 1.933E-04  00:52:58 1.15047E-08        5566  9.344E-02  2.999E-01
    16939  1.957E-04 1.957E-04  00:53:40 1.15047E-08        5566  1.018E-01  2.999E-01
    17121  1.978E-04 1.978E-04  00:54:17 1.15047E-08        5672  1.092E-01  2.999E-01
    17280  1.997E-04 1.997E-04  00:54:49 1.15048E-08        5672  1.156E-01  2.999E-01
    17310  2.000E-04 2.000E-04  00:54:56 1.15048E-08        5566  1.168E-01  2.999E-01
Output Field Frame Number    10, of     25, at step time 2.000E-04
    17478  2.019E-04 2.019E-04  00:55:30 1.15048E-08       16908  1.230E-01  2.999E-01
    17684  2.043E-04 2.043E-04  00:56:12 1.15047E-08        5672  1.295E-01  2.999E-01
    17890  2.067E-04 2.067E-04  00:56:54 1.15048E-08        5672  1.347E-01  2.999E-01
    18095  2.090E-04 2.090E-04  00:57:37 1.15047E-08        5672  1.385E-01  2.999E-01
    18307  2.115E-04 2.115E-04  00:58:18 1.15048E-08       84218  1.412E-01  2.999E-01
    18525  2.140E-04 2.140E-04  00:59:00 1.15048E-08       73088  1.433E-01  2.999E-01
    18753  2.166E-04 2.166E-04  00:59:42 1.15048E-08       73088  1.455E-01  2.999E-01
    18983  2.193E-04 2.193E-04  01:00:24 1.15047E-08        5672  1.481E-01  2.999E-01
    19048  2.200E-04 2.200E-04  01:00:35 1.15047E-08        5672  1.489E-01  2.999E-01
Output Field Frame Number    11, of     25, at step time 2.200E-04
    19290  2.228E-04 2.228E-04  01:01:17 1.15047E-08        5672  1.531E-01  2.999E-01
    19536  2.256E-04 2.256E-04  01:01:59 1.15047E-08        5672  1.591E-01  2.999E-01
    19779  2.284E-04 2.284E-04  01:02:41 1.15047E-08        5672  1.669E-01  2.999E-01
    20027  2.313E-04 2.313E-04  01:03:23 1.15048E-08        5672  1.755E-01  2.999E-01
    20284  2.342E-04 2.342E-04  01:04:05 1.15048E-08       73088  1.844E-01  2.999E-01
    20544  2.372E-04 2.372E-04  01:04:47 1.15048E-08       84218  1.927E-01  2.999E-01
    20785  2.400E-04 2.400E-04  01:05:26 1.15048E-08       28144  1.996E-01  2.999E-01
Output Field Frame Number    12, of     25, at step time 2.400E-04
    21043  2.430E-04 2.430E-04  01:06:09 1.15048E-08       61852  2.059E-01  2.999E-01
    21314  2.461E-04 2.461E-04  01:06:51 1.15048E-08       84218  2.106E-01  2.999E-01
    21588  2.492E-04 2.492E-04  01:07:32 1.15048E-08       84324  2.130E-01  2.999E-01
    21862  2.524E-04 2.524E-04  01:08:14 1.15048E-08       73088  2.147E-01  2.999E-01
    22137  2.555E-04 2.555E-04  01:08:56 1.15048E-08       28144  2.176E-01  2.999E-01
    22414  2.587E-04 2.587E-04  01:09:38 1.15048E-08       16908  2.216E-01  2.999E-01
    22525  2.600E-04 2.600E-04  01:09:55 1.15048E-08        5672  2.234E-01  2.999E-01
Output Field Frame Number    13, of     25, at step time 2.600E-04
    22798  2.631E-04 2.631E-04  01:10:38 1.15047E-08       16908  2.282E-01  2.999E-01
    23077  2.664E-04 2.664E-04  01:11:19 1.15047E-08       16908  2.326E-01  2.999E-01
    23359  2.696E-04 2.696E-04  01:12:01 1.15048E-08       50616  2.380E-01  2.999E-01
    23635  2.728E-04 2.728E-04  01:12:43 1.15048E-08       28144  2.447E-01  2.999E-01
    23910  2.759E-04 2.759E-04  01:13:25 1.15048E-08       50616  2.516E-01  2.999E-01

 STEP 1  ORIGIN 0.0000

              STEP     TOTAL      WALL        STABLE    CRITICAL    KINETIC      TOTAL
INCREMENT     TIME      TIME      TIME     INCREMENT     ELEMENT     ENERGY     ENERGY
    24186  2.791E-04 2.791E-04  01:14:07 1.15048E-08       28144  2.569E-01  2.999E-01
    24265  2.800E-04 2.800E-04  01:14:19 1.15048E-08        5672  2.583E-01  2.999E-01
Output Field Frame Number    14, of     25, at step time 2.800E-04
    24543  2.832E-04 2.832E-04  01:15:01 1.15047E-08       16908  2.632E-01  2.999E-01
    24809  2.863E-04 2.863E-04  01:15:43 1.15044E-08       84218  2.678E-01  2.999E-01
    25080  2.894E-04 2.894E-04  01:16:25 1.15048E-08       72982  2.689E-01  2.999E-01
    25347  2.925E-04 2.925E-04  01:17:07 1.15048E-08       84324  2.655E-01  2.999E-01
    25601  2.954E-04 2.954E-04  01:17:49 1.15048E-08       84324  2.604E-01  2.999E-01
    25855  2.983E-04 2.983E-04  01:18:31 1.15048E-08       84323  2.564E-01  2.999E-01
    26004  3.000E-04 3.000E-04  01:18:56 1.15048E-08       28144  2.543E-01  2.999E-01
Output Field Frame Number    15, of     25, at step time 3.000E-04
    26253  3.029E-04 3.029E-04  01:19:38 1.15047E-08        5672  2.496E-01  2.999E-01
    26499  3.057E-04 3.057E-04  01:20:20 1.15047E-08        5672  2.442E-01  2.999E-01
    26735  3.084E-04 3.084E-04  01:21:02 1.15046E-08        5672  2.400E-01  2.999E-01
    26968  3.111E-04 3.111E-04  01:21:44 1.15048E-08        5672  2.370E-01  2.999E-01
    27197  3.137E-04 3.137E-04  01:22:26 1.15047E-08        5672  2.342E-01  2.999E-01
    27429  3.164E-04 3.164E-04  01:23:07 1.15047E-08       16908  2.302E-01  2.999E-01
    27659  3.190E-04 3.190E-04  01:23:49 1.15047E-08        5672  2.253E-01  2.999E-01
    27744  3.200E-04 3.200E-04  01:24:05 1.15047E-08        5672  2.236E-01  2.999E-01
Output Field Frame Number    16, of     25, at step time 3.200E-04
    27966  3.226E-04 3.226E-04  01:24:47 1.15047E-08        5672  2.196E-01  2.999E-01
    28181  3.250E-04 3.250E-04  01:25:29 1.15047E-08        5672  2.168E-01  2.999E-01
    28395  3.275E-04 3.275E-04  01:26:11 1.15047E-08        5672  2.154E-01  2.999E-01
    28605  3.299E-04 3.299E-04  01:26:53 1.15047E-08        5672  2.148E-01  2.999E-01
    28810  3.323E-04 3.323E-04  01:27:35 1.15047E-08        5672  2.143E-01  2.999E-01
    29014  3.346E-04 3.346E-04  01:28:17 1.15047E-08        5672  2.132E-01  2.999E-01
    29217  3.369E-04 3.369E-04  01:28:58 1.15048E-08       16908  2.116E-01  2.999E-01
    29423  3.393E-04 3.393E-04  01:29:40 1.15048E-08       16908  2.097E-01  2.999E-01
    29484  3.400E-04 3.400E-04  01:29:53 1.15047E-08        5672  2.092E-01  2.999E-01
Output Field Frame Number    17, of     25, at step time 3.400E-04
    29688  3.424E-04 3.424E-04  01:30:35 1.15048E-08       16908  2.082E-01  2.999E-01
    29894  3.447E-04 3.447E-04  01:31:17 1.15048E-08       16908  2.072E-01  2.999E-01
    30097  3.471E-04 3.471E-04  01:31:59 1.15048E-08       28144  2.057E-01  2.999E-01
    30302  3.494E-04 3.494E-04  01:32:41 1.15048E-08       28144  2.030E-01  2.999E-01
    30512  3.518E-04 3.518E-04  01:33:23 1.15048E-08       73088  1.990E-01  2.999E-01
    30720  3.542E-04 3.542E-04  01:34:05 1.15048E-08       84324  1.948E-01  2.999E-01
    30929  3.566E-04 3.566E-04  01:34:48 1.15048E-08       73088  1.907E-01  2.999E-01
    31142  3.591E-04 3.591E-04  01:35:30 1.15048E-08        5672  1.874E-01  2.999E-01
    31223  3.600E-04 3.600E-04  01:35:46 1.15048E-08        5672  1.864E-01  2.999E-01
Output Field Frame Number    18, of     25, at step time 3.600E-04
    31439  3.625E-04 3.625E-04  01:36:28 1.15048E-08       73088  1.836E-01  2.999E-01
    31667  3.651E-04 3.651E-04  01:37:10 1.15048E-08       84324  1.816E-01  2.999E-01
    31899  3.678E-04 3.678E-04  01:37:52 1.15048E-08       84324  1.814E-01  2.999E-01
    32143  3.706E-04 3.706E-04  01:38:34 1.15048E-08       84324  1.840E-01  2.999E-01
    32386  3.734E-04 3.734E-04  01:39:17 1.15048E-08       50616  1.898E-01  2.999E-01

 STEP 1  ORIGIN 0.0000

              STEP     TOTAL      WALL        STABLE    CRITICAL    KINETIC      TOTAL
INCREMENT     TIME      TIME      TIME     INCREMENT     ELEMENT     ENERGY     ENERGY
    32625  3.761E-04 3.761E-04  01:39:59 1.15048E-08       61852  1.970E-01  2.999E-01
    32876  3.790E-04 3.790E-04  01:40:41 1.15048E-08        5672  2.043E-01  2.999E-01
    32963  3.800E-04 3.800E-04  01:40:55 1.15048E-08       16908  2.065E-01  2.999E-01
Output Field Frame Number    19, of     25, at step time 3.800E-04
    33213  3.829E-04 3.829E-04  01:41:37 1.15048E-08        5672  2.118E-01  2.999E-01
    33469  3.858E-04 3.858E-04  01:42:19 1.15047E-08        5672  2.146E-01  2.999E-01
    33725  3.888E-04 3.888E-04  01:43:01 1.15048E-08       16908  2.142E-01  2.999E-01
    33977  3.917E-04 3.917E-04  01:43:42 1.15048E-08        5672  2.115E-01  2.999E-01
    34243  3.947E-04 3.947E-04  01:44:25 1.15048E-08       73088  2.077E-01  2.999E-01
    34520  3.979E-04 3.979E-04  01:45:07 1.15048E-08       61852  2.052E-01  2.999E-01
    34703  4.000E-04 4.000E-04  01:45:35 1.15048E-08       84324  2.057E-01  2.999E-01
Output Field Frame Number    20, of     25, at step time 4.000E-04
    34977  4.032E-04 4.032E-04  01:46:16 1.15048E-08       84324  2.111E-01  2.999E-01
    35262  4.064E-04 4.064E-04  01:46:58 1.15048E-08       84324  2.209E-01  2.999E-01
    35545  4.097E-04 4.097E-04  01:47:41 1.15048E-08       28144  2.314E-01  2.999E-01
    35823  4.129E-04 4.129E-04  01:48:23 1.15048E-08       61852  2.426E-01  3.000E-01
    36103  4.161E-04 4.161E-04  01:49:05 1.15048E-08       61852  2.537E-01  3.000E-01
    36380  4.193E-04 4.193E-04  01:49:47 1.15048E-08       61852  2.604E-01  3.000E-01
    36443  4.200E-04 4.200E-04  01:49:57 1.15048E-08       84324  2.610E-01  3.000E-01
Output Field Frame Number    21, of     25, at step time 4.200E-04
    36723  4.232E-04 4.232E-04  01:50:39 1.15048E-08       73088  2.608E-01  3.000E-01
    36998  4.264E-04 4.264E-04  01:51:21 1.15048E-08       84324  2.593E-01  3.000E-01
    37275  4.296E-04 4.296E-04  01:52:03 1.15048E-08       84324  2.579E-01  3.000E-01
    37546  4.327E-04 4.327E-04  01:52:45 1.15048E-08       61852  2.559E-01  3.000E-01
    37815  4.358E-04 4.358E-04  01:53:27 1.15047E-08        5672  2.551E-01  3.000E-01
    38078  4.388E-04 4.388E-04  01:54:09 1.15048E-08        5672  2.577E-01  3.000E-01
    38182  4.400E-04 4.400E-04  01:54:25 1.15048E-08       84324  2.597E-01  3.000E-01
Output Field Frame Number    22, of     25, at step time 4.400E-04
    38436  4.429E-04 4.429E-04  01:55:07 1.15048E-08       73088  2.654E-01  3.000E-01
    38692  4.459E-04 4.459E-04  01:55:50 1.15048E-08       16908  2.697E-01  3.000E-01
    38935  4.487E-04 4.487E-04  01:56:32 1.15048E-08       28144  2.721E-01  3.000E-01
    39169  4.513E-04 4.513E-04  01:57:13 1.15048E-08       50616  2.740E-01  3.000E-01
    39404  4.540E-04 4.540E-04  01:57:55 1.15048E-08       16908  2.752E-01  3.000E-01
    39636  4.567E-04 4.567E-04  01:58:36 1.15048E-08       61852  2.748E-01  3.000E-01
    39857  4.593E-04 4.593E-04  01:59:18 1.15048E-08       84324  2.723E-01  3.000E-01
    39922  4.600E-04 4.600E-04  01:59:30 1.15048E-08       84324  2.713E-01  3.000E-01
Output Field Frame Number    23, of     25, at step time 4.600E-04
    40136  4.625E-04 4.625E-04  02:00:12 1.15048E-08       84324  2.676E-01  3.000E-01
    40357  4.650E-04 4.650E-04  02:00:54 1.15048E-08       73088  2.637E-01  3.000E-01
    40567  4.674E-04 4.674E-04  02:01:35 1.15048E-08       84324  2.603E-01  3.000E-01
    40782  4.699E-04 4.699E-04  02:02:18 1.15048E-08       84324  2.575E-01  3.000E-01
    40992  4.723E-04 4.723E-04  02:03:00 1.15048E-08       50616  2.557E-01  3.000E-01
    41199  4.747E-04 4.747E-04  02:03:41 1.15048E-08       84324  2.547E-01  3.000E-01
    41406  4.771E-04 4.771E-04  02:04:23 1.15048E-08       84324  2.541E-01  3.000E-01
    41611  4.794E-04 4.794E-04  02:05:05 1.15048E-08       84324  2.538E-01  3.000E-01

 STEP 1  ORIGIN 0.0000

              STEP     TOTAL      WALL        STABLE    CRITICAL    KINETIC      TOTAL
INCREMENT     TIME      TIME      TIME     INCREMENT     ELEMENT     ENERGY     ENERGY
    41662  4.800E-04 4.800E-04  02:05:16 1.15048E-08       73088  2.538E-01  3.000E-01
Output Field Frame Number    24, of     25, at step time 4.800E-04
    41860  4.823E-04 4.823E-04  02:05:57 1.15048E-08       73088  2.536E-01  3.000E-01
    42061  4.846E-04 4.846E-04  02:06:39 1.15048E-08        5672  2.538E-01  3.000E-01
    42267  4.870E-04 4.870E-04  02:07:21 1.15048E-08       16908  2.543E-01  3.000E-01
    42470  4.893E-04 4.893E-04  02:08:03 1.15048E-08        5672  2.545E-01  3.000E-01
    42676  4.917E-04 4.917E-04  02:08:45 1.15048E-08        5672  2.534E-01  3.000E-01
    42882  4.940E-04 4.940E-04  02:09:27 1.15047E-08        5672  2.498E-01  3.000E-01
    43087  4.964E-04 4.964E-04  02:10:09 1.15047E-08        5672  2.436E-01  3.000E-01
    43293  4.988E-04 4.988E-04  02:10:50 1.15047E-08        5672  2.360E-01  3.000E-01
    43399  5.000E-04 5.000E-04  02:11:13 1.14887E-08        5672  2.320E-01  3.000E-01
Restart Number  1 at 5.00000E-04
Output Field Frame Number    25, of     25, at step time 5.000E-04
  EXPLICIT EXECUTABLE TIME SUMMARY
       USER TIME (SEC)      =   23376.
       SYSTEM TIME (SEC)    =   2369.2
       WALLCLOCK TIME (SEC) =         7876
              INIT (SEC) =         14
              MAIN (SEC) =       7862

  THE ANALYSIS HAS COMPLETED SUCCESSFULLY

