Abaqus/Explicit 2026                             DATE 20-Sep-2026  TIME 20:08:55
-------------------------------------------------------------------------------
 PREPROCESSOR WARNING MESSAGES
-------------------------------------------------------------------------------


***WARNING: There are 6 warning messages in the data (.dat) file.  Please
            check the data file for possible errors in the input file.


-------------------------------------------------------------------------------
 NUMERICAL PRECISION USED FOR THIS Abaqus/Explicit ANALYSIS
-------------------------------------------------------------------------------

Single precision package and explicit executables will be used in this analysis.

-------------------------------------------------------------------------------
-------------------------------------------------------------------------------
 MODEL INFORMATION (IN GLOBAL X-Y COORDINATES)
-------------------------------------------------------------------------------

   Total mass in model = 3.69676E-02
   Center of mass of model = ( 5.000000E-02, 5.000000E-02, 1.536635E-03)

    Moments of Inertia :
                 About Center of Mass              About Origin
      I(XX)          2.763283E-05                  1.201392E-04
      I(YY)          2.763283E-05                  1.201392E-04
      I(ZZ)          5.504050E-05                  2.398786E-04
      I(XY)         -3.209268E-12                 -9.241906E-05
      I(YZ)         -7.343015E-14                 -2.840287E-06
      I(ZX)         -7.617665E-14                 -2.840287E-06

-------------------------------------------------------------------------------
 STABLE TIME INCREMENT INFORMATION
-------------------------------------------------------------------------------


  The stable time increment estimate for each element is based on
  linearization about the initial state.


   Initial time increment = 1.22410E-08

   Statistics over 89888 deformable elements:
      Mean = 2.26340E-08
      Standard deviation = 3.64392E-09

   Most critical elements:
    Element number   Rank    Time increment   Increment ratio
   ----------------------------------------------------------
       16908          1       1.224104E-08      1.000000E+00
       28144          2       1.224104E-08      1.000000E+00
        5672          3       1.224104E-08      9.999999E-01
       39380          4       1.224104E-08      9.999999E-01
       61852          5       1.224104E-08      9.999999E-01
       73088          6       1.224104E-08      9.999999E-01
       84324          7       1.224104E-08      9.999999E-01
       50616          8       1.224104E-08      9.999999E-01
       16907          9       1.224107E-08      9.999973E-01
       28143         10       1.224107E-08      9.999973E-01

-------------------------------------------------------------------------------

  INFORMATION REGARDING INITIAL CONTACT OVERCLOSURES FOR NEWLY DEFINED GENERAL
  CONTACT INTERACTIONS IN STEP 1

-------------------------------------------------------------------------------

  No initial node-face overclosures found.


  Abaqus/Explicit will attempt to resolve 73 initial edge-edge overclosure(s).


  Maximum initial overclosure for edge-edge contact is 1.37152E-09 between the
  edge defined by nodes 34348 and 34455 and the edge defined by nodes 45797
  and 45798


  No node-face overclosures left unresolved.


  56 edge-edge overclosure(s) left unresolved and will be stored as offsets.
  To help identify the nodes involved in the overclosures a node set
  InfoNodeUnresolvInitOver has been created. Check the message file for more
  detailed information.


  Maximum unresolved overclosure is 1.37152E-09 between the edge defined by
  nodes 34348 and 34455 and the edge defined by nodes 45797 and 45798


  For more detailed information on initial overclosures, use the *DIAGNOSTICS,
  CONTACT=DETAIL command and see the message (.msg) file.


***NOTE: You can view the deformed configuration due to the resolution of
         initial overclosures.  In increment 0, draw the deformed shape or
         draw a symbol plot of vector displacements.

------------------------------------------------------------------------------

Abaqus/Explicit 2026                             DATE 20-Sep-2026  TIME 20:09:09
The entire model is considered 1 domain.
Only 1 MPI rank is used.

-------------------------------------------------------------------------------
 SOLUTION PROGRESS
-------------------------------------------------------------------------------

 STEP 1  ORIGIN 0.0000

  Total memory used for step 1 is approximately 1.5 gigabytes.
  Global time estimation algorithm will be used.
  Scaling factor:  1.0000
              STEP     TOTAL      WALL        STABLE    CRITICAL    KINETIC      TOTAL
INCREMENT     TIME      TIME      TIME     INCREMENT     ELEMENT     ENERGY     ENERGY
        0  0.000E+00 0.000E+00  00:00:11 1.15145E-08       28144  1.000E-01  1.000E-01
Output Field Frame Number     0, of     25, at step time 0.000E+00
      167  2.162E-06 2.162E-06  00:00:49 1.30811E-08       84324  9.969E-02  1.000E-01
      364  4.723E-06 4.723E-06  00:01:30 1.27448E-08       84324  9.822E-02  1.000E-01
      548  7.031E-06 7.031E-06  00:02:11 1.22343E-08       84324  9.614E-02  1.000E-01
      732  9.282E-06 9.282E-06  00:02:52 1.22343E-08       84324  9.376E-02  1.000E-01
      902  1.136E-05 1.136E-05  00:03:33 1.22343E-08       61852  9.133E-02  1.000E-01
     1092  1.369E-05 1.369E-05  00:04:14 1.22343E-08       39379  8.857E-02  1.000E-01
     1270  1.586E-05 1.586E-05  00:04:56 1.21929E-08       61852  8.601E-02  1.000E-01
     1444  1.798E-05 1.798E-05  00:05:37 1.21769E-08       61851  8.359E-02  1.000E-01
     1610  2.000E-05 2.000E-05  00:06:14 1.21769E-08       16907  8.138E-02  1.000E-01
Output Field Frame Number     1, of     25, at step time 2.000E-05
     1793  2.223E-05 2.223E-05  00:06:55 1.21746E-08       84323  7.905E-02  1.000E-01
     1985  2.457E-05 2.457E-05  00:07:37 1.21746E-08        5671  7.676E-02  1.000E-01
     2145  2.651E-05 2.651E-05  00:08:13 1.21746E-08        5672  7.497E-02  1.000E-01
     2276  2.811E-05 2.811E-05  00:08:46 1.21586E-08       73088  7.360E-02  1.000E-01
     2407  2.970E-05 2.970E-05  00:09:18 1.21583E-08       84324  7.227E-02  1.000E-01
     2541  3.133E-05 3.133E-05  00:09:50 1.21583E-08        5671  7.092E-02  1.000E-01
     2694  3.319E-05 3.319E-05  00:10:28 1.21583E-08        5566  6.935E-02  1.000E-01
     2869  3.532E-05 3.532E-05  00:11:09 1.21583E-08       72982  6.758E-02  1.000E-01
     3039  3.739E-05 3.739E-05  00:11:51 1.21583E-08       73088  6.600E-02  1.000E-01
     3217  3.955E-05 3.955E-05  00:12:32 1.21583E-08       84323  6.457E-02  1.000E-01
     3254  4.000E-05 4.000E-05  00:12:41 1.21583E-08        5671  6.431E-02  1.000E-01
Output Field Frame Number     2, of     25, at step time 4.000E-05
     3428  4.212E-05 4.212E-05  00:13:22 1.21583E-08       16908  6.329E-02  1.000E-01
     3607  4.429E-05 4.429E-05  00:14:04 1.21583E-08        5566  6.258E-02  1.000E-01
     3785  4.646E-05 4.646E-05  00:14:45 1.21583E-08        5672  6.215E-02  1.000E-01
     3958  4.856E-05 4.856E-05  00:15:25 1.21583E-08        5671  6.185E-02  1.000E-01
     4124  5.058E-05 5.058E-05  00:16:04 1.21583E-08        5672  6.153E-02  1.000E-01
     4268  5.233E-05 5.233E-05  00:16:39 1.21583E-08       50616  6.118E-02  1.000E-01
     4404  5.398E-05 5.398E-05  00:17:11 1.21583E-08        5566  6.079E-02  1.000E-01
     4536  5.559E-05 5.559E-05  00:17:44 1.21583E-08       39380  6.036E-02  1.000E-01
     4704  5.763E-05 5.763E-05  00:18:24 1.21583E-08       61852  5.975E-02  1.000E-01
     4877  5.973E-05 5.973E-05  00:19:05 1.21583E-08       84324  5.905E-02  1.000E-01
     4899  6.000E-05 6.000E-05  00:19:11 1.21583E-08       73088  5.896E-02  1.000E-01
Output Field Frame Number     3, of     25, at step time 6.000E-05
     5073  6.212E-05 6.212E-05  00:19:53 1.21583E-08       84323  5.816E-02  1.000E-01
     5241  6.416E-05 6.416E-05  00:20:35 1.21583E-08        5671  5.729E-02  1.000E-01
     5420  6.633E-05 6.633E-05  00:21:16 1.21583E-08        5566  5.626E-02  1.000E-01
     5583  6.832E-05 6.832E-05  00:21:57 1.21583E-08        5672  5.522E-02  1.000E-01
     5711  6.987E-05 6.987E-05  00:22:29 1.21583E-08       28144  5.435E-02  1.000E-01
     5840  7.144E-05 7.144E-05  00:23:02 1.21583E-08        5672  5.341E-02  1.000E-01
     5970  7.302E-05 7.302E-05  00:23:35 1.21583E-08        5672  5.237E-02  1.000E-01
     6122  7.487E-05 7.487E-05  00:24:13 1.21583E-08        5672  5.104E-02  1.000E-01

 STEP 1  ORIGIN 0.0000

              STEP     TOTAL      WALL        STABLE    CRITICAL    KINETIC      TOTAL
INCREMENT     TIME      TIME      TIME     INCREMENT     ELEMENT     ENERGY     ENERGY
     6292  7.694E-05 7.694E-05  00:24:55 1.21583E-08        5672  4.935E-02  1.000E-01
     6459  7.897E-05 7.897E-05  00:25:36 1.21583E-08        5566  4.747E-02  1.000E-01
     6544  8.000E-05 8.000E-05  00:25:57 1.21583E-08        5672  4.643E-02  1.000E-01
Output Field Frame Number     4, of     25, at step time 8.000E-05
     6712  8.204E-05 8.204E-05  00:26:40 1.21583E-08        5672  4.427E-02  1.000E-01
     6882  8.411E-05 8.411E-05  00:27:22 1.21582E-08        5672  4.195E-02  1.000E-01
     7050  8.615E-05 8.615E-05  00:28:03 1.21582E-08       28144  3.956E-02  1.000E-01
     7218  8.819E-05 8.819E-05  00:28:46 1.21582E-08        5672  3.718E-02  1.000E-01
     7389  9.027E-05 9.027E-05  00:29:28 1.21582E-08        5672  3.489E-02  1.000E-01
     7552  9.226E-05 9.226E-05  00:30:08 1.21582E-08       16908  3.294E-02  1.000E-01
     7695  9.399E-05 9.399E-05  00:30:44 1.21582E-08        5672  3.142E-02  1.000E-01
     7826  9.559E-05 9.559E-05  00:31:17 1.21582E-08       84324  3.026E-02  1.000E-01
     7957  9.718E-05 9.718E-05  00:31:50 1.21582E-08       84323  2.932E-02  1.000E-01
     8083  9.871E-05 9.871E-05  00:32:22 1.21582E-08       84323  2.859E-02  1.000E-01
     8194  1.000E-04 1.000E-04  00:32:46 1.15048E-08       84324  2.806E-02  1.000E-01
Output Field Frame Number     5, of     25, at step time 1.000E-04
     8393  1.023E-04 1.023E-04  00:33:27 1.15047E-08       73087  2.724E-02  1.000E-01
     8603  1.047E-04 1.047E-04  00:34:08 1.15047E-08       84324  2.647E-02  1.000E-01
     8782  1.068E-04 1.068E-04  00:34:44 1.15048E-08       84218  2.586E-02  1.000E-01
     8940  1.086E-04 1.086E-04  00:35:17 1.15047E-08       84323  2.530E-02  1.000E-01
     9135  1.108E-04 1.108E-04  00:35:57 1.15048E-08       73087  2.457E-02  1.000E-01
     9341  1.132E-04 1.132E-04  00:36:38 1.15048E-08       84324  2.384E-02  1.000E-01
     9552  1.156E-04 1.156E-04  00:37:20 1.15047E-08       84323  2.341E-02  1.000E-01
     9764  1.181E-04 1.181E-04  00:38:02 1.15047E-08       84323  2.362E-02  1.000E-01
     9932  1.200E-04 1.200E-04  00:38:36 1.15048E-08       84324  2.426E-02  1.000E-01
Output Field Frame Number     6, of     25, at step time 1.200E-04
    10136  1.223E-04 1.223E-04  00:39:18 1.15048E-08       73088  2.545E-02  1.000E-01
    10348  1.248E-04 1.248E-04  00:40:00 1.15048E-08       84218  2.707E-02  1.000E-01
    10558  1.272E-04 1.272E-04  00:40:42 1.15048E-08       84324  2.879E-02  1.000E-01
    10756  1.295E-04 1.295E-04  00:41:23 1.15048E-08       73088  3.010E-02  1.000E-01
    10915  1.313E-04 1.313E-04  00:41:56 1.15048E-08       84218  3.070E-02  1.000E-01
    11125  1.337E-04 1.337E-04  00:42:37 1.15048E-08       84324  3.079E-02  1.000E-01
    11342  1.362E-04 1.362E-04  00:43:19 1.15048E-08       84323  3.012E-02  1.000E-01
    11529  1.384E-04 1.384E-04  00:43:56 1.15048E-08       84218  2.906E-02  1.000E-01
    11670  1.400E-04 1.400E-04  00:44:24 1.15048E-08       84218  2.804E-02  1.000E-01
Output Field Frame Number     7, of     25, at step time 1.400E-04
    11877  1.424E-04 1.424E-04  00:45:03 1.15048E-08       84324  2.623E-02  1.000E-01
    12095  1.449E-04 1.449E-04  00:45:43 1.15048E-08       84324  2.398E-02  1.000E-01
    12285  1.471E-04 1.471E-04  00:46:19 1.15048E-08       84324  2.188E-02  1.000E-01
    12461  1.491E-04 1.491E-04  00:46:52 1.15048E-08       73088  1.991E-02  1.000E-01
    12696  1.518E-04 1.518E-04  00:47:32 1.15048E-08       84217  1.746E-02  1.000E-01
    12944  1.547E-04 1.547E-04  00:48:13 1.15048E-08       84324  1.533E-02  1.000E-01
    13120  1.567E-04 1.567E-04  00:48:46 1.15047E-08       84218  1.402E-02  1.000E-01
    13315  1.589E-04 1.589E-04  00:49:21 1.15048E-08       84323  1.258E-02  1.000E-01

 STEP 1  ORIGIN 0.0000

              STEP     TOTAL      WALL        STABLE    CRITICAL    KINETIC      TOTAL
INCREMENT     TIME      TIME      TIME     INCREMENT     ELEMENT     ENERGY     ENERGY
    13408  1.600E-04 1.600E-04  00:49:36 1.15048E-08       84218  1.187E-02  1.000E-01
Output Field Frame Number     8, of     25, at step time 1.600E-04
    13608  1.623E-04 1.623E-04  00:50:12 1.15048E-08       84324  1.041E-02  1.000E-01
    13789  1.644E-04 1.644E-04  00:50:45 1.15048E-08       84218  9.356E-03  1.000E-01
    14006  1.669E-04 1.669E-04  00:51:21 1.15048E-08       61852  8.665E-03  1.000E-01
    14275  1.700E-04 1.700E-04  00:52:03 1.15047E-08       84324  8.842E-03  1.000E-01
    14550  1.732E-04 1.732E-04  00:52:45 1.15047E-08       16908  9.974E-03  1.000E-01
    14828  1.764E-04 1.764E-04  00:53:27 1.15047E-08        5672  1.180E-02  1.000E-01
    15101  1.795E-04 1.795E-04  00:54:08 1.15046E-08        5672  1.420E-02  1.000E-01
    15145  1.800E-04 1.800E-04  00:54:15 1.15047E-08        5672  1.464E-02  1.000E-01
Output Field Frame Number     9, of     25, at step time 1.800E-04
    15334  1.822E-04 1.822E-04  00:54:48 1.15047E-08        5566  1.665E-02  1.000E-01
    15524  1.844E-04 1.844E-04  00:55:22 1.15047E-08        5672  1.889E-02  1.000E-01
    15759  1.871E-04 1.871E-04  00:55:59 1.15047E-08        5672  2.186E-02  1.000E-01
    16043  1.903E-04 1.903E-04  00:56:41 1.15047E-08        5671  2.564E-02  1.000E-01
    16326  1.936E-04 1.936E-04  00:57:23 1.15047E-08        5672  2.952E-02  1.000E-01
    16609  1.969E-04 1.969E-04  00:58:05 1.15047E-08       16908  3.344E-02  1.000E-01
    16880  2.000E-04 2.000E-04  00:58:47 1.15047E-08        5672  3.734E-02  1.000E-01
    16883  2.000E-04 2.000E-04  00:58:47 1.15047E-08        5672  3.738E-02  1.000E-01
Output Field Frame Number    10, of     25, at step time 2.000E-04
    17151  2.031E-04 2.031E-04  00:59:29 1.15047E-08        5672  4.105E-02  1.000E-01
    17409  2.061E-04 2.061E-04  01:00:11 1.15047E-08        5672  4.407E-02  1.000E-01
    17660  2.090E-04 2.090E-04  01:00:53 1.15047E-08        5672  4.637E-02  1.000E-01
    17909  2.118E-04 2.118E-04  01:01:35 1.15047E-08       84324  4.802E-02  1.000E-01
    18148  2.146E-04 2.146E-04  01:02:17 1.15047E-08       84324  4.914E-02  1.000E-01
    18385  2.173E-04 2.173E-04  01:02:59 1.15047E-08       84324  5.005E-02  1.000E-01
    18620  2.200E-04 2.200E-04  01:03:41 1.15047E-08        5672  5.092E-02  1.000E-01
Output Field Frame Number    11, of     25, at step time 2.200E-04
    18849  2.226E-04 2.226E-04  01:04:23 1.15047E-08        5672  5.197E-02  1.000E-01
    19077  2.253E-04 2.253E-04  01:05:05 1.15047E-08        5566  5.340E-02  1.000E-01
    19312  2.280E-04 2.280E-04  01:05:47 1.15047E-08        5672  5.536E-02  1.000E-01
    19539  2.306E-04 2.306E-04  01:06:29 1.15047E-08        5672  5.765E-02  1.000E-01
    19758  2.331E-04 2.331E-04  01:07:11 1.15047E-08       73088  5.997E-02  1.000E-01
    19969  2.355E-04 2.355E-04  01:07:53 1.15048E-08       84218  6.217E-02  1.000E-01
    20179  2.379E-04 2.379E-04  01:08:34 1.15048E-08       73088  6.422E-02  1.000E-01
    20358  2.400E-04 2.400E-04  01:09:10 1.15048E-08       73088  6.583E-02  1.000E-01
Output Field Frame Number    12, of     25, at step time 2.400E-04
    20563  2.424E-04 2.424E-04  01:09:52 1.15048E-08       84324  6.752E-02  1.000E-01
    20779  2.449E-04 2.449E-04  01:10:35 1.15048E-08       84324  6.906E-02  1.000E-01
    20986  2.472E-04 2.472E-04  01:11:17 1.15048E-08       84324  7.015E-02  1.000E-01
    21188  2.496E-04 2.496E-04  01:11:58 1.15048E-08       84324  7.082E-02  1.000E-01
    21397  2.520E-04 2.520E-04  01:12:41 1.15048E-08       84324  7.132E-02  1.000E-01
    21607  2.544E-04 2.544E-04  01:13:23 1.15047E-08       73088  7.188E-02  1.000E-01
    21815  2.568E-04 2.568E-04  01:14:04 1.15047E-08        5672  7.265E-02  1.000E-01
    22028  2.592E-04 2.592E-04  01:14:47 1.15047E-08       16908  7.366E-02  1.000E-01

 STEP 1  ORIGIN 0.0000

              STEP     TOTAL      WALL        STABLE    CRITICAL    KINETIC      TOTAL
INCREMENT     TIME      TIME      TIME     INCREMENT     ELEMENT     ENERGY     ENERGY
    22097  2.600E-04 2.600E-04  01:15:00 1.15047E-08        5672  7.404E-02  1.000E-01
Output Field Frame Number    13, of     25, at step time 2.600E-04
    22303  2.624E-04 2.624E-04  01:15:42 1.15047E-08        5672  7.521E-02  1.000E-01
    22508  2.647E-04 2.647E-04  01:16:24 1.15047E-08        5672  7.636E-02  1.000E-01
    22719  2.672E-04 2.672E-04  01:17:06 1.15047E-08       16908  7.748E-02  1.000E-01
    22929  2.696E-04 2.696E-04  01:17:48 1.15047E-08        5672  7.876E-02  1.000E-01
    23137  2.720E-04 2.720E-04  01:18:30 1.15047E-08        5672  8.029E-02  1.000E-01
    23347  2.744E-04 2.744E-04  01:19:12 1.15047E-08        5672  8.201E-02  1.000E-01
    23555  2.768E-04 2.768E-04  01:19:54 1.15047E-08       16908  8.364E-02  1.000E-01
    23763  2.792E-04 2.792E-04  01:20:36 1.15047E-08       39380  8.501E-02  1.000E-01
    23837  2.800E-04 2.800E-04  01:20:51 1.15047E-08        5672  8.545E-02  1.000E-01
Output Field Frame Number    14, of     25, at step time 2.800E-04
    24042  2.824E-04 2.824E-04  01:21:34 1.15047E-08        5672  8.662E-02  1.000E-01
    24247  2.847E-04 2.847E-04  01:22:16 1.15047E-08        5672  8.784E-02  1.000E-01
    24455  2.871E-04 2.871E-04  01:22:58 1.15047E-08       84324  8.905E-02  1.000E-01
    24663  2.895E-04 2.895E-04  01:23:39 1.15046E-08       84218  8.988E-02  1.000E-01
    24873  2.919E-04 2.919E-04  01:24:21 1.15047E-08       84323  8.989E-02  1.000E-01
    25083  2.943E-04 2.943E-04  01:25:03 1.15048E-08       84324  8.908E-02  1.000E-01
    25294  2.968E-04 2.968E-04  01:25:45 1.15048E-08       84324  8.798E-02  1.000E-01
    25505  2.992E-04 2.992E-04  01:26:27 1.15048E-08       84324  8.696E-02  1.000E-01
    25577  3.000E-04 3.000E-04  01:26:41 1.15048E-08       84324  8.662E-02  1.000E-01
Output Field Frame Number    15, of     25, at step time 3.000E-04
    25785  3.024E-04 3.024E-04  01:27:24 1.15048E-08       39380  8.546E-02  1.000E-01
    25992  3.048E-04 3.048E-04  01:28:05 1.15047E-08        5672  8.401E-02  1.000E-01
    26201  3.072E-04 3.072E-04  01:28:46 1.15048E-08       28144  8.249E-02  1.000E-01
    26413  3.096E-04 3.096E-04  01:29:29 1.15047E-08        5672  8.111E-02  1.000E-01
    26623  3.120E-04 3.120E-04  01:30:11 1.15047E-08        5672  7.997E-02  1.000E-01
    26830  3.144E-04 3.144E-04  01:30:53 1.15047E-08        5672  7.893E-02  1.000E-01
    27033  3.167E-04 3.167E-04  01:31:35 1.15047E-08       16908  7.781E-02  1.000E-01
    27241  3.191E-04 3.191E-04  01:32:17 1.15047E-08        5672  7.649E-02  1.000E-01
    27316  3.200E-04 3.200E-04  01:32:32 1.15047E-08        5672  7.598E-02  1.000E-01
Output Field Frame Number    16, of     25, at step time 3.200E-04
    27516  3.223E-04 3.223E-04  01:33:14 1.15047E-08        5672  7.465E-02  1.000E-01
    27723  3.247E-04 3.247E-04  01:33:56 1.15047E-08       16908  7.342E-02  1.000E-01
    27931  3.271E-04 3.271E-04  01:34:39 1.15046E-08        5672  7.244E-02  1.000E-01
    28137  3.294E-04 3.294E-04  01:35:21 1.15047E-08        5672  7.175E-02  1.000E-01
    28347  3.319E-04 3.319E-04  01:36:03 1.15047E-08        5672  7.126E-02  1.000E-01
    28557  3.343E-04 3.343E-04  01:36:45 1.15047E-08        5672  7.086E-02  1.000E-01
    28764  3.366E-04 3.366E-04  01:37:27 1.15047E-08        5672  7.039E-02  1.000E-01
    28969  3.390E-04 3.390E-04  01:38:09 1.15047E-08        5672  6.975E-02  1.000E-01
    29056  3.400E-04 3.400E-04  01:38:26 1.15047E-08       16908  6.948E-02  1.000E-01
Output Field Frame Number    17, of     25, at step time 3.400E-04
    29263  3.424E-04 3.424E-04  01:39:08 1.15047E-08        5672  6.895E-02  1.000E-01
    29472  3.448E-04 3.448E-04  01:39:50 1.15047E-08       61852  6.856E-02  1.000E-01
    29679  3.472E-04 3.472E-04  01:40:32 1.15047E-08       28144  6.809E-02  1.000E-01

 STEP 1  ORIGIN 0.0000

              STEP     TOTAL      WALL        STABLE    CRITICAL    KINETIC      TOTAL
INCREMENT     TIME      TIME      TIME     INCREMENT     ELEMENT     ENERGY     ENERGY
    29886  3.495E-04 3.495E-04  01:41:14 1.15047E-08        5672  6.737E-02  1.000E-01
    30088  3.519E-04 3.519E-04  01:41:56 1.15047E-08       84324  6.631E-02  1.000E-01
    30295  3.542E-04 3.542E-04  01:42:38 1.15048E-08       61852  6.506E-02  1.000E-01
    30501  3.566E-04 3.566E-04  01:43:20 1.15048E-08       84324  6.378E-02  1.000E-01
    30706  3.590E-04 3.590E-04  01:44:01 1.15048E-08       84218  6.267E-02  1.000E-01
    30796  3.600E-04 3.600E-04  01:44:20 1.15047E-08       84324  6.226E-02  1.000E-01
Output Field Frame Number    18, of     25, at step time 3.600E-04
    31005  3.624E-04 3.624E-04  01:45:02 1.15048E-08       16908  6.142E-02  1.000E-01
    31212  3.648E-04 3.648E-04  01:45:44 1.15048E-08       61852  6.073E-02  1.000E-01
    31419  3.672E-04 3.672E-04  01:46:26 1.15048E-08       84324  6.029E-02  1.000E-01
    31628  3.696E-04 3.696E-04  01:47:08 1.15048E-08       84324  6.032E-02  1.000E-01
    31838  3.720E-04 3.720E-04  01:47:50 1.15048E-08       73088  6.104E-02  1.000E-01
    32046  3.744E-04 3.744E-04  01:48:32 1.15048E-08       84324  6.244E-02  1.000E-01
    32257  3.768E-04 3.768E-04  01:49:14 1.15047E-08       28144  6.428E-02  1.000E-01
    32470  3.793E-04 3.793E-04  01:49:57 1.15048E-08       84324  6.624E-02  1.000E-01
    32535  3.800E-04 3.800E-04  01:50:09 1.15048E-08       84324  6.681E-02  1.000E-01
Output Field Frame Number    19, of     25, at step time 3.800E-04
    32741  3.824E-04 3.824E-04  01:50:52 1.15047E-08        5672  6.846E-02  1.000E-01
    32954  3.848E-04 3.848E-04  01:51:34 1.15047E-08        5672  6.982E-02  1.000E-01
    33168  3.873E-04 3.873E-04  01:52:16 1.15047E-08        5672  7.072E-02  1.000E-01
    33387  3.898E-04 3.898E-04  01:52:58 1.15047E-08        5672  7.108E-02  1.000E-01
    33607  3.923E-04 3.923E-04  01:53:40 1.15048E-08       73088  7.092E-02  1.000E-01
    33833  3.949E-04 3.949E-04  01:54:22 1.15048E-08       73088  7.029E-02  1.000E-01
    34058  3.975E-04 3.975E-04  01:55:03 1.15048E-08       84324  6.959E-02  1.000E-01
    34275  4.000E-04 4.000E-04  01:55:42 1.15048E-08       84324  6.932E-02  1.000E-01
Output Field Frame Number    20, of     25, at step time 4.000E-04
    34513  4.027E-04 4.027E-04  01:56:24 1.15048E-08       84324  6.997E-02  1.000E-01
    34755  4.055E-04 4.055E-04  01:57:05 1.15048E-08       84324  7.179E-02  1.000E-01
    35008  4.084E-04 4.084E-04  01:57:47 1.15048E-08       73088  7.445E-02  1.000E-01
    35262  4.114E-04 4.114E-04  01:58:29 1.15048E-08       84324  7.743E-02  1.000E-01
    35519  4.143E-04 4.143E-04  01:59:10 1.15048E-08       84324  8.081E-02  1.000E-01
    35784  4.174E-04 4.174E-04  01:59:52 1.15048E-08       84324  8.434E-02  1.000E-01
    36015  4.200E-04 4.200E-04  02:00:28 1.15048E-08       84324  8.661E-02  1.000E-01
Output Field Frame Number    21, of     25, at step time 4.200E-04
    36283  4.231E-04 4.231E-04  02:01:10 1.15048E-08       84324  8.766E-02  1.000E-01
    36557  4.262E-04 4.262E-04  02:01:51 1.15048E-08       84324  8.764E-02  1.000E-01
    36839  4.295E-04 4.295E-04  02:02:34 1.15048E-08       84324  8.736E-02  1.000E-01
    37118  4.327E-04 4.327E-04  02:03:16 1.15048E-08       73088  8.676E-02  1.000E-01
    37394  4.359E-04 4.359E-04  02:03:57 1.15047E-08       50616  8.609E-02  1.000E-01
    37675  4.391E-04 4.391E-04  02:04:39 1.15048E-08       16908  8.613E-02  1.000E-01
    37755  4.400E-04 4.400E-04  02:04:51 1.15047E-08       73088  8.636E-02  1.000E-01
Output Field Frame Number    22, of     25, at step time 4.400E-04
    38036  4.432E-04 4.432E-04  02:05:33 1.15048E-08       84324  8.775E-02  1.000E-01
    38315  4.464E-04 4.464E-04  02:06:14 1.15047E-08        5672  8.933E-02  1.000E-01
    38598  4.497E-04 4.497E-04  02:06:56 1.15048E-08       73088  9.048E-02  1.000E-01

 STEP 1  ORIGIN 0.0000

              STEP     TOTAL      WALL        STABLE    CRITICAL    KINETIC      TOTAL
INCREMENT     TIME      TIME      TIME     INCREMENT     ELEMENT     ENERGY     ENERGY
    38878  4.529E-04 4.529E-04  02:07:38 1.15047E-08       28144  9.137E-02  1.000E-01
    39158  4.561E-04 4.561E-04  02:08:19 1.15047E-08       39380  9.194E-02  1.000E-01
    39443  4.594E-04 4.594E-04  02:09:02 1.15047E-08        5672  9.160E-02  1.000E-01
    39494  4.600E-04 4.600E-04  02:09:09 1.15048E-08       84324  9.143E-02  1.000E-01
Output Field Frame Number    23, of     25, at step time 4.600E-04
    39766  4.631E-04 4.631E-04  02:09:51 1.15048E-08       84324  9.012E-02  1.000E-01
    40035  4.662E-04 4.662E-04  02:10:33 1.15048E-08       84218  8.851E-02  1.000E-01
    40302  4.693E-04 4.693E-04  02:11:16 1.15048E-08       73088  8.698E-02  1.000E-01
    40611  4.728E-04 4.728E-04  02:12:09 1.15047E-08       16908  8.563E-02  1.000E-01
    40945  4.767E-04 4.767E-04  02:13:08 1.15048E-08       84324  8.490E-02  1.000E-01
    41234  4.800E-04 4.800E-04  02:14:00 1.15048E-08       84324  8.472E-02  1.001E-01
Output Field Frame Number    24, of     25, at step time 4.800E-04
    41564  4.838E-04 4.838E-04  02:14:59 1.15048E-08       73088  8.471E-02  1.001E-01
    41898  4.876E-04 4.876E-04  02:15:59 1.15047E-08        5672  8.491E-02  1.001E-01
    42230  4.915E-04 4.915E-04  02:16:58 1.15047E-08       28144  8.491E-02  1.001E-01
    42564  4.953E-04 4.953E-04  02:17:58 1.15047E-08        5672  8.347E-02  1.000E-01
    42894  4.991E-04 4.991E-04  02:18:57 1.15047E-08        5672  8.018E-02  1.000E-01
    42971  5.000E-04 5.000E-04  02:19:11 1.14973E-08        5672  7.927E-02  1.000E-01
Restart Number  1 at 5.00000E-04
Output Field Frame Number    25, of     25, at step time 5.000E-04
  EXPLICIT EXECUTABLE TIME SUMMARY
       USER TIME (SEC)      =   24351.
       SYSTEM TIME (SEC)    =   2448.4
       WALLCLOCK TIME (SEC) =         8354
              INIT (SEC) =         14
              MAIN (SEC) =       8340

  THE ANALYSIS HAS COMPLETED SUCCESSFULLY

