Abaqus/Explicit 2026                             DATE 21-9ÔÂ-2026  TIME 14:02:36
-------------------------------------------------------------------------------
 PREPROCESSOR WARNING MESSAGES
-------------------------------------------------------------------------------


***WARNING: There are 6 warning messages in the data (.dat) file.  Please
            check the data file for possible errors in the input file.


-------------------------------------------------------------------------------
 NUMERICAL PRECISION USED FOR THIS Abaqus/Explicit ANALYSIS
-------------------------------------------------------------------------------

Single precision package and explicit executables will be used in this analysis.

-------------------------------------------------------------------------------
-------------------------------------------------------------------------------
 MODEL INFORMATION (IN GLOBAL X-Y COORDINATES)
-------------------------------------------------------------------------------

   Total mass in model = 3.69676E-02
   Center of mass of model = ( 5.000000E-02, 5.000000E-02, 1.536635E-03)

    Moments of Inertia :
                 About Center of Mass              About Origin
      I(XX)          2.763283E-05                  1.201392E-04
      I(YY)          2.763283E-05                  1.201392E-04
      I(ZZ)          5.504050E-05                  2.398786E-04
      I(XY)         -3.209268E-12                 -9.241906E-05
      I(YZ)         -7.343015E-14                 -2.840287E-06
      I(ZX)         -7.617665E-14                 -2.840287E-06

-------------------------------------------------------------------------------
 STABLE TIME INCREMENT INFORMATION
-------------------------------------------------------------------------------


  The stable time increment estimate for each element is based on
  linearization about the initial state.


   Initial time increment = 1.22410E-08

   Statistics over 89888 deformable elements:
      Mean = 2.26340E-08
      Standard deviation = 3.64392E-09

   Most critical elements:
    Element number   Rank    Time increment   Increment ratio
   ----------------------------------------------------------
       16908          1       1.224104E-08      1.000000E+00
       28144          2       1.224104E-08      1.000000E+00
        5672          3       1.224104E-08      9.999999E-01
       39380          4       1.224104E-08      9.999999E-01
       61852          5       1.224104E-08      9.999999E-01
       73088          6       1.224104E-08      9.999999E-01
       84324          7       1.224104E-08      9.999999E-01
       50616          8       1.224104E-08      9.999999E-01
       16907          9       1.224107E-08      9.999973E-01
       28143         10       1.224107E-08      9.999973E-01

-------------------------------------------------------------------------------

  INFORMATION REGARDING INITIAL CONTACT OVERCLOSURES FOR NEWLY DEFINED GENERAL
  CONTACT INTERACTIONS IN STEP 1

-------------------------------------------------------------------------------

  No initial node-face overclosures found.


  Abaqus/Explicit will attempt to resolve 46 initial edge-edge overclosure(s).


  Maximum initial overclosure for edge-edge contact is 1.20053E-10 between the
  edge defined by nodes 17441 and 17548 and the edge defined by nodes 28997
  and 28890


  No nodal position adjustments have been made.


  No node-face overclosures left unresolved.


  42 edge-edge overclosure(s) left unresolved and will be stored as offsets.
  To help identify the nodes involved in the overclosures a node set
  InfoNodeUnresolvInitOver has been created. Check the message file for more
  detailed information.


  Maximum unresolved overclosure is 1.20053E-10 between the edge defined by
  nodes 17441 and 17548 and the edge defined by nodes 28997 and 28890


  For more detailed information on initial overclosures, use the *DIAGNOSTICS,
  CONTACT=DETAIL command and see the message (.msg) file.


***NOTE: You can view the deformed configuration due to the resolution of
         initial overclosures.  In increment 0, draw the deformed shape or
         draw a symbol plot of vector displacements.

------------------------------------------------------------------------------

Abaqus/Explicit 2026                             DATE 21-9ÔÂ-2026  TIME 14:02:49
The entire model is considered 1 domain.
Only 1 MPI rank is used.

-------------------------------------------------------------------------------
 SOLUTION PROGRESS
-------------------------------------------------------------------------------

 STEP 1  ORIGIN 0.0000

  Total memory used for step 1 is approximately 1.5 gigabytes.
  Global time estimation algorithm will be used.
  Scaling factor:  1.0000
              STEP     TOTAL      WALL        STABLE    CRITICAL    KINETIC      TOTAL
INCREMENT     TIME      TIME      TIME     INCREMENT     ELEMENT     ENERGY     ENERGY
        0  0.000E+00 0.000E+00  00:00:04 1.16459E-08       28144  3.000E-01  3.000E-01
Output Field Frame Number     0, of     25, at step time 0.000E+00
       55  6.406E-07 6.406E-07  00:00:26 1.16361E-08       84323  2.999E-01  3.000E-01
      115  1.339E-06 1.339E-06  00:00:47 1.16423E-08       84323  2.996E-01  3.000E-01
      174  2.026E-06 2.026E-06  00:01:08 1.16363E-08       84324  2.990E-01  3.000E-01
      233  2.712E-06 2.712E-06  00:01:29 1.16391E-08       84324  2.981E-01  3.000E-01
      293  3.411E-06 3.411E-06  00:01:50 1.16431E-08       61852  2.970E-01  3.000E-01
      352  4.098E-06 4.098E-06  00:02:10 1.16422E-08       72982  2.957E-01  3.000E-01
      411  4.785E-06 4.785E-06  00:02:31 1.16428E-08       72982  2.941E-01  3.000E-01
      470  5.471E-06 5.471E-06  00:02:52 1.16432E-08       84218  2.924E-01  3.000E-01
      530  6.170E-06 6.170E-06  00:03:13 1.16428E-08       84323  2.906E-01  3.000E-01
      587  6.834E-06 6.834E-06  00:03:33 1.16433E-08       84324  2.887E-01  3.000E-01
      645  7.509E-06 7.509E-06  00:03:54 1.16436E-08       73088  2.866E-01  3.000E-01
      705  8.208E-06 8.208E-06  00:04:15 1.16436E-08       73088  2.845E-01  3.000E-01
      765  8.906E-06 8.906E-06  00:04:36 1.16437E-08       84218  2.822E-01  3.000E-01
      825  9.605E-06 9.605E-06  00:04:57 1.16439E-08       73088  2.799E-01  3.000E-01
      884  1.029E-05 1.029E-05  00:05:17 1.16440E-08       84324  2.777E-01  3.000E-01
      940  1.094E-05 1.094E-05  00:05:38 1.16440E-08       73088  2.755E-01  3.000E-01
      990  1.153E-05 1.153E-05  00:05:59 1.16438E-08       84324  2.735E-01  3.000E-01
     1048  1.220E-05 1.220E-05  00:06:20 1.16442E-08       73088  2.712E-01  3.000E-01
     1107  1.289E-05 1.289E-05  00:06:41 1.16443E-08       84324  2.688E-01  3.000E-01
     1166  1.358E-05 1.358E-05  00:07:01 1.16443E-08       61852  2.665E-01  3.000E-01
     1225  1.426E-05 1.426E-05  00:07:22 1.16439E-08       84324  2.641E-01  3.000E-01
     1283  1.494E-05 1.494E-05  00:07:43 1.16441E-08       84324  2.618E-01  3.000E-01
     1341  1.561E-05 1.561E-05  00:08:03 1.16440E-08       84218  2.595E-01  3.000E-01
     1399  1.629E-05 1.629E-05  00:08:24 1.16443E-08       84324  2.572E-01  3.000E-01
     1457  1.696E-05 1.696E-05  00:08:44 1.16443E-08       84218  2.550E-01  3.000E-01
     1515  1.764E-05 1.764E-05  00:09:05 1.16444E-08       61852  2.527E-01  3.000E-01
     1573  1.831E-05 1.831E-05  00:09:26 1.16441E-08       84324  2.505E-01  3.000E-01
     1626  1.893E-05 1.893E-05  00:09:46 1.16444E-08       84324  2.485E-01  3.000E-01
     1673  1.948E-05 1.948E-05  00:10:07 1.16445E-08       84218  2.468E-01  3.000E-01
     1718  2.000E-05 2.000E-05  00:10:24 1.16445E-08       50616  2.451E-01  3.000E-01
Output Field Frame Number     1, of     25, at step time 2.000E-05
     1773  2.064E-05 2.064E-05  00:10:44 1.16445E-08       61852  2.431E-01  3.000E-01
     1829  2.130E-05 2.130E-05  00:11:05 1.16445E-08       73088  2.411E-01  3.000E-01
     1886  2.196E-05 2.196E-05  00:11:26 1.16445E-08       50616  2.391E-01  3.000E-01
     1944  2.264E-05 2.264E-05  00:11:46 1.16445E-08       84324  2.370E-01  3.000E-01
     2002  2.331E-05 2.331E-05  00:12:07 1.16445E-08       16908  2.350E-01  3.000E-01
     2059  2.397E-05 2.397E-05  00:12:27 1.16446E-08       73088  2.331E-01  3.000E-01
     2116  2.464E-05 2.464E-05  00:12:48 1.16445E-08       84324  2.312E-01  3.000E-01
     2173  2.530E-05 2.530E-05  00:13:09 1.16446E-08       28144  2.293E-01  3.000E-01
     2230  2.597E-05 2.597E-05  00:13:29 1.16445E-08       84218  2.275E-01  3.000E-01

 STEP 1  ORIGIN 0.0000

              STEP     TOTAL      WALL        STABLE    CRITICAL    KINETIC      TOTAL
INCREMENT     TIME      TIME      TIME     INCREMENT     ELEMENT     ENERGY     ENERGY
     2287  2.663E-05 2.663E-05  00:13:50 1.16446E-08       28144  2.257E-01  3.000E-01
     2344  2.729E-05 2.729E-05  00:14:11 1.16446E-08       50616  2.239E-01  3.000E-01
     2400  2.795E-05 2.795E-05  00:14:31 1.16446E-08       28144  2.222E-01  3.000E-01
     2458  2.862E-05 2.862E-05  00:14:52 1.16446E-08       50616  2.205E-01  3.000E-01
     2513  2.926E-05 2.926E-05  00:15:13 1.16446E-08        5672  2.189E-01  3.000E-01
     2570  2.993E-05 2.993E-05  00:15:34 1.16446E-08       28144  2.172E-01  3.000E-01
     2627  3.059E-05 3.059E-05  00:15:54 1.16446E-08       16908  2.156E-01  3.000E-01
     2685  3.126E-05 3.126E-05  00:16:15 1.16446E-08       84324  2.140E-01  3.000E-01
     2741  3.192E-05 3.192E-05  00:16:36 1.16446E-08       28144  2.125E-01  3.000E-01
     2798  3.258E-05 3.258E-05  00:16:57 1.16446E-08       16908  2.110E-01  3.000E-01
     2855  3.324E-05 3.324E-05  00:17:17 1.16446E-08       28144  2.095E-01  3.000E-01
     2911  3.390E-05 3.390E-05  00:17:38 1.16446E-08        5672  2.080E-01  3.000E-01
     2968  3.456E-05 3.456E-05  00:17:59 1.16446E-08       16908  2.065E-01  3.000E-01
     3014  3.510E-05 3.510E-05  00:18:20 1.16446E-08       28144  2.052E-01  3.000E-01
     3058  3.561E-05 3.561E-05  00:18:42 1.16446E-08       16908  2.040E-01  3.000E-01
     3102  3.612E-05 3.612E-05  00:19:04 1.16446E-08        5672  2.028E-01  3.000E-01
     3144  3.661E-05 3.661E-05  00:19:25 1.16446E-08       28144  2.016E-01  3.000E-01
     3188  3.712E-05 3.712E-05  00:19:46 1.16446E-08        5672  2.004E-01  3.000E-01
     3234  3.766E-05 3.766E-05  00:20:08 1.16446E-08        5672  1.992E-01  3.000E-01
     3286  3.826E-05 3.826E-05  00:20:29 1.16446E-08        5672  1.978E-01  3.000E-01
     3338  3.887E-05 3.887E-05  00:20:50 1.16446E-08        5672  1.964E-01  3.000E-01
     3392  3.950E-05 3.950E-05  00:21:10 1.16446E-08        5672  1.950E-01  3.000E-01
     3436  4.001E-05 4.001E-05  00:21:27 1.16446E-08       28144  1.939E-01  3.000E-01
Output Field Frame Number     2, of     25, at step time 4.001E-05
     3489  4.063E-05 4.063E-05  00:21:48 1.16446E-08        5672  1.927E-01  3.000E-01
     3543  4.126E-05 4.126E-05  00:22:08 1.16446E-08        5672  1.915E-01  3.000E-01
     3597  4.188E-05 4.188E-05  00:22:29 1.16446E-08        5672  1.903E-01  3.000E-01
     3650  4.250E-05 4.250E-05  00:22:50 1.16446E-08        5672  1.893E-01  3.000E-01
     3704  4.313E-05 4.313E-05  00:23:10 1.16446E-08       28144  1.883E-01  3.000E-01
     3758  4.376E-05 4.376E-05  00:23:31 1.16446E-08        5672  1.875E-01  3.000E-01
     3811  4.438E-05 4.438E-05  00:23:52 1.16446E-08        5672  1.867E-01  3.000E-01
     3865  4.501E-05 4.501E-05  00:24:13 1.16446E-08        5672  1.860E-01  3.000E-01
     3920  4.565E-05 4.565E-05  00:24:33 1.16446E-08        5672  1.854E-01  3.000E-01
     3976  4.630E-05 4.630E-05  00:24:54 1.16446E-08        5672  1.849E-01  3.000E-01
     4031  4.694E-05 4.694E-05  00:25:15 1.16446E-08        5672  1.844E-01  3.000E-01
     4086  4.758E-05 4.758E-05  00:25:36 1.16446E-08        5672  1.840E-01  3.000E-01
     4143  4.824E-05 4.824E-05  00:25:56 1.16446E-08        5672  1.836E-01  3.000E-01
     4200  4.891E-05 4.891E-05  00:26:17 1.16446E-08        5672  1.832E-01  3.000E-01
     4257  4.957E-05 4.957E-05  00:26:38 1.16446E-08        5672  1.828E-01  3.000E-01
     4313  5.022E-05 5.022E-05  00:26:59 1.16446E-08        5672  1.825E-01  3.000E-01
     4359  5.076E-05 5.076E-05  00:27:19 1.16446E-08        5672  1.823E-01  3.000E-01

 STEP 1  ORIGIN 0.0000

              STEP     TOTAL      WALL        STABLE    CRITICAL    KINETIC      TOTAL
INCREMENT     TIME      TIME      TIME     INCREMENT     ELEMENT     ENERGY     ENERGY
     4413  5.139E-05 5.139E-05  00:27:40 1.16446E-08        5672  1.819E-01  3.000E-01
     4469  5.204E-05 5.204E-05  00:28:00 1.16446E-08        5672  1.816E-01  3.000E-01
     4525  5.269E-05 5.269E-05  00:28:21 1.16446E-08        5672  1.812E-01  3.000E-01
     4583  5.337E-05 5.337E-05  00:28:42 1.16446E-08        5672  1.808E-01  3.000E-01
     4641  5.404E-05 5.404E-05  00:29:02 1.16446E-08        5672  1.804E-01  3.000E-01
     4698  5.471E-05 5.471E-05  00:29:23 1.16446E-08        5672  1.799E-01  3.000E-01
     4754  5.536E-05 5.536E-05  00:29:44 1.16446E-08        5672  1.795E-01  3.000E-01
     4810  5.601E-05 5.601E-05  00:30:05 1.16446E-08        5672  1.791E-01  3.000E-01
     4867  5.667E-05 5.667E-05  00:30:25 1.16446E-08        5672  1.786E-01  3.000E-01
     4922  5.731E-05 5.731E-05  00:30:46 1.16446E-08        5672  1.782E-01  3.000E-01
     4978  5.797E-05 5.797E-05  00:31:07 1.16446E-08        5672  1.778E-01  3.000E-01
     5033  5.861E-05 5.861E-05  00:31:27 1.16446E-08        5672  1.774E-01  3.000E-01
     5088  5.925E-05 5.925E-05  00:31:48 1.16446E-08        5672  1.770E-01  3.000E-01
     5138  5.983E-05 5.983E-05  00:32:09 1.16446E-08        5672  1.765E-01  3.000E-01
     5153  6.000E-05 6.000E-05  00:32:17 1.16446E-08        5672  1.764E-01  3.000E-01
Output Field Frame Number     3, of     25, at step time 6.000E-05
     5208  6.065E-05 6.065E-05  00:32:37 1.16446E-08        5672  1.759E-01  3.000E-01
     5255  6.119E-05 6.119E-05  00:32:59 1.16446E-08        5672  1.755E-01  3.000E-01
     5299  6.170E-05 6.170E-05  00:33:20 1.16445E-08        5672  1.750E-01  3.000E-01
     5344  6.223E-05 6.223E-05  00:33:42 1.16446E-08        5672  1.746E-01  3.000E-01
     5394  6.281E-05 6.281E-05  00:34:03 1.16446E-08        5672  1.740E-01  3.000E-01
     5447  6.343E-05 6.343E-05  00:34:23 1.16446E-08        5672  1.733E-01  3.000E-01
     5499  6.403E-05 6.403E-05  00:34:43 1.16446E-08        5672  1.727E-01  3.000E-01
     5555  6.468E-05 6.468E-05  00:35:04 1.16446E-08       16908  1.719E-01  3.000E-01
     5609  6.531E-05 6.531E-05  00:35:25 1.16445E-08       73088  1.712E-01  3.000E-01
     5663  6.594E-05 6.594E-05  00:35:45 1.16444E-08       84324  1.704E-01  3.000E-01
     5718  6.658E-05 6.658E-05  00:36:06 1.16443E-08       84324  1.697E-01  3.000E-01
     5773  6.722E-05 6.722E-05  00:36:27 1.16445E-08       73088  1.689E-01  3.000E-01
     5829  6.787E-05 6.787E-05  00:36:47 1.16445E-08       84324  1.681E-01  3.000E-01
     5884  6.851E-05 6.851E-05  00:37:08 1.16446E-08       73088  1.673E-01  3.000E-01
     5939  6.916E-05 6.916E-05  00:37:29 1.16446E-08       84324  1.665E-01  3.000E-01
     5994  6.980E-05 6.980E-05  00:37:50 1.16446E-08       73088  1.656E-01  3.000E-01
     6045  7.039E-05 7.039E-05  00:38:10 1.16446E-08       84324  1.648E-01  3.000E-01
     6099  7.102E-05 7.102E-05  00:38:31 1.16446E-08       28144  1.639E-01  3.000E-01
     6153  7.165E-05 7.165E-05  00:38:51 1.16446E-08       28144  1.629E-01  3.000E-01
     6205  7.225E-05 7.225E-05  00:39:12 1.16446E-08       28144  1.619E-01  3.000E-01
     6260  7.289E-05 7.289E-05  00:39:33 1.16446E-08        5672  1.608E-01  3.000E-01
     6308  7.345E-05 7.345E-05  00:39:54 1.16446E-08        5672  1.598E-01  3.000E-01
     6357  7.402E-05 7.402E-05  00:40:14 1.16446E-08        5672  1.587E-01  3.000E-01
     6408  7.461E-05 7.461E-05  00:40:34 1.16446E-08        5672  1.575E-01  3.000E-01
     6462  7.524E-05 7.524E-05  00:40:55 1.16446E-08        5672  1.562E-01  3.000E-01

 STEP 1  ORIGIN 0.0000

              STEP     TOTAL      WALL        STABLE    CRITICAL    KINETIC      TOTAL
INCREMENT     TIME      TIME      TIME     INCREMENT     ELEMENT     ENERGY     ENERGY
     6515  7.586E-05 7.586E-05  00:41:16 1.16446E-08        5672  1.549E-01  3.000E-01
     6566  7.645E-05 7.645E-05  00:41:37 1.16446E-08        5672  1.536E-01  3.000E-01
     6613  7.700E-05 7.700E-05  00:41:57 1.16445E-08        5672  1.523E-01  3.000E-01
     6657  7.751E-05 7.751E-05  00:42:18 1.16445E-08        5672  1.511E-01  3.000E-01
     6700  7.801E-05 7.801E-05  00:42:38 1.16446E-08        5672  1.498E-01  3.000E-01
     6744  7.853E-05 7.853E-05  00:42:59 1.16445E-08        5672  1.485E-01  3.000E-01
     6788  7.904E-05 7.904E-05  00:43:18 1.16445E-08        5672  1.472E-01  3.000E-01
     6839  7.963E-05 7.963E-05  00:43:39 1.16445E-08        5672  1.455E-01  3.000E-01
     6871  8.000E-05 8.000E-05  00:43:55 1.16445E-08        5672  1.444E-01  3.000E-01
Output Field Frame Number     4, of     25, at step time 8.000E-05
     6924  8.062E-05 8.062E-05  00:44:15 1.16445E-08        5672  1.426E-01  3.000E-01
     6979  8.126E-05 8.126E-05  00:44:36 1.16445E-08        5672  1.406E-01  3.000E-01
     7035  8.191E-05 8.191E-05  00:44:57 1.16445E-08        5672  1.385E-01  3.000E-01
     7090  8.255E-05 8.255E-05  00:45:17 1.16445E-08        5672  1.364E-01  3.000E-01
     7142  8.316E-05 8.316E-05  00:45:38 1.16445E-08        5672  1.344E-01  3.000E-01
     7197  8.380E-05 8.380E-05  00:45:58 1.16445E-08        5672  1.323E-01  3.000E-01
     7244  8.435E-05 8.435E-05  00:46:19 1.16445E-08        5672  1.304E-01  3.000E-01
     7285  8.482E-05 8.482E-05  00:46:40 1.16445E-08        5672  1.288E-01  3.000E-01
     7328  8.533E-05 8.533E-05  00:47:00 1.16445E-08        5672  1.271E-01  3.000E-01
     7371  8.583E-05 8.583E-05  00:47:21 1.16445E-08        5672  1.254E-01  3.000E-01
     7414  8.633E-05 8.633E-05  00:47:41 1.16445E-08        5672  1.236E-01  3.000E-01
     7458  8.684E-05 8.684E-05  00:48:01 1.16445E-08        5672  1.219E-01  3.000E-01
     7502  8.735E-05 8.735E-05  00:48:22 1.16445E-08        5672  1.201E-01  3.000E-01
     7545  8.785E-05 8.785E-05  00:48:42 1.16445E-08        5672  1.183E-01  3.000E-01
     7587  8.834E-05 8.834E-05  00:49:03 1.16445E-08        5672  1.166E-01  3.000E-01
     7629  8.883E-05 8.883E-05  00:49:23 1.16446E-08        5672  1.150E-01  3.000E-01
     7672  8.933E-05 8.933E-05  00:49:44 1.16446E-08        5672  1.133E-01  3.000E-01
     7715  8.983E-05 8.983E-05  00:50:04 1.16445E-08        5672  1.116E-01  3.000E-01
     7759  9.034E-05 9.034E-05  00:50:24 1.16445E-08        5672  1.099E-01  3.000E-01
     7802  9.084E-05 9.084E-05  00:50:45 1.16445E-08        5672  1.082E-01  3.000E-01
     7844  9.133E-05 9.133E-05  00:51:05 1.16445E-08        5672  1.067E-01  3.000E-01
     7887  9.183E-05 9.183E-05  00:51:26 1.16445E-08        5672  1.051E-01  3.000E-01
     7930  9.233E-05 9.233E-05  00:51:46 1.16446E-08        5672  1.036E-01  3.000E-01
     7972  9.282E-05 9.282E-05  00:52:07 1.16445E-08        5672  1.021E-01  3.000E-01
     8014  9.331E-05 9.331E-05  00:52:27 1.16445E-08        5672  1.007E-01  3.000E-01
     8056  9.380E-05 9.380E-05  00:52:48 1.16446E-08        5672  9.928E-02  3.000E-01
     8098  9.429E-05 9.429E-05  00:53:08 1.16445E-08        5672  9.793E-02  3.000E-01
     8141  9.479E-05 9.479E-05  00:53:28 1.16446E-08        5672  9.660E-02  3.000E-01
     8185  9.530E-05 9.530E-05  00:53:49 1.16446E-08        5672  9.528E-02  3.000E-01
     8228  9.580E-05 9.580E-05  00:54:09 1.16446E-08        5672  9.403E-02  3.000E-01
     8273  9.633E-05 9.633E-05  00:54:29 1.16446E-08        5672  9.278E-02  3.000E-01

 STEP 1  ORIGIN 0.0000

              STEP     TOTAL      WALL        STABLE    CRITICAL    KINETIC      TOTAL
INCREMENT     TIME      TIME      TIME     INCREMENT     ELEMENT     ENERGY     ENERGY
     8318  9.685E-05 9.685E-05  00:54:50 1.16446E-08        5672  9.157E-02  3.000E-01
     8361  9.735E-05 9.735E-05  00:55:10 1.16446E-08        5672  9.047E-02  3.000E-01
     8404  9.785E-05 9.785E-05  00:55:30 1.16446E-08        5672  8.942E-02  3.000E-01
     8448  9.836E-05 9.836E-05  00:55:51 1.16446E-08        5672  8.839E-02  3.000E-01
     8491  9.886E-05 9.886E-05  00:56:11 1.16446E-08        5672  8.745E-02  3.000E-01
     8535  9.938E-05 9.938E-05  00:56:31 1.16446E-08        5672  8.654E-02  3.000E-01
     8579  9.989E-05 9.989E-05  00:56:52 1.16446E-08        5672  8.569E-02  3.000E-01
     8589  1.000E-04 1.000E-04  00:56:56 1.16445E-08        5672  8.551E-02  3.000E-01
Output Field Frame Number     5, of     25, at step time 1.000E-04
     8632  1.005E-04 1.005E-04  00:57:17 1.16446E-08       16908  8.475E-02  3.000E-01
     8676  1.010E-04 1.010E-04  00:57:37 1.16446E-08        5672  8.405E-02  3.000E-01
     8720  1.015E-04 1.015E-04  00:57:58 1.16445E-08       84324  8.341E-02  3.000E-01
     8763  1.020E-04 1.020E-04  00:58:18 1.16445E-08       84324  8.285E-02  3.000E-01
     8806  1.025E-04 1.025E-04  00:58:38 1.16445E-08       84324  8.235E-02  3.000E-01
     8850  1.030E-04 1.030E-04  00:58:59 1.16444E-08       84324  8.190E-02  3.000E-01
     8893  1.035E-04 1.035E-04  00:59:19 1.16444E-08       84324  8.151E-02  3.000E-01
     8936  1.040E-04 1.040E-04  00:59:39 1.16444E-08       84324  8.116E-02  3.000E-01
     8980  1.046E-04 1.046E-04  01:00:00 1.16444E-08       84324  8.085E-02  3.000E-01
     9021  1.050E-04 1.050E-04  01:00:20 1.16445E-08       84324  8.057E-02  3.000E-01
     9062  1.055E-04 1.055E-04  01:00:40 1.16445E-08       84324  8.031E-02  3.000E-01
     9102  1.060E-04 1.060E-04  01:01:01 1.16445E-08       84324  8.006E-02  3.000E-01
     9143  1.065E-04 1.065E-04  01:01:22 1.16446E-08       84324  7.982E-02  3.000E-01
     9184  1.069E-04 1.069E-04  01:01:42 1.16446E-08       84324  7.957E-02  3.000E-01
     9226  1.074E-04 1.074E-04  01:02:02 1.16446E-08       16908  7.932E-02  3.000E-01
     9268  1.079E-04 1.079E-04  01:02:23 1.16446E-08       84324  7.906E-02  3.000E-01
     9310  1.084E-04 1.084E-04  01:02:43 1.16446E-08        5672  7.878E-02  3.000E-01
     9351  1.089E-04 1.089E-04  01:03:04 1.16446E-08        5672  7.851E-02  3.000E-01
     9393  1.094E-04 1.094E-04  01:03:24 1.16446E-08        5672  7.821E-02  3.000E-01
     9435  1.099E-04 1.099E-04  01:03:45 1.16446E-08        5672  7.789E-02  3.000E-01
     9477  1.103E-04 1.103E-04  01:04:05 1.16446E-08        5672  7.755E-02  3.000E-01
     9520  1.108E-04 1.108E-04  01:04:26 1.16446E-08       28144  7.718E-02  3.000E-01
     9564  1.114E-04 1.114E-04  01:04:46 1.16446E-08       28144  7.678E-02  3.000E-01
     9607  1.119E-04 1.119E-04  01:05:06 1.16446E-08        5672  7.637E-02  3.000E-01
     9651  1.124E-04 1.124E-04  01:05:26 1.16446E-08       28144  7.593E-02  3.000E-01
     9695  1.129E-04 1.129E-04  01:05:46 1.16446E-08        5672  7.549E-02  3.000E-01
     9738  1.134E-04 1.134E-04  01:06:07 1.16446E-08       84324  7.506E-02  3.000E-01
     9781  1.139E-04 1.139E-04  01:06:27 1.16446E-08       50616  7.465E-02  3.000E-01
     9824  1.144E-04 1.144E-04  01:06:48 1.16446E-08       73088  7.426E-02  3.000E-01
     9867  1.149E-04 1.149E-04  01:07:08 1.16446E-08       84324  7.391E-02  3.000E-01
     9912  1.154E-04 1.154E-04  01:07:29 1.16445E-08       73088  7.358E-02  3.000E-01
     9956  1.159E-04 1.159E-04  01:07:49 1.16445E-08       84324  7.330E-02  3.000E-01

 STEP 1  ORIGIN 0.0000

              STEP     TOTAL      WALL        STABLE    CRITICAL    KINETIC      TOTAL
INCREMENT     TIME      TIME      TIME     INCREMENT     ELEMENT     ENERGY     ENERGY
    10000  1.164E-04 1.164E-04  01:08:09 1.16445E-08       84324  7.308E-02  3.000E-01
    10044  1.169E-04 1.169E-04  01:08:30 1.16445E-08       84324  7.289E-02  3.000E-01
    10089  1.175E-04 1.175E-04  01:08:50 1.16444E-08       84324  7.275E-02  3.000E-01
    10133  1.180E-04 1.180E-04  01:09:11 1.16444E-08       84324  7.267E-02  3.000E-01
    10177  1.185E-04 1.185E-04  01:09:31 1.16443E-08       84324  7.263E-02  3.000E-01
    10220  1.190E-04 1.190E-04  01:09:52 1.16444E-08       84324  7.264E-02  3.000E-01
    10264  1.195E-04 1.195E-04  01:10:12 1.16444E-08       84324  7.271E-02  3.000E-01
    10307  1.200E-04 1.200E-04  01:10:32 1.16443E-08       84324  7.282E-02  3.000E-01
Output Field Frame Number     6, of     25, at step time 1.200E-04
    10350  1.205E-04 1.205E-04  01:10:53 1.16444E-08       84324  7.298E-02  3.000E-01
    10396  1.210E-04 1.210E-04  01:11:13 1.16443E-08       84324  7.321E-02  3.000E-01
    10440  1.216E-04 1.216E-04  01:11:34 1.16443E-08       84324  7.348E-02  3.000E-01
    10485  1.221E-04 1.221E-04  01:11:55 1.16441E-08       84324  7.380E-02  3.000E-01
    10529  1.226E-04 1.226E-04  01:12:15 1.16442E-08       84324  7.416E-02  3.000E-01
    10573  1.231E-04 1.231E-04  01:12:36 1.16441E-08       84324  7.457E-02  3.000E-01
    10616  1.236E-04 1.236E-04  01:12:56 1.16441E-08       84324  7.501E-02  3.000E-01
    10659  1.241E-04 1.241E-04  01:13:16 1.16442E-08       84324  7.549E-02  3.000E-01
    10703  1.246E-04 1.246E-04  01:13:36 1.16441E-08       84324  7.602E-02  3.000E-01
    10748  1.251E-04 1.251E-04  01:13:57 1.16443E-08       84324  7.661E-02  3.000E-01
    10794  1.257E-04 1.257E-04  01:14:17 1.16442E-08       84324  7.725E-02  3.000E-01
    10839  1.262E-04 1.262E-04  01:14:37 1.16443E-08       84324  7.790E-02  3.000E-01
    10884  1.267E-04 1.267E-04  01:14:58 1.16443E-08       84324  7.860E-02  3.000E-01
    10929  1.272E-04 1.272E-04  01:15:18 1.16443E-08       84324  7.932E-02  3.000E-01
    10974  1.278E-04 1.278E-04  01:15:39 1.16444E-08       84324  8.008E-02  3.000E-01
    11019  1.283E-04 1.283E-04  01:15:59 1.16444E-08       84324  8.086E-02  3.000E-01
    11065  1.288E-04 1.288E-04  01:16:20 1.16445E-08       84324  8.168E-02  3.000E-01
    11110  1.294E-04 1.294E-04  01:16:40 1.16445E-08       84324  8.249E-02  3.000E-01
    11155  1.299E-04 1.299E-04  01:17:01 1.16445E-08       84324  8.331E-02  3.000E-01
    11202  1.304E-04 1.304E-04  01:17:21 1.16446E-08       73088  8.415E-02  3.000E-01
    11248  1.310E-04 1.310E-04  01:17:42 1.16445E-08       84324  8.496E-02  3.000E-01
    11294  1.315E-04 1.315E-04  01:18:02 1.16445E-08       84324  8.572E-02  3.000E-01
    11342  1.321E-04 1.321E-04  01:18:22 1.16445E-08       84324  8.647E-02  3.000E-01
    11389  1.326E-04 1.326E-04  01:18:43 1.16444E-08       84324  8.715E-02  3.000E-01
    11437  1.332E-04 1.332E-04  01:19:03 1.16445E-08       84324  8.778E-02  3.000E-01
    11485  1.337E-04 1.337E-04  01:19:24 1.16445E-08       84324  8.835E-02  3.000E-01
    11532  1.343E-04 1.343E-04  01:19:44 1.16445E-08       84324  8.884E-02  3.000E-01
    11579  1.348E-04 1.348E-04  01:20:04 1.16445E-08       73088  8.926E-02  3.000E-01
    11627  1.354E-04 1.354E-04  01:20:25 1.16444E-08       84324  8.961E-02  3.000E-01
    11674  1.359E-04 1.359E-04  01:20:45 1.16445E-08       84324  8.987E-02  3.000E-01
    11721  1.365E-04 1.365E-04  01:21:05 1.16444E-08       84324  9.003E-02  3.000E-01
    11768  1.370E-04 1.370E-04  01:21:26 1.16444E-08       84324  9.010E-02  3.000E-01

 STEP 1  ORIGIN 0.0000

              STEP     TOTAL      WALL        STABLE    CRITICAL    KINETIC      TOTAL
INCREMENT     TIME      TIME      TIME     INCREMENT     ELEMENT     ENERGY     ENERGY
    11814  1.375E-04 1.375E-04  01:21:46 1.16444E-08       84324  9.008E-02  3.000E-01
    11861  1.381E-04 1.381E-04  01:22:07 1.16443E-08       84324  8.997E-02  3.000E-01
    11908  1.386E-04 1.386E-04  01:22:27 1.16443E-08       84324  8.976E-02  3.000E-01
    11955  1.392E-04 1.392E-04  01:22:48 1.16443E-08       84324  8.945E-02  3.000E-01
    12002  1.397E-04 1.397E-04  01:23:08 1.16443E-08       84324  8.903E-02  3.000E-01
    12025  1.400E-04 1.400E-04  01:23:17 1.16442E-08       84324  8.879E-02  3.000E-01
Output Field Frame Number     7, of     25, at step time 1.400E-04
    12065  1.405E-04 1.405E-04  01:23:38 1.16442E-08       84324  8.830E-02  3.000E-01
    12105  1.409E-04 1.409E-04  01:23:58 1.16442E-08       84324  8.774E-02  3.000E-01
    12147  1.414E-04 1.414E-04  01:24:19 1.16441E-08       84324  8.707E-02  3.000E-01
    12191  1.419E-04 1.419E-04  01:24:39 1.16441E-08       84324  8.629E-02  3.000E-01
    12234  1.424E-04 1.424E-04  01:25:00 1.16442E-08       84324  8.545E-02  3.000E-01
    12276  1.429E-04 1.429E-04  01:25:20 1.16442E-08       84324  8.456E-02  3.000E-01
    12328  1.435E-04 1.435E-04  01:25:40 1.16442E-08       84324  8.337E-02  3.000E-01
    12388  1.442E-04 1.442E-04  01:26:01 1.16442E-08       84324  8.189E-02  3.000E-01
    12447  1.449E-04 1.449E-04  01:26:22 1.16442E-08       84324  8.034E-02  3.000E-01
    12506  1.456E-04 1.456E-04  01:26:42 1.16442E-08       84324  7.871E-02  3.000E-01
    12563  1.463E-04 1.463E-04  01:27:03 1.16443E-08       84324  7.709E-02  3.000E-01
    12622  1.470E-04 1.470E-04  01:27:24 1.16442E-08       84324  7.536E-02  3.000E-01
    12681  1.476E-04 1.476E-04  01:27:45 1.16443E-08       84324  7.359E-02  3.000E-01
    12740  1.483E-04 1.483E-04  01:28:05 1.16443E-08       84324  7.179E-02  3.000E-01
    12784  1.488E-04 1.488E-04  01:28:27 1.16442E-08       84324  7.042E-02  3.000E-01
    12834  1.494E-04 1.494E-04  01:28:48 1.16443E-08       73088  6.886E-02  3.000E-01
    12876  1.499E-04 1.499E-04  01:29:08 1.16443E-08       73088  6.754E-02  3.000E-01
    12916  1.504E-04 1.504E-04  01:29:28 1.16443E-08       84324  6.629E-02  3.000E-01
    12956  1.508E-04 1.508E-04  01:29:49 1.16443E-08       84324  6.504E-02  3.000E-01
    12997  1.513E-04 1.513E-04  01:30:09 1.16443E-08       73088  6.376E-02  3.000E-01
    13038  1.518E-04 1.518E-04  01:30:30 1.16443E-08       84324  6.249E-02  3.000E-01
    13078  1.523E-04 1.523E-04  01:30:50 1.16443E-08       73088  6.127E-02  3.000E-01
    13119  1.527E-04 1.527E-04  01:31:10 1.16442E-08       84324  6.003E-02  3.000E-01
    13160  1.532E-04 1.532E-04  01:31:31 1.16443E-08       84324  5.879E-02  3.000E-01
    13201  1.537E-04 1.537E-04  01:31:51 1.16442E-08       84324  5.755E-02  3.000E-01
    13241  1.542E-04 1.542E-04  01:32:11 1.16442E-08       84324  5.635E-02  3.000E-01
    13281  1.546E-04 1.546E-04  01:32:31 1.16442E-08       84324  5.514E-02  3.000E-01
    13321  1.551E-04 1.551E-04  01:32:52 1.16441E-08       84324  5.394E-02  3.000E-01
    13362  1.556E-04 1.556E-04  01:33:12 1.16441E-08       84218  5.270E-02  3.000E-01
    13404  1.561E-04 1.561E-04  01:33:33 1.16440E-08       84323  5.144E-02  3.000E-01
    13447  1.566E-04 1.566E-04  01:33:53 1.16440E-08       84323  5.014E-02  3.000E-01
    13492  1.571E-04 1.571E-04  01:34:13 1.16439E-08       84218  4.879E-02  3.000E-01
    13535  1.576E-04 1.576E-04  01:34:34 1.16439E-08       84323  4.751E-02  3.000E-01
    13578  1.581E-04 1.581E-04  01:34:54 1.16442E-08       72982  4.623E-02  3.000E-01

 STEP 1  ORIGIN 0.0000

              STEP     TOTAL      WALL        STABLE    CRITICAL    KINETIC      TOTAL
INCREMENT     TIME      TIME      TIME     INCREMENT     ELEMENT     ENERGY     ENERGY
    13621  1.586E-04 1.586E-04  01:35:14 1.16442E-08       73087  4.497E-02  3.000E-01
    13664  1.591E-04 1.591E-04  01:35:34 1.16443E-08       84218  4.372E-02  3.000E-01
    13707  1.596E-04 1.596E-04  01:35:55 1.16441E-08       84218  4.250E-02  3.000E-01
    13743  1.600E-04 1.600E-04  01:36:11 1.16442E-08       84324  4.150E-02  3.000E-01
Output Field Frame Number     8, of     25, at step time 1.600E-04
    13795  1.606E-04 1.606E-04  01:36:32 1.16441E-08       73087  4.008E-02  3.000E-01
    13852  1.613E-04 1.613E-04  01:36:52 1.16445E-08       61851  3.858E-02  3.000E-01
    13909  1.619E-04 1.619E-04  01:37:13 1.16444E-08       84324  3.713E-02  3.000E-01
    13966  1.626E-04 1.626E-04  01:37:34 1.16444E-08       84218  3.573E-02  3.000E-01
    14023  1.633E-04 1.633E-04  01:37:54 1.16446E-08       61852  3.440E-02  3.000E-01
    14080  1.639E-04 1.639E-04  01:38:15 1.16445E-08       73088  3.315E-02  3.000E-01
    14137  1.646E-04 1.646E-04  01:38:36 1.16446E-08       50616  3.197E-02  3.000E-01
    14195  1.653E-04 1.653E-04  01:38:56 1.16445E-08       73088  3.088E-02  3.000E-01
    14253  1.659E-04 1.659E-04  01:39:17 1.16446E-08       73088  2.990E-02  3.000E-01
    14311  1.666E-04 1.666E-04  01:39:37 1.16446E-08       84324  2.903E-02  3.000E-01
    14369  1.673E-04 1.673E-04  01:39:58 1.16445E-08       73088  2.825E-02  3.000E-01
    14427  1.680E-04 1.680E-04  01:40:18 1.16445E-08       84324  2.757E-02  3.000E-01
    14485  1.686E-04 1.686E-04  01:40:39 1.16445E-08       84324  2.699E-02  3.000E-01
    14543  1.693E-04 1.693E-04  01:41:00 1.16446E-08       61852  2.653E-02  3.000E-01
    14599  1.700E-04 1.700E-04  01:41:21 1.16445E-08       84324  2.620E-02  3.000E-01
    14652  1.706E-04 1.706E-04  01:41:41 1.16445E-08       84324  2.600E-02  3.000E-01
    14705  1.712E-04 1.712E-04  01:42:02 1.16446E-08       73088  2.593E-02  3.000E-01
    14759  1.718E-04 1.718E-04  01:42:23 1.16446E-08       39380  2.598E-02  3.000E-01
    14814  1.725E-04 1.725E-04  01:42:43 1.16446E-08        5672  2.616E-02  3.000E-01
    14867  1.731E-04 1.731E-04  01:43:04 1.16446E-08        5672  2.644E-02  3.000E-01
    14920  1.737E-04 1.737E-04  01:43:25 1.16446E-08        5672  2.683E-02  3.000E-01
    14973  1.743E-04 1.743E-04  01:43:46 1.16446E-08        5672  2.731E-02  3.000E-01
    15023  1.749E-04 1.749E-04  01:44:06 1.16446E-08        5672  2.785E-02  3.000E-01
    15074  1.755E-04 1.755E-04  01:44:27 1.16446E-08        5672  2.849E-02  3.000E-01
    15126  1.761E-04 1.761E-04  01:44:48 1.16446E-08        5672  2.922E-02  3.000E-01
    15177  1.767E-04 1.767E-04  01:45:09 1.16445E-08        5672  3.001E-02  3.000E-01
    15228  1.773E-04 1.773E-04  01:45:29 1.16445E-08        5672  3.089E-02  3.000E-01
    15279  1.779E-04 1.779E-04  01:45:50 1.16446E-08        5672  3.184E-02  3.000E-01
    15331  1.785E-04 1.785E-04  01:46:11 1.16445E-08        5672  3.289E-02  3.000E-01
    15385  1.791E-04 1.791E-04  01:46:32 1.16445E-08        5672  3.406E-02  3.000E-01
    15441  1.798E-04 1.798E-04  01:46:52 1.16445E-08        5672  3.536E-02  3.000E-01
    15461  1.800E-04 1.800E-04  01:46:59 1.16445E-08        5672  3.584E-02  3.000E-01
Output Field Frame Number     9, of     25, at step time 1.800E-04
    15517  1.807E-04 1.807E-04  01:47:20 1.16445E-08        5672  3.725E-02  3.000E-01
    15573  1.813E-04 1.813E-04  01:47:41 1.16445E-08        5672  3.872E-02  3.000E-01
    15629  1.820E-04 1.820E-04  01:48:02 1.16445E-08        5672  4.025E-02  3.000E-01
    15686  1.826E-04 1.826E-04  01:48:23 1.16445E-08        5672  4.184E-02  3.000E-01

 STEP 1  ORIGIN 0.0000

              STEP     TOTAL      WALL        STABLE    CRITICAL    KINETIC      TOTAL
INCREMENT     TIME      TIME      TIME     INCREMENT     ELEMENT     ENERGY     ENERGY
    15742  1.833E-04 1.833E-04  01:48:43 1.16445E-08        5672  4.342E-02  3.000E-01
    15798  1.839E-04 1.839E-04  01:49:04 1.16445E-08        5672  4.503E-02  3.000E-01
    15855  1.846E-04 1.846E-04  01:49:25 1.16445E-08        5672  4.668E-02  3.000E-01
    15911  1.852E-04 1.852E-04  01:49:45 1.16445E-08        5672  4.833E-02  3.000E-01
    15968  1.859E-04 1.859E-04  01:50:06 1.16445E-08        5672  5.004E-02  3.000E-01
    16025  1.866E-04 1.866E-04  01:50:27 1.16445E-08        5672  5.178E-02  3.000E-01
    16081  1.872E-04 1.872E-04  01:50:47 1.16445E-08        5672  5.352E-02  3.000E-01
    16135  1.879E-04 1.879E-04  01:51:08 1.16445E-08        5672  5.523E-02  3.000E-01
    16189  1.885E-04 1.885E-04  01:51:28 1.16445E-08        5672  5.698E-02  3.000E-01
    16245  1.891E-04 1.891E-04  01:51:49 1.16445E-08        5672  5.882E-02  3.000E-01
    16300  1.898E-04 1.898E-04  01:52:10 1.16445E-08        5672  6.066E-02  3.000E-01
    16357  1.904E-04 1.904E-04  01:52:30 1.16445E-08        5672  6.261E-02  3.000E-01
    16416  1.911E-04 1.911E-04  01:52:51 1.16445E-08        5672  6.467E-02  3.000E-01
    16476  1.918E-04 1.918E-04  01:53:11 1.16445E-08        5672  6.683E-02  3.000E-01
    16536  1.925E-04 1.925E-04  01:53:32 1.16445E-08        5672  6.904E-02  3.000E-01
    16596  1.932E-04 1.932E-04  01:53:53 1.16445E-08        5672  7.132E-02  3.000E-01
    16655  1.939E-04 1.939E-04  01:54:13 1.16445E-08        5672  7.363E-02  3.000E-01
    16714  1.946E-04 1.946E-04  01:54:34 1.16445E-08        5672  7.599E-02  3.000E-01
    16773  1.953E-04 1.953E-04  01:54:55 1.16445E-08        5672  7.840E-02  3.000E-01
    16832  1.960E-04 1.960E-04  01:55:15 1.16445E-08        5672  8.087E-02  3.000E-01
    16882  1.965E-04 1.965E-04  01:55:37 1.16445E-08        5672  8.300E-02  3.000E-01
    16930  1.971E-04 1.971E-04  01:55:58 1.16445E-08        5672  8.508E-02  3.000E-01
    16975  1.976E-04 1.976E-04  01:56:20 1.16445E-08        5672  8.707E-02  3.000E-01
    17022  1.982E-04 1.982E-04  01:56:41 1.16445E-08        5672  8.918E-02  3.000E-01
    17080  1.989E-04 1.989E-04  01:57:02 1.16445E-08        5672  9.182E-02  3.000E-01
    17138  1.995E-04 1.995E-04  01:57:23 1.16445E-08        5672  9.449E-02  3.000E-01
    17179  2.000E-04 2.000E-04  01:57:37 1.16445E-08        5672  9.637E-02  3.000E-01
Output Field Frame Number    10, of     25, at step time 2.000E-04
    17236  2.007E-04 2.007E-04  01:57:58 1.16445E-08        5672  9.899E-02  3.000E-01
    17294  2.013E-04 2.013E-04  01:58:18 1.16445E-08        5672  1.017E-01  3.000E-01
    17353  2.020E-04 2.020E-04  01:58:40 1.16445E-08        5672  1.043E-01  3.000E-01
    17405  2.026E-04 2.026E-04  01:59:00 1.16445E-08        5672  1.067E-01  3.000E-01
    17449  2.031E-04 2.031E-04  01:59:21 1.16445E-08        5672  1.087E-01  3.000E-01
    17493  2.037E-04 2.037E-04  01:59:41 1.16446E-08        5672  1.107E-01  3.000E-01
    17536  2.042E-04 2.042E-04  02:00:01 1.16445E-08        5672  1.126E-01  3.000E-01
    17579  2.047E-04 2.047E-04  02:00:22 1.16446E-08        5672  1.146E-01  3.000E-01
    17621  2.052E-04 2.052E-04  02:00:42 1.16446E-08        5672  1.165E-01  3.000E-01
    17665  2.057E-04 2.057E-04  02:01:03 1.16446E-08        5672  1.184E-01  3.000E-01
    17709  2.062E-04 2.062E-04  02:01:23 1.16445E-08        5672  1.204E-01  3.000E-01
    17754  2.067E-04 2.067E-04  02:01:44 1.16445E-08        5672  1.224E-01  3.000E-01
    17797  2.072E-04 2.072E-04  02:02:04 1.16446E-08        5672  1.243E-01  3.000E-01

 STEP 1  ORIGIN 0.0000

              STEP     TOTAL      WALL        STABLE    CRITICAL    KINETIC      TOTAL
INCREMENT     TIME      TIME      TIME     INCREMENT     ELEMENT     ENERGY     ENERGY
    17840  2.077E-04 2.077E-04  02:02:24 1.16445E-08        5672  1.262E-01  3.000E-01
    17884  2.082E-04 2.082E-04  02:02:44 1.16446E-08        5672  1.282E-01  3.000E-01
    17927  2.087E-04 2.087E-04  02:03:05 1.16445E-08        5672  1.301E-01  3.000E-01
    17970  2.092E-04 2.092E-04  02:03:25 1.16445E-08        5672  1.319E-01  3.000E-01
    18012  2.097E-04 2.097E-04  02:03:46 1.16446E-08        5672  1.336E-01  3.000E-01
    18053  2.102E-04 2.102E-04  02:04:06 1.16446E-08        5672  1.353E-01  3.000E-01
    18094  2.107E-04 2.107E-04  02:04:27 1.16446E-08        5672  1.369E-01  3.000E-01
    18139  2.112E-04 2.112E-04  02:04:47 1.16446E-08        5672  1.386E-01  3.000E-01
    18191  2.118E-04 2.118E-04  02:05:07 1.16446E-08        5672  1.405E-01  3.000E-01
    18240  2.124E-04 2.124E-04  02:05:28 1.16446E-08        5672  1.422E-01  3.000E-01
    18280  2.128E-04 2.128E-04  02:05:48 1.16446E-08        5672  1.435E-01  3.000E-01
    18319  2.133E-04 2.133E-04  02:06:09 1.16446E-08        5672  1.446E-01  3.000E-01
    18358  2.137E-04 2.137E-04  02:06:29 1.16446E-08        5672  1.457E-01  3.000E-01
    18398  2.142E-04 2.142E-04  02:06:49 1.16446E-08        5672  1.468E-01  3.000E-01
    18440  2.147E-04 2.147E-04  02:07:10 1.16446E-08       84324  1.478E-01  3.000E-01
    18483  2.152E-04 2.152E-04  02:07:30 1.16445E-08       84324  1.488E-01  3.000E-01
    18525  2.157E-04 2.157E-04  02:07:51 1.16444E-08       84324  1.496E-01  3.000E-01
    18567  2.162E-04 2.162E-04  02:08:11 1.16445E-08       84324  1.504E-01  3.000E-01
    18609  2.167E-04 2.167E-04  02:08:31 1.16445E-08       84324  1.512E-01  3.000E-01
    18652  2.172E-04 2.172E-04  02:08:52 1.16445E-08       73088  1.519E-01  3.000E-01
    18694  2.176E-04 2.176E-04  02:09:12 1.16444E-08       84324  1.525E-01  3.000E-01
    18736  2.181E-04 2.181E-04  02:09:33 1.16444E-08       84324  1.531E-01  3.000E-01
    18779  2.186E-04 2.186E-04  02:09:53 1.16444E-08       84324  1.536E-01  3.000E-01
    18821  2.191E-04 2.191E-04  02:10:14 1.16444E-08       84324  1.541E-01  3.000E-01
    18864  2.196E-04 2.196E-04  02:10:34 1.16443E-08       84324  1.545E-01  3.000E-01
    18897  2.200E-04 2.200E-04  02:10:50 1.16442E-08       84324  1.548E-01  3.000E-01
Output Field Frame Number    11, of     25, at step time 2.200E-04
    18938  2.205E-04 2.205E-04  02:11:11 1.16443E-08       84324  1.552E-01  3.000E-01
    18979  2.210E-04 2.210E-04  02:11:31 1.16443E-08       84324  1.555E-01  3.000E-01
    19023  2.215E-04 2.215E-04  02:11:51 1.16444E-08       84324  1.558E-01  3.000E-01
    19080  2.221E-04 2.221E-04  02:12:12 1.16444E-08       84324  1.563E-01  3.000E-01
    19136  2.228E-04 2.228E-04  02:12:32 1.16445E-08       84324  1.567E-01  3.000E-01
    19180  2.233E-04 2.233E-04  02:12:53 1.16445E-08       84324  1.570E-01  3.000E-01
    19223  2.238E-04 2.238E-04  02:13:13 1.16446E-08        5672  1.573E-01  3.000E-01
    19264  2.243E-04 2.243E-04  02:13:34 1.16446E-08        5672  1.576E-01  3.000E-01
    19306  2.248E-04 2.248E-04  02:13:54 1.16446E-08        5672  1.579E-01  3.000E-01
    19349  2.253E-04 2.253E-04  02:14:14 1.16446E-08        5672  1.582E-01  3.000E-01
    19391  2.258E-04 2.258E-04  02:14:34 1.16446E-08        5672  1.586E-01  3.000E-01
    19432  2.262E-04 2.262E-04  02:14:55 1.16446E-08        5672  1.590E-01  3.000E-01
    19475  2.267E-04 2.267E-04  02:15:15 1.16446E-08        5672  1.593E-01  3.000E-01
    19518  2.272E-04 2.272E-04  02:15:35 1.16446E-08        5672  1.597E-01  3.000E-01

 STEP 1  ORIGIN 0.0000

              STEP     TOTAL      WALL        STABLE    CRITICAL    KINETIC      TOTAL
INCREMENT     TIME      TIME      TIME     INCREMENT     ELEMENT     ENERGY     ENERGY
    19561  2.277E-04 2.277E-04  02:15:56 1.16446E-08        5672  1.602E-01  3.000E-01
    19604  2.282E-04 2.282E-04  02:16:16 1.16446E-08        5672  1.606E-01  3.000E-01
    19645  2.287E-04 2.287E-04  02:16:37 1.16446E-08        5672  1.611E-01  3.000E-01
    19685  2.292E-04 2.292E-04  02:16:57 1.16446E-08        5672  1.616E-01  3.000E-01
    19725  2.296E-04 2.296E-04  02:17:17 1.16445E-08        5672  1.621E-01  3.000E-01
    19765  2.301E-04 2.301E-04  02:17:37 1.16446E-08        5672  1.627E-01  3.000E-01
    19805  2.306E-04 2.306E-04  02:17:58 1.16445E-08        5672  1.633E-01  3.000E-01
    19845  2.310E-04 2.310E-04  02:18:18 1.16445E-08        5672  1.639E-01  3.000E-01
    19892  2.316E-04 2.316E-04  02:18:38 1.16445E-08        5672  1.647E-01  3.000E-01
    19937  2.321E-04 2.321E-04  02:18:59 1.16445E-08        5672  1.655E-01  3.000E-01
    19980  2.326E-04 2.326E-04  02:19:19 1.16445E-08        5672  1.663E-01  3.000E-01
    20022  2.331E-04 2.331E-04  02:19:40 1.16445E-08        5672  1.672E-01  3.000E-01
    20064  2.336E-04 2.336E-04  02:20:00 1.16445E-08        5672  1.681E-01  3.000E-01
    20106  2.341E-04 2.341E-04  02:20:20 1.16445E-08        5672  1.690E-01  3.000E-01
    20147  2.346E-04 2.346E-04  02:20:40 1.16446E-08        5672  1.699E-01  3.000E-01
    20192  2.351E-04 2.351E-04  02:21:01 1.16446E-08        5672  1.709E-01  3.000E-01
    20235  2.356E-04 2.356E-04  02:21:22 1.16446E-08        5672  1.720E-01  3.000E-01
    20285  2.362E-04 2.362E-04  02:21:42 1.16446E-08        5672  1.732E-01  3.000E-01
    20342  2.368E-04 2.368E-04  02:22:03 1.16446E-08        5672  1.747E-01  3.000E-01
    20399  2.375E-04 2.375E-04  02:22:23 1.16446E-08        5672  1.762E-01  3.000E-01
    20456  2.382E-04 2.382E-04  02:22:44 1.16446E-08        5672  1.777E-01  3.000E-01
    20513  2.388E-04 2.388E-04  02:23:04 1.16446E-08        5672  1.794E-01  3.000E-01
    20571  2.395E-04 2.395E-04  02:23:25 1.16444E-08       39380  1.812E-01  3.000E-01
    20615  2.400E-04 2.400E-04  02:23:40 1.16445E-08       73088  1.826E-01  3.000E-01
Output Field Frame Number    12, of     25, at step time 2.400E-04
    20672  2.407E-04 2.407E-04  02:24:01 1.16446E-08       39380  1.845E-01  3.000E-01
    20729  2.413E-04 2.413E-04  02:24:21 1.16446E-08       61852  1.865E-01  3.000E-01
    20787  2.420E-04 2.420E-04  02:24:42 1.16446E-08       73088  1.885E-01  3.000E-01
    20844  2.427E-04 2.427E-04  02:25:03 1.16446E-08       84324  1.906E-01  3.000E-01
    20902  2.433E-04 2.433E-04  02:25:24 1.16446E-08       50616  1.927E-01  3.000E-01
    20944  2.438E-04 2.438E-04  02:25:45 1.16446E-08       84324  1.942E-01  3.000E-01
    20987  2.443E-04 2.443E-04  02:26:05 1.16445E-08       84324  1.958E-01  3.000E-01
    21026  2.448E-04 2.448E-04  02:26:26 1.16446E-08       84324  1.971E-01  3.000E-01
    21067  2.453E-04 2.453E-04  02:26:47 1.16446E-08       73088  1.984E-01  3.000E-01
    21108  2.457E-04 2.457E-04  02:27:07 1.16446E-08       73088  1.997E-01  3.000E-01
    21149  2.462E-04 2.462E-04  02:27:28 1.16446E-08       84324  2.009E-01  3.000E-01
    21190  2.467E-04 2.467E-04  02:27:48 1.16446E-08       73088  2.020E-01  3.000E-01
    21242  2.473E-04 2.473E-04  02:28:09 1.16446E-08       84324  2.034E-01  3.000E-01
    21298  2.480E-04 2.480E-04  02:28:30 1.16446E-08       84324  2.048E-01  3.000E-01
    21354  2.486E-04 2.486E-04  02:28:50 1.16446E-08       84324  2.060E-01  3.000E-01
    21411  2.493E-04 2.493E-04  02:29:11 1.16446E-08       84324  2.073E-01  3.000E-01

 STEP 1  ORIGIN 0.0000

              STEP     TOTAL      WALL        STABLE    CRITICAL    KINETIC      TOTAL
INCREMENT     TIME      TIME      TIME     INCREMENT     ELEMENT     ENERGY     ENERGY
    21467  2.499E-04 2.499E-04  02:29:32 1.16446E-08       84324  2.084E-01  3.000E-01
    21524  2.506E-04 2.506E-04  02:29:53 1.16446E-08       84324  2.095E-01  3.000E-01
    21580  2.512E-04 2.512E-04  02:30:13 1.16446E-08       84324  2.106E-01  3.000E-01
    21637  2.519E-04 2.519E-04  02:30:34 1.16446E-08       84324  2.115E-01  3.000E-01
    21694  2.526E-04 2.526E-04  02:30:54 1.16445E-08       84324  2.124E-01  3.000E-01
    21752  2.532E-04 2.532E-04  02:31:15 1.16446E-08       84324  2.133E-01  3.000E-01
    21810  2.539E-04 2.539E-04  02:31:36 1.16446E-08       84324  2.142E-01  3.000E-01
    21867  2.546E-04 2.546E-04  02:31:56 1.16446E-08       84324  2.150E-01  3.000E-01
    21925  2.553E-04 2.553E-04  02:32:17 1.16446E-08       84324  2.158E-01  3.000E-01
    21984  2.559E-04 2.559E-04  02:32:38 1.16445E-08       84324  2.167E-01  3.000E-01
    22042  2.566E-04 2.566E-04  02:32:58 1.16445E-08       84324  2.175E-01  3.000E-01
    22101  2.573E-04 2.573E-04  02:33:19 1.16446E-08       84324  2.183E-01  3.000E-01
    22159  2.580E-04 2.580E-04  02:33:39 1.16446E-08       84324  2.192E-01  3.000E-01
    22217  2.587E-04 2.587E-04  02:34:00 1.16446E-08       84324  2.200E-01  3.000E-01
    22275  2.593E-04 2.593E-04  02:34:21 1.16446E-08       84324  2.209E-01  3.000E-01
    22333  2.600E-04 2.600E-04  02:34:41 1.16446E-08       84324  2.217E-01  3.000E-01
Output Field Frame Number    13, of     25, at step time 2.600E-04
    22390  2.607E-04 2.607E-04  02:35:02 1.16446E-08       84324  2.224E-01  3.000E-01
    22445  2.613E-04 2.613E-04  02:35:23 1.16446E-08       73088  2.231E-01  3.000E-01
    22501  2.620E-04 2.620E-04  02:35:44 1.16446E-08        5672  2.237E-01  3.000E-01
    22558  2.626E-04 2.626E-04  02:36:04 1.16446E-08       28144  2.243E-01  3.000E-01
    22615  2.633E-04 2.633E-04  02:36:25 1.16446E-08        5672  2.248E-01  3.000E-01
    22672  2.640E-04 2.640E-04  02:36:46 1.16446E-08       73088  2.253E-01  3.000E-01
    22728  2.646E-04 2.646E-04  02:37:06 1.16446E-08        5672  2.257E-01  3.000E-01
    22785  2.653E-04 2.653E-04  02:37:26 1.16446E-08       84324  2.262E-01  3.000E-01
    22843  2.659E-04 2.659E-04  02:37:47 1.16446E-08       84324  2.267E-01  3.000E-01
    22900  2.666E-04 2.666E-04  02:38:08 1.16446E-08       84324  2.272E-01  3.000E-01
    22956  2.673E-04 2.673E-04  02:38:28 1.16446E-08       84324  2.277E-01  3.000E-01
    23012  2.679E-04 2.679E-04  02:38:49 1.16446E-08       84324  2.282E-01  3.000E-01
    23070  2.686E-04 2.686E-04  02:39:10 1.16446E-08       61852  2.288E-01  3.000E-01
    23127  2.692E-04 2.692E-04  02:39:31 1.16446E-08       73088  2.295E-01  3.000E-01
    23167  2.697E-04 2.697E-04  02:39:51 1.16446E-08        5672  2.299E-01  3.000E-01
    23209  2.702E-04 2.702E-04  02:40:12 1.16446E-08        5672  2.304E-01  3.000E-01
    23252  2.707E-04 2.707E-04  02:40:32 1.16446E-08        5672  2.310E-01  3.000E-01
    23294  2.712E-04 2.712E-04  02:40:53 1.16446E-08        5672  2.316E-01  3.000E-01
    23336  2.717E-04 2.717E-04  02:41:13 1.16446E-08        5672  2.322E-01  3.000E-01
    23378  2.722E-04 2.722E-04  02:41:34 1.16446E-08        5672  2.328E-01  3.000E-01
    23419  2.726E-04 2.726E-04  02:41:54 1.16446E-08        5672  2.334E-01  3.000E-01
    23461  2.731E-04 2.731E-04  02:42:15 1.16446E-08       16908  2.341E-01  3.000E-01
    23503  2.736E-04 2.736E-04  02:42:35 1.16446E-08        5672  2.349E-01  3.000E-01
    23544  2.741E-04 2.741E-04  02:42:55 1.16446E-08       16908  2.356E-01  3.000E-01

 STEP 1  ORIGIN 0.0000

              STEP     TOTAL      WALL        STABLE    CRITICAL    KINETIC      TOTAL
INCREMENT     TIME      TIME      TIME     INCREMENT     ELEMENT     ENERGY     ENERGY
    23585  2.746E-04 2.746E-04  02:43:16 1.16446E-08        5672  2.364E-01  3.000E-01
    23626  2.751E-04 2.751E-04  02:43:36 1.16446E-08       16908  2.372E-01  3.000E-01
    23666  2.755E-04 2.755E-04  02:43:57 1.16446E-08        5672  2.380E-01  3.000E-01
    23707  2.760E-04 2.760E-04  02:44:17 1.16446E-08       16908  2.389E-01  3.000E-01
    23749  2.765E-04 2.765E-04  02:44:38 1.16446E-08        5672  2.398E-01  3.000E-01
    23790  2.770E-04 2.770E-04  02:44:58 1.16446E-08        5672  2.407E-01  3.000E-01
    23832  2.775E-04 2.775E-04  02:45:19 1.16446E-08        5672  2.416E-01  3.000E-01
    23874  2.779E-04 2.779E-04  02:45:39 1.16446E-08        5672  2.424E-01  3.000E-01
    23914  2.784E-04 2.784E-04  02:45:59 1.16446E-08        5672  2.433E-01  3.000E-01
    23955  2.789E-04 2.789E-04  02:46:20 1.16446E-08        5672  2.441E-01  3.000E-01
    23997  2.794E-04 2.794E-04  02:46:40 1.16446E-08        5672  2.449E-01  3.000E-01
    24036  2.798E-04 2.798E-04  02:47:01 1.16446E-08        5672  2.457E-01  3.000E-01
    24051  2.800E-04 2.800E-04  02:47:07 1.16446E-08        5672  2.460E-01  3.000E-01
Output Field Frame Number    14, of     25, at step time 2.800E-04
    24104  2.806E-04 2.806E-04  02:47:27 1.16446E-08        5672  2.469E-01  3.000E-01
    24151  2.812E-04 2.812E-04  02:47:48 1.16446E-08        5672  2.478E-01  3.000E-01
    24202  2.818E-04 2.818E-04  02:48:08 1.16446E-08        5672  2.487E-01  3.000E-01
    24254  2.824E-04 2.824E-04  02:48:29 1.16446E-08        5672  2.496E-01  3.000E-01
    24307  2.830E-04 2.830E-04  02:48:50 1.16446E-08        5672  2.506E-01  3.000E-01
    24361  2.836E-04 2.836E-04  02:49:11 1.16446E-08        5672  2.515E-01  3.000E-01
    24415  2.842E-04 2.842E-04  02:49:31 1.16446E-08        5672  2.524E-01  3.000E-01
    24471  2.849E-04 2.849E-04  02:49:52 1.16446E-08        5672  2.534E-01  3.000E-01
    24527  2.855E-04 2.855E-04  02:50:12 1.16446E-08        5672  2.544E-01  3.000E-01
    24584  2.862E-04 2.862E-04  02:50:33 1.16446E-08        5672  2.554E-01  3.000E-01
    24641  2.869E-04 2.869E-04  02:50:54 1.16446E-08        5672  2.564E-01  3.000E-01
    24698  2.875E-04 2.875E-04  02:51:15 1.16446E-08        5672  2.575E-01  3.000E-01
    24754  2.882E-04 2.882E-04  02:51:36 1.16446E-08        5672  2.585E-01  3.000E-01
    24798  2.887E-04 2.887E-04  02:51:57 1.16446E-08        5672  2.594E-01  3.000E-01
    24843  2.892E-04 2.892E-04  02:52:19 1.16446E-08        5672  2.603E-01  3.000E-01
    24887  2.897E-04 2.897E-04  02:52:40 1.16446E-08        5672  2.611E-01  3.000E-01
    24931  2.903E-04 2.903E-04  02:53:02 1.16446E-08        5672  2.620E-01  3.000E-01
    24976  2.908E-04 2.908E-04  02:53:23 1.16446E-08        5672  2.629E-01  3.000E-01
    25023  2.913E-04 2.913E-04  02:53:45 1.16435E-08       84324  2.639E-01  3.000E-01
    25070  2.919E-04 2.919E-04  02:54:06 1.16364E-08       84324  2.648E-01  3.000E-01
    25116  2.924E-04 2.924E-04  02:54:27 1.16402E-08       84324  2.656E-01  3.000E-01
    25173  2.931E-04 2.931E-04  02:54:48 1.16410E-08       84324  2.665E-01  3.000E-01
    25229  2.937E-04 2.937E-04  02:55:09 1.16418E-08       84218  2.672E-01  3.000E-01
    25274  2.942E-04 2.942E-04  02:55:30 1.16429E-08       73087  2.676E-01  3.000E-01
    25315  2.947E-04 2.947E-04  02:55:50 1.16419E-08       84218  2.679E-01  3.000E-01
    25356  2.952E-04 2.952E-04  02:56:11 1.16425E-08       84324  2.682E-01  3.000E-01
    25397  2.957E-04 2.957E-04  02:56:31 1.16427E-08       84324  2.683E-01  3.000E-01

 STEP 1  ORIGIN 0.0000

              STEP     TOTAL      WALL        STABLE    CRITICAL    KINETIC      TOTAL
INCREMENT     TIME      TIME      TIME     INCREMENT     ELEMENT     ENERGY     ENERGY
    25438  2.962E-04 2.962E-04  02:56:52 1.16429E-08       84324  2.683E-01  3.000E-01
    25480  2.966E-04 2.966E-04  02:57:13 1.16432E-08       84323  2.682E-01  3.000E-01
    25521  2.971E-04 2.971E-04  02:57:33 1.16432E-08       84324  2.681E-01  3.000E-01
    25564  2.976E-04 2.976E-04  02:57:53 1.16435E-08       84323  2.678E-01  3.000E-01
    25606  2.981E-04 2.981E-04  02:58:14 1.16439E-08       84324  2.675E-01  3.000E-01
    25648  2.986E-04 2.986E-04  02:58:34 1.16439E-08       84218  2.670E-01  3.000E-01
    25690  2.991E-04 2.991E-04  02:58:54 1.16439E-08       72982  2.664E-01  3.000E-01
    25733  2.996E-04 2.996E-04  02:59:14 1.16435E-08       84323  2.657E-01  3.000E-01
    25769  3.000E-04 3.000E-04  02:59:31 1.16437E-08       84323  2.650E-01  3.000E-01
Output Field Frame Number    15, of     25, at step time 3.000E-04
    25811  3.005E-04 3.005E-04  02:59:52 1.16434E-08       84323  2.642E-01  3.000E-01
    25854  3.010E-04 3.010E-04  03:00:12 1.16441E-08       73087  2.632E-01  3.000E-01
    25897  3.015E-04 3.015E-04  03:00:32 1.16440E-08       72982  2.621E-01  3.000E-01
    25940  3.020E-04 3.020E-04  03:00:53 1.16441E-08       84323  2.610E-01  3.000E-01
    25983  3.025E-04 3.025E-04  03:01:13 1.16443E-08       84323  2.598E-01  3.000E-01
    26025  3.030E-04 3.030E-04  03:01:33 1.16439E-08       84323  2.586E-01  3.000E-01
    26069  3.035E-04 3.035E-04  03:01:54 1.16441E-08       84323  2.572E-01  3.000E-01
    26113  3.040E-04 3.040E-04  03:02:14 1.16442E-08       84324  2.559E-01  3.000E-01
    26155  3.045E-04 3.045E-04  03:02:35 1.16442E-08       84324  2.545E-01  3.000E-01
    26197  3.050E-04 3.050E-04  03:02:55 1.16443E-08       73088  2.531E-01  3.000E-01
    26240  3.055E-04 3.055E-04  03:03:15 1.16443E-08       73088  2.517E-01  3.000E-01
    26283  3.060E-04 3.060E-04  03:03:36 1.16443E-08       73088  2.503E-01  3.000E-01
    26326  3.065E-04 3.065E-04  03:03:56 1.16443E-08       84323  2.489E-01  3.000E-01
    26369  3.070E-04 3.070E-04  03:04:16 1.16442E-08       84323  2.475E-01  3.000E-01
    26412  3.075E-04 3.075E-04  03:04:36 1.16444E-08       73088  2.461E-01  3.000E-01
    26455  3.080E-04 3.080E-04  03:04:57 1.16443E-08       84323  2.448E-01  3.000E-01
    26498  3.085E-04 3.085E-04  03:05:17 1.16443E-08       84324  2.434E-01  3.000E-01
    26541  3.090E-04 3.090E-04  03:05:37 1.16444E-08       84324  2.422E-01  3.000E-01
    26584  3.095E-04 3.095E-04  03:05:58 1.16444E-08       84324  2.409E-01  3.000E-01
    26627  3.100E-04 3.100E-04  03:06:18 1.16444E-08       84324  2.397E-01  3.000E-01
    26671  3.105E-04 3.105E-04  03:06:39 1.16445E-08       61852  2.386E-01  3.000E-01
    26713  3.110E-04 3.110E-04  03:06:59 1.16445E-08       73088  2.375E-01  3.000E-01
    26756  3.115E-04 3.115E-04  03:07:19 1.16445E-08       84324  2.365E-01  3.000E-01
    26798  3.120E-04 3.120E-04  03:07:39 1.16445E-08       84324  2.356E-01  3.000E-01
    26841  3.125E-04 3.125E-04  03:08:00 1.16445E-08       84324  2.347E-01  3.000E-01
    26885  3.130E-04 3.130E-04  03:08:20 1.16446E-08       73088  2.338E-01  3.000E-01
    26927  3.135E-04 3.135E-04  03:08:41 1.16446E-08       73088  2.330E-01  3.000E-01
    26970  3.140E-04 3.140E-04  03:09:01 1.16446E-08       84324  2.323E-01  3.000E-01
    27012  3.145E-04 3.145E-04  03:09:21 1.16446E-08        5672  2.317E-01  3.000E-01
    27052  3.149E-04 3.149E-04  03:09:42 1.16446E-08       16908  2.311E-01  3.000E-01
    27092  3.154E-04 3.154E-04  03:10:02 1.16446E-08        5672  2.306E-01  3.000E-01

 STEP 1  ORIGIN 0.0000

              STEP     TOTAL      WALL        STABLE    CRITICAL    KINETIC      TOTAL
INCREMENT     TIME      TIME      TIME     INCREMENT     ELEMENT     ENERGY     ENERGY
    27133  3.159E-04 3.159E-04  03:10:22 1.16446E-08        5672  2.302E-01  3.000E-01
    27174  3.164E-04 3.164E-04  03:10:43 1.16446E-08        5672  2.299E-01  3.000E-01
    27216  3.169E-04 3.169E-04  03:11:03 1.16446E-08        5672  2.296E-01  3.000E-01
    27257  3.173E-04 3.173E-04  03:11:24 1.16446E-08        5672  2.295E-01  3.000E-01
    27299  3.178E-04 3.178E-04  03:11:44 1.16446E-08        5672  2.294E-01  3.000E-01
    27341  3.183E-04 3.183E-04  03:12:05 1.16446E-08        5672  2.293E-01  3.000E-01
    27383  3.188E-04 3.188E-04  03:12:26 1.16445E-08        5672  2.293E-01  3.000E-01
    27425  3.193E-04 3.193E-04  03:12:46 1.16445E-08        5672  2.294E-01  3.000E-01
    27467  3.198E-04 3.198E-04  03:13:06 1.16446E-08        5672  2.295E-01  3.000E-01
    27487  3.200E-04 3.200E-04  03:13:16 1.16446E-08        5672  2.296E-01  3.000E-01
Output Field Frame Number    16, of     25, at step time 3.200E-04
    27529  3.205E-04 3.205E-04  03:13:37 1.16445E-08        5672  2.297E-01  3.000E-01
    27571  3.210E-04 3.210E-04  03:13:57 1.16446E-08        5672  2.298E-01  3.000E-01
    27613  3.215E-04 3.215E-04  03:14:17 1.16446E-08        5672  2.299E-01  3.000E-01
    27655  3.220E-04 3.220E-04  03:14:38 1.16445E-08        5672  2.300E-01  3.000E-01
    27697  3.225E-04 3.225E-04  03:14:58 1.16445E-08        5672  2.301E-01  3.000E-01
    27740  3.230E-04 3.230E-04  03:15:19 1.16445E-08        5672  2.301E-01  3.000E-01
    27782  3.234E-04 3.234E-04  03:15:39 1.16445E-08        5672  2.302E-01  3.000E-01
    27824  3.239E-04 3.239E-04  03:15:59 1.16444E-08        5672  2.302E-01  3.000E-01
    27866  3.244E-04 3.244E-04  03:16:20 1.16445E-08        5672  2.301E-01  3.000E-01
    27908  3.249E-04 3.249E-04  03:16:40 1.16444E-08        5672  2.301E-01  3.000E-01
    27950  3.254E-04 3.254E-04  03:17:01 1.16445E-08        5672  2.300E-01  3.000E-01
    27992  3.259E-04 3.259E-04  03:17:21 1.16444E-08        5672  2.299E-01  3.000E-01
    28035  3.264E-04 3.264E-04  03:17:41 1.16445E-08        5672  2.297E-01  3.000E-01
    28078  3.269E-04 3.269E-04  03:18:02 1.16445E-08        5672  2.296E-01  3.000E-01
    28121  3.274E-04 3.274E-04  03:18:22 1.16444E-08        5672  2.294E-01  3.000E-01
    28163  3.279E-04 3.279E-04  03:18:43 1.16444E-08        5672  2.292E-01  3.000E-01
    28205  3.284E-04 3.284E-04  03:19:03 1.16444E-08        5672  2.289E-01  3.000E-01
    28247  3.289E-04 3.289E-04  03:19:23 1.16445E-08        5672  2.286E-01  3.000E-01
    28290  3.294E-04 3.294E-04  03:19:44 1.16444E-08        5672  2.282E-01  3.000E-01
    28332  3.298E-04 3.298E-04  03:20:04 1.16444E-08        5672  2.278E-01  3.000E-01
    28374  3.303E-04 3.303E-04  03:20:24 1.16444E-08        5672  2.273E-01  3.000E-01
    28416  3.308E-04 3.308E-04  03:20:45 1.16444E-08        5672  2.267E-01  3.000E-01
    28459  3.313E-04 3.313E-04  03:21:05 1.16445E-08        5672  2.260E-01  3.000E-01
    28502  3.318E-04 3.318E-04  03:21:25 1.16444E-08        5672  2.252E-01  3.000E-01
    28544  3.323E-04 3.323E-04  03:21:46 1.16444E-08        5672  2.244E-01  3.000E-01
    28587  3.328E-04 3.328E-04  03:22:06 1.16445E-08        5672  2.236E-01  3.000E-01
    28630  3.333E-04 3.333E-04  03:22:27 1.16445E-08        5672  2.227E-01  3.000E-01
    28672  3.338E-04 3.338E-04  03:22:47 1.16444E-08        5672  2.218E-01  3.000E-01
    28714  3.343E-04 3.343E-04  03:23:08 1.16444E-08        5672  2.209E-01  3.000E-01
    28757  3.348E-04 3.348E-04  03:23:28 1.16444E-08        5672  2.199E-01  3.000E-01

 STEP 1  ORIGIN 0.0000

              STEP     TOTAL      WALL        STABLE    CRITICAL    KINETIC      TOTAL
INCREMENT     TIME      TIME      TIME     INCREMENT     ELEMENT     ENERGY     ENERGY
    28800  3.353E-04 3.353E-04  03:23:48 1.16445E-08        5672  2.190E-01  3.000E-01
    28854  3.359E-04 3.359E-04  03:24:12 1.16444E-08        5672  2.178E-01  3.000E-01
    28910  3.366E-04 3.366E-04  03:24:36 1.16444E-08        5672  2.165E-01  2.999E-01
    28969  3.373E-04 3.373E-04  03:25:00 1.16445E-08        5672  2.152E-01  2.999E-01
    29027  3.379E-04 3.379E-04  03:25:25 1.16445E-08        5672  2.139E-01  2.999E-01
    29086  3.386E-04 3.386E-04  03:25:49 1.16444E-08        5672  2.127E-01  2.999E-01
    29143  3.393E-04 3.393E-04  03:26:14 1.16445E-08        5672  2.115E-01  2.999E-01
    29200  3.399E-04 3.399E-04  03:26:38 1.16445E-08        5672  2.104E-01  2.999E-01
    29205  3.400E-04 3.400E-04  03:26:40 1.16445E-08        5672  2.103E-01  2.999E-01
Output Field Frame Number    17, of     25, at step time 3.400E-04
    29262  3.407E-04 3.407E-04  03:27:05 1.16445E-08        5672  2.092E-01  2.999E-01
    29319  3.413E-04 3.413E-04  03:27:29 1.16445E-08        5672  2.082E-01  2.999E-01
    29378  3.420E-04 3.420E-04  03:27:53 1.16445E-08        5672  2.072E-01  2.999E-01
    29436  3.427E-04 3.427E-04  03:28:18 1.16445E-08       73088  2.063E-01  2.999E-01
    29508  3.435E-04 3.435E-04  03:28:46 1.16444E-08       16908  2.053E-01  2.999E-01
    29585  3.444E-04 3.444E-04  03:29:16 1.16445E-08       28144  2.043E-01  2.999E-01
    29663  3.453E-04 3.453E-04  03:29:47 1.16446E-08       16908  2.035E-01  2.999E-01
    29741  3.462E-04 3.462E-04  03:30:17 1.16446E-08       73088  2.029E-01  2.999E-01
    29848  3.475E-04 3.475E-04  03:30:56 1.16446E-08       84324  2.023E-01  2.999E-01
    29960  3.488E-04 3.488E-04  03:31:36 1.16446E-08       84324  2.022E-01  2.999E-01
    30066  3.500E-04 3.500E-04  03:32:17 1.16446E-08       28144  2.025E-01  2.999E-01
    30176  3.513E-04 3.513E-04  03:32:57 1.16446E-08        5672  2.032E-01  2.999E-01
    30281  3.525E-04 3.525E-04  03:33:37 1.16446E-08       84324  2.042E-01  2.999E-01
    30392  3.538E-04 3.538E-04  03:34:18 1.16446E-08       73088  2.054E-01  2.999E-01
    30505  3.551E-04 3.551E-04  03:34:57 1.16446E-08       73088  2.067E-01  2.999E-01
    30661  3.570E-04 3.570E-04  03:35:39 1.16446E-08        5672  2.082E-01  2.999E-01
    30818  3.588E-04 3.588E-04  03:36:20 1.16446E-08       84324  2.093E-01  2.999E-01
    30923  3.600E-04 3.600E-04  03:36:48 1.16446E-08       84324  2.098E-01  2.999E-01
Output Field Frame Number    18, of     25, at step time 3.600E-04
    31080  3.618E-04 3.618E-04  03:37:30 1.16446E-08       50616  2.101E-01  2.999E-01
    31236  3.637E-04 3.637E-04  03:38:10 1.16446E-08        5672  2.100E-01  2.999E-01
    31396  3.655E-04 3.655E-04  03:38:51 1.16446E-08        5672  2.093E-01  2.999E-01
    31554  3.674E-04 3.674E-04  03:39:33 1.16446E-08        5672  2.078E-01  2.999E-01
    31708  3.691E-04 3.691E-04  03:40:13 1.16446E-08        5672  2.055E-01  2.999E-01
    31862  3.709E-04 3.709E-04  03:40:54 1.16446E-08        5672  2.025E-01  2.999E-01
    32022  3.728E-04 3.728E-04  03:41:35 1.16446E-08        5672  1.989E-01  2.999E-01
    32185  3.747E-04 3.747E-04  03:42:17 1.16446E-08       28144  1.952E-01  2.999E-01
    32318  3.762E-04 3.762E-04  03:42:58 1.16446E-08       84324  1.928E-01  2.999E-01
    32441  3.777E-04 3.777E-04  03:43:39 1.16446E-08       84324  1.912E-01  2.999E-01
    32568  3.792E-04 3.792E-04  03:44:19 1.16446E-08       84324  1.905E-01  2.999E-01
    32641  3.800E-04 3.800E-04  03:44:43 1.16446E-08       84324  1.904E-01  2.999E-01
Output Field Frame Number    19, of     25, at step time 3.800E-04
    32759  3.814E-04 3.814E-04  03:45:23 1.16446E-08       84324  1.908E-01  2.999E-01

 STEP 1  ORIGIN 0.0000

              STEP     TOTAL      WALL        STABLE    CRITICAL    KINETIC      TOTAL
INCREMENT     TIME      TIME      TIME     INCREMENT     ELEMENT     ENERGY     ENERGY
    32881  3.828E-04 3.828E-04  03:46:04 1.16446E-08       84324  1.921E-01  2.999E-01
    33017  3.844E-04 3.844E-04  03:46:44 1.16446E-08       84324  1.945E-01  2.999E-01
    33169  3.862E-04 3.862E-04  03:47:26 1.16446E-08       84324  1.987E-01  2.999E-01
    33323  3.879E-04 3.879E-04  03:48:07 1.16446E-08       28144  2.042E-01  2.999E-01
    33441  3.893E-04 3.893E-04  03:48:50 1.16446E-08       61852  2.088E-01  2.999E-01
    33574  3.909E-04 3.909E-04  03:49:33 1.16446E-08        5672  2.139E-01  2.999E-01
    33729  3.927E-04 3.927E-04  03:50:14 1.16446E-08       84324  2.189E-01  2.999E-01
    33858  3.942E-04 3.942E-04  03:50:55 1.16446E-08        5672  2.224E-01  2.999E-01
    33969  3.955E-04 3.955E-04  03:51:35 1.16446E-08        5672  2.251E-01  2.999E-01
    34116  3.972E-04 3.972E-04  03:52:16 1.16446E-08        5672  2.281E-01  2.999E-01
    34237  3.986E-04 3.986E-04  03:52:57 1.16446E-08        5672  2.300E-01  2.999E-01
    34359  4.000E-04 4.000E-04  03:53:31 1.16446E-08        5672  2.314E-01  2.999E-01
Output Field Frame Number    20, of     25, at step time 4.000E-04
    34509  4.018E-04 4.018E-04  03:54:12 1.16446E-08       16908  2.324E-01  2.999E-01
    34660  4.035E-04 4.035E-04  03:54:53 1.16446E-08       84324  2.326E-01  2.999E-01
    34814  4.053E-04 4.053E-04  03:55:34 1.16446E-08        5672  2.322E-01  2.999E-01
    34962  4.070E-04 4.070E-04  03:56:15 1.16446E-08       28144  2.312E-01  2.999E-01
    35111  4.088E-04 4.088E-04  03:56:56 1.16446E-08        5672  2.298E-01  2.999E-01
    35264  4.105E-04 4.105E-04  03:57:37 1.16446E-08       84324  2.285E-01  2.999E-01
    35414  4.123E-04 4.123E-04  03:58:18 1.16446E-08       84324  2.280E-01  2.999E-01
    35569  4.141E-04 4.141E-04  03:58:59 1.16446E-08       84324  2.286E-01  2.999E-01
    35728  4.159E-04 4.159E-04  03:59:40 1.16446E-08       84324  2.304E-01  2.999E-01
    35884  4.178E-04 4.178E-04  04:00:21 1.16446E-08       84324  2.330E-01  2.999E-01
    36036  4.195E-04 4.195E-04  04:01:01 1.16446E-08       84324  2.363E-01  2.999E-01
    36077  4.200E-04 4.200E-04  04:01:13 1.16446E-08       84324  2.374E-01  2.999E-01
Output Field Frame Number    21, of     25, at step time 4.200E-04
    36226  4.217E-04 4.217E-04  04:01:54 1.16445E-08       84324  2.416E-01  2.999E-01
    36372  4.234E-04 4.234E-04  04:02:34 1.16446E-08       84324  2.463E-01  2.999E-01
    36526  4.252E-04 4.252E-04  04:03:16 1.16446E-08       84324  2.513E-01  2.999E-01
    36680  4.270E-04 4.270E-04  04:03:57 1.16446E-08       73088  2.562E-01  2.999E-01
    36837  4.289E-04 4.289E-04  04:04:38 1.16446E-08       84324  2.609E-01  2.999E-01
    36994  4.307E-04 4.307E-04  04:05:19 1.16446E-08       84324  2.647E-01  2.999E-01
    37155  4.326E-04 4.326E-04  04:06:01 1.16446E-08       84324  2.677E-01  2.999E-01
    37314  4.344E-04 4.344E-04  04:06:42 1.16446E-08       84324  2.700E-01  2.999E-01
    37463  4.361E-04 4.361E-04  04:07:25 1.16446E-08       84324  2.719E-01  2.999E-01
    37608  4.378E-04 4.378E-04  04:08:05 1.16446E-08       61852  2.737E-01  2.999E-01
    37767  4.397E-04 4.397E-04  04:08:47 1.16446E-08       84324  2.753E-01  2.999E-01
    37795  4.400E-04 4.400E-04  04:08:54 1.16446E-08       84324  2.755E-01  2.999E-01
Output Field Frame Number    22, of     25, at step time 4.400E-04
    37952  4.418E-04 4.418E-04  04:09:35 1.16446E-08       84324  2.765E-01  2.999E-01
    38110  4.437E-04 4.437E-04  04:10:16 1.16446E-08       84324  2.767E-01  2.999E-01
    38270  4.455E-04 4.455E-04  04:10:57 1.16446E-08       84324  2.760E-01  2.999E-01
    38420  4.473E-04 4.473E-04  04:11:39 1.16446E-08        5672  2.745E-01  2.999E-01

 STEP 1  ORIGIN 0.0000

              STEP     TOTAL      WALL        STABLE    CRITICAL    KINETIC      TOTAL
INCREMENT     TIME      TIME      TIME     INCREMENT     ELEMENT     ENERGY     ENERGY
    38554  4.488E-04 4.488E-04  04:12:19 1.16446E-08        5672  2.727E-01  2.999E-01
    38712  4.507E-04 4.507E-04  04:13:00 1.16446E-08        5672  2.702E-01  2.999E-01
    38869  4.525E-04 4.525E-04  04:13:41 1.16446E-08        5672  2.675E-01  2.999E-01
    39020  4.543E-04 4.543E-04  04:14:22 1.16446E-08        5672  2.651E-01  2.999E-01
    39152  4.558E-04 4.558E-04  04:15:04 1.16446E-08       39380  2.634E-01  2.999E-01
    39269  4.572E-04 4.572E-04  04:15:47 1.16446E-08       28144  2.622E-01  2.999E-01
    39418  4.589E-04 4.589E-04  04:16:28 1.16446E-08       84324  2.615E-01  2.999E-01
    39513  4.600E-04 4.600E-04  04:16:54 1.16446E-08       84324  2.616E-01  2.999E-01
Output Field Frame Number    23, of     25, at step time 4.600E-04
    39663  4.618E-04 4.618E-04  04:17:35 1.16446E-08       16908  2.624E-01  2.999E-01
    39813  4.635E-04 4.635E-04  04:18:16 1.16446E-08       28144  2.642E-01  2.999E-01
    39968  4.653E-04 4.653E-04  04:18:58 1.16446E-08        5672  2.665E-01  3.000E-01
    40123  4.671E-04 4.671E-04  04:19:39 1.16446E-08        5672  2.688E-01  3.000E-01
    40281  4.689E-04 4.689E-04  04:20:21 1.16446E-08        5672  2.712E-01  3.000E-01
    40440  4.708E-04 4.708E-04  04:21:02 1.16446E-08        5672  2.733E-01  3.000E-01
    40599  4.727E-04 4.727E-04  04:21:43 1.16446E-08        5672  2.754E-01  3.000E-01
    40758  4.745E-04 4.745E-04  04:22:24 1.16446E-08        5672  2.774E-01  3.000E-01
    40914  4.763E-04 4.763E-04  04:23:05 1.16446E-08       84324  2.790E-01  3.000E-01
    41074  4.782E-04 4.782E-04  04:23:48 1.16445E-08       84324  2.795E-01  3.000E-01
    41229  4.800E-04 4.800E-04  04:24:29 1.16445E-08       84324  2.786E-01  3.000E-01
    41231  4.800E-04 4.800E-04  04:24:30 1.16445E-08       84324  2.786E-01  3.000E-01
Output Field Frame Number    24, of     25, at step time 4.800E-04
    41382  4.818E-04 4.818E-04  04:25:11 1.16445E-08       84324  2.761E-01  3.000E-01
    41535  4.835E-04 4.835E-04  04:25:52 1.16445E-08       84324  2.720E-01  3.000E-01
    41688  4.853E-04 4.853E-04  04:26:33 1.16446E-08       84324  2.666E-01  3.000E-01
    41842  4.871E-04 4.871E-04  04:27:14 1.16446E-08       84324  2.604E-01  3.000E-01
    41998  4.889E-04 4.889E-04  04:27:55 1.16446E-08       73088  2.540E-01  3.000E-01
    42140  4.906E-04 4.906E-04  04:28:35 1.16446E-08       16908  2.484E-01  3.000E-01
    42291  4.923E-04 4.923E-04  04:29:16 1.16446E-08       16908  2.430E-01  3.000E-01
    42443  4.941E-04 4.941E-04  04:29:57 1.16446E-08       61852  2.389E-01  3.000E-01
    42594  4.959E-04 4.959E-04  04:30:38 1.16446E-08       84324  2.362E-01  3.000E-01
    42746  4.976E-04 4.976E-04  04:31:19 1.16446E-08       84324  2.351E-01  3.000E-01
    42949  5.000E-04 5.000E-04  04:32:10 1.16408E-08        5672  2.354E-01  3.000E-01
Restart Number  1 at 5.00000E-04
Output Field Frame Number    25, of     25, at step time 5.000E-04
  EXPLICIT EXECUTABLE TIME SUMMARY
       USER TIME (SEC)      =   84736.
       SYSTEM TIME (SEC)    =   1550.9
       WALLCLOCK TIME (SEC) =        16333
              INIT (SEC) =          6
              MAIN (SEC) =      16327

  THE ANALYSIS HAS COMPLETED SUCCESSFULLY

