Abaqus/Explicit 2026                             DATE 21-9ÔÂ-2026  TIME 14:02:36
-------------------------------------------------------------------------------
 PREPROCESSOR WARNING MESSAGES
-------------------------------------------------------------------------------


***WARNING: There are 6 warning messages in the data (.dat) file.  Please
            check the data file for possible errors in the input file.


-------------------------------------------------------------------------------
 NUMERICAL PRECISION USED FOR THIS Abaqus/Explicit ANALYSIS
-------------------------------------------------------------------------------

Single precision package and explicit executables will be used in this analysis.

-------------------------------------------------------------------------------
-------------------------------------------------------------------------------
 MODEL INFORMATION (IN GLOBAL X-Y COORDINATES)
-------------------------------------------------------------------------------

   Total mass in model = 3.69676E-02
   Center of mass of model = ( 5.000000E-02, 5.000000E-02, 1.536635E-03)

    Moments of Inertia :
                 About Center of Mass              About Origin
      I(XX)          2.763283E-05                  1.201392E-04
      I(YY)          2.763283E-05                  1.201392E-04
      I(ZZ)          5.504050E-05                  2.398786E-04
      I(XY)         -3.209268E-12                 -9.241906E-05
      I(YZ)         -7.343015E-14                 -2.840287E-06
      I(ZX)         -7.617665E-14                 -2.840287E-06

-------------------------------------------------------------------------------
 STABLE TIME INCREMENT INFORMATION
-------------------------------------------------------------------------------


  The stable time increment estimate for each element is based on
  linearization about the initial state.


   Initial time increment = 1.22410E-08

   Statistics over 89888 deformable elements:
      Mean = 2.26340E-08
      Standard deviation = 3.64392E-09

   Most critical elements:
    Element number   Rank    Time increment   Increment ratio
   ----------------------------------------------------------
       16908          1       1.224104E-08      1.000000E+00
       28144          2       1.224104E-08      1.000000E+00
        5672          3       1.224104E-08      9.999999E-01
       39380          4       1.224104E-08      9.999999E-01
       61852          5       1.224104E-08      9.999999E-01
       73088          6       1.224104E-08      9.999999E-01
       84324          7       1.224104E-08      9.999999E-01
       50616          8       1.224104E-08      9.999999E-01
       16907          9       1.224107E-08      9.999973E-01
       28143         10       1.224107E-08      9.999973E-01

-------------------------------------------------------------------------------

  INFORMATION REGARDING INITIAL CONTACT OVERCLOSURES FOR NEWLY DEFINED GENERAL
  CONTACT INTERACTIONS IN STEP 1

-------------------------------------------------------------------------------

  No initial node-face overclosures found.


  Abaqus/Explicit will attempt to resolve 46 initial edge-edge overclosure(s).


  Maximum initial overclosure for edge-edge contact is 1.20053E-10 between the
  edge defined by nodes 17441 and 17548 and the edge defined by nodes 28997
  and 28890


  No nodal position adjustments have been made.


  No node-face overclosures left unresolved.


  42 edge-edge overclosure(s) left unresolved and will be stored as offsets.
  To help identify the nodes involved in the overclosures a node set
  InfoNodeUnresolvInitOver has been created. Check the message file for more
  detailed information.


  Maximum unresolved overclosure is 1.20053E-10 between the edge defined by
  nodes 17441 and 17548 and the edge defined by nodes 28997 and 28890


  For more detailed information on initial overclosures, use the *DIAGNOSTICS,
  CONTACT=DETAIL command and see the message (.msg) file.


***NOTE: You can view the deformed configuration due to the resolution of
         initial overclosures.  In increment 0, draw the deformed shape or
         draw a symbol plot of vector displacements.

------------------------------------------------------------------------------

Abaqus/Explicit 2026                             DATE 21-9ÔÂ-2026  TIME 14:02:49
The entire model is considered 1 domain.
Only 1 MPI rank is used.

-------------------------------------------------------------------------------
 SOLUTION PROGRESS
-------------------------------------------------------------------------------

 STEP 1  ORIGIN 0.0000

  Total memory used for step 1 is approximately 1.5 gigabytes.
  Global time estimation algorithm will be used.
  Scaling factor:  1.0000
              STEP     TOTAL      WALL        STABLE    CRITICAL    KINETIC      TOTAL
INCREMENT     TIME      TIME      TIME     INCREMENT     ELEMENT     ENERGY     ENERGY
        0  0.000E+00 0.000E+00  00:00:04 1.16459E-08       28144  7.937E-01  7.937E-01
Output Field Frame Number     0, of     25, at step time 0.000E+00
       50  5.818E-07 5.818E-07  00:00:26 1.16374E-08       84218  7.935E-01  7.937E-01
      110  1.280E-06 1.280E-06  00:00:47 1.16390E-08       84323  7.926E-01  7.937E-01
      169  1.966E-06 1.966E-06  00:01:08 1.16401E-08       73087  7.908E-01  7.937E-01
      229  2.665E-06 2.665E-06  00:01:29 1.16399E-08       84323  7.881E-01  7.937E-01
      289  3.363E-06 3.363E-06  00:01:50 1.16410E-08       73087  7.846E-01  7.938E-01
      348  4.050E-06 4.050E-06  00:02:10 1.16423E-08       73087  7.806E-01  7.938E-01
      407  4.737E-06 4.737E-06  00:02:31 1.16426E-08       73087  7.761E-01  7.938E-01
      466  5.424E-06 5.424E-06  00:02:52 1.16428E-08       50616  7.712E-01  7.938E-01
      527  6.134E-06 6.134E-06  00:03:13 1.16435E-08       84323  7.658E-01  7.938E-01
      585  6.809E-06 6.809E-06  00:03:34 1.16433E-08       61746  7.604E-01  7.938E-01
      643  7.485E-06 7.485E-06  00:03:55 1.16436E-08       61746  7.548E-01  7.938E-01
      702  8.172E-06 8.172E-06  00:04:15 1.16438E-08       84324  7.489E-01  7.938E-01
      762  8.870E-06 8.870E-06  00:04:36 1.16438E-08       84324  7.428E-01  7.938E-01
      822  9.569E-06 9.569E-06  00:04:57 1.16441E-08       73088  7.366E-01  7.938E-01
      882  1.027E-05 1.027E-05  00:05:18 1.16441E-08       72982  7.304E-01  7.938E-01
      938  1.092E-05 1.092E-05  00:05:39 1.16441E-08       73088  7.245E-01  7.938E-01
      988  1.150E-05 1.150E-05  00:06:00 1.16443E-08       72982  7.192E-01  7.938E-01
     1047  1.219E-05 1.219E-05  00:06:21 1.16444E-08       73088  7.130E-01  7.938E-01
     1105  1.286E-05 1.286E-05  00:06:41 1.16445E-08       39380  7.069E-01  7.938E-01
     1163  1.354E-05 1.354E-05  00:07:02 1.16445E-08       50616  7.008E-01  7.938E-01
     1222  1.423E-05 1.423E-05  00:07:23 1.16445E-08       84218  6.946E-01  7.938E-01
     1281  1.491E-05 1.491E-05  00:07:43 1.16444E-08       84324  6.884E-01  7.938E-01
     1339  1.559E-05 1.559E-05  00:08:04 1.16445E-08       61852  6.825E-01  7.938E-01
     1396  1.625E-05 1.625E-05  00:08:24 1.16444E-08       61852  6.766E-01  7.938E-01
     1454  1.693E-05 1.693E-05  00:08:45 1.16445E-08       61852  6.707E-01  7.938E-01
     1511  1.759E-05 1.759E-05  00:09:06 1.16446E-08       28144  6.650E-01  7.938E-01
     1568  1.826E-05 1.826E-05  00:09:26 1.16445E-08       73088  6.593E-01  7.938E-01
     1619  1.885E-05 1.885E-05  00:09:47 1.16445E-08       28144  6.542E-01  7.938E-01
     1663  1.936E-05 1.936E-05  00:10:07 1.16446E-08       84323  6.499E-01  7.938E-01
     1718  2.000E-05 2.000E-05  00:10:28 1.16444E-08       50616  6.446E-01  7.938E-01
Output Field Frame Number     1, of     25, at step time 2.000E-05
     1773  2.064E-05 2.064E-05  00:10:48 1.16446E-08       61746  6.394E-01  7.938E-01
     1829  2.130E-05 2.130E-05  00:11:09 1.16446E-08       61852  6.341E-01  7.938E-01
     1887  2.197E-05 2.197E-05  00:11:30 1.16445E-08       61852  6.287E-01  7.938E-01
     1943  2.262E-05 2.262E-05  00:11:50 1.16446E-08       50616  6.235E-01  7.938E-01
     2000  2.329E-05 2.329E-05  00:12:11 1.16446E-08       39380  6.184E-01  7.938E-01
     2056  2.394E-05 2.394E-05  00:12:32 1.16445E-08       73088  6.134E-01  7.938E-01
     2112  2.459E-05 2.459E-05  00:12:52 1.16446E-08       39380  6.085E-01  7.938E-01
     2169  2.525E-05 2.525E-05  00:13:13 1.16446E-08       16908  6.036E-01  7.938E-01
     2225  2.591E-05 2.591E-05  00:13:34 1.16446E-08       73088  5.988E-01  7.938E-01

 STEP 1  ORIGIN 0.0000

              STEP     TOTAL      WALL        STABLE    CRITICAL    KINETIC      TOTAL
INCREMENT     TIME      TIME      TIME     INCREMENT     ELEMENT     ENERGY     ENERGY
     2281  2.656E-05 2.656E-05  00:13:54 1.16445E-08       39380  5.941E-01  7.938E-01
     2336  2.720E-05 2.720E-05  00:14:15 1.16446E-08       50616  5.896E-01  7.938E-01
     2392  2.785E-05 2.785E-05  00:14:35 1.16445E-08       84324  5.851E-01  7.938E-01
     2448  2.850E-05 2.850E-05  00:14:56 1.16446E-08        5672  5.806E-01  7.938E-01
     2502  2.913E-05 2.913E-05  00:15:16 1.16446E-08       73088  5.764E-01  7.938E-01
     2559  2.980E-05 2.980E-05  00:15:37 1.16445E-08       84324  5.720E-01  7.938E-01
     2615  3.045E-05 3.045E-05  00:15:58 1.16446E-08       28144  5.678E-01  7.938E-01
     2672  3.111E-05 3.111E-05  00:16:19 1.16445E-08       84324  5.636E-01  7.938E-01
     2729  3.178E-05 3.178E-05  00:16:40 1.16446E-08       39380  5.596E-01  7.938E-01
     2785  3.243E-05 3.243E-05  00:17:00 1.16446E-08       28144  5.557E-01  7.938E-01
     2840  3.307E-05 3.307E-05  00:17:21 1.16446E-08       50616  5.519E-01  7.938E-01
     2896  3.372E-05 3.372E-05  00:17:42 1.16446E-08       28144  5.479E-01  7.938E-01
     2953  3.438E-05 3.438E-05  00:18:02 1.16446E-08        5672  5.437E-01  7.938E-01
     2999  3.492E-05 3.492E-05  00:18:24 1.16446E-08       16908  5.402E-01  7.938E-01
     3040  3.540E-05 3.540E-05  00:18:45 1.16446E-08        5672  5.371E-01  7.938E-01
     3083  3.590E-05 3.590E-05  00:19:07 1.16446E-08        5672  5.338E-01  7.938E-01
     3127  3.641E-05 3.641E-05  00:19:29 1.16446E-08        5672  5.305E-01  7.938E-01
     3171  3.692E-05 3.692E-05  00:19:50 1.16446E-08        5672  5.273E-01  7.938E-01
     3218  3.747E-05 3.747E-05  00:20:11 1.16446E-08       28144  5.238E-01  7.938E-01
     3270  3.808E-05 3.808E-05  00:20:32 1.16446E-08        5672  5.201E-01  7.938E-01
     3322  3.868E-05 3.868E-05  00:20:53 1.16446E-08        5672  5.165E-01  7.938E-01
     3377  3.932E-05 3.932E-05  00:21:14 1.16446E-08       50616  5.128E-01  7.938E-01
     3432  3.996E-05 3.996E-05  00:21:35 1.16446E-08       28144  5.092E-01  7.938E-01
     3436  4.001E-05 4.001E-05  00:21:36 1.16446E-08        5672  5.090E-01  7.938E-01
Output Field Frame Number     2, of     25, at step time 4.001E-05
     3490  4.064E-05 4.064E-05  00:21:57 1.16446E-08       28144  5.057E-01  7.938E-01
     3544  4.127E-05 4.127E-05  00:22:18 1.16446E-08       84324  5.027E-01  7.938E-01
     3598  4.190E-05 4.190E-05  00:22:38 1.16445E-08        5672  4.999E-01  7.938E-01
     3652  4.252E-05 4.252E-05  00:22:59 1.16446E-08        5672  4.974E-01  7.938E-01
     3706  4.315E-05 4.315E-05  00:23:20 1.16446E-08        5672  4.951E-01  7.938E-01
     3759  4.377E-05 4.377E-05  00:23:41 1.16446E-08        5672  4.931E-01  7.938E-01
     3813  4.440E-05 4.440E-05  00:24:01 1.16446E-08        5672  4.913E-01  7.938E-01
     3867  4.503E-05 4.503E-05  00:24:22 1.16445E-08        5672  4.897E-01  7.938E-01
     3923  4.568E-05 4.568E-05  00:24:43 1.16445E-08        5672  4.882E-01  7.938E-01
     3978  4.632E-05 4.632E-05  00:25:03 1.16446E-08        5672  4.868E-01  7.938E-01
     4033  4.696E-05 4.696E-05  00:25:24 1.16446E-08        5672  4.856E-01  7.938E-01
     4089  4.761E-05 4.761E-05  00:25:45 1.16446E-08        5672  4.844E-01  7.938E-01
     4146  4.828E-05 4.828E-05  00:26:06 1.16446E-08        5672  4.832E-01  7.938E-01
     4202  4.893E-05 4.893E-05  00:26:26 1.16445E-08        5672  4.821E-01  7.938E-01
     4259  4.959E-05 4.959E-05  00:26:47 1.16446E-08        5672  4.810E-01  7.938E-01
     4311  5.020E-05 5.020E-05  00:27:08 1.16445E-08        5672  4.800E-01  7.938E-01

 STEP 1  ORIGIN 0.0000

              STEP     TOTAL      WALL        STABLE    CRITICAL    KINETIC      TOTAL
INCREMENT     TIME      TIME      TIME     INCREMENT     ELEMENT     ENERGY     ENERGY
     4357  5.073E-05 5.073E-05  00:27:28 1.16446E-08        5672  4.790E-01  7.938E-01
     4412  5.137E-05 5.137E-05  00:27:48 1.16446E-08        5672  4.779E-01  7.938E-01
     4468  5.203E-05 5.203E-05  00:28:09 1.16445E-08        5672  4.767E-01  7.938E-01
     4524  5.268E-05 5.268E-05  00:28:30 1.16445E-08        5672  4.755E-01  7.938E-01
     4580  5.333E-05 5.333E-05  00:28:50 1.16445E-08        5672  4.742E-01  7.938E-01
     4636  5.398E-05 5.398E-05  00:29:11 1.16446E-08        5672  4.728E-01  7.938E-01
     4692  5.464E-05 5.464E-05  00:29:32 1.16446E-08        5672  4.715E-01  7.938E-01
     4748  5.529E-05 5.529E-05  00:29:52 1.16445E-08        5672  4.703E-01  7.938E-01
     4803  5.593E-05 5.593E-05  00:30:13 1.16446E-08        5672  4.691E-01  7.938E-01
     4859  5.658E-05 5.658E-05  00:30:34 1.16445E-08        5672  4.680E-01  7.938E-01
     4914  5.722E-05 5.722E-05  00:30:55 1.16446E-08        5672  4.669E-01  7.938E-01
     4970  5.787E-05 5.787E-05  00:31:16 1.16445E-08        5672  4.658E-01  7.938E-01
     5025  5.851E-05 5.851E-05  00:31:36 1.16446E-08        5672  4.647E-01  7.938E-01
     5080  5.915E-05 5.915E-05  00:31:57 1.16445E-08        5672  4.636E-01  7.938E-01
     5121  5.963E-05 5.963E-05  00:32:17 1.16445E-08        5672  4.627E-01  7.938E-01
     5153  6.000E-05 6.000E-05  00:32:29 1.16446E-08        5672  4.619E-01  7.938E-01
Output Field Frame Number     3, of     25, at step time 6.000E-05
     5202  6.057E-05 6.057E-05  00:32:51 1.16446E-08        5672  4.607E-01  7.938E-01
     5246  6.109E-05 6.109E-05  00:33:12 1.16445E-08        5672  4.596E-01  7.938E-01
     5290  6.160E-05 6.160E-05  00:33:34 1.16445E-08        5672  4.584E-01  7.938E-01
     5335  6.212E-05 6.212E-05  00:33:55 1.16445E-08        5672  4.570E-01  7.938E-01
     5385  6.270E-05 6.270E-05  00:34:15 1.16445E-08        5672  4.554E-01  7.938E-01
     5435  6.329E-05 6.329E-05  00:34:35 1.16446E-08       16908  4.537E-01  7.938E-01
     5489  6.392E-05 6.392E-05  00:34:56 1.16445E-08       73088  4.518E-01  7.938E-01
     5543  6.454E-05 6.454E-05  00:35:16 1.16445E-08       61852  4.499E-01  7.938E-01
     5596  6.516E-05 6.516E-05  00:35:37 1.16444E-08       84324  4.479E-01  7.938E-01
     5650  6.579E-05 6.579E-05  00:35:58 1.16444E-08       84324  4.459E-01  7.938E-01
     5704  6.642E-05 6.642E-05  00:36:18 1.16443E-08       84324  4.439E-01  7.938E-01
     5758  6.705E-05 6.705E-05  00:36:39 1.16444E-08       73088  4.419E-01  7.938E-01
     5812  6.768E-05 6.768E-05  00:37:00 1.16445E-08       84324  4.399E-01  7.938E-01
     5865  6.829E-05 6.829E-05  00:37:20 1.16446E-08       61852  4.379E-01  7.938E-01
     5920  6.893E-05 6.893E-05  00:37:41 1.16446E-08       50616  4.358E-01  7.938E-01
     5973  6.955E-05 6.955E-05  00:38:02 1.16446E-08       73088  4.336E-01  7.938E-01
     6025  7.016E-05 7.016E-05  00:38:23 1.16446E-08       84324  4.314E-01  7.938E-01
     6078  7.077E-05 7.077E-05  00:38:43 1.16446E-08        5672  4.290E-01  7.938E-01
     6131  7.139E-05 7.139E-05  00:39:04 1.16446E-08        5672  4.265E-01  7.938E-01
     6182  7.198E-05 7.198E-05  00:39:25 1.16446E-08       28144  4.239E-01  7.938E-01
     6232  7.257E-05 7.257E-05  00:39:45 1.16446E-08       28144  4.211E-01  7.938E-01
     6277  7.309E-05 7.309E-05  00:40:06 1.16446E-08        5672  4.186E-01  7.938E-01
     6322  7.361E-05 7.361E-05  00:40:26 1.16445E-08        5672  4.159E-01  7.938E-01
     6375  7.423E-05 7.423E-05  00:40:47 1.16446E-08        5672  4.126E-01  7.938E-01

 STEP 1  ORIGIN 0.0000

              STEP     TOTAL      WALL        STABLE    CRITICAL    KINETIC      TOTAL
INCREMENT     TIME      TIME      TIME     INCREMENT     ELEMENT     ENERGY     ENERGY
     6430  7.487E-05 7.487E-05  00:41:08 1.16445E-08        5672  4.090E-01  7.938E-01
     6479  7.544E-05 7.544E-05  00:41:28 1.16445E-08        5672  4.058E-01  7.938E-01
     6529  7.602E-05 7.602E-05  00:41:49 1.16445E-08        5672  4.023E-01  7.938E-01
     6569  7.649E-05 7.649E-05  00:42:09 1.16445E-08        5672  3.995E-01  7.938E-01
     6610  7.697E-05 7.697E-05  00:42:29 1.16445E-08        5672  3.966E-01  7.938E-01
     6652  7.745E-05 7.745E-05  00:42:49 1.16444E-08        5672  3.935E-01  7.938E-01
     6694  7.794E-05 7.794E-05  00:43:10 1.16445E-08        5672  3.902E-01  7.938E-01
     6743  7.851E-05 7.851E-05  00:43:30 1.16444E-08        5672  3.863E-01  7.938E-01
     6788  7.904E-05 7.904E-05  00:43:51 1.16444E-08        5672  3.826E-01  7.938E-01
     6839  7.963E-05 7.963E-05  00:44:11 1.16444E-08        5672  3.781E-01  7.938E-01
     6871  8.000E-05 8.000E-05  00:44:23 1.16444E-08        5672  3.752E-01  7.938E-01
Output Field Frame Number     4, of     25, at step time 8.000E-05
     6925  8.063E-05 8.063E-05  00:44:44 1.16444E-08        5672  3.701E-01  7.938E-01
     6979  8.126E-05 8.126E-05  00:45:04 1.16444E-08        5672  3.649E-01  7.938E-01
     7034  8.190E-05 8.190E-05  00:45:25 1.16444E-08        5672  3.595E-01  7.938E-01
     7086  8.251E-05 8.251E-05  00:45:46 1.16444E-08        5672  3.544E-01  7.938E-01
     7142  8.316E-05 8.316E-05  00:46:07 1.16444E-08        5672  3.488E-01  7.938E-01
     7181  8.361E-05 8.361E-05  00:46:28 1.16444E-08        5672  3.449E-01  7.938E-01
     7221  8.408E-05 8.408E-05  00:46:48 1.16444E-08        5672  3.409E-01  7.938E-01
     7262  8.456E-05 8.456E-05  00:47:09 1.16444E-08        5672  3.367E-01  7.938E-01
     7303  8.503E-05 8.503E-05  00:47:29 1.16444E-08        5672  3.325E-01  7.938E-01
     7344  8.551E-05 8.551E-05  00:47:49 1.16444E-08        5672  3.283E-01  7.938E-01
     7385  8.599E-05 8.599E-05  00:48:10 1.16444E-08        5672  3.241E-01  7.938E-01
     7427  8.648E-05 8.648E-05  00:48:30 1.16444E-08        5672  3.197E-01  7.938E-01
     7468  8.695E-05 8.695E-05  00:48:51 1.16444E-08        5672  3.155E-01  7.938E-01
     7508  8.742E-05 8.742E-05  00:49:11 1.16444E-08        5672  3.113E-01  7.938E-01
     7549  8.790E-05 8.790E-05  00:49:32 1.16444E-08        5672  3.071E-01  7.938E-01
     7590  8.837E-05 8.837E-05  00:49:52 1.16445E-08        5672  3.029E-01  7.938E-01
     7631  8.885E-05 8.885E-05  00:50:13 1.16444E-08        5672  2.987E-01  7.938E-01
     7672  8.933E-05 8.933E-05  00:50:33 1.16444E-08        5672  2.945E-01  7.938E-01
     7712  8.979E-05 8.979E-05  00:50:53 1.16445E-08        5672  2.905E-01  7.938E-01
     7753  9.027E-05 9.027E-05  00:51:14 1.16445E-08        5672  2.865E-01  7.938E-01
     7793  9.074E-05 9.074E-05  00:51:35 1.16445E-08        5672  2.826E-01  7.938E-01
     7833  9.120E-05 9.120E-05  00:51:55 1.16445E-08        5672  2.788E-01  7.938E-01
     7873  9.167E-05 9.167E-05  00:52:15 1.16445E-08        5672  2.751E-01  7.938E-01
     7913  9.213E-05 9.213E-05  00:52:36 1.16445E-08        5672  2.714E-01  7.938E-01
     7953  9.260E-05 9.260E-05  00:52:56 1.16445E-08        5672  2.678E-01  7.938E-01
     7994  9.308E-05 9.308E-05  00:53:17 1.16445E-08        5672  2.642E-01  7.938E-01
     8036  9.357E-05 9.357E-05  00:53:37 1.16445E-08        5672  2.606E-01  7.938E-01
     8078  9.406E-05 9.406E-05  00:53:57 1.16445E-08        5672  2.572E-01  7.938E-01
     8120  9.454E-05 9.454E-05  00:54:18 1.16445E-08        5672  2.538E-01  7.938E-01

 STEP 1  ORIGIN 0.0000

              STEP     TOTAL      WALL        STABLE    CRITICAL    KINETIC      TOTAL
INCREMENT     TIME      TIME      TIME     INCREMENT     ELEMENT     ENERGY     ENERGY
     8162  9.503E-05 9.503E-05  00:54:38 1.16445E-08        5672  2.506E-01  7.938E-01
     8204  9.552E-05 9.552E-05  00:54:59 1.16445E-08        5672  2.474E-01  7.938E-01
     8245  9.600E-05 9.600E-05  00:55:19 1.16445E-08        5672  2.444E-01  7.938E-01
     8286  9.648E-05 9.648E-05  00:55:40 1.16445E-08        5672  2.416E-01  7.938E-01
     8327  9.695E-05 9.695E-05  00:56:00 1.16445E-08        5672  2.388E-01  7.938E-01
     8369  9.744E-05 9.744E-05  00:56:21 1.16445E-08        5672  2.361E-01  7.938E-01
     8410  9.792E-05 9.792E-05  00:56:41 1.16445E-08        5672  2.335E-01  7.938E-01
     8451  9.840E-05 9.840E-05  00:57:02 1.16445E-08        5672  2.311E-01  7.938E-01
     8492  9.888E-05 9.888E-05  00:57:22 1.16445E-08        5672  2.288E-01  7.938E-01
     8533  9.935E-05 9.935E-05  00:57:43 1.16446E-08        5672  2.267E-01  7.938E-01
     8574  9.983E-05 9.983E-05  00:58:03 1.16446E-08        5672  2.247E-01  7.938E-01
     8589  1.000E-04 1.000E-04  00:58:11 1.16446E-08        5672  2.240E-01  7.938E-01
Output Field Frame Number     5, of     25, at step time 1.000E-04
     8629  1.005E-04 1.005E-04  00:58:31 1.16446E-08        5672  2.222E-01  7.938E-01
     8671  1.010E-04 1.010E-04  00:58:52 1.16446E-08        5672  2.205E-01  7.938E-01
     8711  1.014E-04 1.014E-04  00:59:12 1.16445E-08       84324  2.190E-01  7.938E-01
     8752  1.019E-04 1.019E-04  00:59:32 1.16445E-08       84324  2.176E-01  7.938E-01
     8793  1.024E-04 1.024E-04  00:59:53 1.16445E-08       84324  2.164E-01  7.938E-01
     8833  1.028E-04 1.028E-04  01:00:13 1.16443E-08       84324  2.153E-01  7.938E-01
     8874  1.033E-04 1.033E-04  01:00:34 1.16444E-08       84218  2.143E-01  7.938E-01
     8914  1.038E-04 1.038E-04  01:00:54 1.16444E-08       84324  2.134E-01  7.938E-01
     8954  1.043E-04 1.043E-04  01:01:14 1.16444E-08       84323  2.126E-01  7.938E-01
     8994  1.047E-04 1.047E-04  01:01:35 1.16445E-08       84324  2.118E-01  7.938E-01
     9032  1.052E-04 1.052E-04  01:01:55 1.16445E-08       84324  2.111E-01  7.938E-01
     9071  1.056E-04 1.056E-04  01:02:16 1.16445E-08        5672  2.103E-01  7.938E-01
     9110  1.061E-04 1.061E-04  01:02:36 1.16446E-08        5672  2.095E-01  7.938E-01
     9149  1.065E-04 1.065E-04  01:02:57 1.16446E-08        5672  2.087E-01  7.938E-01
     9188  1.070E-04 1.070E-04  01:03:17 1.16446E-08        5672  2.080E-01  7.938E-01
     9228  1.074E-04 1.074E-04  01:03:38 1.16446E-08       28144  2.071E-01  7.938E-01
     9268  1.079E-04 1.079E-04  01:03:58 1.16446E-08        5672  2.063E-01  7.938E-01
     9308  1.084E-04 1.084E-04  01:04:19 1.16446E-08        5672  2.054E-01  7.938E-01
     9350  1.089E-04 1.089E-04  01:04:39 1.16446E-08        5672  2.044E-01  7.938E-01
     9391  1.093E-04 1.093E-04  01:04:59 1.16446E-08        5672  2.034E-01  7.938E-01
     9433  1.098E-04 1.098E-04  01:05:20 1.16446E-08        5672  2.024E-01  7.938E-01
     9475  1.103E-04 1.103E-04  01:05:40 1.16446E-08        5672  2.013E-01  7.938E-01
     9516  1.108E-04 1.108E-04  01:06:00 1.16446E-08        5672  2.001E-01  7.938E-01
     9556  1.113E-04 1.113E-04  01:06:21 1.16446E-08       28144  1.990E-01  7.938E-01
     9596  1.117E-04 1.117E-04  01:06:41 1.16446E-08        5672  1.978E-01  7.938E-01
     9637  1.122E-04 1.122E-04  01:07:02 1.16446E-08       28144  1.965E-01  7.938E-01
     9680  1.127E-04 1.127E-04  01:07:22 1.16446E-08       28144  1.953E-01  7.938E-01
     9722  1.132E-04 1.132E-04  01:07:43 1.16446E-08       28144  1.941E-01  7.938E-01

 STEP 1  ORIGIN 0.0000

              STEP     TOTAL      WALL        STABLE    CRITICAL    KINETIC      TOTAL
INCREMENT     TIME      TIME      TIME     INCREMENT     ELEMENT     ENERGY     ENERGY
     9764  1.137E-04 1.137E-04  01:08:03 1.16446E-08       84324  1.930E-01  7.938E-01
     9806  1.142E-04 1.142E-04  01:08:24 1.16446E-08       73088  1.921E-01  7.938E-01
     9848  1.147E-04 1.147E-04  01:08:44 1.16446E-08       50616  1.912E-01  7.938E-01
     9890  1.152E-04 1.152E-04  01:09:04 1.16445E-08       84324  1.905E-01  7.938E-01
     9931  1.156E-04 1.156E-04  01:09:25 1.16445E-08       84324  1.900E-01  7.938E-01
     9972  1.161E-04 1.161E-04  01:09:45 1.16445E-08       84324  1.896E-01  7.938E-01
    10013  1.166E-04 1.166E-04  01:10:05 1.16445E-08       84324  1.892E-01  7.938E-01
    10056  1.171E-04 1.171E-04  01:10:26 1.16445E-08       84324  1.890E-01  7.938E-01
    10099  1.176E-04 1.176E-04  01:10:47 1.16444E-08       84324  1.889E-01  7.938E-01
    10141  1.181E-04 1.181E-04  01:11:07 1.16443E-08       84324  1.889E-01  7.938E-01
    10184  1.186E-04 1.186E-04  01:11:27 1.16443E-08       84324  1.890E-01  7.938E-01
    10228  1.191E-04 1.191E-04  01:11:48 1.16442E-08       84324  1.892E-01  7.938E-01
    10270  1.196E-04 1.196E-04  01:12:08 1.16443E-08       84324  1.895E-01  7.938E-01
    10307  1.200E-04 1.200E-04  01:12:26 1.16444E-08       84324  1.899E-01  7.938E-01
Output Field Frame Number     6, of     25, at step time 1.200E-04
    10347  1.205E-04 1.205E-04  01:12:47 1.16444E-08       84324  1.904E-01  7.938E-01
    10388  1.209E-04 1.209E-04  01:13:07 1.16444E-08       73088  1.909E-01  7.938E-01
    10430  1.214E-04 1.214E-04  01:13:28 1.16443E-08       84324  1.916E-01  7.938E-01
    10472  1.219E-04 1.219E-04  01:13:48 1.16443E-08       84324  1.924E-01  7.938E-01
    10516  1.224E-04 1.224E-04  01:14:08 1.16442E-08       84324  1.933E-01  7.938E-01
    10559  1.229E-04 1.229E-04  01:14:29 1.16440E-08       84324  1.943E-01  7.938E-01
    10602  1.234E-04 1.234E-04  01:14:49 1.16441E-08       84324  1.954E-01  7.938E-01
    10645  1.239E-04 1.239E-04  01:15:09 1.16442E-08       84324  1.966E-01  7.938E-01
    10688  1.244E-04 1.244E-04  01:15:30 1.16443E-08       84324  1.979E-01  7.938E-01
    10730  1.249E-04 1.249E-04  01:15:50 1.16444E-08       73088  1.993E-01  7.938E-01
    10774  1.254E-04 1.254E-04  01:16:11 1.16444E-08       73088  2.007E-01  7.938E-01
    10817  1.259E-04 1.259E-04  01:16:31 1.16444E-08       73088  2.023E-01  7.938E-01
    10860  1.264E-04 1.264E-04  01:16:52 1.16444E-08       73088  2.039E-01  7.938E-01
    10903  1.269E-04 1.269E-04  01:17:12 1.16444E-08       73088  2.055E-01  7.938E-01
    10946  1.274E-04 1.274E-04  01:17:33 1.16444E-08       84324  2.073E-01  7.938E-01
    10989  1.279E-04 1.279E-04  01:17:53 1.16444E-08       84324  2.091E-01  7.938E-01
    11033  1.285E-04 1.285E-04  01:18:13 1.16445E-08       73088  2.110E-01  7.938E-01
    11077  1.290E-04 1.290E-04  01:18:34 1.16445E-08       73088  2.130E-01  7.938E-01
    11121  1.295E-04 1.295E-04  01:18:54 1.16446E-08       84324  2.150E-01  7.938E-01
    11165  1.300E-04 1.300E-04  01:19:15 1.16446E-08       84218  2.169E-01  7.938E-01
    11208  1.305E-04 1.305E-04  01:19:35 1.16446E-08       73088  2.187E-01  7.938E-01
    11251  1.310E-04 1.310E-04  01:19:55 1.16446E-08       73088  2.205E-01  7.938E-01
    11296  1.315E-04 1.315E-04  01:20:16 1.16446E-08       73088  2.222E-01  7.938E-01
    11339  1.320E-04 1.320E-04  01:20:36 1.16445E-08       73088  2.237E-01  7.938E-01
    11384  1.325E-04 1.325E-04  01:20:56 1.16445E-08       84324  2.251E-01  7.938E-01
    11427  1.330E-04 1.330E-04  01:21:17 1.16445E-08       84324  2.263E-01  7.938E-01

 STEP 1  ORIGIN 0.0000

              STEP     TOTAL      WALL        STABLE    CRITICAL    KINETIC      TOTAL
INCREMENT     TIME      TIME      TIME     INCREMENT     ELEMENT     ENERGY     ENERGY
    11471  1.336E-04 1.336E-04  01:21:37 1.16445E-08       73088  2.274E-01  7.938E-01
    11515  1.341E-04 1.341E-04  01:21:57 1.16445E-08       73088  2.284E-01  7.938E-01
    11560  1.346E-04 1.346E-04  01:22:18 1.16445E-08       73088  2.292E-01  7.938E-01
    11604  1.351E-04 1.351E-04  01:22:39 1.16445E-08       84324  2.299E-01  7.938E-01
    11648  1.356E-04 1.356E-04  01:22:59 1.16444E-08       84324  2.303E-01  7.938E-01
    11697  1.362E-04 1.362E-04  01:23:20 1.16444E-08       84324  2.306E-01  7.938E-01
    11737  1.367E-04 1.367E-04  01:23:40 1.16444E-08       84324  2.306E-01  7.938E-01
    11777  1.371E-04 1.371E-04  01:24:01 1.16444E-08       84324  2.305E-01  7.938E-01
    11818  1.376E-04 1.376E-04  01:24:21 1.16444E-08       73088  2.302E-01  7.938E-01
    11860  1.381E-04 1.381E-04  01:24:42 1.16443E-08       73088  2.297E-01  7.938E-01
    11902  1.386E-04 1.386E-04  01:25:02 1.16442E-08       84324  2.290E-01  7.938E-01
    11944  1.391E-04 1.391E-04  01:25:22 1.16442E-08       84324  2.282E-01  7.938E-01
    11997  1.397E-04 1.397E-04  01:25:43 1.16442E-08       73088  2.268E-01  7.938E-01
    12025  1.400E-04 1.400E-04  01:25:53 1.16442E-08       84324  2.259E-01  7.938E-01
Output Field Frame Number     7, of     25, at step time 1.400E-04
    12081  1.407E-04 1.407E-04  01:26:14 1.16442E-08       84324  2.239E-01  7.938E-01
    12137  1.413E-04 1.413E-04  01:26:35 1.16441E-08       73087  2.215E-01  7.938E-01
    12193  1.420E-04 1.420E-04  01:26:56 1.16434E-08       84323  2.188E-01  7.938E-01
    12250  1.426E-04 1.426E-04  01:27:16 1.16436E-08       84323  2.158E-01  7.938E-01
    12309  1.433E-04 1.433E-04  01:27:37 1.16436E-08       84218  2.123E-01  7.938E-01
    12365  1.440E-04 1.440E-04  01:27:58 1.16441E-08       84323  2.088E-01  7.938E-01
    12413  1.445E-04 1.445E-04  01:28:19 1.16442E-08       73088  2.056E-01  7.938E-01
    12463  1.451E-04 1.451E-04  01:28:41 1.16439E-08       84218  2.022E-01  7.938E-01
    12503  1.456E-04 1.456E-04  01:29:01 1.16442E-08       84323  1.995E-01  7.938E-01
    12541  1.460E-04 1.460E-04  01:29:22 1.16442E-08       84324  1.968E-01  7.938E-01
    12580  1.465E-04 1.465E-04  01:29:42 1.16443E-08       73088  1.940E-01  7.938E-01
    12619  1.469E-04 1.469E-04  01:30:02 1.16442E-08       84324  1.911E-01  7.938E-01
    12659  1.474E-04 1.474E-04  01:30:23 1.16441E-08       84324  1.882E-01  7.938E-01
    12697  1.478E-04 1.478E-04  01:30:44 1.16441E-08       84323  1.853E-01  7.938E-01
    12735  1.483E-04 1.483E-04  01:31:04 1.16443E-08       84218  1.824E-01  7.938E-01
    12773  1.487E-04 1.487E-04  01:31:24 1.16443E-08       84324  1.795E-01  7.938E-01
    12811  1.492E-04 1.492E-04  01:31:45 1.16444E-08       73087  1.766E-01  7.938E-01
    12850  1.496E-04 1.496E-04  01:32:05 1.16443E-08       73087  1.735E-01  7.938E-01
    12888  1.501E-04 1.501E-04  01:32:25 1.16443E-08       73088  1.706E-01  7.938E-01
    12926  1.505E-04 1.505E-04  01:32:46 1.16442E-08       84323  1.676E-01  7.938E-01
    12965  1.509E-04 1.509E-04  01:33:06 1.16443E-08       84218  1.646E-01  7.938E-01
    13004  1.514E-04 1.514E-04  01:33:27 1.16444E-08       73088  1.616E-01  7.938E-01
    13044  1.519E-04 1.519E-04  01:33:47 1.16439E-08       84217  1.585E-01  7.938E-01
    13088  1.524E-04 1.524E-04  01:34:08 1.16436E-08       84323  1.551E-01  7.938E-01
    13128  1.528E-04 1.528E-04  01:34:28 1.16439E-08       84324  1.521E-01  7.938E-01
    13168  1.533E-04 1.533E-04  01:34:48 1.16440E-08       84324  1.491E-01  7.938E-01

 STEP 1  ORIGIN 0.0000

              STEP     TOTAL      WALL        STABLE    CRITICAL    KINETIC      TOTAL
INCREMENT     TIME      TIME      TIME     INCREMENT     ELEMENT     ENERGY     ENERGY
    13209  1.538E-04 1.538E-04  01:35:09 1.16442E-08       72982  1.459E-01  7.938E-01
    13251  1.543E-04 1.543E-04  01:35:29 1.16439E-08       84324  1.427E-01  7.938E-01
    13292  1.548E-04 1.548E-04  01:35:50 1.16437E-08       84324  1.395E-01  7.938E-01
    13335  1.553E-04 1.553E-04  01:36:10 1.16443E-08       73088  1.362E-01  7.938E-01
    13387  1.559E-04 1.559E-04  01:36:31 1.16441E-08       84324  1.321E-01  7.938E-01
    13443  1.565E-04 1.565E-04  01:36:52 1.16440E-08       84324  1.277E-01  7.938E-01
    13499  1.572E-04 1.572E-04  01:37:13 1.16440E-08       84324  1.233E-01  7.938E-01
    13554  1.578E-04 1.578E-04  01:37:34 1.16439E-08       84324  1.190E-01  7.938E-01
    13609  1.584E-04 1.584E-04  01:37:54 1.16442E-08       73087  1.147E-01  7.938E-01
    13664  1.591E-04 1.591E-04  01:38:15 1.16442E-08       84324  1.106E-01  7.938E-01
    13720  1.597E-04 1.597E-04  01:38:36 1.16444E-08       84324  1.065E-01  7.938E-01
    13743  1.600E-04 1.600E-04  01:38:44 1.16444E-08       73088  1.049E-01  7.938E-01
Output Field Frame Number     8, of     25, at step time 1.600E-04
    13799  1.607E-04 1.607E-04  01:39:05 1.16445E-08       73087  1.010E-01  7.938E-01
    13856  1.613E-04 1.613E-04  01:39:26 1.16442E-08       84324  9.723E-02  7.938E-01
    13913  1.620E-04 1.620E-04  01:39:46 1.16445E-08       84218  9.359E-02  7.938E-01
    13968  1.626E-04 1.626E-04  01:40:07 1.16446E-08       73087  9.021E-02  7.938E-01
    14024  1.633E-04 1.633E-04  01:40:27 1.16446E-08       61852  8.694E-02  7.938E-01
    14081  1.639E-04 1.639E-04  01:40:48 1.16446E-08       50616  8.381E-02  7.938E-01
    14137  1.646E-04 1.646E-04  01:41:09 1.16446E-08       73088  8.100E-02  7.938E-01
    14190  1.652E-04 1.652E-04  01:41:30 1.16446E-08       28144  7.860E-02  7.938E-01
    14242  1.658E-04 1.658E-04  01:41:51 1.16446E-08       50616  7.648E-02  7.938E-01
    14295  1.664E-04 1.664E-04  01:42:11 1.16446E-08       16908  7.454E-02  7.938E-01
    14347  1.670E-04 1.670E-04  01:42:32 1.16446E-08       16908  7.283E-02  7.938E-01
    14401  1.677E-04 1.677E-04  01:42:53 1.16446E-08       28144  7.123E-02  7.938E-01
    14452  1.683E-04 1.683E-04  01:43:13 1.16446E-08       16908  6.989E-02  7.938E-01
    14503  1.689E-04 1.689E-04  01:43:34 1.16446E-08       16908  6.876E-02  7.938E-01
    14554  1.694E-04 1.694E-04  01:43:55 1.16446E-08       84218  6.787E-02  7.938E-01
    14606  1.701E-04 1.701E-04  01:44:15 1.16446E-08       16908  6.724E-02  7.938E-01
    14657  1.706E-04 1.706E-04  01:44:36 1.16446E-08       16908  6.693E-02  7.938E-01
    14710  1.713E-04 1.713E-04  01:44:57 1.16446E-08       28144  6.691E-02  7.938E-01
    14762  1.719E-04 1.719E-04  01:45:17 1.16446E-08        5672  6.718E-02  7.938E-01
    14813  1.725E-04 1.725E-04  01:45:38 1.16446E-08        5672  6.770E-02  7.938E-01
    14864  1.731E-04 1.731E-04  01:45:59 1.16446E-08       16908  6.846E-02  7.938E-01
    14915  1.736E-04 1.736E-04  01:46:20 1.16446E-08        5672  6.946E-02  7.938E-01
    14970  1.743E-04 1.743E-04  01:46:40 1.16446E-08        5672  7.079E-02  7.938E-01
    15024  1.749E-04 1.749E-04  01:47:01 1.16445E-08        5672  7.232E-02  7.938E-01
    15077  1.755E-04 1.755E-04  01:47:22 1.16445E-08        5672  7.405E-02  7.938E-01
    15131  1.762E-04 1.762E-04  01:47:43 1.16445E-08        5672  7.603E-02  7.938E-01
    15185  1.768E-04 1.768E-04  01:48:03 1.16445E-08        5672  7.824E-02  7.938E-01
    15240  1.774E-04 1.774E-04  01:48:24 1.16445E-08        5672  8.071E-02  7.938E-01

 STEP 1  ORIGIN 0.0000

              STEP     TOTAL      WALL        STABLE    CRITICAL    KINETIC      TOTAL
INCREMENT     TIME      TIME      TIME     INCREMENT     ELEMENT     ENERGY     ENERGY
    15294  1.781E-04 1.781E-04  01:48:45 1.16445E-08        5672  8.336E-02  7.938E-01
    15348  1.787E-04 1.787E-04  01:49:05 1.16445E-08        5672  8.623E-02  7.938E-01
    15403  1.793E-04 1.793E-04  01:49:26 1.16445E-08        5672  8.937E-02  7.938E-01
    15458  1.800E-04 1.800E-04  01:49:47 1.16445E-08        5672  9.272E-02  7.938E-01
    15461  1.800E-04 1.800E-04  01:49:48 1.16445E-08        5672  9.291E-02  7.938E-01
Output Field Frame Number     9, of     25, at step time 1.800E-04
    15515  1.806E-04 1.806E-04  01:50:09 1.16445E-08        5672  9.637E-02  7.938E-01
    15570  1.813E-04 1.813E-04  01:50:30 1.16444E-08        5672  1.000E-01  7.938E-01
    15624  1.819E-04 1.819E-04  01:50:50 1.16445E-08        5672  1.037E-01  7.938E-01
    15678  1.825E-04 1.825E-04  01:51:11 1.16444E-08        5672  1.074E-01  7.938E-01
    15731  1.831E-04 1.831E-04  01:51:32 1.16444E-08        5672  1.111E-01  7.938E-01
    15785  1.838E-04 1.838E-04  01:51:52 1.16445E-08        5672  1.148E-01  7.938E-01
    15839  1.844E-04 1.844E-04  01:52:13 1.16444E-08        5672  1.187E-01  7.938E-01
    15895  1.851E-04 1.851E-04  01:52:33 1.16444E-08        5672  1.227E-01  7.938E-01
    15953  1.857E-04 1.857E-04  01:52:54 1.16444E-08        5672  1.270E-01  7.938E-01
    16012  1.864E-04 1.864E-04  01:53:15 1.16444E-08        5672  1.314E-01  7.938E-01
    16071  1.871E-04 1.871E-04  01:53:36 1.16444E-08        5672  1.361E-01  7.938E-01
    16129  1.878E-04 1.878E-04  01:53:57 1.16444E-08        5672  1.407E-01  7.938E-01
    16187  1.885E-04 1.885E-04  01:54:17 1.16444E-08        5672  1.455E-01  7.938E-01
    16245  1.891E-04 1.891E-04  01:54:38 1.16444E-08        5672  1.504E-01  7.938E-01
    16302  1.898E-04 1.898E-04  01:54:58 1.16444E-08        5672  1.554E-01  7.938E-01
    16360  1.905E-04 1.905E-04  01:55:19 1.16444E-08        5672  1.606E-01  7.938E-01
    16409  1.910E-04 1.910E-04  01:55:40 1.16444E-08        5672  1.651E-01  7.938E-01
    16454  1.916E-04 1.916E-04  01:56:02 1.16444E-08        5672  1.694E-01  7.938E-01
    16498  1.921E-04 1.921E-04  01:56:24 1.16444E-08        5672  1.737E-01  7.938E-01
    16545  1.926E-04 1.926E-04  01:56:44 1.16444E-08        5672  1.783E-01  7.938E-01
    16602  1.933E-04 1.933E-04  01:57:05 1.16444E-08        5672  1.841E-01  7.938E-01
    16658  1.939E-04 1.939E-04  01:57:26 1.16444E-08        5672  1.899E-01  7.938E-01
    16715  1.946E-04 1.946E-04  01:57:46 1.16444E-08        5672  1.959E-01  7.938E-01
    16771  1.953E-04 1.953E-04  01:58:07 1.16444E-08        5672  2.019E-01  7.938E-01
    16827  1.959E-04 1.959E-04  01:58:27 1.16444E-08        5672  2.080E-01  7.938E-01
    16885  1.966E-04 1.966E-04  01:58:48 1.16444E-08        5672  2.144E-01  7.938E-01
    16929  1.971E-04 1.971E-04  01:59:10 1.16444E-08        5672  2.194E-01  7.938E-01
    16969  1.976E-04 1.976E-04  01:59:30 1.16444E-08        5672  2.241E-01  7.938E-01
    17011  1.980E-04 1.980E-04  01:59:50 1.16444E-08        5672  2.290E-01  7.938E-01
    17053  1.985E-04 1.985E-04  02:00:10 1.16444E-08        5672  2.339E-01  7.938E-01
    17094  1.990E-04 1.990E-04  02:00:31 1.16444E-08        5672  2.388E-01  7.938E-01
    17134  1.995E-04 1.995E-04  02:00:51 1.16444E-08        5672  2.435E-01  7.938E-01
    17175  2.000E-04 2.000E-04  02:01:11 1.16444E-08        5672  2.484E-01  7.938E-01
    17179  2.000E-04 2.000E-04  02:01:13 1.16444E-08        5672  2.488E-01  7.938E-01
Output Field Frame Number    10, of     25, at step time 2.000E-04
    17219  2.005E-04 2.005E-04  02:01:34 1.16443E-08        5672  2.535E-01  7.938E-01

 STEP 1  ORIGIN 0.0000

              STEP     TOTAL      WALL        STABLE    CRITICAL    KINETIC      TOTAL
INCREMENT     TIME      TIME      TIME     INCREMENT     ELEMENT     ENERGY     ENERGY
    17260  2.009E-04 2.009E-04  02:01:54 1.16444E-08        5672  2.584E-01  7.938E-01
    17301  2.014E-04 2.014E-04  02:02:15 1.16444E-08        5672  2.632E-01  7.938E-01
    17342  2.019E-04 2.019E-04  02:02:35 1.16445E-08        5672  2.680E-01  7.938E-01
    17383  2.024E-04 2.024E-04  02:02:56 1.16444E-08        5672  2.727E-01  7.938E-01
    17424  2.029E-04 2.029E-04  02:03:16 1.16444E-08        5672  2.775E-01  7.938E-01
    17464  2.033E-04 2.033E-04  02:03:37 1.16444E-08        5672  2.822E-01  7.938E-01
    17506  2.038E-04 2.038E-04  02:03:57 1.16444E-08        5672  2.870E-01  7.938E-01
    17547  2.043E-04 2.043E-04  02:04:18 1.16444E-08        5672  2.918E-01  7.938E-01
    17593  2.048E-04 2.048E-04  02:04:38 1.16445E-08        5672  2.971E-01  7.938E-01
    17642  2.054E-04 2.054E-04  02:04:58 1.16445E-08        5672  3.028E-01  7.938E-01
    17699  2.061E-04 2.061E-04  02:05:19 1.16445E-08        5672  3.094E-01  7.938E-01
    17738  2.065E-04 2.065E-04  02:05:39 1.16445E-08        5672  3.139E-01  7.938E-01
    17778  2.070E-04 2.070E-04  02:06:00 1.16445E-08        5672  3.185E-01  7.938E-01
    17817  2.074E-04 2.074E-04  02:06:21 1.16445E-08        5672  3.230E-01  7.938E-01
    17855  2.079E-04 2.079E-04  02:06:41 1.16445E-08        5672  3.273E-01  7.938E-01
    17895  2.083E-04 2.083E-04  02:07:01 1.16445E-08        5672  3.318E-01  7.938E-01
    17935  2.088E-04 2.088E-04  02:07:21 1.16445E-08        5672  3.363E-01  7.938E-01
    17976  2.093E-04 2.093E-04  02:07:42 1.16445E-08        5672  3.407E-01  7.938E-01
    18014  2.097E-04 2.097E-04  02:08:02 1.16445E-08        5672  3.447E-01  7.938E-01
    18052  2.102E-04 2.102E-04  02:08:22 1.16445E-08        5672  3.486E-01  7.938E-01
    18090  2.106E-04 2.106E-04  02:08:42 1.16445E-08        5672  3.524E-01  7.938E-01
    18129  2.111E-04 2.111E-04  02:09:03 1.16445E-08        5672  3.561E-01  7.938E-01
    18168  2.115E-04 2.115E-04  02:09:23 1.16445E-08        5672  3.597E-01  7.938E-01
    18208  2.120E-04 2.120E-04  02:09:44 1.16445E-08        5672  3.632E-01  7.938E-01
    18247  2.124E-04 2.124E-04  02:10:04 1.16446E-08        5672  3.664E-01  7.938E-01
    18287  2.129E-04 2.129E-04  02:10:24 1.16445E-08        5672  3.696E-01  7.938E-01
    18327  2.134E-04 2.134E-04  02:10:45 1.16445E-08        5672  3.725E-01  7.938E-01
    18366  2.138E-04 2.138E-04  02:11:06 1.16446E-08        5672  3.751E-01  7.938E-01
    18405  2.143E-04 2.143E-04  02:11:26 1.16445E-08       84324  3.775E-01  7.938E-01
    18444  2.147E-04 2.147E-04  02:11:46 1.16445E-08       84324  3.797E-01  7.938E-01
    18497  2.153E-04 2.153E-04  02:12:06 1.16444E-08       84324  3.826E-01  7.938E-01
    18553  2.160E-04 2.160E-04  02:12:27 1.16444E-08       84324  3.853E-01  7.938E-01
    18601  2.166E-04 2.166E-04  02:12:48 1.16445E-08       84324  3.875E-01  7.938E-01
    18640  2.170E-04 2.170E-04  02:13:08 1.16445E-08       84324  3.892E-01  7.938E-01
    18679  2.175E-04 2.175E-04  02:13:28 1.16445E-08       84324  3.908E-01  7.938E-01
    18717  2.179E-04 2.179E-04  02:13:48 1.16445E-08       84324  3.922E-01  7.938E-01
    18758  2.184E-04 2.184E-04  02:14:09 1.16445E-08       84324  3.937E-01  7.938E-01
    18799  2.189E-04 2.189E-04  02:14:30 1.16444E-08       84324  3.951E-01  7.938E-01
    18837  2.193E-04 2.193E-04  02:14:51 1.16443E-08       84324  3.964E-01  7.938E-01
    18876  2.198E-04 2.198E-04  02:15:11 1.16443E-08       84324  3.975E-01  7.938E-01

 STEP 1  ORIGIN 0.0000

              STEP     TOTAL      WALL        STABLE    CRITICAL    KINETIC      TOTAL
INCREMENT     TIME      TIME      TIME     INCREMENT     ELEMENT     ENERGY     ENERGY
    18897  2.200E-04 2.200E-04  02:15:21 1.16443E-08       84324  3.982E-01  7.938E-01
Output Field Frame Number    11, of     25, at step time 2.200E-04
    18937  2.205E-04 2.205E-04  02:15:42 1.16443E-08       84324  3.993E-01  7.938E-01
    18978  2.209E-04 2.209E-04  02:16:03 1.16444E-08       84324  4.004E-01  7.938E-01
    19018  2.214E-04 2.214E-04  02:16:23 1.16444E-08       84324  4.015E-01  7.938E-01
    19056  2.219E-04 2.219E-04  02:16:43 1.16445E-08       73088  4.026E-01  7.938E-01
    19094  2.223E-04 2.223E-04  02:17:03 1.16445E-08       84324  4.036E-01  7.938E-01
    19132  2.227E-04 2.227E-04  02:17:24 1.16445E-08        5672  4.046E-01  7.938E-01
    19170  2.232E-04 2.232E-04  02:17:44 1.16445E-08        5672  4.056E-01  7.938E-01
    19208  2.236E-04 2.236E-04  02:18:04 1.16445E-08        5672  4.067E-01  7.938E-01
    19248  2.241E-04 2.241E-04  02:18:25 1.16445E-08        5672  4.078E-01  7.938E-01
    19294  2.246E-04 2.246E-04  02:18:45 1.16445E-08        5672  4.091E-01  7.938E-01
    19334  2.251E-04 2.251E-04  02:19:06 1.16445E-08        5672  4.103E-01  7.938E-01
    19374  2.256E-04 2.256E-04  02:19:26 1.16445E-08        5672  4.115E-01  7.938E-01
    19414  2.260E-04 2.260E-04  02:19:47 1.16445E-08        5672  4.127E-01  7.938E-01
    19453  2.265E-04 2.265E-04  02:20:07 1.16445E-08        5672  4.139E-01  7.938E-01
    19492  2.269E-04 2.269E-04  02:20:27 1.16445E-08        5672  4.151E-01  7.938E-01
    19532  2.274E-04 2.274E-04  02:20:48 1.16445E-08        5672  4.164E-01  7.938E-01
    19574  2.279E-04 2.279E-04  02:21:08 1.16445E-08        5672  4.177E-01  7.938E-01
    19614  2.284E-04 2.284E-04  02:21:28 1.16445E-08        5672  4.191E-01  7.938E-01
    19669  2.290E-04 2.290E-04  02:21:49 1.16444E-08        5672  4.211E-01  7.938E-01
    19726  2.297E-04 2.297E-04  02:22:10 1.16445E-08        5672  4.234E-01  7.938E-01
    19782  2.303E-04 2.303E-04  02:22:30 1.16445E-08        5672  4.258E-01  7.938E-01
    19838  2.310E-04 2.310E-04  02:22:51 1.16444E-08        5672  4.284E-01  7.938E-01
    19895  2.316E-04 2.316E-04  02:23:11 1.16444E-08        5672  4.313E-01  7.938E-01
    19953  2.323E-04 2.323E-04  02:23:32 1.16444E-08        5672  4.344E-01  7.938E-01
    20011  2.330E-04 2.330E-04  02:23:53 1.16444E-08        5672  4.376E-01  7.938E-01
    20068  2.336E-04 2.336E-04  02:24:13 1.16444E-08        5672  4.409E-01  7.938E-01
    20124  2.343E-04 2.343E-04  02:24:34 1.16444E-08        5672  4.443E-01  7.938E-01
    20180  2.349E-04 2.349E-04  02:24:55 1.16445E-08        5672  4.477E-01  7.938E-01
    20237  2.356E-04 2.356E-04  02:25:15 1.16445E-08        5672  4.514E-01  7.938E-01
    20283  2.361E-04 2.361E-04  02:25:36 1.16445E-08        5672  4.544E-01  7.938E-01
    20323  2.366E-04 2.366E-04  02:25:56 1.16446E-08        5672  4.571E-01  7.938E-01
    20363  2.371E-04 2.371E-04  02:26:17 1.16445E-08        5672  4.599E-01  7.938E-01
    20403  2.375E-04 2.375E-04  02:26:37 1.16445E-08        5672  4.627E-01  7.938E-01
    20443  2.380E-04 2.380E-04  02:26:58 1.16446E-08        5672  4.657E-01  7.938E-01
    20483  2.385E-04 2.385E-04  02:27:18 1.16446E-08        5672  4.687E-01  7.938E-01
    20523  2.389E-04 2.389E-04  02:27:39 1.16446E-08        5672  4.719E-01  7.938E-01
    20568  2.395E-04 2.395E-04  02:27:59 1.16445E-08        5672  4.756E-01  7.938E-01
    20615  2.400E-04 2.400E-04  02:28:16 1.16445E-08       73088  4.796E-01  7.938E-01
Output Field Frame Number    12, of     25, at step time 2.400E-04
    20671  2.407E-04 2.407E-04  02:28:37 1.16445E-08       50616  4.846E-01  7.938E-01

 STEP 1  ORIGIN 0.0000

              STEP     TOTAL      WALL        STABLE    CRITICAL    KINETIC      TOTAL
INCREMENT     TIME      TIME      TIME     INCREMENT     ELEMENT     ENERGY     ENERGY
    20728  2.413E-04 2.413E-04  02:28:58 1.16445E-08       84324  4.898E-01  7.938E-01
    20785  2.420E-04 2.420E-04  02:29:18 1.16445E-08       61852  4.952E-01  7.938E-01
    20842  2.426E-04 2.426E-04  02:29:39 1.16444E-08       84324  5.006E-01  7.938E-01
    20898  2.433E-04 2.433E-04  02:30:00 1.16446E-08       84324  5.057E-01  7.938E-01
    20955  2.440E-04 2.440E-04  02:30:20 1.16445E-08       84324  5.107E-01  7.938E-01
    21011  2.446E-04 2.446E-04  02:30:41 1.16445E-08       84324  5.153E-01  7.938E-01
    21064  2.452E-04 2.452E-04  02:31:02 1.16445E-08       73088  5.193E-01  7.938E-01
    21119  2.459E-04 2.459E-04  02:31:23 1.16446E-08       73088  5.231E-01  7.938E-01
    21174  2.465E-04 2.465E-04  02:31:43 1.16446E-08       84324  5.266E-01  7.938E-01
    21230  2.472E-04 2.472E-04  02:32:04 1.16445E-08       84324  5.298E-01  7.938E-01
    21286  2.478E-04 2.478E-04  02:32:25 1.16446E-08       61852  5.329E-01  7.938E-01
    21343  2.485E-04 2.485E-04  02:32:45 1.16446E-08       84324  5.359E-01  7.938E-01
    21400  2.491E-04 2.491E-04  02:33:06 1.16446E-08       73088  5.388E-01  7.938E-01
    21457  2.498E-04 2.498E-04  02:33:27 1.16445E-08       84324  5.416E-01  7.938E-01
    21514  2.505E-04 2.505E-04  02:33:47 1.16445E-08       84324  5.443E-01  7.938E-01
    21571  2.511E-04 2.511E-04  02:34:08 1.16445E-08       84324  5.469E-01  7.938E-01
    21628  2.518E-04 2.518E-04  02:34:29 1.16446E-08       84324  5.494E-01  7.938E-01
    21685  2.525E-04 2.525E-04  02:34:49 1.16445E-08       84324  5.518E-01  7.938E-01
    21742  2.531E-04 2.531E-04  02:35:10 1.16445E-08       84324  5.541E-01  7.938E-01
    21796  2.538E-04 2.538E-04  02:35:31 1.16445E-08       84324  5.563E-01  7.938E-01
    21851  2.544E-04 2.544E-04  02:35:51 1.16445E-08       84324  5.586E-01  7.938E-01
    21908  2.551E-04 2.551E-04  02:36:12 1.16445E-08       84324  5.609E-01  7.938E-01
    21964  2.557E-04 2.557E-04  02:36:33 1.16445E-08       84324  5.632E-01  7.938E-01
    22021  2.564E-04 2.564E-04  02:36:54 1.16445E-08       84324  5.655E-01  7.938E-01
    22077  2.570E-04 2.570E-04  02:37:14 1.16445E-08       84324  5.678E-01  7.938E-01
    22134  2.577E-04 2.577E-04  02:37:35 1.16445E-08       84324  5.702E-01  7.938E-01
    22190  2.583E-04 2.583E-04  02:37:56 1.16445E-08       84324  5.726E-01  7.938E-01
    22244  2.590E-04 2.590E-04  02:38:16 1.16445E-08       84324  5.748E-01  7.938E-01
    22300  2.596E-04 2.596E-04  02:38:37 1.16446E-08       84324  5.770E-01  7.938E-01
    22333  2.600E-04 2.600E-04  02:38:50 1.16446E-08       84324  5.782E-01  7.938E-01
Output Field Frame Number    13, of     25, at step time 2.600E-04
    22388  2.606E-04 2.606E-04  02:39:10 1.16446E-08       84324  5.801E-01  7.938E-01
    22444  2.613E-04 2.613E-04  02:39:32 1.16446E-08       73088  5.818E-01  7.938E-01
    22482  2.617E-04 2.617E-04  02:39:52 1.16446E-08        5672  5.829E-01  7.938E-01
    22522  2.622E-04 2.622E-04  02:40:12 1.16446E-08        5672  5.839E-01  7.938E-01
    22563  2.627E-04 2.627E-04  02:40:33 1.16446E-08        5672  5.849E-01  7.938E-01
    22602  2.631E-04 2.631E-04  02:40:53 1.16446E-08        5672  5.858E-01  7.938E-01
    22641  2.636E-04 2.636E-04  02:41:14 1.16446E-08        5672  5.866E-01  7.938E-01
    22681  2.641E-04 2.641E-04  02:41:34 1.16446E-08        5672  5.875E-01  7.938E-01
    22720  2.645E-04 2.645E-04  02:41:54 1.16446E-08       28144  5.883E-01  7.938E-01
    22760  2.650E-04 2.650E-04  02:42:15 1.16446E-08       61852  5.892E-01  7.938E-01

 STEP 1  ORIGIN 0.0000

              STEP     TOTAL      WALL        STABLE    CRITICAL    KINETIC      TOTAL
INCREMENT     TIME      TIME      TIME     INCREMENT     ELEMENT     ENERGY     ENERGY
    22800  2.654E-04 2.654E-04  02:42:35 1.16446E-08       84324  5.901E-01  7.938E-01
    22839  2.659E-04 2.659E-04  02:42:56 1.16446E-08       50616  5.911E-01  7.938E-01
    22878  2.664E-04 2.664E-04  02:43:16 1.16446E-08       73088  5.921E-01  7.938E-01
    22917  2.668E-04 2.668E-04  02:43:36 1.16446E-08       84324  5.932E-01  7.938E-01
    22956  2.673E-04 2.673E-04  02:43:57 1.16446E-08       84324  5.943E-01  7.938E-01
    22995  2.677E-04 2.677E-04  02:44:18 1.16446E-08       84324  5.955E-01  7.938E-01
    23034  2.682E-04 2.682E-04  02:44:38 1.16446E-08       84324  5.967E-01  7.938E-01
    23073  2.686E-04 2.686E-04  02:44:58 1.16446E-08       84324  5.980E-01  7.938E-01
    23112  2.691E-04 2.691E-04  02:45:18 1.16446E-08       84324  5.993E-01  7.938E-01
    23152  2.695E-04 2.695E-04  02:45:39 1.16446E-08       61852  6.007E-01  7.938E-01
    23191  2.700E-04 2.700E-04  02:45:59 1.16446E-08       16908  6.022E-01  7.938E-01
    23231  2.705E-04 2.705E-04  02:46:20 1.16446E-08        5672  6.037E-01  7.938E-01
    23271  2.709E-04 2.709E-04  02:46:41 1.16446E-08        5672  6.053E-01  7.938E-01
    23312  2.714E-04 2.714E-04  02:47:01 1.16445E-08        5672  6.070E-01  7.938E-01
    23369  2.721E-04 2.721E-04  02:47:21 1.16445E-08        5672  6.094E-01  7.938E-01
    23418  2.726E-04 2.726E-04  02:47:42 1.16445E-08        5672  6.116E-01  7.938E-01
    23471  2.733E-04 2.733E-04  02:48:03 1.16446E-08        5672  6.142E-01  7.938E-01
    23524  2.739E-04 2.739E-04  02:48:23 1.16446E-08        5672  6.168E-01  7.938E-01
    23578  2.745E-04 2.745E-04  02:48:44 1.16446E-08        5672  6.197E-01  7.938E-01
    23632  2.751E-04 2.751E-04  02:49:05 1.16446E-08       16908  6.227E-01  7.938E-01
    23687  2.758E-04 2.758E-04  02:49:26 1.16446E-08       16908  6.258E-01  7.938E-01
    23741  2.764E-04 2.764E-04  02:49:46 1.16446E-08       16908  6.288E-01  7.938E-01
    23797  2.770E-04 2.770E-04  02:50:07 1.16446E-08        5672  6.319E-01  7.938E-01
    23853  2.777E-04 2.777E-04  02:50:28 1.16445E-08        5672  6.349E-01  7.938E-01
    23911  2.784E-04 2.784E-04  02:50:49 1.16445E-08        5672  6.379E-01  7.938E-01
    23969  2.791E-04 2.791E-04  02:51:09 1.16445E-08        5672  6.408E-01  7.938E-01
    24024  2.797E-04 2.797E-04  02:51:30 1.16445E-08        5672  6.434E-01  7.938E-01
    24051  2.800E-04 2.800E-04  02:51:44 1.16445E-08        5672  6.447E-01  7.938E-01
Output Field Frame Number    14, of     25, at step time 2.800E-04
    24092  2.805E-04 2.805E-04  02:52:06 1.16445E-08        5672  6.466E-01  7.938E-01
    24134  2.810E-04 2.810E-04  02:52:27 1.16445E-08        5672  6.485E-01  7.938E-01
    24177  2.815E-04 2.815E-04  02:52:48 1.16446E-08       16908  6.504E-01  7.938E-01
    24220  2.820E-04 2.820E-04  02:53:10 1.16446E-08        5672  6.524E-01  7.938E-01
    24263  2.825E-04 2.825E-04  02:53:31 1.16446E-08        5672  6.543E-01  7.938E-01
    24308  2.830E-04 2.830E-04  02:53:53 1.16446E-08        5672  6.563E-01  7.938E-01
    24352  2.835E-04 2.835E-04  02:54:14 1.16446E-08        5672  6.582E-01  7.938E-01
    24401  2.841E-04 2.841E-04  02:54:35 1.16446E-08        5672  6.604E-01  7.938E-01
    24456  2.847E-04 2.847E-04  02:54:56 1.16445E-08        5672  6.628E-01  7.938E-01
    24509  2.853E-04 2.853E-04  02:55:17 1.16445E-08        5672  6.652E-01  7.938E-01
    24547  2.858E-04 2.858E-04  02:55:37 1.16445E-08        5672  6.670E-01  7.938E-01
    24586  2.862E-04 2.862E-04  02:55:57 1.16445E-08        5672  6.689E-01  7.938E-01

 STEP 1  ORIGIN 0.0000

              STEP     TOTAL      WALL        STABLE    CRITICAL    KINETIC      TOTAL
INCREMENT     TIME      TIME      TIME     INCREMENT     ELEMENT     ENERGY     ENERGY
    24624  2.867E-04 2.867E-04  02:56:18 1.16445E-08        5672  6.707E-01  7.938E-01
    24661  2.871E-04 2.871E-04  02:56:38 1.16445E-08        5672  6.725E-01  7.938E-01
    24699  2.875E-04 2.875E-04  02:56:58 1.16445E-08        5672  6.744E-01  7.938E-01
    24737  2.880E-04 2.880E-04  02:57:19 1.16445E-08        5672  6.763E-01  7.938E-01
    24776  2.884E-04 2.884E-04  02:57:39 1.16446E-08        5672  6.783E-01  7.938E-01
    24815  2.889E-04 2.889E-04  02:58:00 1.16446E-08        5672  6.802E-01  7.938E-01
    24854  2.894E-04 2.894E-04  02:58:20 1.16446E-08        5672  6.822E-01  7.938E-01
    24894  2.898E-04 2.898E-04  02:58:41 1.16446E-08        5672  6.843E-01  7.938E-01
    24934  2.903E-04 2.903E-04  02:59:01 1.16366E-08       84218  6.864E-01  7.938E-01
    24974  2.908E-04 2.908E-04  02:59:22 1.16323E-08       84218  6.883E-01  7.938E-01
    25014  2.912E-04 2.912E-04  02:59:42 1.16362E-08       84218  6.902E-01  7.938E-01
    25054  2.917E-04 2.917E-04  03:00:03 1.16410E-08       84323  6.919E-01  7.938E-01
    25093  2.921E-04 2.921E-04  03:00:23 1.16427E-08       50616  6.935E-01  7.938E-01
    25133  2.926E-04 2.926E-04  03:00:44 1.16416E-08       72982  6.949E-01  7.938E-01
    25172  2.931E-04 2.931E-04  03:01:04 1.16420E-08       84324  6.961E-01  7.938E-01
    25212  2.935E-04 2.935E-04  03:01:24 1.16430E-08       84324  6.971E-01  7.938E-01
    25252  2.940E-04 2.940E-04  03:01:45 1.16428E-08       84323  6.978E-01  7.938E-01
    25292  2.945E-04 2.945E-04  03:02:05 1.16418E-08       84324  6.984E-01  7.938E-01
    25332  2.949E-04 2.949E-04  03:02:26 1.16422E-08       84324  6.988E-01  7.938E-01
    25372  2.954E-04 2.954E-04  03:02:46 1.16419E-08       84218  6.989E-01  7.938E-01
    25412  2.958E-04 2.958E-04  03:03:07 1.16426E-08       84218  6.988E-01  7.938E-01
    25452  2.963E-04 2.963E-04  03:03:27 1.16437E-08       84323  6.985E-01  7.938E-01
    25493  2.968E-04 2.968E-04  03:03:48 1.16433E-08       84323  6.979E-01  7.938E-01
    25534  2.973E-04 2.973E-04  03:04:08 1.16438E-08       84324  6.972E-01  7.938E-01
    25574  2.977E-04 2.977E-04  03:04:29 1.16438E-08       61852  6.962E-01  7.938E-01
    25614  2.982E-04 2.982E-04  03:04:49 1.16438E-08       84324  6.949E-01  7.938E-01
    25654  2.987E-04 2.987E-04  03:05:09 1.16438E-08       73088  6.935E-01  7.938E-01
    25694  2.991E-04 2.991E-04  03:05:30 1.16439E-08       73088  6.917E-01  7.938E-01
    25734  2.996E-04 2.996E-04  03:05:51 1.16439E-08       84324  6.898E-01  7.938E-01
    25769  3.000E-04 3.000E-04  03:06:08 1.16439E-08       84218  6.879E-01  7.938E-01
Output Field Frame Number    15, of     25, at step time 3.000E-04
    25808  3.005E-04 3.005E-04  03:06:29 1.16441E-08       73088  6.857E-01  7.938E-01
    25848  3.009E-04 3.009E-04  03:06:49 1.16441E-08       84324  6.833E-01  7.938E-01
    25889  3.014E-04 3.014E-04  03:07:10 1.16441E-08       73088  6.807E-01  7.938E-01
    25930  3.019E-04 3.019E-04  03:07:30 1.16443E-08       84218  6.780E-01  7.938E-01
    25970  3.023E-04 3.023E-04  03:07:50 1.16442E-08       84218  6.752E-01  7.938E-01
    26010  3.028E-04 3.028E-04  03:08:11 1.16441E-08       84323  6.723E-01  7.938E-01
    26050  3.033E-04 3.033E-04  03:08:31 1.16443E-08       84218  6.693E-01  7.938E-01
    26089  3.037E-04 3.037E-04  03:08:51 1.16441E-08       73088  6.663E-01  7.938E-01
    26129  3.042E-04 3.042E-04  03:09:11 1.16443E-08       84324  6.632E-01  7.938E-01
    26169  3.047E-04 3.047E-04  03:09:31 1.16443E-08       84218  6.601E-01  7.938E-01

 STEP 1  ORIGIN 0.0000

              STEP     TOTAL      WALL        STABLE    CRITICAL    KINETIC      TOTAL
INCREMENT     TIME      TIME      TIME     INCREMENT     ELEMENT     ENERGY     ENERGY
    26210  3.051E-04 3.051E-04  03:09:52 1.16443E-08       73088  6.569E-01  7.938E-01
    26250  3.056E-04 3.056E-04  03:10:12 1.16443E-08       61852  6.537E-01  7.938E-01
    26291  3.061E-04 3.061E-04  03:10:33 1.16443E-08       73088  6.505E-01  7.938E-01
    26332  3.066E-04 3.066E-04  03:10:53 1.16442E-08       84324  6.473E-01  7.938E-01
    26372  3.070E-04 3.070E-04  03:11:13 1.16442E-08       84323  6.442E-01  7.938E-01
    26413  3.075E-04 3.075E-04  03:11:34 1.16441E-08       84324  6.411E-01  7.938E-01
    26454  3.080E-04 3.080E-04  03:11:54 1.16442E-08       84324  6.380E-01  7.938E-01
    26495  3.085E-04 3.085E-04  03:12:15 1.16441E-08       84324  6.349E-01  7.938E-01
    26535  3.089E-04 3.089E-04  03:12:35 1.16445E-08       50616  6.320E-01  7.938E-01
    26575  3.094E-04 3.094E-04  03:12:56 1.16444E-08       73088  6.292E-01  7.938E-01
    26615  3.099E-04 3.099E-04  03:13:16 1.16444E-08       73088  6.265E-01  7.938E-01
    26655  3.103E-04 3.103E-04  03:13:36 1.16444E-08       84218  6.238E-01  7.938E-01
    26694  3.108E-04 3.108E-04  03:13:57 1.16442E-08       84323  6.214E-01  7.938E-01
    26735  3.113E-04 3.113E-04  03:14:17 1.16445E-08       84323  6.189E-01  7.938E-01
    26775  3.117E-04 3.117E-04  03:14:37 1.16445E-08       61852  6.166E-01  7.938E-01
    26815  3.122E-04 3.122E-04  03:14:58 1.16443E-08       73087  6.144E-01  7.938E-01
    26855  3.126E-04 3.126E-04  03:15:18 1.16445E-08       39380  6.124E-01  7.938E-01
    26895  3.131E-04 3.131E-04  03:15:39 1.16445E-08       73088  6.104E-01  7.938E-01
    26935  3.136E-04 3.136E-04  03:15:59 1.16445E-08       39380  6.086E-01  7.938E-01
    26975  3.140E-04 3.140E-04  03:16:19 1.16445E-08       61852  6.070E-01  7.938E-01
    27014  3.145E-04 3.145E-04  03:16:40 1.16446E-08       73088  6.056E-01  7.938E-01
    27052  3.149E-04 3.149E-04  03:17:00 1.16445E-08        5672  6.044E-01  7.938E-01
    27091  3.154E-04 3.154E-04  03:17:21 1.16446E-08        5672  6.033E-01  7.938E-01
    27130  3.159E-04 3.159E-04  03:17:41 1.16446E-08        5672  6.024E-01  7.938E-01
    27169  3.163E-04 3.163E-04  03:18:02 1.16446E-08        5672  6.017E-01  7.938E-01
    27208  3.168E-04 3.168E-04  03:18:22 1.16445E-08        5672  6.012E-01  7.938E-01
    27247  3.172E-04 3.172E-04  03:18:42 1.16445E-08        5672  6.009E-01  7.938E-01
    27287  3.177E-04 3.177E-04  03:19:03 1.16446E-08        5672  6.007E-01  7.938E-01
    27328  3.182E-04 3.182E-04  03:19:23 1.16445E-08        5672  6.007E-01  7.938E-01
    27368  3.186E-04 3.186E-04  03:19:44 1.16444E-08        5672  6.007E-01  7.938E-01
    27408  3.191E-04 3.191E-04  03:20:04 1.16446E-08        5672  6.009E-01  7.938E-01
    27448  3.196E-04 3.196E-04  03:20:25 1.16444E-08        5672  6.010E-01  7.938E-01
    27487  3.200E-04 3.200E-04  03:20:45 1.16444E-08        5672  6.012E-01  7.938E-01
Output Field Frame Number    16, of     25, at step time 3.200E-04
    27525  3.204E-04 3.204E-04  03:21:05 1.16445E-08        5672  6.013E-01  7.938E-01
    27565  3.209E-04 3.209E-04  03:21:25 1.16444E-08        5672  6.014E-01  7.938E-01
    27605  3.214E-04 3.214E-04  03:21:46 1.16444E-08        5672  6.015E-01  7.938E-01
    27646  3.219E-04 3.219E-04  03:22:06 1.16443E-08        5672  6.014E-01  7.938E-01
    27686  3.223E-04 3.223E-04  03:22:26 1.16445E-08        5672  6.012E-01  7.938E-01
    27726  3.228E-04 3.228E-04  03:22:47 1.16444E-08        5672  6.010E-01  7.938E-01
    27766  3.233E-04 3.233E-04  03:23:07 1.16443E-08        5672  6.007E-01  7.938E-01

 STEP 1  ORIGIN 0.0000

              STEP     TOTAL      WALL        STABLE    CRITICAL    KINETIC      TOTAL
INCREMENT     TIME      TIME      TIME     INCREMENT     ELEMENT     ENERGY     ENERGY
    27807  3.237E-04 3.237E-04  03:23:28 1.16444E-08        5672  6.003E-01  7.938E-01
    27848  3.242E-04 3.242E-04  03:23:48 1.16443E-08        5672  5.998E-01  7.938E-01
    27898  3.248E-04 3.248E-04  03:24:11 1.16444E-08        5672  5.992E-01  7.938E-01
    27951  3.254E-04 3.254E-04  03:24:35 1.16442E-08        5672  5.986E-01  7.938E-01
    28004  3.260E-04 3.260E-04  03:24:59 1.16444E-08        5672  5.981E-01  7.938E-01
    28059  3.267E-04 3.267E-04  03:25:24 1.16443E-08        5672  5.974E-01  7.938E-01
    28113  3.273E-04 3.273E-04  03:25:49 1.16443E-08        5672  5.967E-01  7.938E-01
    28166  3.279E-04 3.279E-04  03:26:13 1.16443E-08        5672  5.959E-01  7.938E-01
    28218  3.285E-04 3.285E-04  03:26:37 1.16443E-08        5672  5.950E-01  7.938E-01
    28272  3.291E-04 3.291E-04  03:27:02 1.16442E-08        5672  5.937E-01  7.938E-01
    28326  3.298E-04 3.298E-04  03:27:26 1.16443E-08        5672  5.922E-01  7.938E-01
    28380  3.304E-04 3.304E-04  03:27:51 1.16443E-08        5672  5.903E-01  7.938E-01
    28433  3.310E-04 3.310E-04  03:28:15 1.16443E-08        5672  5.881E-01  7.938E-01
    28497  3.318E-04 3.318E-04  03:28:42 1.16443E-08        5672  5.850E-01  7.938E-01
    28573  3.326E-04 3.326E-04  03:29:13 1.16443E-08        5672  5.810E-01  7.938E-01
    28648  3.335E-04 3.335E-04  03:29:43 1.16442E-08        5672  5.769E-01  7.938E-01
    28723  3.344E-04 3.344E-04  03:30:13 1.16444E-08        5672  5.727E-01  7.938E-01
    28823  3.356E-04 3.356E-04  03:30:51 1.16443E-08        5672  5.671E-01  7.938E-01
    28933  3.368E-04 3.368E-04  03:31:32 1.16443E-08        5672  5.612E-01  7.938E-01
    29039  3.381E-04 3.381E-04  03:32:12 1.16444E-08        5672  5.558E-01  7.938E-01
    29150  3.394E-04 3.394E-04  03:32:53 1.16444E-08        5672  5.504E-01  7.938E-01
    29205  3.400E-04 3.400E-04  03:33:14 1.16443E-08        5672  5.478E-01  7.938E-01
Output Field Frame Number    17, of     25, at step time 3.400E-04
    29314  3.413E-04 3.413E-04  03:33:55 1.16444E-08        5672  5.430E-01  7.938E-01
    29421  3.425E-04 3.425E-04  03:34:35 1.16444E-08        5672  5.389E-01  7.938E-01
    29553  3.441E-04 3.441E-04  03:35:15 1.16444E-08        5672  5.347E-01  7.938E-01
    29711  3.459E-04 3.459E-04  03:35:56 1.16446E-08       73088  5.310E-01  7.938E-01
    29870  3.477E-04 3.477E-04  03:36:37 1.16446E-08       61852  5.295E-01  7.938E-01
    30029  3.496E-04 3.496E-04  03:37:19 1.16446E-08        5672  5.303E-01  7.938E-01
    30183  3.514E-04 3.514E-04  03:38:00 1.16446E-08       84324  5.331E-01  7.938E-01
    30337  3.532E-04 3.532E-04  03:38:41 1.16446E-08       39380  5.373E-01  7.938E-01
    30490  3.550E-04 3.550E-04  03:39:22 1.16446E-08       73088  5.410E-01  7.938E-01
    30641  3.567E-04 3.567E-04  03:40:03 1.16446E-08       28144  5.434E-01  7.938E-01
    30789  3.584E-04 3.584E-04  03:40:43 1.16446E-08        5672  5.449E-01  7.938E-01
    30923  3.600E-04 3.600E-04  03:41:20 1.16445E-08       84324  5.453E-01  7.938E-01
Output Field Frame Number    18, of     25, at step time 3.600E-04
    31077  3.618E-04 3.618E-04  03:42:01 1.16446E-08       84324  5.451E-01  7.938E-01
    31223  3.635E-04 3.635E-04  03:42:43 1.16446E-08        5672  5.445E-01  7.938E-01
    31335  3.648E-04 3.648E-04  03:43:24 1.16445E-08        5672  5.434E-01  7.938E-01
    31461  3.663E-04 3.663E-04  03:44:04 1.16445E-08        5672  5.411E-01  7.938E-01
    31581  3.677E-04 3.677E-04  03:44:45 1.16445E-08        5672  5.377E-01  7.938E-01
    31698  3.690E-04 3.690E-04  03:45:25 1.16445E-08        5672  5.331E-01  7.938E-01

 STEP 1  ORIGIN 0.0000

              STEP     TOTAL      WALL        STABLE    CRITICAL    KINETIC      TOTAL
INCREMENT     TIME      TIME      TIME     INCREMENT     ELEMENT     ENERGY     ENERGY
    31826  3.705E-04 3.705E-04  03:46:05 1.16446E-08        5672  5.266E-01  7.938E-01
    31963  3.721E-04 3.721E-04  03:46:46 1.16446E-08       28144  5.188E-01  7.938E-01
    32122  3.740E-04 3.740E-04  03:47:27 1.16446E-08       84324  5.099E-01  7.938E-01
    32283  3.758E-04 3.758E-04  03:48:08 1.16446E-08       61852  5.027E-01  7.938E-01
    32419  3.774E-04 3.774E-04  03:48:52 1.16446E-08       84324  4.992E-01  7.938E-01
    32566  3.791E-04 3.791E-04  03:49:34 1.16446E-08       84324  4.981E-01  7.938E-01
    32641  3.800E-04 3.800E-04  03:49:54 1.16446E-08       84324  4.985E-01  7.938E-01
Output Field Frame Number    19, of     25, at step time 3.800E-04
    32790  3.817E-04 3.817E-04  03:50:35 1.16446E-08       84324  5.011E-01  7.938E-01
    32895  3.830E-04 3.830E-04  03:51:15 1.16446E-08       84324  5.047E-01  7.938E-01
    33028  3.845E-04 3.845E-04  03:51:56 1.16446E-08       61852  5.118E-01  7.938E-01
    33159  3.860E-04 3.860E-04  03:52:37 1.16446E-08       73088  5.216E-01  7.938E-01
    33290  3.876E-04 3.876E-04  03:53:18 1.16446E-08       73088  5.332E-01  7.938E-01
    33438  3.893E-04 3.893E-04  03:54:00 1.16446E-08        5672  5.472E-01  7.938E-01
    33585  3.910E-04 3.910E-04  03:54:41 1.16446E-08       28144  5.597E-01  7.938E-01
    33733  3.927E-04 3.927E-04  03:55:22 1.16446E-08       61852  5.700E-01  7.938E-01
    33879  3.944E-04 3.944E-04  03:56:03 1.16446E-08        5672  5.788E-01  7.938E-01
    34025  3.961E-04 3.961E-04  03:56:43 1.16445E-08        5672  5.869E-01  7.938E-01
    34175  3.979E-04 3.979E-04  03:57:25 1.16446E-08        5672  5.939E-01  7.938E-01
    34320  3.996E-04 3.996E-04  03:58:06 1.16446E-08        5672  5.990E-01  7.938E-01
    34359  4.000E-04 4.000E-04  03:58:17 1.16446E-08        5672  6.000E-01  7.938E-01
Output Field Frame Number    20, of     25, at step time 4.000E-04
    34513  4.018E-04 4.018E-04  03:58:58 1.16446E-08        5672  6.027E-01  7.938E-01
    34671  4.036E-04 4.036E-04  03:59:39 1.16446E-08       61852  6.035E-01  7.938E-01
    34830  4.055E-04 4.055E-04  04:00:19 1.16446E-08       39380  6.025E-01  7.938E-01
    34988  4.073E-04 4.073E-04  04:01:00 1.16446E-08        5672  5.997E-01  7.938E-01
    35148  4.092E-04 4.092E-04  04:01:41 1.16446E-08        5672  5.958E-01  7.938E-01
    35302  4.110E-04 4.110E-04  04:02:22 1.16446E-08       73088  5.935E-01  7.938E-01
    35457  4.128E-04 4.128E-04  04:03:03 1.16445E-08       84324  5.943E-01  7.938E-01
    35614  4.146E-04 4.146E-04  04:03:44 1.16445E-08       84324  5.983E-01  7.938E-01
    35771  4.164E-04 4.164E-04  04:04:25 1.16445E-08       84324  6.045E-01  7.938E-01
    35929  4.183E-04 4.183E-04  04:05:06 1.16445E-08       84324  6.125E-01  7.938E-01
    36077  4.200E-04 4.200E-04  04:05:47 1.16445E-08       84324  6.218E-01  7.938E-01
Output Field Frame Number    21, of     25, at step time 4.200E-04
    36228  4.218E-04 4.218E-04  04:06:29 1.16445E-08       84324  6.330E-01  7.938E-01
    36376  4.235E-04 4.235E-04  04:07:11 1.16446E-08       84324  6.449E-01  7.938E-01
    36515  4.251E-04 4.251E-04  04:07:52 1.16446E-08       61852  6.565E-01  7.938E-01
    36666  4.269E-04 4.269E-04  04:08:33 1.16446E-08        5672  6.693E-01  7.938E-01
    36821  4.287E-04 4.287E-04  04:09:15 1.16446E-08        5672  6.812E-01  7.938E-01
    36971  4.304E-04 4.304E-04  04:09:56 1.16445E-08       84324  6.904E-01  7.938E-01
    37122  4.322E-04 4.322E-04  04:10:36 1.16445E-08       84324  6.975E-01  7.938E-01
    37277  4.340E-04 4.340E-04  04:11:18 1.16445E-08       84324  7.033E-01  7.938E-01
    37400  4.354E-04 4.354E-04  04:11:59 1.16446E-08       84324  7.077E-01  7.938E-01

 STEP 1  ORIGIN 0.0000

              STEP     TOTAL      WALL        STABLE    CRITICAL    KINETIC      TOTAL
INCREMENT     TIME      TIME      TIME     INCREMENT     ELEMENT     ENERGY     ENERGY
    37550  4.372E-04 4.372E-04  04:12:40 1.16446E-08       73088  7.129E-01  7.938E-01
    37704  4.389E-04 4.389E-04  04:13:21 1.16446E-08       84324  7.174E-01  7.938E-01
    37795  4.400E-04 4.400E-04  04:13:46 1.16446E-08       84324  7.193E-01  7.938E-01
Output Field Frame Number    22, of     25, at step time 4.400E-04
    37947  4.418E-04 4.418E-04  04:14:27 1.16446E-08       84324  7.210E-01  7.938E-01
    38084  4.434E-04 4.434E-04  04:15:08 1.16446E-08       84324  7.208E-01  7.938E-01
    38209  4.448E-04 4.448E-04  04:15:51 1.16446E-08       84324  7.189E-01  7.938E-01
    38362  4.466E-04 4.466E-04  04:16:32 1.16446E-08       16908  7.151E-01  7.938E-01
    38513  4.484E-04 4.484E-04  04:17:14 1.16445E-08        5672  7.102E-01  7.938E-01
    38665  4.501E-04 4.501E-04  04:17:55 1.16446E-08        5672  7.045E-01  7.938E-01
    38818  4.519E-04 4.519E-04  04:18:36 1.16446E-08       16908  6.985E-01  7.938E-01
    38972  4.537E-04 4.537E-04  04:19:17 1.16446E-08        5672  6.929E-01  7.938E-01
    39117  4.554E-04 4.554E-04  04:19:59 1.16446E-08        5672  6.886E-01  7.938E-01
    39267  4.571E-04 4.571E-04  04:20:41 1.16446E-08       84324  6.858E-01  7.938E-01
    39419  4.589E-04 4.589E-04  04:21:22 1.16446E-08       84324  6.851E-01  7.938E-01
    39513  4.600E-04 4.600E-04  04:21:46 1.16446E-08       84324  6.859E-01  7.938E-01
Output Field Frame Number    23, of     25, at step time 4.600E-04
    39667  4.618E-04 4.618E-04  04:22:28 1.16446E-08       28144  6.893E-01  7.938E-01
    39823  4.636E-04 4.636E-04  04:23:09 1.16446E-08        5672  6.944E-01  7.938E-01
    39980  4.654E-04 4.654E-04  04:23:51 1.16446E-08        5672  7.001E-01  7.938E-01
    40133  4.672E-04 4.672E-04  04:24:33 1.16446E-08        5672  7.054E-01  7.938E-01
    40286  4.690E-04 4.690E-04  04:25:14 1.16446E-08        5672  7.104E-01  7.938E-01
    40441  4.708E-04 4.708E-04  04:25:55 1.16446E-08        5672  7.154E-01  7.938E-01
    40594  4.726E-04 4.726E-04  04:26:36 1.16446E-08        5672  7.206E-01  7.938E-01
    40746  4.744E-04 4.744E-04  04:27:17 1.16446E-08        5672  7.256E-01  7.938E-01
    40904  4.762E-04 4.762E-04  04:27:58 1.16446E-08       84324  7.294E-01  7.938E-01
    41061  4.780E-04 4.780E-04  04:28:39 1.16445E-08       84324  7.298E-01  7.938E-01
    41217  4.798E-04 4.798E-04  04:29:19 1.16444E-08       84324  7.263E-01  7.938E-01
    41231  4.800E-04 4.800E-04  04:29:23 1.16444E-08       84324  7.258E-01  7.938E-01
Output Field Frame Number    24, of     25, at step time 4.800E-04
    41385  4.818E-04 4.818E-04  04:30:04 1.16444E-08       84324  7.178E-01  7.938E-01
    41544  4.837E-04 4.837E-04  04:30:45 1.16445E-08       84324  7.054E-01  7.938E-01
    41701  4.855E-04 4.855E-04  04:31:25 1.16446E-08       84324  6.904E-01  7.938E-01
    41988  4.888E-04 4.888E-04  04:32:32 1.16446E-08        5672  6.617E-01  7.938E-01
    42528  4.951E-04 4.951E-04  04:34:33 1.16446E-08       84324  6.225E-01  7.938E-01
    42949  5.000E-04 5.000E-04  04:36:08 1.16412E-08       28144  6.178E-01  7.938E-01
Restart Number  1 at 5.00000E-04
Output Field Frame Number    25, of     25, at step time 5.000E-04
  EXPLICIT EXECUTABLE TIME SUMMARY
       USER TIME (SEC)      =   84967.
       SYSTEM TIME (SEC)    =   1555.7
       WALLCLOCK TIME (SEC) =        16571
              INIT (SEC) =          7
              MAIN (SEC) =      16564

  THE ANALYSIS HAS COMPLETED SUCCESSFULLY

