Abaqus/Explicit 2026                             DATE 21-9ÔÂ-2026  TIME 14:02:36
-------------------------------------------------------------------------------
 PREPROCESSOR WARNING MESSAGES
-------------------------------------------------------------------------------


***WARNING: There are 6 warning messages in the data (.dat) file.  Please
            check the data file for possible errors in the input file.


-------------------------------------------------------------------------------
 NUMERICAL PRECISION USED FOR THIS Abaqus/Explicit ANALYSIS
-------------------------------------------------------------------------------

Single precision package and explicit executables will be used in this analysis.

-------------------------------------------------------------------------------
-------------------------------------------------------------------------------
 MODEL INFORMATION (IN GLOBAL X-Y COORDINATES)
-------------------------------------------------------------------------------

   Total mass in model = 3.69676E-02
   Center of mass of model = ( 5.000000E-02, 5.000000E-02, 1.536635E-03)

    Moments of Inertia :
                 About Center of Mass              About Origin
      I(XX)          2.763283E-05                  1.201392E-04
      I(YY)          2.763283E-05                  1.201392E-04
      I(ZZ)          5.504050E-05                  2.398786E-04
      I(XY)         -3.209268E-12                 -9.241906E-05
      I(YZ)         -7.343015E-14                 -2.840287E-06
      I(ZX)         -7.617665E-14                 -2.840287E-06

-------------------------------------------------------------------------------
 STABLE TIME INCREMENT INFORMATION
-------------------------------------------------------------------------------


  The stable time increment estimate for each element is based on
  linearization about the initial state.


   Initial time increment = 1.22410E-08

   Statistics over 89888 deformable elements:
      Mean = 2.26340E-08
      Standard deviation = 3.64392E-09

   Most critical elements:
    Element number   Rank    Time increment   Increment ratio
   ----------------------------------------------------------
       16908          1       1.224104E-08      1.000000E+00
       28144          2       1.224104E-08      1.000000E+00
        5672          3       1.224104E-08      9.999999E-01
       39380          4       1.224104E-08      9.999999E-01
       61852          5       1.224104E-08      9.999999E-01
       73088          6       1.224104E-08      9.999999E-01
       84324          7       1.224104E-08      9.999999E-01
       50616          8       1.224104E-08      9.999999E-01
       16907          9       1.224107E-08      9.999973E-01
       28143         10       1.224107E-08      9.999973E-01

-------------------------------------------------------------------------------

  INFORMATION REGARDING INITIAL CONTACT OVERCLOSURES FOR NEWLY DEFINED GENERAL
  CONTACT INTERACTIONS IN STEP 1

-------------------------------------------------------------------------------

  No initial node-face overclosures found.


  Abaqus/Explicit will attempt to resolve 46 initial edge-edge overclosure(s).


  Maximum initial overclosure for edge-edge contact is 1.20053E-10 between the
  edge defined by nodes 17441 and 17548 and the edge defined by nodes 28997
  and 28890


  No nodal position adjustments have been made.


  No node-face overclosures left unresolved.


  42 edge-edge overclosure(s) left unresolved and will be stored as offsets.
  To help identify the nodes involved in the overclosures a node set
  InfoNodeUnresolvInitOver has been created. Check the message file for more
  detailed information.


  Maximum unresolved overclosure is 1.20053E-10 between the edge defined by
  nodes 17441 and 17548 and the edge defined by nodes 28997 and 28890


  For more detailed information on initial overclosures, use the *DIAGNOSTICS,
  CONTACT=DETAIL command and see the message (.msg) file.


***NOTE: You can view the deformed configuration due to the resolution of
         initial overclosures.  In increment 0, draw the deformed shape or
         draw a symbol plot of vector displacements.

------------------------------------------------------------------------------

Abaqus/Explicit 2026                             DATE 21-9ÔÂ-2026  TIME 14:02:49
The entire model is considered 1 domain.
Only 1 MPI rank is used.

-------------------------------------------------------------------------------
 SOLUTION PROGRESS
-------------------------------------------------------------------------------

 STEP 1  ORIGIN 0.0000

  Total memory used for step 1 is approximately 1.5 gigabytes.
  Global time estimation algorithm will be used.
  Scaling factor:  1.0000
              STEP     TOTAL      WALL        STABLE    CRITICAL    KINETIC      TOTAL
INCREMENT     TIME      TIME      TIME     INCREMENT     ELEMENT     ENERGY     ENERGY
        0  0.000E+00 0.000E+00  00:00:04 1.16459E-08       28144  1.000E-01  1.000E-01
Output Field Frame Number     0, of     25, at step time 0.000E+00
       51  5.939E-07 5.939E-07  00:00:26 1.16402E-08       84218  1.000E-01  1.000E-01
      111  1.292E-06 1.292E-06  00:00:47 1.16438E-08       84218  9.994E-02  1.000E-01
      170  1.979E-06 1.979E-06  00:01:08 1.16412E-08       84218  9.978E-02  1.000E-01
      229  2.666E-06 2.666E-06  00:01:29 1.16401E-08       84324  9.956E-02  1.000E-01
      288  3.353E-06 3.353E-06  00:01:49 1.16434E-08       73088  9.927E-02  1.000E-01
      347  4.040E-06 4.040E-06  00:02:10 1.16436E-08       61852  9.890E-02  1.000E-01
      406  4.727E-06 4.727E-06  00:02:31 1.16429E-08       84324  9.846E-02  1.000E-01
      465  5.414E-06 5.414E-06  00:02:51 1.16431E-08       84324  9.796E-02  1.000E-01
      526  6.124E-06 6.124E-06  00:03:12 1.16432E-08       84324  9.740E-02  1.000E-01
      584  6.799E-06 6.799E-06  00:03:33 1.16431E-08       84324  9.682E-02  1.000E-01
      642  7.474E-06 7.474E-06  00:03:53 1.16431E-08       84324  9.621E-02  1.000E-01
      702  8.173E-06 8.173E-06  00:04:14 1.16438E-08       84324  9.554E-02  1.000E-01
      762  8.872E-06 8.872E-06  00:04:35 1.16431E-08       84323  9.485E-02  1.000E-01
      822  9.570E-06 9.570E-06  00:04:56 1.16431E-08       84218  9.414E-02  1.000E-01
      882  1.027E-05 1.027E-05  00:05:16 1.16440E-08       72982  9.340E-02  1.000E-01
      938  1.092E-05 1.092E-05  00:05:37 1.16441E-08       72982  9.270E-02  1.000E-01
      987  1.149E-05 1.149E-05  00:05:58 1.16431E-08       84324  9.208E-02  1.000E-01
     1046  1.218E-05 1.218E-05  00:06:19 1.16441E-08       84324  9.132E-02  1.000E-01
     1105  1.287E-05 1.287E-05  00:06:39 1.16441E-08       84323  9.055E-02  1.000E-01
     1164  1.355E-05 1.355E-05  00:07:00 1.16441E-08       84218  8.978E-02  1.000E-01
     1223  1.424E-05 1.424E-05  00:07:21 1.16443E-08       73088  8.900E-02  1.000E-01
     1282  1.493E-05 1.493E-05  00:07:41 1.16444E-08       73088  8.822E-02  1.000E-01
     1341  1.561E-05 1.561E-05  00:08:02 1.16444E-08       73088  8.745E-02  1.000E-01
     1399  1.629E-05 1.629E-05  00:08:22 1.16443E-08       84323  8.669E-02  1.000E-01
     1457  1.696E-05 1.696E-05  00:08:43 1.16444E-08       84218  8.593E-02  1.000E-01
     1516  1.765E-05 1.765E-05  00:09:04 1.16444E-08       84323  8.517E-02  1.000E-01
     1574  1.833E-05 1.833E-05  00:09:24 1.16444E-08       84324  8.442E-02  1.000E-01
     1629  1.897E-05 1.897E-05  00:09:45 1.16445E-08       84324  8.372E-02  1.000E-01
     1675  1.950E-05 1.950E-05  00:10:06 1.16445E-08       73088  8.314E-02  1.000E-01
     1718  2.000E-05 2.000E-05  00:10:22 1.16445E-08       73088  8.260E-02  1.000E-01
Output Field Frame Number     1, of     25, at step time 2.000E-05
     1776  2.068E-05 2.068E-05  00:10:43 1.16445E-08       73088  8.188E-02  1.000E-01
     1834  2.135E-05 2.135E-05  00:11:03 1.16445E-08       73088  8.117E-02  1.000E-01
     1892  2.203E-05 2.203E-05  00:11:24 1.16446E-08       73088  8.046E-02  1.000E-01
     1950  2.271E-05 2.271E-05  00:11:45 1.16446E-08       61852  7.977E-02  1.000E-01
     2009  2.339E-05 2.339E-05  00:12:05 1.16446E-08       73088  7.908E-02  1.000E-01
     2068  2.408E-05 2.408E-05  00:12:26 1.16446E-08       73088  7.839E-02  1.000E-01
     2125  2.474E-05 2.474E-05  00:12:47 1.16446E-08       73088  7.774E-02  1.000E-01
     2183  2.542E-05 2.542E-05  00:13:07 1.16446E-08       73088  7.709E-02  1.000E-01
     2241  2.609E-05 2.609E-05  00:13:28 1.16445E-08       84324  7.645E-02  1.000E-01

 STEP 1  ORIGIN 0.0000

              STEP     TOTAL      WALL        STABLE    CRITICAL    KINETIC      TOTAL
INCREMENT     TIME      TIME      TIME     INCREMENT     ELEMENT     ENERGY     ENERGY
     2299  2.677E-05 2.677E-05  00:13:49 1.16446E-08       28144  7.582E-02  1.000E-01
     2357  2.744E-05 2.744E-05  00:14:09 1.16446E-08       73088  7.520E-02  1.000E-01
     2414  2.811E-05 2.811E-05  00:14:30 1.16446E-08       84324  7.461E-02  1.000E-01
     2473  2.880E-05 2.880E-05  00:14:51 1.16446E-08       73088  7.400E-02  1.000E-01
     2529  2.945E-05 2.945E-05  00:15:11 1.16446E-08        5672  7.343E-02  1.000E-01
     2587  3.012E-05 3.012E-05  00:15:32 1.16446E-08       84324  7.286E-02  1.000E-01
     2645  3.080E-05 3.080E-05  00:15:53 1.16446E-08        5672  7.230E-02  1.000E-01
     2703  3.147E-05 3.147E-05  00:16:13 1.16446E-08       28144  7.175E-02  1.000E-01
     2761  3.215E-05 3.215E-05  00:16:34 1.16446E-08       28144  7.121E-02  1.000E-01
     2819  3.282E-05 3.282E-05  00:16:55 1.16446E-08       28144  7.069E-02  1.000E-01
     2877  3.350E-05 3.350E-05  00:17:16 1.16446E-08       28144  7.016E-02  1.000E-01
     2934  3.416E-05 3.416E-05  00:17:37 1.16446E-08       28144  6.965E-02  1.000E-01
     2993  3.485E-05 3.485E-05  00:17:57 1.16446E-08        5672  6.911E-02  1.000E-01
     3037  3.536E-05 3.536E-05  00:18:19 1.16446E-08       28144  6.871E-02  1.000E-01
     3080  3.586E-05 3.586E-05  00:18:41 1.16446E-08       28144  6.832E-02  1.000E-01
     3124  3.638E-05 3.638E-05  00:19:02 1.16446E-08        5672  6.791E-02  1.000E-01
     3168  3.689E-05 3.689E-05  00:19:24 1.16446E-08        5672  6.751E-02  1.000E-01
     3212  3.740E-05 3.740E-05  00:19:45 1.16446E-08        5672  6.711E-02  1.000E-01
     3258  3.794E-05 3.794E-05  00:20:07 1.16446E-08       28144  6.670E-02  1.000E-01
     3312  3.857E-05 3.857E-05  00:20:28 1.16446E-08        5672  6.621E-02  1.000E-01
     3362  3.915E-05 3.915E-05  00:20:48 1.16446E-08        5672  6.577E-02  1.000E-01
     3416  3.978E-05 3.978E-05  00:21:09 1.16446E-08        5672  6.530E-02  1.000E-01
     3436  4.001E-05 4.001E-05  00:21:16 1.16446E-08        5672  6.513E-02  1.000E-01
Output Field Frame Number     2, of     25, at step time 4.001E-05
     3491  4.065E-05 4.065E-05  00:21:37 1.16446E-08       16908  6.468E-02  1.000E-01
     3546  4.129E-05 4.129E-05  00:21:58 1.16446E-08        5672  6.424E-02  1.000E-01
     3600  4.192E-05 4.192E-05  00:22:19 1.16446E-08        5672  6.383E-02  1.000E-01
     3655  4.256E-05 4.256E-05  00:22:39 1.16446E-08        5672  6.343E-02  1.000E-01
     3710  4.320E-05 4.320E-05  00:23:00 1.16446E-08        5672  6.307E-02  1.000E-01
     3765  4.384E-05 4.384E-05  00:23:21 1.16446E-08        5672  6.273E-02  1.000E-01
     3820  4.448E-05 4.448E-05  00:23:41 1.16446E-08        5672  6.242E-02  1.000E-01
     3875  4.512E-05 4.512E-05  00:24:02 1.16446E-08        5672  6.214E-02  1.000E-01
     3930  4.576E-05 4.576E-05  00:24:23 1.16446E-08        5672  6.188E-02  1.000E-01
     3987  4.643E-05 4.643E-05  00:24:43 1.16446E-08        5672  6.165E-02  1.000E-01
     4043  4.708E-05 4.708E-05  00:25:04 1.16446E-08        5672  6.144E-02  1.000E-01
     4099  4.773E-05 4.773E-05  00:25:25 1.16446E-08        5672  6.126E-02  1.000E-01
     4156  4.839E-05 4.839E-05  00:25:46 1.16446E-08        5672  6.109E-02  1.000E-01
     4215  4.908E-05 4.908E-05  00:26:06 1.16446E-08        5672  6.093E-02  1.000E-01
     4273  4.976E-05 4.976E-05  00:26:27 1.16446E-08        5672  6.078E-02  1.000E-01
     4331  5.043E-05 5.043E-05  00:26:48 1.16446E-08        5672  6.065E-02  1.000E-01
     4384  5.105E-05 5.105E-05  00:27:09 1.16446E-08        5672  6.053E-02  1.000E-01

 STEP 1  ORIGIN 0.0000

              STEP     TOTAL      WALL        STABLE    CRITICAL    KINETIC      TOTAL
INCREMENT     TIME      TIME      TIME     INCREMENT     ELEMENT     ENERGY     ENERGY
     4432  5.161E-05 5.161E-05  00:27:29 1.16446E-08        5672  6.043E-02  1.000E-01
     4489  5.227E-05 5.227E-05  00:27:49 1.16446E-08        5672  6.030E-02  1.000E-01
     4546  5.294E-05 5.294E-05  00:28:10 1.16446E-08        5672  6.017E-02  1.000E-01
     4604  5.361E-05 5.361E-05  00:28:31 1.16446E-08        5672  6.004E-02  1.000E-01
     4662  5.429E-05 5.429E-05  00:28:51 1.16446E-08        5672  5.990E-02  1.000E-01
     4720  5.496E-05 5.496E-05  00:29:12 1.16446E-08        5672  5.976E-02  1.000E-01
     4778  5.564E-05 5.564E-05  00:29:32 1.16446E-08        5672  5.962E-02  1.000E-01
     4835  5.630E-05 5.630E-05  00:29:53 1.16446E-08        5672  5.948E-02  1.000E-01
     4892  5.697E-05 5.697E-05  00:30:14 1.16446E-08        5672  5.934E-02  1.000E-01
     4949  5.763E-05 5.763E-05  00:30:35 1.16446E-08        5672  5.920E-02  1.000E-01
     5006  5.829E-05 5.829E-05  00:30:56 1.16446E-08        5672  5.906E-02  1.000E-01
     5063  5.896E-05 5.896E-05  00:31:16 1.16446E-08        5672  5.892E-02  1.000E-01
     5120  5.962E-05 5.962E-05  00:31:37 1.16446E-08        5672  5.877E-02  1.000E-01
     5153  6.000E-05 6.000E-05  00:31:49 1.16446E-08        5672  5.869E-02  1.000E-01
Output Field Frame Number     3, of     25, at step time 6.000E-05
     5202  6.058E-05 6.058E-05  00:32:10 1.16446E-08        5672  5.855E-02  1.000E-01
     5254  6.118E-05 6.118E-05  00:32:31 1.16446E-08        5672  5.841E-02  1.000E-01
     5306  6.179E-05 6.179E-05  00:32:52 1.16446E-08        5672  5.825E-02  1.000E-01
     5352  6.232E-05 6.232E-05  00:33:13 1.16446E-08        5672  5.810E-02  1.000E-01
     5398  6.286E-05 6.286E-05  00:33:35 1.16446E-08        5672  5.795E-02  1.000E-01
     5446  6.342E-05 6.342E-05  00:33:56 1.16446E-08        5672  5.778E-02  1.000E-01
     5498  6.402E-05 6.402E-05  00:34:16 1.16446E-08        5672  5.758E-02  1.000E-01
     5551  6.464E-05 6.464E-05  00:34:37 1.16446E-08       28144  5.737E-02  1.000E-01
     5608  6.530E-05 6.530E-05  00:34:57 1.16446E-08       84324  5.714E-02  1.000E-01
     5664  6.595E-05 6.595E-05  00:35:18 1.16445E-08       84324  5.691E-02  1.000E-01
     5719  6.659E-05 6.659E-05  00:35:39 1.16445E-08       84324  5.667E-02  1.000E-01
     5775  6.725E-05 6.725E-05  00:35:59 1.16446E-08       84324  5.642E-02  1.000E-01
     5831  6.790E-05 6.790E-05  00:36:20 1.16446E-08       84324  5.617E-02  1.000E-01
     5888  6.856E-05 6.856E-05  00:36:41 1.16446E-08       84324  5.591E-02  1.000E-01
     5945  6.923E-05 6.923E-05  00:37:02 1.16446E-08       73088  5.564E-02  1.000E-01
     6001  6.988E-05 6.988E-05  00:37:23 1.16446E-08       61852  5.537E-02  1.000E-01
     6052  7.047E-05 7.047E-05  00:37:43 1.16446E-08        5672  5.511E-02  1.000E-01
     6105  7.109E-05 7.109E-05  00:38:04 1.16446E-08       16908  5.483E-02  1.000E-01
     6160  7.173E-05 7.173E-05  00:38:25 1.16446E-08       28144  5.452E-02  1.000E-01
     6215  7.237E-05 7.237E-05  00:38:45 1.16446E-08       28144  5.420E-02  1.000E-01
     6269  7.300E-05 7.300E-05  00:39:06 1.16446E-08        5672  5.387E-02  1.000E-01
     6322  7.361E-05 7.361E-05  00:39:27 1.16446E-08        5672  5.352E-02  1.000E-01
     6374  7.422E-05 7.422E-05  00:39:47 1.16446E-08       28144  5.317E-02  1.000E-01
     6421  7.477E-05 7.477E-05  00:40:08 1.16446E-08        5672  5.283E-02  1.000E-01
     6470  7.534E-05 7.534E-05  00:40:28 1.16446E-08        5672  5.247E-02  1.000E-01
     6524  7.597E-05 7.597E-05  00:40:49 1.16446E-08        5672  5.205E-02  1.000E-01

 STEP 1  ORIGIN 0.0000

              STEP     TOTAL      WALL        STABLE    CRITICAL    KINETIC      TOTAL
INCREMENT     TIME      TIME      TIME     INCREMENT     ELEMENT     ENERGY     ENERGY
     6579  7.661E-05 7.661E-05  00:41:10 1.16446E-08        5672  5.160E-02  1.000E-01
     6630  7.720E-05 7.720E-05  00:41:30 1.16446E-08        5672  5.117E-02  1.000E-01
     6680  7.778E-05 7.778E-05  00:41:51 1.16446E-08        5672  5.073E-02  1.000E-01
     6724  7.829E-05 7.829E-05  00:42:11 1.16446E-08        5672  5.033E-02  1.000E-01
     6767  7.879E-05 7.879E-05  00:42:32 1.16446E-08        5672  4.993E-02  1.000E-01
     6811  7.931E-05 7.931E-05  00:42:52 1.16446E-08        5672  4.950E-02  1.000E-01
     6855  7.982E-05 7.982E-05  00:43:12 1.16446E-08        5672  4.905E-02  1.000E-01
     6871  8.001E-05 8.001E-05  00:43:19 1.16446E-08        5672  4.888E-02  1.000E-01
Output Field Frame Number     4, of     25, at step time 8.001E-05
     6922  8.060E-05 8.060E-05  00:43:40 1.16446E-08        5672  4.833E-02  1.000E-01
     6968  8.113E-05 8.113E-05  00:44:01 1.16446E-08        5672  4.782E-02  1.000E-01
     7024  8.179E-05 8.179E-05  00:44:21 1.16446E-08        5672  4.718E-02  1.000E-01
     7081  8.245E-05 8.245E-05  00:44:42 1.16446E-08        5672  4.652E-02  1.000E-01
     7137  8.310E-05 8.310E-05  00:45:03 1.16446E-08        5672  4.585E-02  1.000E-01
     7193  8.375E-05 8.375E-05  00:45:24 1.16446E-08        5672  4.516E-02  1.000E-01
     7246  8.437E-05 8.437E-05  00:45:45 1.16446E-08        5672  4.451E-02  1.000E-01
     7302  8.502E-05 8.502E-05  00:46:05 1.16446E-08        5672  4.380E-02  1.000E-01
     7346  8.553E-05 8.553E-05  00:46:26 1.16446E-08        5672  4.324E-02  1.000E-01
     7388  8.602E-05 8.602E-05  00:46:46 1.16446E-08        5672  4.270E-02  1.000E-01
     7431  8.652E-05 8.652E-05  00:47:07 1.16446E-08        5672  4.215E-02  1.000E-01
     7474  8.703E-05 8.703E-05  00:47:27 1.16446E-08        5672  4.159E-02  1.000E-01
     7517  8.753E-05 8.753E-05  00:47:48 1.16446E-08        5672  4.102E-02  1.000E-01
     7560  8.803E-05 8.803E-05  00:48:08 1.16446E-08        5672  4.046E-02  1.000E-01
     7605  8.855E-05 8.855E-05  00:48:29 1.16446E-08        5672  3.987E-02  1.000E-01
     7648  8.905E-05 8.905E-05  00:48:49 1.16446E-08        5672  3.930E-02  1.000E-01
     7690  8.954E-05 8.954E-05  00:49:09 1.16446E-08        5672  3.875E-02  1.000E-01
     7733  9.004E-05 9.004E-05  00:49:29 1.16446E-08        5672  3.819E-02  1.000E-01
     7775  9.053E-05 9.053E-05  00:49:49 1.16446E-08        5672  3.765E-02  1.000E-01
     7819  9.104E-05 9.104E-05  00:50:10 1.16446E-08        5672  3.708E-02  1.000E-01
     7863  9.155E-05 9.155E-05  00:50:30 1.16446E-08        5672  3.652E-02  1.000E-01
     7906  9.205E-05 9.205E-05  00:50:51 1.16446E-08        5672  3.599E-02  1.000E-01
     7949  9.255E-05 9.255E-05  00:51:11 1.16446E-08        5672  3.546E-02  1.000E-01
     7991  9.304E-05 9.304E-05  00:51:31 1.16446E-08        5672  3.495E-02  1.000E-01
     8034  9.354E-05 9.354E-05  00:51:52 1.16446E-08        5672  3.444E-02  1.000E-01
     8076  9.403E-05 9.403E-05  00:52:12 1.16446E-08        5672  3.395E-02  1.000E-01
     8118  9.452E-05 9.452E-05  00:52:33 1.16446E-08        5672  3.348E-02  1.000E-01
     8160  9.501E-05 9.501E-05  00:52:53 1.16446E-08        5672  3.301E-02  1.000E-01
     8202  9.550E-05 9.550E-05  00:53:14 1.16446E-08        5672  3.256E-02  1.000E-01
     8246  9.601E-05 9.601E-05  00:53:34 1.16446E-08        5672  3.211E-02  1.000E-01
     8290  9.652E-05 9.652E-05  00:53:55 1.16446E-08        5672  3.167E-02  1.000E-01
     8335  9.705E-05 9.705E-05  00:54:15 1.16446E-08        5672  3.123E-02  1.000E-01

 STEP 1  ORIGIN 0.0000

              STEP     TOTAL      WALL        STABLE    CRITICAL    KINETIC      TOTAL
INCREMENT     TIME      TIME      TIME     INCREMENT     ELEMENT     ENERGY     ENERGY
     8379  9.756E-05 9.756E-05  00:54:36 1.16446E-08        5672  3.082E-02  1.000E-01
     8422  9.806E-05 9.806E-05  00:54:56 1.16446E-08        5672  3.043E-02  1.000E-01
     8465  9.856E-05 9.856E-05  00:55:16 1.16446E-08        5672  3.006E-02  1.000E-01
     8508  9.906E-05 9.906E-05  00:55:36 1.16446E-08        5672  2.971E-02  1.000E-01
     8551  9.956E-05 9.956E-05  00:55:57 1.16446E-08        5672  2.937E-02  1.000E-01
     8589  1.000E-04 1.000E-04  00:56:15 1.16446E-08        5672  2.909E-02  1.000E-01
Output Field Frame Number     5, of     25, at step time 1.000E-04
     8632  1.005E-04 1.005E-04  00:56:35 1.16446E-08        5672  2.879E-02  1.000E-01
     8676  1.010E-04 1.010E-04  00:56:56 1.16446E-08        5672  2.850E-02  1.000E-01
     8719  1.015E-04 1.015E-04  00:57:16 1.16446E-08        5672  2.824E-02  1.000E-01
     8763  1.020E-04 1.020E-04  00:57:37 1.16446E-08        5672  2.799E-02  1.000E-01
     8806  1.025E-04 1.025E-04  00:57:57 1.16446E-08       84324  2.776E-02  1.000E-01
     8850  1.030E-04 1.030E-04  00:58:18 1.16446E-08        5672  2.755E-02  1.000E-01
     8893  1.035E-04 1.035E-04  00:58:38 1.16445E-08       84324  2.736E-02  1.000E-01
     8937  1.041E-04 1.041E-04  00:58:58 1.16446E-08       84324  2.719E-02  1.000E-01
     8980  1.046E-04 1.046E-04  00:59:19 1.16445E-08       84324  2.704E-02  1.000E-01
     9021  1.050E-04 1.050E-04  00:59:39 1.16445E-08       84324  2.690E-02  1.000E-01
     9061  1.055E-04 1.055E-04  00:59:59 1.16446E-08       84324  2.678E-02  1.000E-01
     9101  1.060E-04 1.060E-04  01:00:20 1.16446E-08       84324  2.666E-02  1.000E-01
     9142  1.064E-04 1.064E-04  01:00:40 1.16446E-08       84324  2.655E-02  1.000E-01
     9183  1.069E-04 1.069E-04  01:01:00 1.16446E-08        5672  2.644E-02  1.000E-01
     9225  1.074E-04 1.074E-04  01:01:21 1.16446E-08       28144  2.634E-02  1.000E-01
     9266  1.079E-04 1.079E-04  01:01:42 1.16446E-08        5672  2.624E-02  1.000E-01
     9309  1.084E-04 1.084E-04  01:02:02 1.16446E-08        5672  2.613E-02  1.000E-01
     9351  1.089E-04 1.089E-04  01:02:23 1.16446E-08        5672  2.603E-02  1.000E-01
     9394  1.094E-04 1.094E-04  01:02:44 1.16446E-08        5672  2.592E-02  1.000E-01
     9436  1.099E-04 1.099E-04  01:03:04 1.16446E-08        5672  2.581E-02  1.000E-01
     9478  1.104E-04 1.104E-04  01:03:24 1.16446E-08       16908  2.570E-02  1.000E-01
     9522  1.109E-04 1.109E-04  01:03:45 1.16446E-08        5672  2.558E-02  1.000E-01
     9565  1.114E-04 1.114E-04  01:04:05 1.16446E-08       16908  2.545E-02  1.000E-01
     9608  1.119E-04 1.119E-04  01:04:26 1.16446E-08        5672  2.532E-02  1.000E-01
     9653  1.124E-04 1.124E-04  01:04:46 1.16446E-08       16908  2.517E-02  1.000E-01
     9698  1.129E-04 1.129E-04  01:05:07 1.16446E-08        5672  2.503E-02  1.000E-01
     9744  1.135E-04 1.135E-04  01:05:27 1.16446E-08       28144  2.487E-02  1.000E-01
     9789  1.140E-04 1.140E-04  01:05:47 1.16446E-08       39380  2.473E-02  1.000E-01
     9832  1.145E-04 1.145E-04  01:06:08 1.16446E-08       84324  2.459E-02  1.000E-01
     9874  1.150E-04 1.150E-04  01:06:28 1.16446E-08       28144  2.446E-02  1.000E-01
     9917  1.155E-04 1.155E-04  01:06:49 1.16446E-08       84324  2.434E-02  1.000E-01
     9961  1.160E-04 1.160E-04  01:07:09 1.16446E-08       73088  2.423E-02  1.000E-01
    10006  1.165E-04 1.165E-04  01:07:30 1.16446E-08       84324  2.412E-02  1.000E-01
    10051  1.170E-04 1.170E-04  01:07:50 1.16445E-08       84324  2.403E-02  1.000E-01

 STEP 1  ORIGIN 0.0000

              STEP     TOTAL      WALL        STABLE    CRITICAL    KINETIC      TOTAL
INCREMENT     TIME      TIME      TIME     INCREMENT     ELEMENT     ENERGY     ENERGY
    10096  1.175E-04 1.175E-04  01:08:11 1.16445E-08       84324  2.395E-02  1.000E-01
    10141  1.181E-04 1.181E-04  01:08:31 1.16445E-08       84324  2.388E-02  1.000E-01
    10186  1.186E-04 1.186E-04  01:08:52 1.16444E-08       84324  2.383E-02  1.000E-01
    10230  1.191E-04 1.191E-04  01:09:12 1.16445E-08       84324  2.380E-02  1.000E-01
    10273  1.196E-04 1.196E-04  01:09:32 1.16445E-08       84324  2.378E-02  1.000E-01
    10307  1.200E-04 1.200E-04  01:09:48 1.16445E-08       84324  2.377E-02  1.000E-01
Output Field Frame Number     6, of     25, at step time 1.200E-04
    10350  1.205E-04 1.205E-04  01:10:08 1.16444E-08       84324  2.378E-02  1.000E-01
    10395  1.210E-04 1.210E-04  01:10:29 1.16444E-08       84324  2.381E-02  1.000E-01
    10440  1.216E-04 1.216E-04  01:10:49 1.16445E-08       84324  2.385E-02  1.000E-01
    10485  1.221E-04 1.221E-04  01:11:10 1.16444E-08       84324  2.391E-02  1.000E-01
    10531  1.226E-04 1.226E-04  01:11:30 1.16444E-08       84324  2.399E-02  1.000E-01
    10578  1.232E-04 1.232E-04  01:11:51 1.16443E-08       84324  2.409E-02  1.000E-01
    10623  1.237E-04 1.237E-04  01:12:11 1.16444E-08       84324  2.420E-02  1.000E-01
    10668  1.242E-04 1.242E-04  01:12:32 1.16444E-08       84324  2.433E-02  1.000E-01
    10712  1.247E-04 1.247E-04  01:12:52 1.16444E-08       84324  2.447E-02  1.000E-01
    10757  1.252E-04 1.252E-04  01:13:13 1.16444E-08       84324  2.462E-02  1.000E-01
    10802  1.258E-04 1.258E-04  01:13:33 1.16444E-08       84324  2.480E-02  1.000E-01
    10847  1.263E-04 1.263E-04  01:13:53 1.16444E-08       84324  2.498E-02  1.000E-01
    10893  1.268E-04 1.268E-04  01:14:14 1.16445E-08       73088  2.518E-02  1.000E-01
    10939  1.274E-04 1.274E-04  01:14:34 1.16444E-08       84324  2.540E-02  1.000E-01
    10985  1.279E-04 1.279E-04  01:14:55 1.16444E-08       84324  2.562E-02  1.000E-01
    11031  1.284E-04 1.284E-04  01:15:15 1.16445E-08       84324  2.586E-02  1.000E-01
    11076  1.290E-04 1.290E-04  01:15:36 1.16445E-08       84324  2.611E-02  1.000E-01
    11122  1.295E-04 1.295E-04  01:15:56 1.16445E-08       84324  2.637E-02  1.000E-01
    11169  1.300E-04 1.300E-04  01:16:17 1.16446E-08       73088  2.664E-02  1.000E-01
    11215  1.306E-04 1.306E-04  01:16:37 1.16445E-08       84324  2.690E-02  1.000E-01
    11260  1.311E-04 1.311E-04  01:16:58 1.16445E-08       84324  2.716E-02  1.000E-01
    11306  1.316E-04 1.316E-04  01:17:18 1.16445E-08       84324  2.742E-02  1.000E-01
    11352  1.322E-04 1.322E-04  01:17:38 1.16445E-08       84324  2.768E-02  1.000E-01
    11398  1.327E-04 1.327E-04  01:17:59 1.16445E-08       84324  2.792E-02  1.000E-01
    11445  1.333E-04 1.333E-04  01:18:19 1.16445E-08       84324  2.816E-02  1.000E-01
    11493  1.338E-04 1.338E-04  01:18:40 1.16445E-08       84324  2.839E-02  1.000E-01
    11541  1.344E-04 1.344E-04  01:19:00 1.16445E-08       84324  2.860E-02  1.000E-01
    11589  1.349E-04 1.349E-04  01:19:21 1.16445E-08       84324  2.879E-02  1.000E-01
    11636  1.355E-04 1.355E-04  01:19:41 1.16444E-08       84324  2.896E-02  1.000E-01
    11684  1.360E-04 1.360E-04  01:20:02 1.16445E-08       84324  2.910E-02  1.000E-01
    11731  1.366E-04 1.366E-04  01:20:22 1.16445E-08       84324  2.922E-02  1.000E-01
    11779  1.371E-04 1.371E-04  01:20:42 1.16445E-08       84324  2.932E-02  1.000E-01
    11827  1.377E-04 1.377E-04  01:21:03 1.16445E-08       84324  2.938E-02  1.000E-01
    11874  1.382E-04 1.382E-04  01:21:23 1.16444E-08       84324  2.942E-02  1.000E-01

 STEP 1  ORIGIN 0.0000

              STEP     TOTAL      WALL        STABLE    CRITICAL    KINETIC      TOTAL
INCREMENT     TIME      TIME      TIME     INCREMENT     ELEMENT     ENERGY     ENERGY
    11921  1.388E-04 1.388E-04  01:21:43 1.16444E-08       84324  2.943E-02  1.000E-01
    11969  1.394E-04 1.394E-04  01:22:04 1.16444E-08       84324  2.941E-02  1.000E-01
    12015  1.399E-04 1.399E-04  01:22:24 1.16444E-08       84324  2.936E-02  1.000E-01
    12025  1.400E-04 1.400E-04  01:22:29 1.16444E-08       84324  2.934E-02  1.000E-01
Output Field Frame Number     7, of     25, at step time 1.400E-04
    12068  1.405E-04 1.405E-04  01:22:49 1.16441E-08       84324  2.926E-02  1.000E-01
    12114  1.410E-04 1.410E-04  01:23:10 1.16442E-08       84324  2.914E-02  1.000E-01
    12163  1.416E-04 1.416E-04  01:23:31 1.16442E-08       84324  2.898E-02  1.000E-01
    12204  1.421E-04 1.421E-04  01:23:51 1.16443E-08       84324  2.882E-02  1.000E-01
    12245  1.426E-04 1.426E-04  01:24:11 1.16443E-08       84324  2.863E-02  1.000E-01
    12289  1.431E-04 1.431E-04  01:24:32 1.16442E-08       84324  2.841E-02  1.000E-01
    12333  1.436E-04 1.436E-04  01:24:52 1.16442E-08       84324  2.817E-02  1.000E-01
    12376  1.441E-04 1.441E-04  01:25:12 1.16442E-08       84324  2.791E-02  1.000E-01
    12421  1.446E-04 1.446E-04  01:25:32 1.16442E-08       84324  2.761E-02  1.000E-01
    12481  1.453E-04 1.453E-04  01:25:53 1.16443E-08       84324  2.718E-02  1.000E-01
    12542  1.460E-04 1.460E-04  01:26:14 1.16442E-08       84324  2.670E-02  1.000E-01
    12601  1.467E-04 1.467E-04  01:26:35 1.16442E-08       84324  2.622E-02  1.000E-01
    12659  1.474E-04 1.474E-04  01:26:55 1.16442E-08       84324  2.572E-02  1.000E-01
    12719  1.481E-04 1.481E-04  01:27:16 1.16442E-08       84324  2.518E-02  1.000E-01
    12779  1.488E-04 1.488E-04  01:27:37 1.16442E-08       84324  2.462E-02  1.000E-01
    12837  1.495E-04 1.495E-04  01:27:58 1.16443E-08       84324  2.407E-02  1.000E-01
    12886  1.500E-04 1.500E-04  01:28:19 1.16442E-08       84324  2.359E-02  1.000E-01
    12938  1.506E-04 1.506E-04  01:28:40 1.16443E-08       84324  2.308E-02  1.000E-01
    12980  1.511E-04 1.511E-04  01:29:01 1.16443E-08       84324  2.266E-02  1.000E-01
    13021  1.516E-04 1.516E-04  01:29:21 1.16443E-08       84324  2.226E-02  1.000E-01
    13062  1.521E-04 1.521E-04  01:29:41 1.16442E-08       84324  2.185E-02  1.000E-01
    13104  1.526E-04 1.526E-04  01:30:02 1.16443E-08       73088  2.144E-02  1.000E-01
    13146  1.531E-04 1.531E-04  01:30:22 1.16443E-08       84324  2.103E-02  1.000E-01
    13187  1.535E-04 1.535E-04  01:30:43 1.16443E-08       84324  2.062E-02  1.000E-01
    13226  1.540E-04 1.540E-04  01:31:03 1.16442E-08       84324  2.024E-02  1.000E-01
    13267  1.545E-04 1.545E-04  01:31:23 1.16443E-08       84324  1.984E-02  1.000E-01
    13308  1.549E-04 1.549E-04  01:31:44 1.16443E-08       84218  1.943E-02  1.000E-01
    13349  1.554E-04 1.554E-04  01:32:04 1.16443E-08       73088  1.903E-02  1.000E-01
    13389  1.559E-04 1.559E-04  01:32:24 1.16443E-08       84324  1.864E-02  1.000E-01
    13429  1.564E-04 1.564E-04  01:32:44 1.16443E-08       84324  1.825E-02  1.000E-01
    13469  1.568E-04 1.568E-04  01:33:04 1.16443E-08       84324  1.786E-02  1.000E-01
    13510  1.573E-04 1.573E-04  01:33:24 1.16442E-08       84324  1.746E-02  1.000E-01
    13554  1.578E-04 1.578E-04  01:33:45 1.16441E-08       84218  1.703E-02  1.000E-01
    13601  1.584E-04 1.584E-04  01:34:06 1.16443E-08       84218  1.658E-02  1.000E-01
    13644  1.589E-04 1.589E-04  01:34:26 1.16442E-08       84323  1.616E-02  1.000E-01
    13687  1.594E-04 1.594E-04  01:34:47 1.16442E-08       84324  1.575E-02  1.000E-01

 STEP 1  ORIGIN 0.0000

              STEP     TOTAL      WALL        STABLE    CRITICAL    KINETIC      TOTAL
INCREMENT     TIME      TIME      TIME     INCREMENT     ELEMENT     ENERGY     ENERGY
    13730  1.599E-04 1.599E-04  01:35:07 1.16438E-08       84324  1.535E-02  1.000E-01
    13743  1.600E-04 1.600E-04  01:35:13 1.16442E-08       84324  1.523E-02  1.000E-01
Output Field Frame Number     8, of     25, at step time 1.600E-04
    13786  1.605E-04 1.605E-04  01:35:33 1.16444E-08       61852  1.483E-02  1.000E-01
    13830  1.610E-04 1.610E-04  01:35:53 1.16444E-08       84324  1.443E-02  1.000E-01
    13878  1.616E-04 1.616E-04  01:36:14 1.16445E-08       73088  1.400E-02  1.000E-01
    13932  1.622E-04 1.622E-04  01:36:35 1.16444E-08       84218  1.353E-02  1.000E-01
    13989  1.629E-04 1.629E-04  01:36:55 1.16444E-08       84324  1.304E-02  1.000E-01
    14046  1.635E-04 1.635E-04  01:37:16 1.16445E-08       84324  1.258E-02  1.000E-01
    14103  1.642E-04 1.642E-04  01:37:37 1.16445E-08       73088  1.213E-02  1.000E-01
    14160  1.649E-04 1.649E-04  01:37:57 1.16446E-08       84324  1.171E-02  1.000E-01
    14217  1.655E-04 1.655E-04  01:38:18 1.16445E-08       73088  1.131E-02  1.000E-01
    14275  1.662E-04 1.662E-04  01:38:39 1.16446E-08       61852  1.094E-02  1.000E-01
    14334  1.669E-04 1.669E-04  01:38:59 1.16445E-08       73088  1.058E-02  1.000E-01
    14393  1.676E-04 1.676E-04  01:39:20 1.16445E-08       84324  1.026E-02  1.000E-01
    14453  1.683E-04 1.683E-04  01:39:40 1.16445E-08       84324  9.963E-03  1.000E-01
    14512  1.690E-04 1.690E-04  01:40:01 1.16445E-08       84324  9.701E-03  1.000E-01
    14569  1.696E-04 1.696E-04  01:40:21 1.16445E-08       84324  9.481E-03  1.000E-01
    14628  1.703E-04 1.703E-04  01:40:42 1.16446E-08       73088  9.290E-03  1.000E-01
    14686  1.710E-04 1.710E-04  01:41:02 1.16445E-08       84324  9.140E-03  1.000E-01
    14741  1.716E-04 1.716E-04  01:41:23 1.16446E-08       84324  9.035E-03  1.000E-01
    14796  1.723E-04 1.723E-04  01:41:44 1.16446E-08       73088  8.965E-03  1.000E-01
    14850  1.729E-04 1.729E-04  01:42:05 1.16444E-08       84324  8.930E-03  1.000E-01
    14904  1.735E-04 1.735E-04  01:42:25 1.16446E-08       84323  8.929E-03  1.000E-01
    14960  1.742E-04 1.742E-04  01:42:46 1.16446E-08        5672  8.963E-03  1.000E-01
    15011  1.748E-04 1.748E-04  01:43:07 1.16446E-08       16908  9.025E-03  1.000E-01
    15060  1.753E-04 1.753E-04  01:43:28 1.16446E-08        5672  9.113E-03  1.000E-01
    15111  1.759E-04 1.759E-04  01:43:49 1.16446E-08        5672  9.233E-03  1.000E-01
    15162  1.765E-04 1.765E-04  01:44:09 1.16446E-08        5672  9.382E-03  1.000E-01
    15214  1.771E-04 1.771E-04  01:44:30 1.16446E-08        5672  9.563E-03  1.000E-01
    15267  1.777E-04 1.777E-04  01:44:51 1.16446E-08        5672  9.777E-03  1.000E-01
    15319  1.784E-04 1.784E-04  01:45:11 1.16446E-08        5672  1.002E-02  1.000E-01
    15372  1.790E-04 1.790E-04  01:45:32 1.16446E-08        5672  1.029E-02  1.000E-01
    15423  1.796E-04 1.796E-04  01:45:53 1.16446E-08        5672  1.059E-02  1.000E-01
    15461  1.800E-04 1.800E-04  01:46:08 1.16446E-08        5672  1.082E-02  1.000E-01
Output Field Frame Number     9, of     25, at step time 1.800E-04
    15513  1.806E-04 1.806E-04  01:46:29 1.16446E-08        5672  1.116E-02  1.000E-01
    15570  1.813E-04 1.813E-04  01:46:49 1.16446E-08        5672  1.157E-02  1.000E-01
    15627  1.819E-04 1.819E-04  01:47:10 1.16446E-08        5672  1.200E-02  1.000E-01
    15684  1.826E-04 1.826E-04  01:47:31 1.16446E-08        5672  1.245E-02  1.000E-01
    15740  1.833E-04 1.833E-04  01:47:52 1.16446E-08        5672  1.292E-02  1.000E-01
    15796  1.839E-04 1.839E-04  01:48:12 1.16446E-08        5672  1.340E-02  1.000E-01

 STEP 1  ORIGIN 0.0000

              STEP     TOTAL      WALL        STABLE    CRITICAL    KINETIC      TOTAL
INCREMENT     TIME      TIME      TIME     INCREMENT     ELEMENT     ENERGY     ENERGY
    15852  1.846E-04 1.846E-04  01:48:33 1.16446E-08        5672  1.389E-02  1.000E-01
    15909  1.852E-04 1.852E-04  01:48:53 1.16446E-08        5672  1.440E-02  1.000E-01
    15965  1.859E-04 1.859E-04  01:49:14 1.16446E-08        5672  1.492E-02  1.000E-01
    16023  1.865E-04 1.865E-04  01:49:35 1.16446E-08        5672  1.547E-02  1.000E-01
    16080  1.872E-04 1.872E-04  01:49:56 1.16446E-08        5672  1.602E-02  1.000E-01
    16138  1.879E-04 1.879E-04  01:50:17 1.16445E-08        5672  1.659E-02  1.000E-01
    16195  1.886E-04 1.886E-04  01:50:37 1.16445E-08        5672  1.717E-02  1.000E-01
    16251  1.892E-04 1.892E-04  01:50:58 1.16446E-08        5672  1.775E-02  1.000E-01
    16306  1.898E-04 1.898E-04  01:51:19 1.16446E-08        5672  1.833E-02  1.000E-01
    16360  1.905E-04 1.905E-04  01:51:39 1.16446E-08        5672  1.892E-02  1.000E-01
    16415  1.911E-04 1.911E-04  01:52:00 1.16446E-08        5672  1.953E-02  1.000E-01
    16472  1.918E-04 1.918E-04  01:52:21 1.16446E-08        5672  2.017E-02  1.000E-01
    16530  1.925E-04 1.925E-04  01:52:41 1.16445E-08        5672  2.085E-02  1.000E-01
    16590  1.931E-04 1.931E-04  01:53:02 1.16446E-08        5672  2.156E-02  1.000E-01
    16651  1.939E-04 1.939E-04  01:53:23 1.16446E-08        5672  2.231E-02  1.000E-01
    16712  1.946E-04 1.946E-04  01:53:44 1.16446E-08        5672  2.308E-02  1.000E-01
    16770  1.952E-04 1.952E-04  01:54:04 1.16445E-08        5672  2.382E-02  1.000E-01
    16829  1.959E-04 1.959E-04  01:54:25 1.16446E-08        5672  2.460E-02  1.000E-01
    16888  1.966E-04 1.966E-04  01:54:45 1.16446E-08        5672  2.540E-02  1.000E-01
    16947  1.973E-04 1.973E-04  01:55:06 1.16446E-08        5672  2.621E-02  1.000E-01
    17001  1.979E-04 1.979E-04  01:55:28 1.16446E-08        5672  2.698E-02  1.000E-01
    17052  1.985E-04 1.985E-04  01:55:49 1.16446E-08        5672  2.772E-02  1.000E-01
    17097  1.991E-04 1.991E-04  01:56:11 1.16446E-08        5672  2.839E-02  1.000E-01
    17142  1.996E-04 1.996E-04  01:56:32 1.16446E-08        5672  2.906E-02  1.000E-01
    17179  2.000E-04 2.000E-04  01:56:47 1.16446E-08        5672  2.962E-02  1.000E-01
Output Field Frame Number    10, of     25, at step time 2.000E-04
    17236  2.007E-04 2.007E-04  01:57:08 1.16446E-08        5672  3.049E-02  1.000E-01
    17293  2.013E-04 2.013E-04  01:57:28 1.16446E-08        5672  3.137E-02  1.000E-01
    17352  2.020E-04 2.020E-04  01:57:49 1.16446E-08        5672  3.229E-02  1.000E-01
    17410  2.027E-04 2.027E-04  01:58:09 1.16445E-08        5672  3.320E-02  1.000E-01
    17468  2.034E-04 2.034E-04  01:58:30 1.16446E-08        5672  3.411E-02  1.000E-01
    17527  2.041E-04 2.041E-04  01:58:51 1.16446E-08        5672  3.504E-02  1.000E-01
    17570  2.046E-04 2.046E-04  01:59:12 1.16446E-08        5672  3.573E-02  1.000E-01
    17614  2.051E-04 2.051E-04  01:59:32 1.16446E-08        5672  3.643E-02  1.000E-01
    17657  2.056E-04 2.056E-04  01:59:52 1.16446E-08        5672  3.711E-02  1.000E-01
    17700  2.061E-04 2.061E-04  02:00:13 1.16446E-08        5672  3.780E-02  1.000E-01
    17744  2.066E-04 2.066E-04  02:00:33 1.16446E-08        5672  3.850E-02  1.000E-01
    17788  2.071E-04 2.071E-04  02:00:54 1.16446E-08        5672  3.921E-02  1.000E-01
    17831  2.076E-04 2.076E-04  02:01:14 1.16446E-08        5672  3.990E-02  1.000E-01
    17874  2.081E-04 2.081E-04  02:01:35 1.16446E-08        5672  4.059E-02  1.000E-01
    17917  2.086E-04 2.086E-04  02:01:55 1.16446E-08        5672  4.127E-02  1.000E-01

 STEP 1  ORIGIN 0.0000

              STEP     TOTAL      WALL        STABLE    CRITICAL    KINETIC      TOTAL
INCREMENT     TIME      TIME      TIME     INCREMENT     ELEMENT     ENERGY     ENERGY
    17960  2.091E-04 2.091E-04  02:02:15 1.16446E-08        5672  4.195E-02  1.000E-01
    18002  2.096E-04 2.096E-04  02:02:36 1.16446E-08        5672  4.261E-02  1.000E-01
    18042  2.101E-04 2.101E-04  02:02:56 1.16446E-08        5672  4.323E-02  1.000E-01
    18083  2.105E-04 2.105E-04  02:03:17 1.16446E-08        5672  4.386E-02  1.000E-01
    18124  2.110E-04 2.110E-04  02:03:37 1.16446E-08        5672  4.448E-02  1.000E-01
    18166  2.115E-04 2.115E-04  02:03:57 1.16446E-08        5672  4.510E-02  1.000E-01
    18209  2.120E-04 2.120E-04  02:04:18 1.16446E-08        5672  4.572E-02  1.000E-01
    18255  2.125E-04 2.125E-04  02:04:39 1.16446E-08        5672  4.636E-02  1.000E-01
    18304  2.131E-04 2.131E-04  02:04:59 1.16446E-08        5672  4.701E-02  1.000E-01
    18361  2.138E-04 2.138E-04  02:05:20 1.16446E-08        5672  4.774E-02  1.000E-01
    18403  2.143E-04 2.143E-04  02:05:40 1.16446E-08       16908  4.824E-02  1.000E-01
    18443  2.147E-04 2.147E-04  02:06:00 1.16446E-08        5672  4.870E-02  1.000E-01
    18483  2.152E-04 2.152E-04  02:06:20 1.16446E-08        5672  4.913E-02  1.000E-01
    18523  2.157E-04 2.157E-04  02:06:40 1.16446E-08       84324  4.954E-02  1.000E-01
    18565  2.161E-04 2.161E-04  02:07:01 1.16446E-08       84324  4.995E-02  1.000E-01
    18607  2.166E-04 2.166E-04  02:07:21 1.16446E-08       84324  5.034E-02  1.000E-01
    18649  2.171E-04 2.171E-04  02:07:42 1.16446E-08       73088  5.070E-02  1.000E-01
    18691  2.176E-04 2.176E-04  02:08:02 1.16446E-08       84324  5.104E-02  1.000E-01
    18733  2.181E-04 2.181E-04  02:08:22 1.16445E-08       84324  5.136E-02  1.000E-01
    18775  2.186E-04 2.186E-04  02:08:42 1.16445E-08       84324  5.165E-02  1.000E-01
    18817  2.191E-04 2.191E-04  02:09:02 1.16445E-08       84324  5.193E-02  1.000E-01
    18860  2.196E-04 2.196E-04  02:09:23 1.16445E-08       84324  5.219E-02  1.000E-01
    18897  2.200E-04 2.200E-04  02:09:40 1.16445E-08       84324  5.240E-02  1.000E-01
Output Field Frame Number    11, of     25, at step time 2.200E-04
    18938  2.205E-04 2.205E-04  02:10:01 1.16444E-08       84324  5.262E-02  1.000E-01
    18981  2.210E-04 2.210E-04  02:10:21 1.16444E-08       84324  5.283E-02  1.000E-01
    19023  2.215E-04 2.215E-04  02:10:41 1.16444E-08       84324  5.302E-02  1.000E-01
    19065  2.220E-04 2.220E-04  02:11:02 1.16444E-08       84324  5.320E-02  1.000E-01
    19108  2.225E-04 2.225E-04  02:11:22 1.16445E-08       84324  5.337E-02  1.000E-01
    19151  2.230E-04 2.230E-04  02:11:43 1.16445E-08       84324  5.353E-02  1.000E-01
    19204  2.236E-04 2.236E-04  02:12:03 1.16446E-08       84324  5.372E-02  1.000E-01
    19261  2.242E-04 2.242E-04  02:12:23 1.16446E-08        5672  5.392E-02  1.000E-01
    19313  2.248E-04 2.248E-04  02:12:44 1.16446E-08        5672  5.408E-02  1.000E-01
    19354  2.253E-04 2.253E-04  02:13:04 1.16446E-08        5672  5.421E-02  1.000E-01
    19396  2.258E-04 2.258E-04  02:13:25 1.16446E-08        5672  5.435E-02  1.000E-01
    19437  2.263E-04 2.263E-04  02:13:45 1.16446E-08        5672  5.448E-02  1.000E-01
    19483  2.268E-04 2.268E-04  02:14:06 1.16446E-08        5672  5.462E-02  1.000E-01
    19526  2.273E-04 2.273E-04  02:14:26 1.16446E-08        5672  5.476E-02  1.000E-01
    19567  2.278E-04 2.278E-04  02:14:46 1.16446E-08        5672  5.489E-02  1.000E-01
    19609  2.283E-04 2.283E-04  02:15:06 1.16446E-08        5672  5.503E-02  1.000E-01
    19654  2.288E-04 2.288E-04  02:15:27 1.16446E-08        5672  5.518E-02  1.000E-01

 STEP 1  ORIGIN 0.0000

              STEP     TOTAL      WALL        STABLE    CRITICAL    KINETIC      TOTAL
INCREMENT     TIME      TIME      TIME     INCREMENT     ELEMENT     ENERGY     ENERGY
    19698  2.293E-04 2.293E-04  02:15:47 1.16446E-08        5672  5.533E-02  1.000E-01
    19742  2.298E-04 2.298E-04  02:16:08 1.16446E-08        5672  5.549E-02  1.000E-01
    19784  2.303E-04 2.303E-04  02:16:28 1.16446E-08        5672  5.565E-02  1.000E-01
    19825  2.308E-04 2.308E-04  02:16:49 1.16446E-08        5672  5.582E-02  1.000E-01
    19865  2.313E-04 2.313E-04  02:17:09 1.16446E-08        5672  5.599E-02  1.000E-01
    19906  2.318E-04 2.318E-04  02:17:29 1.16446E-08        5672  5.618E-02  1.000E-01
    19946  2.322E-04 2.322E-04  02:17:49 1.16446E-08        5672  5.637E-02  1.000E-01
    19987  2.327E-04 2.327E-04  02:18:10 1.16446E-08        5672  5.657E-02  1.000E-01
    20032  2.332E-04 2.332E-04  02:18:30 1.16446E-08        5672  5.681E-02  1.000E-01
    20080  2.338E-04 2.338E-04  02:18:51 1.16446E-08        5672  5.708E-02  1.000E-01
    20122  2.343E-04 2.343E-04  02:19:11 1.16446E-08        5672  5.732E-02  1.000E-01
    20165  2.348E-04 2.348E-04  02:19:31 1.16446E-08        5672  5.758E-02  1.000E-01
    20207  2.353E-04 2.353E-04  02:19:51 1.16446E-08        5672  5.785E-02  1.000E-01
    20249  2.357E-04 2.357E-04  02:20:12 1.16446E-08        5672  5.812E-02  1.000E-01
    20291  2.362E-04 2.362E-04  02:20:32 1.16446E-08        5672  5.840E-02  1.000E-01
    20334  2.367E-04 2.367E-04  02:20:53 1.16446E-08        5672  5.870E-02  1.000E-01
    20379  2.373E-04 2.373E-04  02:21:13 1.16446E-08        5672  5.903E-02  1.000E-01
    20422  2.378E-04 2.378E-04  02:21:33 1.16446E-08        5672  5.935E-02  1.000E-01
    20479  2.384E-04 2.384E-04  02:21:54 1.16446E-08        5672  5.979E-02  1.000E-01
    20538  2.391E-04 2.391E-04  02:22:14 1.16446E-08        5672  6.027E-02  1.000E-01
    20595  2.398E-04 2.398E-04  02:22:35 1.16446E-08        5672  6.075E-02  1.000E-01
    20615  2.400E-04 2.400E-04  02:22:42 1.16446E-08        5672  6.093E-02  1.000E-01
Output Field Frame Number    12, of     25, at step time 2.400E-04
    20672  2.407E-04 2.407E-04  02:23:02 1.16446E-08        5672  6.144E-02  1.000E-01
    20731  2.414E-04 2.414E-04  02:23:23 1.16446E-08       50616  6.200E-02  1.000E-01
    20791  2.421E-04 2.421E-04  02:23:44 1.16446E-08       28144  6.259E-02  1.000E-01
    20850  2.427E-04 2.427E-04  02:24:05 1.16446E-08       84324  6.319E-02  1.000E-01
    20909  2.434E-04 2.434E-04  02:24:25 1.16446E-08       61852  6.380E-02  1.000E-01
    20967  2.441E-04 2.441E-04  02:24:45 1.16446E-08       73088  6.440E-02  1.000E-01
    21022  2.447E-04 2.447E-04  02:25:06 1.16446E-08       61852  6.496E-02  1.000E-01
    21074  2.453E-04 2.453E-04  02:25:27 1.16446E-08       84324  6.548E-02  1.000E-01
    21114  2.458E-04 2.458E-04  02:25:48 1.16446E-08       73088  6.587E-02  1.000E-01
    21155  2.463E-04 2.463E-04  02:26:08 1.16446E-08       84324  6.625E-02  1.000E-01
    21196  2.468E-04 2.468E-04  02:26:29 1.16446E-08       73088  6.662E-02  1.000E-01
    21238  2.473E-04 2.473E-04  02:26:49 1.16446E-08       84324  6.698E-02  1.000E-01
    21279  2.477E-04 2.477E-04  02:27:10 1.16446E-08       84324  6.732E-02  1.000E-01
    21320  2.482E-04 2.482E-04  02:27:30 1.16446E-08       61852  6.764E-02  1.000E-01
    21362  2.487E-04 2.487E-04  02:27:50 1.16446E-08       84324  6.797E-02  1.000E-01
    21417  2.493E-04 2.493E-04  02:28:11 1.16446E-08       84324  6.837E-02  1.000E-01
    21474  2.500E-04 2.500E-04  02:28:32 1.16446E-08       84324  6.876E-02  1.000E-01
    21531  2.507E-04 2.507E-04  02:28:53 1.16446E-08       84324  6.914E-02  1.000E-01

 STEP 1  ORIGIN 0.0000

              STEP     TOTAL      WALL        STABLE    CRITICAL    KINETIC      TOTAL
INCREMENT     TIME      TIME      TIME     INCREMENT     ELEMENT     ENERGY     ENERGY
    21587  2.513E-04 2.513E-04  02:29:13 1.16446E-08       84324  6.948E-02  1.000E-01
    21643  2.520E-04 2.520E-04  02:29:34 1.16446E-08       84324  6.981E-02  1.000E-01
    21700  2.526E-04 2.526E-04  02:29:54 1.16446E-08       84324  7.012E-02  1.000E-01
    21757  2.533E-04 2.533E-04  02:30:15 1.16446E-08       84324  7.041E-02  1.000E-01
    21814  2.540E-04 2.540E-04  02:30:36 1.16446E-08       84324  7.069E-02  1.000E-01
    21871  2.546E-04 2.546E-04  02:30:56 1.16446E-08       84324  7.097E-02  1.000E-01
    21929  2.553E-04 2.553E-04  02:31:17 1.16446E-08       84324  7.125E-02  1.000E-01
    21986  2.560E-04 2.560E-04  02:31:38 1.16446E-08       84324  7.151E-02  1.000E-01
    22044  2.566E-04 2.566E-04  02:31:58 1.16446E-08       84324  7.178E-02  1.000E-01
    22103  2.573E-04 2.573E-04  02:32:19 1.16446E-08       84324  7.206E-02  1.000E-01
    22162  2.580E-04 2.580E-04  02:32:40 1.16446E-08       84324  7.234E-02  1.000E-01
    22221  2.587E-04 2.587E-04  02:33:00 1.16446E-08       84324  7.263E-02  1.000E-01
    22280  2.594E-04 2.594E-04  02:33:21 1.16446E-08       84324  7.292E-02  1.000E-01
    22333  2.600E-04 2.600E-04  02:33:39 1.16446E-08       84324  7.318E-02  1.000E-01
Output Field Frame Number    13, of     25, at step time 2.600E-04
    22390  2.607E-04 2.607E-04  02:34:00 1.16446E-08       84324  7.344E-02  1.000E-01
    22449  2.614E-04 2.614E-04  02:34:20 1.16446E-08       84324  7.371E-02  1.000E-01
    22508  2.620E-04 2.620E-04  02:34:41 1.16446E-08       84324  7.396E-02  1.000E-01
    22567  2.627E-04 2.627E-04  02:35:02 1.16446E-08       84324  7.420E-02  1.000E-01
    22623  2.634E-04 2.634E-04  02:35:23 1.16446E-08       84324  7.441E-02  1.000E-01
    22681  2.641E-04 2.641E-04  02:35:43 1.16446E-08       73088  7.461E-02  1.000E-01
    22739  2.647E-04 2.647E-04  02:36:04 1.16446E-08       84324  7.481E-02  1.000E-01
    22797  2.654E-04 2.654E-04  02:36:25 1.16446E-08       84324  7.500E-02  1.000E-01
    22854  2.661E-04 2.661E-04  02:36:45 1.16446E-08       84324  7.518E-02  1.000E-01
    22912  2.667E-04 2.667E-04  02:37:06 1.16446E-08       84324  7.536E-02  1.000E-01
    22970  2.674E-04 2.674E-04  02:37:26 1.16446E-08       84324  7.554E-02  1.000E-01
    23029  2.681E-04 2.681E-04  02:37:47 1.16446E-08       39380  7.574E-02  1.000E-01
    23087  2.688E-04 2.688E-04  02:38:08 1.16446E-08       73088  7.593E-02  1.000E-01
    23144  2.694E-04 2.694E-04  02:38:28 1.16446E-08       39380  7.613E-02  1.000E-01
    23201  2.701E-04 2.701E-04  02:38:49 1.16446E-08        5672  7.634E-02  1.000E-01
    23260  2.708E-04 2.708E-04  02:39:10 1.16446E-08        5672  7.657E-02  1.000E-01
    23318  2.715E-04 2.715E-04  02:39:31 1.16446E-08        5672  7.681E-02  1.000E-01
    23359  2.720E-04 2.720E-04  02:39:52 1.16446E-08       16908  7.699E-02  1.000E-01
    23402  2.725E-04 2.725E-04  02:40:12 1.16446E-08        5672  7.719E-02  1.000E-01
    23445  2.730E-04 2.730E-04  02:40:32 1.16446E-08        5672  7.739E-02  1.000E-01
    23488  2.735E-04 2.735E-04  02:40:52 1.16446E-08        5672  7.761E-02  1.000E-01
    23531  2.740E-04 2.740E-04  02:41:12 1.16446E-08        5672  7.783E-02  1.000E-01
    23575  2.745E-04 2.745E-04  02:41:33 1.16446E-08        5672  7.808E-02  1.000E-01
    23618  2.750E-04 2.750E-04  02:41:53 1.16446E-08       16908  7.833E-02  1.000E-01
    23662  2.755E-04 2.755E-04  02:42:14 1.16446E-08        5672  7.859E-02  1.000E-01
    23705  2.760E-04 2.760E-04  02:42:35 1.16446E-08       28144  7.886E-02  1.000E-01

 STEP 1  ORIGIN 0.0000

              STEP     TOTAL      WALL        STABLE    CRITICAL    KINETIC      TOTAL
INCREMENT     TIME      TIME      TIME     INCREMENT     ELEMENT     ENERGY     ENERGY
    23747  2.765E-04 2.765E-04  02:42:55 1.16446E-08        5672  7.913E-02  1.000E-01
    23789  2.770E-04 2.770E-04  02:43:15 1.16446E-08        5672  7.940E-02  1.000E-01
    23831  2.774E-04 2.774E-04  02:43:36 1.16446E-08        5672  7.967E-02  1.000E-01
    23873  2.779E-04 2.779E-04  02:43:56 1.16446E-08       16908  7.995E-02  1.000E-01
    23915  2.784E-04 2.784E-04  02:44:17 1.16446E-08        5672  8.022E-02  1.000E-01
    23958  2.789E-04 2.789E-04  02:44:37 1.16446E-08        5672  8.050E-02  1.000E-01
    24001  2.794E-04 2.794E-04  02:44:58 1.16446E-08        5672  8.078E-02  1.000E-01
    24038  2.799E-04 2.799E-04  02:45:18 1.16446E-08        5672  8.102E-02  1.000E-01
    24051  2.800E-04 2.800E-04  02:45:25 1.16446E-08        5672  8.110E-02  1.000E-01
Output Field Frame Number    14, of     25, at step time 2.800E-04
    24090  2.805E-04 2.805E-04  02:45:46 1.16446E-08        5672  8.135E-02  1.000E-01
    24130  2.809E-04 2.809E-04  02:46:06 1.16446E-08        5672  8.160E-02  1.000E-01
    24170  2.814E-04 2.814E-04  02:46:27 1.16446E-08        5672  8.185E-02  1.000E-01
    24210  2.819E-04 2.819E-04  02:46:47 1.16446E-08        5672  8.209E-02  1.000E-01
    24257  2.824E-04 2.824E-04  02:47:07 1.16446E-08        5672  8.237E-02  1.000E-01
    24313  2.831E-04 2.831E-04  02:47:28 1.16446E-08        5672  8.270E-02  1.000E-01
    24361  2.836E-04 2.836E-04  02:47:49 1.16446E-08        5672  8.297E-02  1.000E-01
    24414  2.842E-04 2.842E-04  02:48:09 1.16446E-08        5672  8.327E-02  1.000E-01
    24468  2.849E-04 2.849E-04  02:48:30 1.16446E-08        5672  8.357E-02  1.000E-01
    24523  2.855E-04 2.855E-04  02:48:51 1.16446E-08        5672  8.388E-02  1.000E-01
    24578  2.861E-04 2.861E-04  02:49:12 1.16446E-08        5672  8.419E-02  1.000E-01
    24633  2.868E-04 2.868E-04  02:49:33 1.16446E-08        5672  8.451E-02  1.000E-01
    24690  2.874E-04 2.874E-04  02:49:53 1.16446E-08        5672  8.485E-02  1.000E-01
    24747  2.881E-04 2.881E-04  02:50:14 1.16446E-08        5672  8.519E-02  1.000E-01
    24805  2.888E-04 2.888E-04  02:50:35 1.16446E-08        5672  8.554E-02  1.000E-01
    24864  2.895E-04 2.895E-04  02:50:56 1.16446E-08        5672  8.591E-02  1.000E-01
    24922  2.901E-04 2.901E-04  02:51:16 1.16446E-08        5672  8.628E-02  1.000E-01
    24978  2.908E-04 2.908E-04  02:51:37 1.16446E-08        5672  8.664E-02  1.000E-01
    25023  2.913E-04 2.913E-04  02:51:58 1.16446E-08        5672  8.694E-02  1.000E-01
    25069  2.919E-04 2.919E-04  02:52:20 1.16446E-08        5672  8.725E-02  1.000E-01
    25114  2.924E-04 2.924E-04  02:52:41 1.16446E-08        5672  8.755E-02  1.000E-01
    25159  2.929E-04 2.929E-04  02:53:03 1.16446E-08        5672  8.785E-02  1.000E-01
    25203  2.934E-04 2.934E-04  02:53:24 1.16446E-08        5672  8.814E-02  1.000E-01
    25250  2.940E-04 2.940E-04  02:53:46 1.16442E-08       84324  8.844E-02  1.000E-01
    25296  2.945E-04 2.945E-04  02:54:08 1.16428E-08       73088  8.872E-02  1.000E-01
    25343  2.950E-04 2.950E-04  02:54:29 1.16440E-08       61852  8.897E-02  1.000E-01
    25401  2.957E-04 2.957E-04  02:54:50 1.16409E-08       84324  8.923E-02  1.000E-01
    25458  2.964E-04 2.964E-04  02:55:10 1.16426E-08       84324  8.943E-02  1.000E-01
    25502  2.969E-04 2.969E-04  02:55:31 1.16424E-08       84324  8.954E-02  1.000E-01
    25543  2.974E-04 2.974E-04  02:55:51 1.16428E-08       84324  8.962E-02  1.000E-01
    25585  2.979E-04 2.979E-04  02:56:12 1.16427E-08       84218  8.967E-02  1.000E-01

 STEP 1  ORIGIN 0.0000

              STEP     TOTAL      WALL        STABLE    CRITICAL    KINETIC      TOTAL
INCREMENT     TIME      TIME      TIME     INCREMENT     ELEMENT     ENERGY     ENERGY
    25627  2.984E-04 2.984E-04  02:56:32 1.16433E-08       84218  8.969E-02  1.000E-01
    25667  2.988E-04 2.988E-04  02:56:53 1.16430E-08       84324  8.967E-02  1.000E-01
    25710  2.993E-04 2.993E-04  02:57:13 1.16436E-08       84218  8.962E-02  1.000E-01
    25753  2.998E-04 2.998E-04  02:57:34 1.16439E-08       73088  8.953E-02  1.000E-01
    25769  3.000E-04 3.000E-04  02:57:42 1.16433E-08       84324  8.949E-02  1.000E-01
Output Field Frame Number    15, of     25, at step time 3.000E-04
    25811  3.005E-04 3.005E-04  02:58:02 1.16439E-08       84324  8.936E-02  1.000E-01
    25853  3.010E-04 3.010E-04  02:58:22 1.16441E-08       73088  8.921E-02  1.000E-01
    25896  3.015E-04 3.015E-04  02:58:43 1.16439E-08       84324  8.902E-02  1.000E-01
    25940  3.020E-04 3.020E-04  02:59:03 1.16440E-08       84324  8.879E-02  1.000E-01
    25983  3.025E-04 3.025E-04  02:59:23 1.16438E-08       84218  8.855E-02  1.000E-01
    26027  3.030E-04 3.030E-04  02:59:44 1.16440E-08       84324  8.827E-02  1.000E-01
    26069  3.035E-04 3.035E-04  03:00:04 1.16441E-08       73088  8.798E-02  1.000E-01
    26112  3.040E-04 3.040E-04  03:00:25 1.16442E-08       84324  8.766E-02  1.000E-01
    26155  3.045E-04 3.045E-04  03:00:45 1.16441E-08       84324  8.733E-02  1.000E-01
    26198  3.050E-04 3.050E-04  03:01:06 1.16440E-08       84324  8.697E-02  1.000E-01
    26241  3.055E-04 3.055E-04  03:01:26 1.16442E-08       84324  8.660E-02  1.000E-01
    26284  3.060E-04 3.060E-04  03:01:46 1.16442E-08       84324  8.622E-02  1.000E-01
    26327  3.065E-04 3.065E-04  03:02:07 1.16438E-08       84324  8.582E-02  1.000E-01
    26371  3.070E-04 3.070E-04  03:02:28 1.16440E-08       84323  8.541E-02  1.000E-01
    26414  3.075E-04 3.075E-04  03:02:48 1.16441E-08       84324  8.500E-02  1.000E-01
    26458  3.080E-04 3.080E-04  03:03:09 1.16442E-08       84324  8.457E-02  1.000E-01
    26502  3.085E-04 3.085E-04  03:03:29 1.16442E-08       84323  8.414E-02  1.000E-01
    26544  3.090E-04 3.090E-04  03:03:50 1.16439E-08       84218  8.373E-02  1.000E-01
    26587  3.095E-04 3.095E-04  03:04:10 1.16443E-08       84324  8.330E-02  1.000E-01
    26630  3.100E-04 3.100E-04  03:04:30 1.16444E-08       73088  8.287E-02  1.000E-01
    26673  3.105E-04 3.105E-04  03:04:51 1.16443E-08       84324  8.245E-02  1.000E-01
    26717  3.110E-04 3.110E-04  03:05:11 1.16443E-08       84324  8.203E-02  1.000E-01
    26761  3.116E-04 3.116E-04  03:05:32 1.16444E-08       84324  8.161E-02  1.000E-01
    26804  3.121E-04 3.121E-04  03:05:52 1.16444E-08       84324  8.122E-02  1.000E-01
    26848  3.126E-04 3.126E-04  03:06:13 1.16444E-08       84324  8.082E-02  1.000E-01
    26891  3.131E-04 3.131E-04  03:06:33 1.16440E-08       84218  8.046E-02  1.000E-01
    26933  3.136E-04 3.136E-04  03:06:53 1.16443E-08       84324  8.012E-02  1.000E-01
    26976  3.141E-04 3.141E-04  03:07:14 1.16444E-08       73088  7.978E-02  1.000E-01
    27016  3.145E-04 3.145E-04  03:07:34 1.16436E-08       84323  7.949E-02  1.000E-01
    27055  3.150E-04 3.150E-04  03:07:54 1.16444E-08       72982  7.922E-02  1.000E-01
    27095  3.154E-04 3.154E-04  03:08:15 1.16443E-08       84324  7.896E-02  1.000E-01
    27136  3.159E-04 3.159E-04  03:08:35 1.16445E-08       84324  7.871E-02  1.000E-01
    27176  3.164E-04 3.164E-04  03:08:55 1.16445E-08       73088  7.848E-02  1.000E-01
    27216  3.169E-04 3.169E-04  03:09:16 1.16446E-08       84324  7.828E-02  1.000E-01
    27257  3.173E-04 3.173E-04  03:09:36 1.16446E-08       84324  7.809E-02  1.000E-01

 STEP 1  ORIGIN 0.0000

              STEP     TOTAL      WALL        STABLE    CRITICAL    KINETIC      TOTAL
INCREMENT     TIME      TIME      TIME     INCREMENT     ELEMENT     ENERGY     ENERGY
    27298  3.178E-04 3.178E-04  03:09:56 1.16446E-08       50616  7.792E-02  1.000E-01
    27339  3.183E-04 3.183E-04  03:10:16 1.16446E-08        5672  7.778E-02  1.000E-01
    27380  3.188E-04 3.188E-04  03:10:37 1.16446E-08        5672  7.766E-02  1.000E-01
    27422  3.193E-04 3.193E-04  03:10:57 1.16446E-08        5672  7.755E-02  1.000E-01
    27464  3.197E-04 3.197E-04  03:11:17 1.16446E-08        5672  7.746E-02  1.000E-01
    27487  3.200E-04 3.200E-04  03:11:29 1.16446E-08        5672  7.742E-02  1.000E-01
Output Field Frame Number    16, of     25, at step time 3.200E-04
    27528  3.205E-04 3.205E-04  03:11:49 1.16446E-08        5672  7.736E-02  1.000E-01
    27570  3.210E-04 3.210E-04  03:12:09 1.16446E-08        5672  7.730E-02  1.000E-01
    27612  3.215E-04 3.215E-04  03:12:29 1.16446E-08        5672  7.725E-02  1.000E-01
    27653  3.219E-04 3.219E-04  03:12:50 1.16446E-08        5672  7.720E-02  1.000E-01
    27695  3.224E-04 3.224E-04  03:13:10 1.16446E-08        5672  7.716E-02  1.000E-01
    27738  3.229E-04 3.229E-04  03:13:30 1.16446E-08        5672  7.711E-02  1.000E-01
    27781  3.234E-04 3.234E-04  03:13:51 1.16446E-08        5672  7.706E-02  1.000E-01
    27824  3.239E-04 3.239E-04  03:14:12 1.16446E-08        5672  7.701E-02  1.000E-01
    27866  3.244E-04 3.244E-04  03:14:32 1.16446E-08        5672  7.696E-02  1.000E-01
    27909  3.249E-04 3.249E-04  03:14:52 1.16445E-08        5672  7.691E-02  1.000E-01
    27951  3.254E-04 3.254E-04  03:15:13 1.16446E-08        5672  7.686E-02  1.000E-01
    27994  3.259E-04 3.259E-04  03:15:33 1.16446E-08        5672  7.682E-02  1.000E-01
    28035  3.264E-04 3.264E-04  03:15:53 1.16445E-08        5672  7.677E-02  1.000E-01
    28077  3.269E-04 3.269E-04  03:16:14 1.16445E-08        5672  7.672E-02  1.000E-01
    28120  3.274E-04 3.274E-04  03:16:34 1.16446E-08        5672  7.668E-02  1.000E-01
    28162  3.279E-04 3.279E-04  03:16:55 1.16445E-08        5672  7.663E-02  1.000E-01
    28206  3.284E-04 3.284E-04  03:17:15 1.16445E-08        5672  7.657E-02  1.000E-01
    28250  3.289E-04 3.289E-04  03:17:36 1.16445E-08        5672  7.651E-02  1.000E-01
    28293  3.294E-04 3.294E-04  03:17:56 1.16446E-08        5672  7.644E-02  1.000E-01
    28336  3.299E-04 3.299E-04  03:18:17 1.16445E-08        5672  7.635E-02  1.000E-01
    28379  3.304E-04 3.304E-04  03:18:37 1.16445E-08        5672  7.624E-02  1.000E-01
    28422  3.309E-04 3.309E-04  03:18:58 1.16445E-08        5672  7.611E-02  1.000E-01
    28465  3.314E-04 3.314E-04  03:19:18 1.16445E-08        5672  7.596E-02  1.000E-01
    28508  3.319E-04 3.319E-04  03:19:39 1.16445E-08        5672  7.578E-02  1.000E-01
    28551  3.324E-04 3.324E-04  03:19:59 1.16445E-08        5672  7.558E-02  1.000E-01
    28594  3.329E-04 3.329E-04  03:20:20 1.16445E-08        5672  7.536E-02  1.000E-01
    28638  3.334E-04 3.334E-04  03:20:40 1.16445E-08        5672  7.512E-02  1.000E-01
    28680  3.339E-04 3.339E-04  03:21:00 1.16445E-08        5672  7.486E-02  1.000E-01
    28723  3.344E-04 3.344E-04  03:21:21 1.16445E-08        5672  7.459E-02  1.000E-01
    28765  3.349E-04 3.349E-04  03:21:41 1.16445E-08        5672  7.431E-02  1.000E-01
    28807  3.354E-04 3.354E-04  03:22:02 1.16445E-08        5672  7.401E-02  1.000E-01
    28849  3.359E-04 3.359E-04  03:22:22 1.16445E-08        5672  7.370E-02  1.000E-01
    28891  3.364E-04 3.364E-04  03:22:42 1.16445E-08        5672  7.339E-02  1.000E-01
    28934  3.369E-04 3.369E-04  03:23:03 1.16445E-08        5672  7.306E-02  1.000E-01

 STEP 1  ORIGIN 0.0000

              STEP     TOTAL      WALL        STABLE    CRITICAL    KINETIC      TOTAL
INCREMENT     TIME      TIME      TIME     INCREMENT     ELEMENT     ENERGY     ENERGY
    28977  3.374E-04 3.374E-04  03:23:23 1.16445E-08        5672  7.272E-02  1.000E-01
    29020  3.379E-04 3.379E-04  03:23:44 1.16445E-08        5672  7.238E-02  1.000E-01
    29070  3.384E-04 3.384E-04  03:24:07 1.16445E-08        5672  7.199E-02  1.000E-01
    29128  3.391E-04 3.391E-04  03:24:31 1.16445E-08        5672  7.153E-02  1.000E-01
    29186  3.398E-04 3.398E-04  03:24:55 1.16446E-08        5672  7.108E-02  1.000E-01
    29205  3.400E-04 3.400E-04  03:25:04 1.16446E-08        5672  7.093E-02  1.000E-01
Output Field Frame Number    17, of     25, at step time 3.400E-04
    29261  3.407E-04 3.407E-04  03:25:28 1.16446E-08        5672  7.050E-02  1.000E-01
    29319  3.413E-04 3.413E-04  03:25:52 1.16446E-08        5672  7.006E-02  1.000E-01
    29375  3.420E-04 3.420E-04  03:26:17 1.16446E-08        5672  6.965E-02  1.000E-01
    29430  3.426E-04 3.426E-04  03:26:41 1.16446E-08        5672  6.926E-02  1.000E-01
    29488  3.433E-04 3.433E-04  03:27:05 1.16445E-08        5672  6.886E-02  1.000E-01
    29546  3.440E-04 3.440E-04  03:27:30 1.16446E-08        5672  6.848E-02  1.000E-01
    29604  3.447E-04 3.447E-04  03:27:54 1.16446E-08        5672  6.812E-02  1.000E-01
    29662  3.453E-04 3.453E-04  03:28:18 1.16445E-08        5672  6.779E-02  1.000E-01
    29732  3.461E-04 3.461E-04  03:28:46 1.16445E-08        5672  6.743E-02  1.000E-01
    29812  3.471E-04 3.471E-04  03:29:17 1.16445E-08        5672  6.708E-02  1.000E-01
    29890  3.480E-04 3.480E-04  03:29:47 1.16446E-08       84324  6.681E-02  1.000E-01
    29969  3.489E-04 3.489E-04  03:30:18 1.16446E-08       28144  6.661E-02  1.000E-01
    30073  3.501E-04 3.501E-04  03:30:57 1.16446E-08       16908  6.646E-02  1.000E-01
    30185  3.514E-04 3.514E-04  03:31:37 1.16446E-08       28144  6.647E-02  1.000E-01
    30292  3.527E-04 3.527E-04  03:32:18 1.16446E-08        5672  6.662E-02  1.000E-01
    30399  3.539E-04 3.539E-04  03:32:58 1.16446E-08       73088  6.688E-02  1.000E-01
    30505  3.551E-04 3.551E-04  03:33:39 1.16446E-08       73088  6.721E-02  1.000E-01
    30616  3.564E-04 3.564E-04  03:34:19 1.16446E-08       73088  6.758E-02  1.000E-01
    30731  3.578E-04 3.578E-04  03:34:59 1.16446E-08       84324  6.795E-02  1.000E-01
    30886  3.596E-04 3.596E-04  03:35:40 1.16446E-08       61852  6.834E-02  1.000E-01
    30923  3.600E-04 3.600E-04  03:35:50 1.16446E-08       39380  6.841E-02  1.000E-01
Output Field Frame Number    18, of     25, at step time 3.600E-04
    31077  3.618E-04 3.618E-04  03:36:31 1.16446E-08       16908  6.861E-02  1.000E-01
    31234  3.636E-04 3.636E-04  03:37:12 1.16446E-08        5672  6.869E-02  1.000E-01
    31394  3.655E-04 3.655E-04  03:37:53 1.16446E-08       16908  6.869E-02  1.000E-01
    31550  3.673E-04 3.673E-04  03:38:34 1.16446E-08        5672  6.854E-02  1.000E-01
    31708  3.691E-04 3.691E-04  03:39:15 1.16446E-08        5672  6.813E-02  1.000E-01
    31864  3.710E-04 3.710E-04  03:39:56 1.16446E-08        5672  6.747E-02  1.000E-01
    32020  3.728E-04 3.728E-04  03:40:37 1.16446E-08        5672  6.661E-02  1.000E-01
    32177  3.746E-04 3.746E-04  03:41:18 1.16446E-08       28144  6.560E-02  1.000E-01
    32336  3.765E-04 3.765E-04  03:41:59 1.16446E-08       28144  6.459E-02  1.000E-01
    32492  3.783E-04 3.783E-04  03:42:41 1.16446E-08       84324  6.378E-02  1.000E-01
    32607  3.796E-04 3.796E-04  03:43:21 1.16446E-08       84324  6.338E-02  1.000E-01
    32641  3.800E-04 3.800E-04  03:43:33 1.16446E-08       84324  6.330E-02  1.000E-01
Output Field Frame Number    19, of     25, at step time 3.800E-04
    32764  3.814E-04 3.814E-04  03:44:14 1.16446E-08       84324  6.316E-02  1.000E-01

 STEP 1  ORIGIN 0.0000

              STEP     TOTAL      WALL        STABLE    CRITICAL    KINETIC      TOTAL
INCREMENT     TIME      TIME      TIME     INCREMENT     ELEMENT     ENERGY     ENERGY
    32883  3.828E-04 3.828E-04  03:44:54 1.16446E-08       84324  6.323E-02  1.000E-01
    33005  3.842E-04 3.842E-04  03:45:35 1.16446E-08       73088  6.353E-02  1.000E-01
    33117  3.855E-04 3.855E-04  03:46:16 1.16446E-08       84324  6.404E-02  1.000E-01
    33258  3.872E-04 3.872E-04  03:46:56 1.16446E-08       84324  6.500E-02  1.000E-01
    33410  3.890E-04 3.890E-04  03:47:37 1.16446E-08       84324  6.641E-02  1.000E-01
    33555  3.906E-04 3.906E-04  03:48:19 1.16446E-08       16908  6.801E-02  1.000E-01
    33671  3.920E-04 3.920E-04  03:49:03 1.16446E-08       84324  6.933E-02  1.000E-01
    33818  3.937E-04 3.937E-04  03:49:45 1.16446E-08       84324  7.090E-02  1.000E-01
    33970  3.955E-04 3.955E-04  03:50:26 1.16446E-08       84324  7.234E-02  1.000E-01
    34086  3.968E-04 3.968E-04  03:51:06 1.16446E-08        5672  7.334E-02  1.000E-01
    34213  3.983E-04 3.983E-04  03:51:47 1.16446E-08        5672  7.436E-02  1.000E-01
    34359  4.000E-04 4.000E-04  03:52:28 1.16446E-08        5672  7.539E-02  1.000E-01
Output Field Frame Number    20, of     25, at step time 4.000E-04
    34480  4.014E-04 4.014E-04  03:53:09 1.16446E-08        5672  7.610E-02  1.000E-01
    34634  4.032E-04 4.032E-04  03:53:50 1.16446E-08        5672  7.678E-02  1.000E-01
    34784  4.050E-04 4.050E-04  03:54:31 1.16446E-08       16908  7.720E-02  1.000E-01
    34940  4.068E-04 4.068E-04  03:55:13 1.16446E-08       73088  7.740E-02  1.000E-01
    35091  4.085E-04 4.085E-04  03:55:53 1.16446E-08        5672  7.737E-02  1.000E-01
    35244  4.103E-04 4.103E-04  03:56:34 1.16446E-08       73088  7.716E-02  1.000E-01
    35395  4.121E-04 4.121E-04  03:57:16 1.16446E-08       84324  7.693E-02  1.000E-01
    35546  4.138E-04 4.138E-04  03:57:57 1.16446E-08       84324  7.686E-02  1.000E-01
    35698  4.156E-04 4.156E-04  03:58:38 1.16446E-08       84324  7.705E-02  1.000E-01
    35850  4.174E-04 4.174E-04  03:59:18 1.16446E-08       84324  7.750E-02  1.000E-01
    36007  4.192E-04 4.192E-04  03:59:59 1.16446E-08       84324  7.822E-02  1.000E-01
    36077  4.200E-04 4.200E-04  04:00:18 1.16446E-08       84324  7.860E-02  1.000E-01
Output Field Frame Number    21, of     25, at step time 4.200E-04
    36228  4.218E-04 4.218E-04  04:00:59 1.16446E-08       84324  7.956E-02  1.000E-01
    36383  4.236E-04 4.236E-04  04:01:41 1.16446E-08       84324  8.078E-02  1.000E-01
    36531  4.253E-04 4.253E-04  04:02:21 1.16446E-08       73088  8.216E-02  1.000E-01
    36681  4.270E-04 4.270E-04  04:03:02 1.16446E-08       84324  8.371E-02  1.000E-01
    36833  4.288E-04 4.288E-04  04:03:43 1.16446E-08       84324  8.531E-02  1.000E-01
    36990  4.306E-04 4.306E-04  04:04:24 1.16446E-08       84324  8.684E-02  1.000E-01
    37145  4.324E-04 4.324E-04  04:05:05 1.16446E-08       84324  8.814E-02  1.000E-01
    37301  4.343E-04 4.343E-04  04:05:46 1.16446E-08       84324  8.924E-02  1.000E-01
    37463  4.361E-04 4.361E-04  04:06:29 1.16446E-08       84324  9.023E-02  1.000E-01
    37613  4.379E-04 4.379E-04  04:07:11 1.16446E-08       84324  9.103E-02  1.000E-01
    37754  4.395E-04 4.395E-04  04:07:52 1.16446E-08       61852  9.168E-02  1.000E-01
    37795  4.400E-04 4.400E-04  04:08:02 1.16446E-08       61852  9.185E-02  1.000E-01
Output Field Frame Number    22, of     25, at step time 4.400E-04
    37949  4.418E-04 4.418E-04  04:08:44 1.16446E-08       84324  9.238E-02  1.000E-01
    38106  4.436E-04 4.436E-04  04:09:25 1.16446E-08       84324  9.272E-02  1.000E-01
    38259  4.454E-04 4.454E-04  04:10:06 1.16446E-08       84324  9.280E-02  1.000E-01
    38413  4.472E-04 4.472E-04  04:10:47 1.16446E-08       84324  9.255E-02  1.000E-01

 STEP 1  ORIGIN 0.0000

              STEP     TOTAL      WALL        STABLE    CRITICAL    KINETIC      TOTAL
INCREMENT     TIME      TIME      TIME     INCREMENT     ELEMENT     ENERGY     ENERGY
    38567  4.490E-04 4.490E-04  04:11:29 1.16446E-08       84324  9.202E-02  1.000E-01
    38687  4.504E-04 4.504E-04  04:12:09 1.16446E-08        5672  9.147E-02  1.000E-01
    38840  4.522E-04 4.522E-04  04:12:51 1.16446E-08        5672  9.065E-02  1.000E-01
    38992  4.539E-04 4.539E-04  04:13:32 1.16446E-08        5672  8.980E-02  1.000E-01
    39133  4.556E-04 4.556E-04  04:14:13 1.16446E-08        5672  8.903E-02  1.000E-01
    39274  4.572E-04 4.572E-04  04:14:54 1.16446E-08        5672  8.831E-02  1.000E-01
    39388  4.586E-04 4.586E-04  04:15:37 1.16446E-08       84324  8.783E-02  1.000E-01
    39513  4.600E-04 4.600E-04  04:16:13 1.16446E-08       84324  8.745E-02  1.000E-01
Output Field Frame Number    23, of     25, at step time 4.600E-04
    39662  4.617E-04 4.617E-04  04:16:54 1.16446E-08       84324  8.728E-02  1.000E-01
    39811  4.635E-04 4.635E-04  04:17:36 1.16446E-08       39380  8.742E-02  1.000E-01
    39962  4.652E-04 4.652E-04  04:18:17 1.16446E-08       28144  8.784E-02  1.000E-01
    40113  4.670E-04 4.670E-04  04:18:58 1.16446E-08       28144  8.845E-02  1.000E-01
    40268  4.688E-04 4.688E-04  04:19:40 1.16446E-08        5672  8.921E-02  1.000E-01
    40423  4.706E-04 4.706E-04  04:20:22 1.16446E-08        5672  9.001E-02  1.000E-01
    40578  4.724E-04 4.724E-04  04:21:03 1.16446E-08        5672  9.079E-02  1.000E-01
    40735  4.742E-04 4.742E-04  04:21:44 1.16446E-08        5672  9.157E-02  1.000E-01
    40893  4.761E-04 4.761E-04  04:22:25 1.16446E-08       61852  9.233E-02  1.000E-01
    41045  4.778E-04 4.778E-04  04:23:06 1.16446E-08       84324  9.292E-02  1.000E-01
    41201  4.797E-04 4.797E-04  04:23:48 1.16446E-08       84324  9.319E-02  1.000E-01
    41231  4.800E-04 4.800E-04  04:23:56 1.16446E-08       84324  9.319E-02  1.000E-01
Output Field Frame Number    24, of     25, at step time 4.800E-04
    41385  4.818E-04 4.818E-04  04:24:38 1.16446E-08       84324  9.288E-02  1.000E-01
    41539  4.836E-04 4.836E-04  04:25:19 1.16446E-08       84324  9.200E-02  1.000E-01
    41693  4.854E-04 4.854E-04  04:26:00 1.16446E-08       84324  9.060E-02  1.000E-01
    41846  4.872E-04 4.872E-04  04:26:41 1.16446E-08       84324  8.884E-02  1.000E-01
    42001  4.890E-04 4.890E-04  04:27:23 1.16446E-08       16908  8.687E-02  1.000E-01
    42144  4.906E-04 4.906E-04  04:28:03 1.16446E-08       61852  8.501E-02  1.000E-01
    42296  4.924E-04 4.924E-04  04:28:44 1.16446E-08        5672  8.309E-02  1.000E-01
    42451  4.942E-04 4.942E-04  04:29:25 1.16446E-08        5672  8.137E-02  1.000E-01
    42605  4.960E-04 4.960E-04  04:30:05 1.16446E-08       73088  8.005E-02  1.000E-01
    42759  4.978E-04 4.978E-04  04:30:46 1.16446E-08       84324  7.913E-02  1.000E-01
    42914  4.996E-04 4.996E-04  04:31:27 1.16446E-08       84324  7.859E-02  1.000E-01
    42949  5.000E-04 5.000E-04  04:31:36 1.16406E-08       84324  7.851E-02  1.000E-01
Restart Number  1 at 5.00000E-04
Output Field Frame Number    25, of     25, at step time 5.000E-04
  EXPLICIT EXECUTABLE TIME SUMMARY
       USER TIME (SEC)      =   84673.
       SYSTEM TIME (SEC)    =   1544.7
       WALLCLOCK TIME (SEC) =        16300
              INIT (SEC) =          7
              MAIN (SEC) =      16293

  THE ANALYSIS HAS COMPLETED SUCCESSFULLY

