Abaqus/Explicit 2026                             DATE 21-Sep-2026  TIME 09:23:39
-------------------------------------------------------------------------------
 PREPROCESSOR WARNING MESSAGES
-------------------------------------------------------------------------------


***WARNING: There are 9 warning messages in the data (.dat) file.  Please
            check the data file for possible errors in the input file.


-------------------------------------------------------------------------------
 NUMERICAL PRECISION USED FOR THIS Abaqus/Explicit ANALYSIS
-------------------------------------------------------------------------------

Single precision package and explicit executables will be used in this analysis.

-------------------------------------------------------------------------------
-------------------------------------------------------------------------------
 MODEL INFORMATION (IN GLOBAL X-Y COORDINATES)
-------------------------------------------------------------------------------

   Total mass in model = 3.69676E-02
   Center of mass of model = ( 5.000000E-02, 5.000000E-02, 1.536635E-03)

    Moments of Inertia :
                 About Center of Mass              About Origin
      I(XX)          2.763283E-05                  1.201392E-04
      I(YY)          2.763283E-05                  1.201392E-04
      I(ZZ)          5.504050E-05                  2.398786E-04
      I(XY)         -3.209268E-12                 -9.241906E-05
      I(YZ)         -7.343015E-14                 -2.840287E-06
      I(ZX)         -7.617665E-14                 -2.840287E-06

-------------------------------------------------------------------------------
 STABLE TIME INCREMENT INFORMATION
-------------------------------------------------------------------------------


  The stable time increment estimate for each element is based on
  linearization about the initial state.


   Initial time increment = 1.22410E-08

   Statistics over 89888 deformable elements:
      Mean = 2.26340E-08
      Standard deviation = 3.64392E-09

   Most critical elements:
    Element number   Rank    Time increment   Increment ratio
   ----------------------------------------------------------
       16908          1       1.224104E-08      1.000000E+00
       28144          2       1.224104E-08      1.000000E+00
        5672          3       1.224104E-08      9.999999E-01
       39380          4       1.224104E-08      9.999999E-01
       61852          5       1.224104E-08      9.999999E-01
       73088          6       1.224104E-08      9.999999E-01
       84324          7       1.224104E-08      9.999999E-01
       50616          8       1.224104E-08      9.999999E-01
       16907          9       1.224107E-08      9.999973E-01
       28143         10       1.224107E-08      9.999973E-01

-------------------------------------------------------------------------------

  INFORMATION REGARDING INITIAL CONTACT OVERCLOSURES FOR NEWLY DEFINED GENERAL
  CONTACT INTERACTIONS IN STEP 1

-------------------------------------------------------------------------------

  No initial node-face overclosures found.


  Abaqus/Explicit will attempt to resolve 46 initial edge-edge overclosure(s).


  Maximum initial overclosure for edge-edge contact is 1.20053E-10 between the
  edge defined by nodes 17441 and 17548 and the edge defined by nodes 28997
  and 28890


  No nodal position adjustments have been made.


  No node-face overclosures left unresolved.


  42 edge-edge overclosure(s) left unresolved and will be stored as offsets.
  To help identify the nodes involved in the overclosures a node set
  InfoNodeUnresolvInitOver has been created. Check the message file for more
  detailed information.


  Maximum unresolved overclosure is 1.20053E-10 between the edge defined by
  nodes 17441 and 17548 and the edge defined by nodes 28997 and 28890


  For more detailed information on initial overclosures, use the *DIAGNOSTICS,
  CONTACT=DETAIL command and see the message (.msg) file.


***NOTE: You can view the deformed configuration due to the resolution of
         initial overclosures.  In increment 0, draw the deformed shape or
         draw a symbol plot of vector displacements.

------------------------------------------------------------------------------

Abaqus/Explicit 2026                             DATE 21-Sep-2026  TIME 09:23:55
The entire model is considered 1 domain.
Only 1 MPI rank is used.

-------------------------------------------------------------------------------
 SOLUTION PROGRESS
-------------------------------------------------------------------------------

 STEP 1  ORIGIN 0.0000

  Total memory used for step 1 is approximately 1.5 gigabytes.
  Global time estimation algorithm will be used.
  Scaling factor:  1.0000
              STEP     TOTAL      WALL        STABLE    CRITICAL    KINETIC      TOTAL
INCREMENT     TIME      TIME      TIME     INCREMENT     ELEMENT     ENERGY     ENERGY
        0  0.000E+00 0.000E+00  00:00:05 1.15145E-08       28144  7.937E-01  7.937E-01
Output Field Frame Number     0, of     25, at step time 0.000E+00
      161  2.077E-06 2.077E-06  00:00:45 1.28152E-08       84323  7.901E-01  7.937E-01
      335  4.252E-06 4.252E-06  00:01:26 1.23437E-08       84324  7.775E-01  7.937E-01
      515  6.451E-06 6.451E-06  00:02:09 1.21223E-08       84217  7.597E-01  7.937E-01
      690  8.572E-06 8.572E-06  00:02:50 1.21223E-08       61745  7.405E-01  7.937E-01
      900  1.103E-05 1.103E-05  00:03:31 1.15510E-08       73088  7.175E-01  7.937E-01
     1129  1.367E-05 1.367E-05  00:04:14 1.15509E-08       61745  6.929E-01  7.937E-01
     1350  1.622E-05 1.622E-05  00:04:55 1.15512E-08       61745  6.698E-01  7.937E-01
     1569  1.875E-05 1.875E-05  00:05:37 1.15514E-08       61851  6.478E-01  7.937E-01
     1677  2.000E-05 2.000E-05  00:05:58 1.15510E-08       84323  6.373E-01  7.937E-01
Output Field Frame Number     1, of     25, at step time 2.000E-05
     1894  2.251E-05 2.251E-05  00:06:41 1.15514E-08       61851  6.171E-01  7.937E-01
     2099  2.488E-05 2.488E-05  00:07:22 1.15511E-08       84323  5.991E-01  7.937E-01
     2319  2.742E-05 2.742E-05  00:08:04 1.15512E-08       84217  5.813E-01  7.937E-01
     2527  2.982E-05 2.982E-05  00:08:45 1.15514E-08       84323  5.651E-01  7.937E-01
     2741  3.229E-05 3.229E-05  00:09:26 1.15514E-08       61851  5.475E-01  7.937E-01
     2957  3.479E-05 3.479E-05  00:10:08 1.15507E-08       84217  5.306E-01  7.937E-01
     3174  3.729E-05 3.729E-05  00:10:50 1.15510E-08       61745  5.162E-01  7.937E-01
     3392  3.981E-05 3.981E-05  00:11:32 1.15508E-08       84323  5.045E-01  7.937E-01
     3409  4.001E-05 4.001E-05  00:11:36 1.15505E-08       84323  5.037E-01  7.937E-01
Output Field Frame Number     2, of     25, at step time 4.001E-05
     3617  4.241E-05 4.241E-05  00:12:17 1.15512E-08       61745  4.959E-01  7.937E-01
     3829  4.486E-05 4.486E-05  00:12:59 1.15331E-08       39275  4.942E-01  7.937E-01
     4040  4.729E-05 4.729E-05  00:13:41 1.15537E-08       50509  4.884E-01  7.936E-01
     4253  4.975E-05 4.975E-05  00:14:22 1.15539E-08       28143  4.827E-01  7.936E-01
     4463  5.218E-05 5.218E-05  00:15:05 1.15513E-08        5672  4.770E-01  7.936E-01
     4681  5.470E-05 5.470E-05  00:15:47 1.15552E-08       16908  4.713E-01  7.936E-01
     4891  5.713E-05 5.713E-05  00:16:28 1.15538E-08       84324  4.655E-01  7.936E-01
     5098  5.952E-05 5.952E-05  00:17:10 1.15574E-08       50510  4.591E-01  7.936E-01
     5140  6.000E-05 6.000E-05  00:17:19 1.15574E-08       84218  4.577E-01  7.936E-01
Output Field Frame Number     3, of     25, at step time 6.000E-05
     5355  6.249E-05 6.249E-05  00:18:00 1.15593E-08        5566  4.497E-01  7.936E-01
     5561  6.487E-05 6.487E-05  00:18:42 1.15559E-08       73088  4.411E-01  7.936E-01
     5761  6.718E-05 6.718E-05  00:19:24 1.15584E-08       84323  4.316E-01  7.936E-01
     5970  6.960E-05 6.960E-05  00:20:05 1.15580E-08       84323  4.211E-01  7.936E-01
     6177  7.199E-05 7.199E-05  00:20:47 1.15586E-08       16802  4.094E-01  7.936E-01
     6405  7.462E-05 7.462E-05  00:21:29 1.15578E-08       73088  3.943E-01  7.936E-01
     6619  7.710E-05 7.710E-05  00:22:11 1.15594E-08       39273  3.775E-01  7.936E-01
     6835  7.959E-05 7.959E-05  00:22:53 1.15588E-08       28038  3.582E-01  7.936E-01
     6871  8.001E-05 8.001E-05  00:23:00 1.15590E-08       84218  3.548E-01  7.936E-01
Output Field Frame Number     4, of     25, at step time 8.001E-05
     7099  8.265E-05 8.265E-05  00:23:41 1.15596E-08       16802  3.329E-01  7.936E-01
     7336  8.539E-05 8.539E-05  00:24:24 1.15587E-08       84324  3.087E-01  7.936E-01
     7570  8.809E-05 8.809E-05  00:25:05 1.15592E-08        5671  2.853E-01  7.936E-01

 STEP 1  ORIGIN 0.0000

              STEP     TOTAL      WALL        STABLE    CRITICAL    KINETIC      TOTAL
INCREMENT     TIME      TIME      TIME     INCREMENT     ELEMENT     ENERGY     ENERGY
     7776  9.047E-05 9.047E-05  00:25:47 1.15588E-08        5672  2.666E-01  7.936E-01
     7996  9.302E-05 9.302E-05  00:26:28 1.15594E-08       16907  2.491E-01  7.936E-01
     8214  9.554E-05 9.554E-05  00:27:10 1.15595E-08       84323  2.352E-01  7.936E-01
     8444  9.820E-05 9.820E-05  00:27:52 1.15591E-08       28038  2.246E-01  7.936E-01
     8601  1.000E-04 1.000E-04  00:28:21 1.15592E-08       39380  2.180E-01  7.936E-01
Output Field Frame Number     5, of     25, at step time 1.000E-04
     8821  1.026E-04 1.026E-04  00:29:03 1.15592E-08       16908  2.093E-01  7.936E-01
     9031  1.050E-04 1.050E-04  00:29:44 1.15593E-08       50510  2.023E-01  7.936E-01
     9254  1.076E-04 1.076E-04  00:30:26 1.15590E-08       84324  1.953E-01  7.936E-01
     9467  1.100E-04 1.100E-04  00:31:08 1.15592E-08       73088  1.882E-01  7.936E-01
     9685  1.125E-04 1.125E-04  00:31:49 1.15602E-08       61851  1.819E-01  7.937E-01
     9909  1.151E-04 1.151E-04  00:32:31 1.15591E-08       84218  1.792E-01  7.937E-01
    10129  1.177E-04 1.177E-04  00:33:13 1.15591E-08       73088  1.827E-01  7.937E-01
    10330  1.200E-04 1.200E-04  00:33:53 1.15594E-08       84324  1.893E-01  7.937E-01
Output Field Frame Number     6, of     25, at step time 1.200E-04
    10554  1.226E-04 1.226E-04  00:34:34 1.15600E-08       84323  1.991E-01  7.937E-01
    10765  1.250E-04 1.250E-04  00:35:16 1.15598E-08       84323  2.107E-01  7.937E-01
    10979  1.275E-04 1.275E-04  00:35:57 1.15586E-08       84324  2.214E-01  7.937E-01
    11176  1.298E-04 1.298E-04  00:36:39 1.15590E-08       84324  2.270E-01  7.937E-01
    11389  1.322E-04 1.322E-04  00:37:21 1.15594E-08       84324  2.280E-01  7.937E-01
    11629  1.350E-04 1.350E-04  00:38:03 1.15598E-08       61745  2.237E-01  7.937E-01
    11851  1.376E-04 1.376E-04  00:38:44 1.15597E-08       73087  2.162E-01  7.937E-01
    12061  1.400E-04 1.400E-04  00:39:25 1.15593E-08       84324  2.058E-01  7.937E-01
Output Field Frame Number     7, of     25, at step time 1.400E-04
    12275  1.425E-04 1.425E-04  00:40:07 1.15598E-08       84218  1.916E-01  7.937E-01
    12504  1.451E-04 1.451E-04  00:40:48 1.15593E-08       84324  1.735E-01  7.937E-01
    12719  1.476E-04 1.476E-04  00:41:30 1.15593E-08       84324  1.559E-01  7.937E-01
    12939  1.501E-04 1.501E-04  00:42:12 1.15593E-08       72982  1.383E-01  7.937E-01
    13165  1.528E-04 1.528E-04  00:42:54 1.15593E-08       84323  1.230E-01  7.937E-01
    13386  1.553E-04 1.553E-04  00:43:36 1.15595E-08       61851  1.101E-01  7.937E-01
    13624  1.581E-04 1.581E-04  00:44:18 1.15598E-08       72982  9.505E-02  7.937E-01
    13792  1.600E-04 1.600E-04  00:44:48 1.15585E-08       84218  8.386E-02  7.937E-01
Output Field Frame Number     8, of     25, at step time 1.600E-04
    14026  1.627E-04 1.627E-04  00:45:29 1.15598E-08       16802  7.161E-02  7.937E-01
    14273  1.656E-04 1.656E-04  00:46:11 1.15600E-08       39380  6.590E-02  7.937E-01
    14520  1.684E-04 1.684E-04  00:46:52 1.15599E-08       16802  6.657E-02  7.938E-01
    14754  1.711E-04 1.711E-04  00:47:34 1.15600E-08       72982  7.102E-02  7.938E-01
    14995  1.739E-04 1.739E-04  00:48:16 1.15598E-08        5671  7.807E-02  7.938E-01
    15229  1.766E-04 1.766E-04  00:48:57 1.15596E-08        5672  8.861E-02  7.938E-01
    15467  1.794E-04 1.794E-04  00:49:39 1.15601E-08        5671  1.039E-01  7.938E-01
    15523  1.800E-04 1.800E-04  00:49:49 1.15598E-08        5672  1.080E-01  7.938E-01
Output Field Frame Number     9, of     25, at step time 1.800E-04
    15747  1.826E-04 1.826E-04  00:50:31 1.15599E-08       16802  1.264E-01  7.938E-01
    15994  1.854E-04 1.854E-04  00:51:13 1.15598E-08        5672  1.494E-01  7.938E-01
    16229  1.882E-04 1.882E-04  00:51:55 1.15599E-08        5566  1.728E-01  7.938E-01

 STEP 1  ORIGIN 0.0000

              STEP     TOTAL      WALL        STABLE    CRITICAL    KINETIC      TOTAL
INCREMENT     TIME      TIME      TIME     INCREMENT     ELEMENT     ENERGY     ENERGY
    16469  1.909E-04 1.909E-04  00:52:36 1.15598E-08        5566  1.975E-01  7.938E-01
    16713  1.938E-04 1.938E-04  00:53:17 1.15601E-08       16802  2.236E-01  7.938E-01
    16947  1.965E-04 1.965E-04  00:53:59 1.15599E-08        5672  2.483E-01  7.938E-01
    17181  1.992E-04 1.992E-04  00:54:41 1.15600E-08       16802  2.737E-01  7.938E-01
    17254  2.000E-04 2.000E-04  00:54:54 1.15599E-08       84217  2.814E-01  7.938E-01
Output Field Frame Number    10, of     25, at step time 2.000E-04
    17484  2.027E-04 2.027E-04  00:55:36 1.15599E-08       28144  3.039E-01  7.938E-01
    17728  2.055E-04 2.055E-04  00:56:18 1.15599E-08        5672  3.245E-01  7.938E-01
    17963  2.082E-04 2.082E-04  00:56:59 1.15601E-08        5566  3.411E-01  7.938E-01
    18188  2.108E-04 2.108E-04  00:57:40 1.15601E-08       28143  3.546E-01  7.938E-01
    18427  2.136E-04 2.136E-04  00:58:22 1.15601E-08       84323  3.663E-01  7.938E-01
    18671  2.164E-04 2.164E-04  00:59:04 1.15601E-08        5672  3.773E-01  7.938E-01
    18903  2.191E-04 2.191E-04  00:59:46 1.15599E-08       84218  3.865E-01  7.939E-01
    18985  2.200E-04 2.200E-04  01:00:01 1.15597E-08        5672  3.899E-01  7.939E-01
Output Field Frame Number    11, of     25, at step time 2.200E-04
    19190  2.224E-04 2.224E-04  01:00:43 1.15600E-08        5671  4.002E-01  7.939E-01
    19399  2.248E-04 2.248E-04  01:01:25 1.15600E-08        5566  4.130E-01  7.939E-01
    19617  2.273E-04 2.273E-04  01:02:07 1.15598E-08        5671  4.290E-01  7.939E-01
    19843  2.299E-04 2.299E-04  01:02:49 1.15598E-08        5672  4.466E-01  7.939E-01
    20061  2.324E-04 2.324E-04  01:03:32 1.15600E-08        5672  4.629E-01  7.939E-01
    20280  2.350E-04 2.350E-04  01:04:13 1.15598E-08       84218  4.784E-01  7.939E-01
    20513  2.377E-04 2.377E-04  01:04:55 1.15601E-08       61852  4.938E-01  7.939E-01
    20716  2.400E-04 2.400E-04  01:05:32 1.15599E-08        5672  5.064E-01  7.939E-01
Output Field Frame Number    12, of     25, at step time 2.400E-04
    20955  2.428E-04 2.428E-04  01:06:14 1.15595E-08       73088  5.199E-01  7.939E-01
    21166  2.452E-04 2.452E-04  01:06:55 1.15599E-08       72982  5.295E-01  7.939E-01
    21379  2.477E-04 2.477E-04  01:07:37 1.15599E-08       72982  5.360E-01  7.939E-01
    21607  2.503E-04 2.503E-04  01:08:19 1.15601E-08       84218  5.416E-01  7.939E-01
    21834  2.529E-04 2.529E-04  01:09:00 1.15600E-08       72982  5.487E-01  7.939E-01
    22067  2.556E-04 2.556E-04  01:09:42 1.15602E-08       50616  5.573E-01  7.939E-01
    22303  2.583E-04 2.583E-04  01:10:24 1.15600E-08        5671  5.670E-01  7.939E-01
    22447  2.600E-04 2.600E-04  01:10:51 1.15599E-08        5671  5.733E-01  7.939E-01
Output Field Frame Number    13, of     25, at step time 2.600E-04
    22659  2.625E-04 2.625E-04  01:11:32 1.15601E-08       28143  5.830E-01  7.939E-01
    22882  2.650E-04 2.650E-04  01:12:14 1.15600E-08       16802  5.920E-01  7.939E-01
    23110  2.677E-04 2.677E-04  01:12:56 1.15600E-08       16907  6.021E-01  7.939E-01
    23328  2.702E-04 2.702E-04  01:13:38 1.15600E-08       84323  6.146E-01  7.939E-01
    23545  2.727E-04 2.727E-04  01:14:19 1.15600E-08        5671  6.285E-01  7.939E-01
    23758  2.752E-04 2.752E-04  01:15:01 1.15601E-08        5566  6.418E-01  7.939E-01
    23974  2.776E-04 2.776E-04  01:15:43 1.15600E-08       39380  6.521E-01  7.939E-01
    24178  2.800E-04 2.800E-04  01:16:24 1.15600E-08       16908  6.603E-01  7.939E-01
Output Field Frame Number    14, of     25, at step time 2.800E-04
    24386  2.824E-04 2.824E-04  01:17:06 1.15600E-08        5672  6.699E-01  7.939E-01
    24600  2.849E-04 2.849E-04  01:17:48 1.15600E-08       28143  6.806E-01  7.939E-01
    24810  2.873E-04 2.873E-04  01:18:29 1.15585E-08       72982  6.881E-01  7.939E-01

 STEP 1  ORIGIN 0.0000

              STEP     TOTAL      WALL        STABLE    CRITICAL    KINETIC      TOTAL
INCREMENT     TIME      TIME      TIME     INCREMENT     ELEMENT     ENERGY     ENERGY
    25025  2.898E-04 2.898E-04  01:19:11 1.15586E-08       84217  6.905E-01  7.939E-01
    25244  2.923E-04 2.923E-04  01:19:53 1.15592E-08       72982  6.864E-01  7.939E-01
    25449  2.947E-04 2.947E-04  01:20:35 1.15592E-08       72982  6.796E-01  7.939E-01
    25669  2.972E-04 2.972E-04  01:21:16 1.15597E-08       73088  6.732E-01  7.939E-01
    25897  2.999E-04 2.999E-04  01:21:58 1.15600E-08       61851  6.664E-01  7.939E-01
    25909  3.000E-04 3.000E-04  01:22:00 1.15599E-08       84218  6.659E-01  7.939E-01
Output Field Frame Number    15, of     25, at step time 3.000E-04
    26144  3.027E-04 3.027E-04  01:22:41 1.15602E-08       61851  6.538E-01  7.939E-01
    26367  3.053E-04 3.053E-04  01:23:23 1.15601E-08       61851  6.407E-01  7.939E-01
    26588  3.079E-04 3.079E-04  01:24:05 1.15601E-08        5672  6.300E-01  7.939E-01
    26815  3.105E-04 3.105E-04  01:24:47 1.15600E-08        5672  6.213E-01  7.939E-01
    27038  3.131E-04 3.131E-04  01:25:28 1.15599E-08       84324  6.127E-01  7.939E-01
    27259  3.156E-04 3.156E-04  01:26:09 1.15601E-08       28144  6.018E-01  7.939E-01
    27474  3.181E-04 3.181E-04  01:26:51 1.15599E-08        5672  5.900E-01  7.939E-01
    27640  3.200E-04 3.200E-04  01:27:23 1.15599E-08        5672  5.810E-01  7.939E-01
Output Field Frame Number    16, of     25, at step time 3.200E-04
    27845  3.224E-04 3.224E-04  01:28:04 1.15600E-08        5566  5.711E-01  7.939E-01
    28067  3.249E-04 3.249E-04  01:28:46 1.15599E-08        5672  5.629E-01  7.939E-01
    28282  3.274E-04 3.274E-04  01:29:28 1.15599E-08        5672  5.574E-01  7.939E-01
    28475  3.297E-04 3.297E-04  01:30:09 1.15600E-08        5672  5.534E-01  7.939E-01
    28673  3.319E-04 3.319E-04  01:30:51 1.15599E-08        5671  5.499E-01  7.939E-01
    28891  3.345E-04 3.345E-04  01:31:32 1.15599E-08        5566  5.462E-01  7.939E-01
    29099  3.369E-04 3.369E-04  01:32:14 1.15599E-08        5672  5.422E-01  7.939E-01
    29313  3.393E-04 3.393E-04  01:32:55 1.15600E-08        5671  5.378E-01  7.939E-01
    29371  3.400E-04 3.400E-04  01:33:07 1.15599E-08        5672  5.368E-01  7.939E-01
Output Field Frame Number    17, of     25, at step time 3.400E-04
    29583  3.425E-04 3.425E-04  01:33:48 1.15600E-08        5672  5.336E-01  7.939E-01
    29799  3.450E-04 3.450E-04  01:34:30 1.15601E-08        5672  5.295E-01  7.939E-01
    30005  3.473E-04 3.473E-04  01:35:11 1.15601E-08       50616  5.235E-01  7.939E-01
    30220  3.498E-04 3.498E-04  01:35:53 1.15600E-08        5671  5.137E-01  7.939E-01
    30454  3.525E-04 3.525E-04  01:36:34 1.15600E-08       84218  5.018E-01  7.939E-01
    30666  3.550E-04 3.550E-04  01:37:16 1.15601E-08       28144  4.920E-01  7.939E-01
    30892  3.576E-04 3.576E-04  01:37:57 1.15601E-08       50616  4.838E-01  7.939E-01
    31102  3.600E-04 3.600E-04  01:38:38 1.15601E-08        5672  4.786E-01  7.939E-01
Output Field Frame Number    18, of     25, at step time 3.600E-04
    31338  3.627E-04 3.627E-04  01:39:20 1.15601E-08        5672  4.728E-01  7.939E-01
    31562  3.653E-04 3.653E-04  01:40:02 1.15601E-08       28144  4.691E-01  7.939E-01
    31786  3.679E-04 3.679E-04  01:40:43 1.15601E-08       84323  4.688E-01  7.939E-01
    32024  3.707E-04 3.707E-04  01:41:24 1.15601E-08       39380  4.751E-01  7.939E-01
    32257  3.734E-04 3.734E-04  01:42:06 1.15601E-08       84218  4.865E-01  7.939E-01
    32482  3.760E-04 3.760E-04  01:42:48 1.15601E-08       84324  4.986E-01  7.939E-01
    32718  3.787E-04 3.787E-04  01:43:29 1.15601E-08       50616  5.103E-01  7.939E-01
    32833  3.800E-04 3.800E-04  01:43:50 1.15601E-08       73087  5.161E-01  7.939E-01
Output Field Frame Number    19, of     25, at step time 3.800E-04
    33066  3.827E-04 3.827E-04  01:44:32 1.15601E-08        5672  5.272E-01  7.939E-01

 STEP 1  ORIGIN 0.0000

              STEP     TOTAL      WALL        STABLE    CRITICAL    KINETIC      TOTAL
INCREMENT     TIME      TIME      TIME     INCREMENT     ELEMENT     ENERGY     ENERGY
    33300  3.854E-04 3.854E-04  01:45:13 1.15600E-08        5672  5.351E-01  7.939E-01
    33542  3.882E-04 3.882E-04  01:45:55 1.15601E-08        5671  5.394E-01  7.939E-01
    33794  3.911E-04 3.911E-04  01:46:37 1.15601E-08       16908  5.403E-01  7.940E-01
    34034  3.939E-04 3.939E-04  01:47:18 1.15601E-08       84324  5.382E-01  7.940E-01
    34275  3.967E-04 3.967E-04  01:48:00 1.15601E-08       84218  5.351E-01  7.940E-01
    34520  3.995E-04 3.995E-04  01:48:42 1.15601E-08       16908  5.361E-01  7.940E-01
    34564  4.000E-04 4.000E-04  01:48:49 1.15601E-08        5672  5.371E-01  7.940E-01
Output Field Frame Number    20, of     25, at step time 4.000E-04
    34812  4.029E-04 4.029E-04  01:49:32 1.15601E-08       50616  5.471E-01  7.940E-01
    35058  4.057E-04 4.057E-04  01:50:13 1.15601E-08       61852  5.628E-01  7.940E-01
    35312  4.086E-04 4.086E-04  01:50:55 1.15601E-08        5672  5.815E-01  7.940E-01
    35555  4.115E-04 4.115E-04  01:51:37 1.15602E-08       16908  6.025E-01  7.940E-01
    35802  4.143E-04 4.143E-04  01:52:18 1.15601E-08       84324  6.272E-01  7.940E-01
    36043  4.171E-04 4.171E-04  01:53:00 1.15601E-08       84218  6.512E-01  7.940E-01
    36277  4.198E-04 4.198E-04  01:53:41 1.15600E-08       84324  6.661E-01  7.940E-01
    36295  4.200E-04 4.200E-04  01:53:45 1.15600E-08       84324  6.668E-01  7.940E-01
Output Field Frame Number    21, of     25, at step time 4.200E-04
    36516  4.226E-04 4.226E-04  01:54:26 1.15600E-08       84324  6.721E-01  7.940E-01
    36740  4.251E-04 4.251E-04  01:55:08 1.15601E-08       84218  6.736E-01  7.940E-01
    36946  4.275E-04 4.275E-04  01:55:49 1.15601E-08       73088  6.746E-01  7.940E-01
    37168  4.301E-04 4.301E-04  01:56:31 1.15601E-08       84323  6.739E-01  7.940E-01
    37398  4.328E-04 4.328E-04  01:57:12 1.15601E-08       84323  6.702E-01  7.940E-01
    37623  4.354E-04 4.354E-04  01:57:54 1.15601E-08        5672  6.660E-01  7.940E-01
    37842  4.379E-04 4.379E-04  01:58:35 1.15602E-08       28038  6.658E-01  7.940E-01
    38026  4.400E-04 4.400E-04  01:59:11 1.15601E-08       50616  6.699E-01  7.940E-01
Output Field Frame Number    22, of     25, at step time 4.400E-04
    38241  4.425E-04 4.425E-04  01:59:53 1.15601E-08       50510  6.777E-01  7.940E-01
    38456  4.450E-04 4.450E-04  02:00:34 1.15601E-08        5671  6.859E-01  7.940E-01
    38668  4.474E-04 4.474E-04  02:01:16 1.15601E-08       84324  6.928E-01  7.940E-01
    38881  4.499E-04 4.499E-04  02:01:58 1.15601E-08       61852  6.986E-01  7.940E-01
    39100  4.524E-04 4.524E-04  02:02:39 1.15602E-08       39380  7.043E-01  7.940E-01
    39317  4.549E-04 4.549E-04  02:03:21 1.15602E-08       50616  7.087E-01  7.940E-01
    39534  4.574E-04 4.574E-04  02:04:03 1.15602E-08       50616  7.090E-01  7.940E-01
    39743  4.598E-04 4.598E-04  02:04:44 1.15602E-08       72982  7.045E-01  7.940E-01
    39757  4.600E-04 4.600E-04  02:04:47 1.15602E-08       39380  7.040E-01  7.940E-01
Output Field Frame Number    23, of     25, at step time 4.600E-04
    39976  4.625E-04 4.625E-04  02:05:28 1.15601E-08       84324  6.958E-01  7.940E-01
    40189  4.650E-04 4.650E-04  02:06:09 1.15601E-08       73088  6.869E-01  7.940E-01
    40405  4.675E-04 4.675E-04  02:06:50 1.15601E-08       28144  6.780E-01  7.940E-01
    40622  4.700E-04 4.700E-04  02:07:31 1.15601E-08        5672  6.708E-01  7.940E-01
    40840  4.725E-04 4.725E-04  02:08:14 1.15602E-08       61852  6.651E-01  7.940E-01
    41065  4.751E-04 4.751E-04  02:08:55 1.15601E-08       73088  6.611E-01  7.940E-01
    41290  4.777E-04 4.777E-04  02:09:36 1.15601E-08       84324  6.584E-01  7.940E-01
    41488  4.800E-04 4.800E-04  02:10:12 1.15601E-08       73088  6.572E-01  7.940E-01
Output Field Frame Number    24, of     25, at step time 4.800E-04

 STEP 1  ORIGIN 0.0000

              STEP     TOTAL      WALL        STABLE    CRITICAL    KINETIC      TOTAL
INCREMENT     TIME      TIME      TIME     INCREMENT     ELEMENT     ENERGY     ENERGY
    41729  4.828E-04 4.828E-04  02:10:54 1.15601E-08       73088  6.565E-01  7.940E-01
    41946  4.853E-04 4.853E-04  02:11:35 1.15601E-08        5566  6.566E-01  7.940E-01
    42173  4.879E-04 4.879E-04  02:12:19 1.15601E-08       16908  6.563E-01  7.940E-01
    42390  4.904E-04 4.904E-04  02:13:01 1.15602E-08       28144  6.539E-01  7.940E-01
    42616  4.931E-04 4.931E-04  02:13:43 1.15601E-08        5672  6.463E-01  7.940E-01
    42852  4.958E-04 4.958E-04  02:14:25 1.15600E-08        5671  6.310E-01  7.940E-01
    43066  4.983E-04 4.983E-04  02:15:07 1.15601E-08       16908  6.137E-01  7.940E-01
    43216  5.000E-04 5.000E-04  02:15:35 1.15539E-08        5672  6.022E-01  7.940E-01
Restart Number  1 at 5.00000E-04
Output Field Frame Number    25, of     25, at step time 5.000E-04

Abaqus/Explicit 2026                             DATE 21-Sep-2026  TIME 11:39:31

 STEP 2  ORIGIN 5.00000E-04

  Total memory used for step 2 is approximately 1.6 gigabytes.
  Global time estimation algorithm will be used.
  Scaling factor:  1.0000
              STEP     TOTAL      WALL        STABLE    CRITICAL    KINETIC      TOTAL
INCREMENT     TIME      TIME      TIME     INCREMENT     ELEMENT     ENERGY     ENERGY
        0  0.000E+00 5.000E-04  02:15:39 1.15539E-08        5672  6.022E-01  7.940E-01
Output Field Frame Number     0, of     25, at step time 0.000E+00
      144  1.818E-06 5.018E-04  02:16:14 1.25743E-08       16908  5.912E-01  7.939E-01
      288  3.623E-06 5.036E-04  02:16:47 1.24640E-08        5566  5.814E-01  7.939E-01
      404  5.069E-06 5.051E-04  02:17:16 1.24640E-08        5672  5.741E-01  7.939E-01
      504  6.315E-06 5.063E-04  02:17:42 1.24349E-08        5672  5.682E-01  7.939E-01
      606  7.571E-06 5.076E-04  02:18:08 1.22500E-08       16908  5.623E-01  7.939E-01
      709  8.832E-06 5.088E-04  02:18:34 1.22227E-08       16908  5.565E-01  7.939E-01
      809  1.000E-05 5.100E-04  02:18:56 1.15601E-08        5672  5.518E-01  7.939E-01
Output Field Frame Number     1, of     25, at step time 1.000E-05
      936  1.147E-05 5.115E-04  02:19:23 1.15602E-08       28144  5.471E-01  7.939E-01
     1060  1.291E-05 5.129E-04  02:19:49 1.15601E-08        5672  5.445E-01  7.939E-01
     1183  1.433E-05 5.143E-04  02:20:15 1.15601E-08        5672  5.439E-01  7.939E-01
     1321  1.592E-05 5.159E-04  02:20:43 1.15601E-08        5672  5.456E-01  7.939E-01
     1445  1.736E-05 5.174E-04  02:21:10 1.15601E-08       61852  5.490E-01  7.939E-01
     1572  1.882E-05 5.188E-04  02:21:37 1.15600E-08       84324  5.532E-01  7.939E-01
     1674  2.000E-05 5.200E-04  02:21:58 1.15600E-08       84323  5.565E-01  7.939E-01
Output Field Frame Number     2, of     25, at step time 2.000E-05
     1794  2.139E-05 5.214E-04  02:22:24 1.15601E-08       84324  5.595E-01  7.939E-01
     1920  2.285E-05 5.228E-04  02:22:51 1.15601E-08       73088  5.615E-01  7.939E-01
     2047  2.432E-05 5.243E-04  02:23:17 1.15601E-08       73088  5.620E-01  7.939E-01
     2175  2.580E-05 5.258E-04  02:23:44 1.15601E-08       16908  5.608E-01  7.939E-01
     2308  2.733E-05 5.273E-04  02:24:12 1.15601E-08        5672  5.578E-01  7.939E-01
     2432  2.877E-05 5.288E-04  02:24:38 1.15601E-08        5672  5.535E-01  7.939E-01
     2539  3.000E-05 5.300E-04  02:25:01 1.15602E-08       50616  5.486E-01  7.939E-01
Output Field Frame Number     3, of     25, at step time 3.000E-05
     2664  3.145E-05 5.314E-04  02:25:27 1.15601E-08       84324  5.419E-01  7.939E-01
     2790  3.290E-05 5.329E-04  02:25:54 1.15600E-08       84324  5.342E-01  7.939E-01
     2915  3.435E-05 5.343E-04  02:26:20 1.15600E-08       84324  5.262E-01  7.939E-01
     3038  3.577E-05 5.358E-04  02:26:46 1.15600E-08       84324  5.181E-01  7.939E-01
     3164  3.723E-05 5.372E-04  02:27:13 1.15600E-08       84324  5.092E-01  7.939E-01
     3342  3.929E-05 5.393E-04  02:27:47 1.15600E-08       84324  4.953E-01  7.939E-01
     3404  4.000E-05 5.400E-04  02:27:59 1.15600E-08       84324  4.905E-01  7.939E-01
Output Field Frame Number     4, of     25, at step time 4.000E-05
     3638  4.271E-05 5.427E-04  02:28:41 1.15601E-08       84324  4.741E-01  7.939E-01
     3854  4.521E-05 5.452E-04  02:29:19 1.15601E-08       84324  4.656E-01  7.939E-01
     4059  4.758E-05 5.476E-04  02:29:53 1.15601E-08        5672  4.653E-01  7.939E-01
     4269  5.000E-05 5.500E-04  02:30:32 1.15600E-08        5672  4.691E-01  7.939E-01
Output Field Frame Number     5, of     25, at step time 5.000E-05
     4487  5.252E-05 5.525E-04  02:31:12 1.15600E-08        5672  4.755E-01  7.939E-01
     4714  5.515E-05 5.551E-04  02:31:50 1.15601E-08        5672  4.848E-01  7.939E-01
     4980  5.822E-05 5.582E-04  02:32:30 1.15601E-08       28144  4.996E-01  7.940E-01
     5134  6.000E-05 5.600E-04  02:32:55 1.15601E-08       73088  5.091E-01  7.940E-01
Output Field Frame Number     6, of     25, at step time 6.000E-05
     5369  6.272E-05 5.627E-04  02:33:32 1.15601E-08       84324  5.209E-01  7.940E-01
     5619  6.561E-05 5.656E-04  02:34:10 1.15602E-08       50616  5.271E-01  7.940E-01
     5868  6.849E-05 5.685E-04  02:34:50 1.15599E-08        5672  5.279E-01  7.940E-01

 STEP 2  ORIGIN 5.00000E-04

              STEP     TOTAL      WALL        STABLE    CRITICAL    KINETIC      TOTAL
INCREMENT     TIME      TIME      TIME     INCREMENT     ELEMENT     ENERGY     ENERGY
     5999  7.001E-05 5.700E-04  02:35:17 1.15599E-08        5672  5.282E-01  7.940E-01
Output Field Frame Number     7, of     25, at step time 7.001E-05
     6178  7.208E-05 5.721E-04  02:35:53 1.15600E-08        5672  5.291E-01  7.940E-01
     6351  7.408E-05 5.741E-04  02:36:22 1.15600E-08        5672  5.302E-01  7.940E-01
     6466  7.540E-05 5.754E-04  02:36:46 1.15601E-08        5672  5.308E-01  7.940E-01
     6592  7.686E-05 5.769E-04  02:37:11 1.15601E-08        5672  5.309E-01  7.940E-01
     6724  7.839E-05 5.784E-04  02:37:35 1.15600E-08        5672  5.302E-01  7.940E-01
     6864  8.001E-05 5.800E-04  02:38:00 1.15601E-08        5672  5.296E-01  7.940E-01
Output Field Frame Number     8, of     25, at step time 8.001E-05
     7010  8.169E-05 5.817E-04  02:38:25 1.15601E-08       16908  5.308E-01  7.940E-01
     7132  8.310E-05 5.831E-04  02:38:50 1.15601E-08       16908  5.338E-01  7.940E-01
     7242  8.438E-05 5.844E-04  02:39:13 1.15601E-08       16908  5.379E-01  7.940E-01
     7336  8.546E-05 5.855E-04  02:39:34 1.15601E-08        5672  5.423E-01  7.940E-01
     7441  8.668E-05 5.867E-04  02:39:55 1.15601E-08        5672  5.481E-01  7.940E-01
     7542  8.784E-05 5.878E-04  02:40:17 1.15601E-08       84324  5.543E-01  7.940E-01
     7641  8.899E-05 5.890E-04  02:40:39 1.15601E-08       84324  5.609E-01  7.940E-01
     7729  9.001E-05 5.900E-04  02:40:58 1.15600E-08       84324  5.669E-01  7.940E-01
Output Field Frame Number     9, of     25, at step time 9.001E-05
     7836  9.124E-05 5.912E-04  02:41:21 1.15601E-08       84218  5.745E-01  7.940E-01
     7925  9.227E-05 5.923E-04  02:41:45 1.15600E-08       84324  5.812E-01  7.940E-01
     8025  9.343E-05 5.934E-04  02:42:07 1.15600E-08       84324  5.890E-01  7.940E-01
     8123  9.456E-05 5.946E-04  02:42:30 1.15601E-08       84324  5.968E-01  7.940E-01
     8218  9.566E-05 5.957E-04  02:42:51 1.15600E-08       84324  6.045E-01  7.940E-01
     8301  9.662E-05 5.966E-04  02:43:11 1.15600E-08       84324  6.113E-01  7.940E-01
     8390  9.765E-05 5.976E-04  02:43:32 1.15601E-08       84324  6.185E-01  7.940E-01
     8496  9.887E-05 5.989E-04  02:43:54 1.15601E-08       61852  6.268E-01  7.940E-01
     8594  1.000E-04 6.000E-04  02:44:16 1.15601E-08        5672  6.341E-01  7.940E-01
Output Field Frame Number    10, of     25, at step time 1.000E-04
     8689  1.011E-04 6.011E-04  02:44:39 1.15600E-08        5672  6.406E-01  7.940E-01
     8789  1.023E-04 6.023E-04  02:45:02 1.15600E-08        5672  6.466E-01  7.940E-01
     8897  1.035E-04 6.035E-04  02:45:24 1.15601E-08        5672  6.521E-01  7.940E-01
     9012  1.048E-04 6.048E-04  02:45:47 1.15601E-08       28144  6.568E-01  7.940E-01
     9130  1.062E-04 6.062E-04  02:46:10 1.15601E-08       84324  6.603E-01  7.940E-01
     9245  1.075E-04 6.075E-04  02:46:33 1.15602E-08       39380  6.628E-01  7.940E-01
     9351  1.088E-04 6.088E-04  02:46:55 1.15601E-08        5672  6.644E-01  7.940E-01
     9451  1.099E-04 6.099E-04  02:47:15 1.15601E-08       84324  6.653E-01  7.940E-01
     9459  1.100E-04 6.100E-04  02:47:17 1.15601E-08       61852  6.654E-01  7.940E-01
Output Field Frame Number    11, of     25, at step time 1.100E-04
     9558  1.112E-04 6.112E-04  02:47:37 1.15601E-08       84324  6.658E-01  7.940E-01
     9657  1.123E-04 6.123E-04  02:47:57 1.15601E-08       84324  6.655E-01  7.940E-01
     9754  1.134E-04 6.134E-04  02:48:17 1.15601E-08       73088  6.646E-01  7.940E-01
     9852  1.146E-04 6.146E-04  02:48:37 1.15601E-08       84324  6.634E-01  7.940E-01
     9949  1.157E-04 6.157E-04  02:48:57 1.15601E-08       73088  6.625E-01  7.940E-01
    10045  1.168E-04 6.168E-04  02:49:17 1.15601E-08       84324  6.622E-01  7.940E-01
    10142  1.179E-04 6.179E-04  02:49:37 1.15600E-08       84324  6.626E-01  7.940E-01

 STEP 2  ORIGIN 5.00000E-04

              STEP     TOTAL      WALL        STABLE    CRITICAL    KINETIC      TOTAL
INCREMENT     TIME      TIME      TIME     INCREMENT     ELEMENT     ENERGY     ENERGY
    10239  1.190E-04 6.190E-04  02:49:57 1.15601E-08       84218  6.638E-01  7.940E-01
    10324  1.200E-04 6.200E-04  02:50:14 1.15601E-08       84324  6.654E-01  7.940E-01
Output Field Frame Number    12, of     25, at step time 1.200E-04
    10420  1.211E-04 6.211E-04  02:50:34 1.15601E-08       73088  6.679E-01  7.940E-01
    10516  1.222E-04 6.222E-04  02:50:55 1.15602E-08       50616  6.711E-01  7.940E-01
    10616  1.234E-04 6.234E-04  02:51:16 1.15601E-08       61852  6.750E-01  7.940E-01
    10719  1.246E-04 6.246E-04  02:51:37 1.15601E-08       16908  6.798E-01  7.940E-01
    10822  1.258E-04 6.258E-04  02:51:57 1.15601E-08       16908  6.852E-01  7.940E-01
    10925  1.270E-04 6.270E-04  02:52:18 1.15600E-08        5672  6.911E-01  7.940E-01
    11041  1.283E-04 6.283E-04  02:52:41 1.15600E-08        5672  6.983E-01  7.940E-01
    11156  1.296E-04 6.296E-04  02:53:04 1.15601E-08       16908  7.058E-01  7.940E-01
    11189  1.300E-04 6.300E-04  02:53:11 1.15601E-08        5672  7.080E-01  7.940E-01
Output Field Frame Number    13, of     25, at step time 1.300E-04
    11301  1.313E-04 6.313E-04  02:53:34 1.15601E-08       39380  7.156E-01  7.940E-01
    11416  1.326E-04 6.326E-04  02:53:57 1.15601E-08       16908  7.232E-01  7.940E-01
    11528  1.339E-04 6.339E-04  02:54:19 1.15601E-08        5672  7.301E-01  7.940E-01
    11641  1.352E-04 6.352E-04  02:54:42 1.15601E-08        5672  7.358E-01  7.940E-01
    11754  1.365E-04 6.365E-04  02:55:04 1.15601E-08       28144  7.398E-01  7.940E-01
    11856  1.377E-04 6.377E-04  02:55:26 1.15601E-08        5672  7.415E-01  7.940E-01
    11964  1.390E-04 6.390E-04  02:55:48 1.15602E-08       39380  7.409E-01  7.940E-01
    12055  1.400E-04 6.400E-04  02:56:06 1.15601E-08       84324  7.384E-01  7.940E-01
Output Field Frame Number    14, of     25, at step time 1.400E-04
    12168  1.413E-04 6.413E-04  02:56:29 1.15601E-08       84324  7.331E-01  7.940E-01
    12283  1.426E-04 6.426E-04  02:56:51 1.15601E-08       84324  7.257E-01  7.940E-01
    12400  1.440E-04 6.440E-04  02:57:14 1.15601E-08       73088  7.169E-01  7.940E-01
    12515  1.453E-04 6.453E-04  02:57:37 1.15602E-08       73088  7.080E-01  7.940E-01
    12626  1.466E-04 6.466E-04  02:57:59 1.15601E-08        5672  6.995E-01  7.940E-01
    12735  1.479E-04 6.479E-04  02:58:20 1.15601E-08       73088  6.914E-01  7.940E-01
    12852  1.492E-04 6.492E-04  02:58:43 1.15601E-08       73088  6.827E-01  7.940E-01
    12920  1.500E-04 6.500E-04  02:58:56 1.15601E-08       84324  6.776E-01  7.940E-01
Output Field Frame Number    15, of     25, at step time 1.500E-04
    13034  1.513E-04 6.513E-04  02:59:19 1.15601E-08       61852  6.689E-01  7.940E-01
    13147  1.526E-04 6.526E-04  02:59:41 1.15601E-08       39380  6.602E-01  7.940E-01
    13253  1.539E-04 6.539E-04  03:00:02 1.15601E-08        5672  6.528E-01  7.940E-01
    13357  1.551E-04 6.551E-04  03:00:23 1.15601E-08        5672  6.467E-01  7.940E-01
    13458  1.562E-04 6.562E-04  03:00:44 1.15601E-08        5672  6.421E-01  7.940E-01
    13561  1.574E-04 6.574E-04  03:01:04 1.15601E-08        5566  6.392E-01  7.940E-01
    13668  1.586E-04 6.586E-04  03:01:26 1.15601E-08       61852  6.381E-01  7.940E-01
    13781  1.600E-04 6.600E-04  03:01:48 1.15601E-08       39380  6.388E-01  7.940E-01
    13786  1.600E-04 6.600E-04  03:01:49 1.15601E-08       84324  6.389E-01  7.940E-01
Output Field Frame Number    16, of     25, at step time 1.600E-04
    13899  1.613E-04 6.613E-04  03:02:12 1.15601E-08       84324  6.415E-01  7.940E-01
    14016  1.627E-04 6.627E-04  03:02:35 1.15601E-08       50616  6.456E-01  7.940E-01
    14131  1.640E-04 6.640E-04  03:02:57 1.15601E-08        5672  6.506E-01  7.940E-01
    14247  1.653E-04 6.653E-04  03:03:20 1.15601E-08        5672  6.562E-01  7.940E-01

 STEP 2  ORIGIN 5.00000E-04

              STEP     TOTAL      WALL        STABLE    CRITICAL    KINETIC      TOTAL
INCREMENT     TIME      TIME      TIME     INCREMENT     ELEMENT     ENERGY     ENERGY
    14362  1.667E-04 6.667E-04  03:03:42 1.15601E-08        5672  6.615E-01  7.940E-01
    14477  1.680E-04 6.680E-04  03:04:05 1.15601E-08        5672  6.656E-01  7.940E-01
    14596  1.694E-04 6.694E-04  03:04:28 1.15601E-08        5672  6.679E-01  7.940E-01
    14651  1.700E-04 6.700E-04  03:04:39 1.15601E-08       28143  6.683E-01  7.940E-01
Output Field Frame Number    17, of     25, at step time 1.700E-04
    14766  1.713E-04 6.713E-04  03:05:01 1.15600E-08        5672  6.673E-01  7.940E-01
    14880  1.727E-04 6.727E-04  03:05:24 1.15601E-08        5672  6.645E-01  7.940E-01
    14993  1.740E-04 6.740E-04  03:05:46 1.15601E-08        5672  6.601E-01  7.940E-01
    15108  1.753E-04 6.753E-04  03:06:09 1.15600E-08       16908  6.544E-01  7.940E-01
    15226  1.766E-04 6.766E-04  03:06:32 1.15601E-08        5672  6.475E-01  7.940E-01
    15342  1.780E-04 6.780E-04  03:06:55 1.15602E-08       39380  6.401E-01  7.940E-01
    15460  1.794E-04 6.794E-04  03:07:17 1.15601E-08       84324  6.318E-01  7.940E-01
    15517  1.800E-04 6.800E-04  03:07:29 1.15601E-08       84324  6.274E-01  7.940E-01
Output Field Frame Number    18, of     25, at step time 1.800E-04
    15631  1.813E-04 6.813E-04  03:07:51 1.15602E-08       28144  6.178E-01  7.940E-01
    15747  1.827E-04 6.827E-04  03:08:14 1.15601E-08        5671  6.071E-01  7.940E-01
    15863  1.840E-04 6.840E-04  03:08:36 1.15601E-08        5672  5.957E-01  7.940E-01
    15977  1.853E-04 6.853E-04  03:08:59 1.15601E-08       16908  5.841E-01  7.940E-01
    16092  1.867E-04 6.867E-04  03:09:21 1.15602E-08       50616  5.724E-01  7.940E-01
    16202  1.879E-04 6.879E-04  03:09:43 1.15601E-08       50510  5.620E-01  7.940E-01
    16311  1.892E-04 6.892E-04  03:10:05 1.15601E-08       84324  5.530E-01  7.940E-01
    16382  1.900E-04 6.900E-04  03:10:19 1.15601E-08       84324  5.480E-01  7.940E-01
Output Field Frame Number    19, of     25, at step time 1.900E-04
    16483  1.912E-04 6.912E-04  03:10:40 1.15602E-08       61852  5.424E-01  7.940E-01
    16592  1.924E-04 6.924E-04  03:11:02 1.15602E-08       61852  5.383E-01  7.940E-01
    16707  1.938E-04 6.938E-04  03:11:25 1.15601E-08        5672  5.356E-01  7.940E-01
    16823  1.951E-04 6.951E-04  03:11:48 1.15601E-08       16908  5.337E-01  7.940E-01
    16929  1.963E-04 6.963E-04  03:12:10 1.15600E-08        5672  5.323E-01  7.940E-01
    17041  1.976E-04 6.976E-04  03:12:32 1.15601E-08        5671  5.308E-01  7.940E-01
    17146  1.988E-04 6.988E-04  03:12:53 1.15601E-08        5672  5.296E-01  7.940E-01
    17247  2.000E-04 7.000E-04  03:13:14 1.15601E-08       16908  5.290E-01  7.940E-01
Output Field Frame Number    20, of     25, at step time 2.000E-04
    17347  2.012E-04 7.012E-04  03:13:34 1.15602E-08       16908  5.294E-01  7.940E-01
    17453  2.024E-04 7.024E-04  03:13:56 1.15602E-08       39380  5.307E-01  7.940E-01
    17562  2.036E-04 7.036E-04  03:14:18 1.15601E-08       84324  5.326E-01  7.940E-01
    17672  2.049E-04 7.049E-04  03:14:40 1.15601E-08       39380  5.349E-01  7.940E-01
    17779  2.061E-04 7.061E-04  03:15:02 1.15601E-08       16908  5.370E-01  7.940E-01
    17884  2.074E-04 7.074E-04  03:15:23 1.15601E-08        5672  5.386E-01  7.940E-01
    17987  2.086E-04 7.086E-04  03:15:44 1.15601E-08        5672  5.394E-01  7.940E-01
    18083  2.097E-04 7.097E-04  03:16:03 1.15600E-08        5672  5.392E-01  7.940E-01
    18113  2.100E-04 7.100E-04  03:16:09 1.15601E-08        5672  5.390E-01  7.940E-01
Output Field Frame Number    21, of     25, at step time 2.100E-04
    18215  2.112E-04 7.112E-04  03:16:30 1.15602E-08       39380  5.379E-01  7.940E-01
    18319  2.124E-04 7.124E-04  03:16:51 1.15601E-08       84324  5.364E-01  7.940E-01
    18421  2.136E-04 7.136E-04  03:17:11 1.15601E-08       84324  5.348E-01  7.940E-01

 STEP 2  ORIGIN 5.00000E-04

              STEP     TOTAL      WALL        STABLE    CRITICAL    KINETIC      TOTAL
INCREMENT     TIME      TIME      TIME     INCREMENT     ELEMENT     ENERGY     ENERGY
    18524  2.148E-04 7.148E-04  03:17:31 1.15601E-08       84324  5.332E-01  7.940E-01
    18628  2.160E-04 7.160E-04  03:17:52 1.15601E-08       84324  5.318E-01  7.940E-01
    18734  2.172E-04 7.172E-04  03:18:13 1.15601E-08       84324  5.305E-01  7.940E-01
    18831  2.183E-04 7.183E-04  03:18:33 1.15601E-08       84324  5.290E-01  7.940E-01
    18914  2.193E-04 7.193E-04  03:18:52 1.15601E-08       84324  5.272E-01  7.940E-01
    18978  2.200E-04 7.200E-04  03:19:06 1.15601E-08       39274  5.254E-01  7.940E-01
Output Field Frame Number    22, of     25, at step time 2.200E-04
    19059  2.209E-04 7.209E-04  03:19:25 1.15601E-08       73088  5.226E-01  7.940E-01
    19142  2.219E-04 7.219E-04  03:19:44 1.15601E-08        5672  5.192E-01  7.940E-01
    19225  2.229E-04 7.229E-04  03:20:02 1.15601E-08        5672  5.154E-01  7.940E-01
    19306  2.238E-04 7.238E-04  03:20:21 1.15600E-08        5672  5.114E-01  7.940E-01
    19387  2.247E-04 7.247E-04  03:20:39 1.15601E-08        5672  5.073E-01  7.940E-01
    19467  2.257E-04 7.257E-04  03:20:57 1.15601E-08       16908  5.032E-01  7.940E-01
    19546  2.266E-04 7.266E-04  03:21:15 1.15602E-08       28144  4.992E-01  7.940E-01
    19626  2.275E-04 7.275E-04  03:21:34 1.15601E-08       16908  4.955E-01  7.940E-01
    19720  2.286E-04 7.286E-04  03:21:53 1.15601E-08       16908  4.918E-01  7.940E-01
    19844  2.300E-04 7.300E-04  03:22:15 1.15600E-08        5672  4.882E-01  7.940E-01
Output Field Frame Number    23, of     25, at step time 2.300E-04
    19980  2.316E-04 7.316E-04  03:22:39 1.15600E-08        5672  4.856E-01  7.940E-01
    20115  2.331E-04 7.331E-04  03:23:03 1.15601E-08       16908  4.839E-01  7.940E-01
    20248  2.347E-04 7.347E-04  03:23:27 1.15601E-08       28144  4.833E-01  7.940E-01
    20370  2.361E-04 7.361E-04  03:23:49 1.15601E-08        5672  4.840E-01  7.940E-01
    20490  2.375E-04 7.375E-04  03:24:11 1.15601E-08        5672  4.859E-01  7.940E-01
    20611  2.389E-04 7.389E-04  03:24:34 1.15601E-08       84324  4.894E-01  7.940E-01
    20709  2.400E-04 7.400E-04  03:24:52 1.15601E-08       84324  4.933E-01  7.940E-01
Output Field Frame Number    24, of     25, at step time 2.400E-04
    20829  2.414E-04 7.414E-04  03:25:14 1.15601E-08       84324  4.989E-01  7.940E-01
    20999  2.434E-04 7.434E-04  03:25:42 1.15600E-08       84324  5.077E-01  7.940E-01
    21169  2.453E-04 7.453E-04  03:26:09 1.15600E-08       84324  5.165E-01  7.940E-01
    21343  2.473E-04 7.473E-04  03:26:37 1.15601E-08       84324  5.252E-01  7.941E-01
    21519  2.494E-04 7.494E-04  03:27:04 1.15601E-08       39380  5.330E-01  7.941E-01
    21575  2.500E-04 7.500E-04  03:27:13 1.15468E-08       16908  5.350E-01  7.941E-01
Restart Number  1 at 7.50000E-04
Output Field Frame Number    25, of     25, at step time 2.500E-04
  EXPLICIT EXECUTABLE TIME SUMMARY
       USER TIME (SEC)      =   45135.
       SYSTEM TIME (SEC)    =   3807.0
       WALLCLOCK TIME (SEC) =        12436
              INIT (SEC) =         12
              MAIN (SEC) =      12424

  THE ANALYSIS HAS COMPLETED SUCCESSFULLY

