Abaqus/Explicit 2026                             DATE 21-Sep-2026  TIME 09:23:26
-------------------------------------------------------------------------------
 PREPROCESSOR WARNING MESSAGES
-------------------------------------------------------------------------------


***WARNING: There are 9 warning messages in the data (.dat) file.  Please
            check the data file for possible errors in the input file.


-------------------------------------------------------------------------------
 NUMERICAL PRECISION USED FOR THIS Abaqus/Explicit ANALYSIS
-------------------------------------------------------------------------------

Single precision package and explicit executables will be used in this analysis.

-------------------------------------------------------------------------------
-------------------------------------------------------------------------------
 MODEL INFORMATION (IN GLOBAL X-Y COORDINATES)
-------------------------------------------------------------------------------

   Total mass in model = 3.69676E-02
   Center of mass of model = ( 5.000000E-02, 5.000000E-02, 1.536635E-03)

    Moments of Inertia :
                 About Center of Mass              About Origin
      I(XX)          2.763283E-05                  1.201392E-04
      I(YY)          2.763283E-05                  1.201392E-04
      I(ZZ)          5.504050E-05                  2.398786E-04
      I(XY)         -3.209268E-12                 -9.241906E-05
      I(YZ)         -7.343015E-14                 -2.840287E-06
      I(ZX)         -7.617665E-14                 -2.840287E-06

-------------------------------------------------------------------------------
 STABLE TIME INCREMENT INFORMATION
-------------------------------------------------------------------------------


  The stable time increment estimate for each element is based on
  linearization about the initial state.


   Initial time increment = 1.22410E-08

   Statistics over 89888 deformable elements:
      Mean = 2.26340E-08
      Standard deviation = 3.64392E-09

   Most critical elements:
    Element number   Rank    Time increment   Increment ratio
   ----------------------------------------------------------
       16908          1       1.224104E-08      1.000000E+00
       28144          2       1.224104E-08      1.000000E+00
        5672          3       1.224104E-08      9.999999E-01
       39380          4       1.224104E-08      9.999999E-01
       61852          5       1.224104E-08      9.999999E-01
       73088          6       1.224104E-08      9.999999E-01
       84324          7       1.224104E-08      9.999999E-01
       50616          8       1.224104E-08      9.999999E-01
       16907          9       1.224107E-08      9.999973E-01
       28143         10       1.224107E-08      9.999973E-01

-------------------------------------------------------------------------------

  INFORMATION REGARDING INITIAL CONTACT OVERCLOSURES FOR NEWLY DEFINED GENERAL
  CONTACT INTERACTIONS IN STEP 1

-------------------------------------------------------------------------------

  No initial node-face overclosures found.


  Abaqus/Explicit will attempt to resolve 46 initial edge-edge overclosure(s).


  Maximum initial overclosure for edge-edge contact is 1.20053E-10 between the
  edge defined by nodes 17441 and 17548 and the edge defined by nodes 28997
  and 28890


  No nodal position adjustments have been made.


  No node-face overclosures left unresolved.


  42 edge-edge overclosure(s) left unresolved and will be stored as offsets.
  To help identify the nodes involved in the overclosures a node set
  InfoNodeUnresolvInitOver has been created. Check the message file for more
  detailed information.


  Maximum unresolved overclosure is 1.20053E-10 between the edge defined by
  nodes 17441 and 17548 and the edge defined by nodes 28997 and 28890


  For more detailed information on initial overclosures, use the *DIAGNOSTICS,
  CONTACT=DETAIL command and see the message (.msg) file.


***NOTE: You can view the deformed configuration due to the resolution of
         initial overclosures.  In increment 0, draw the deformed shape or
         draw a symbol plot of vector displacements.

------------------------------------------------------------------------------

Abaqus/Explicit 2026                             DATE 21-Sep-2026  TIME 09:23:41
The entire model is considered 1 domain.
Only 1 MPI rank is used.

-------------------------------------------------------------------------------
 SOLUTION PROGRESS
-------------------------------------------------------------------------------

 STEP 1  ORIGIN 0.0000

  Total memory used for step 1 is approximately 1.5 gigabytes.
  Global time estimation algorithm will be used.
  Scaling factor:  1.0000
              STEP     TOTAL      WALL        STABLE    CRITICAL    KINETIC      TOTAL
INCREMENT     TIME      TIME      TIME     INCREMENT     ELEMENT     ENERGY     ENERGY
        0  0.000E+00 0.000E+00  00:00:06 1.15145E-08       28144  3.000E-01  3.000E-01
Output Field Frame Number     0, of     25, at step time 0.000E+00
      175  2.266E-06 2.266E-06  00:00:46 1.30566E-08       84323  2.985E-01  3.000E-01
      387  4.970E-06 4.970E-06  00:01:27 1.25011E-08       73089  2.935E-01  2.999E-01
      596  7.558E-06 7.558E-06  00:02:09 1.23436E-08       50615  2.849E-01  2.999E-01
      830  1.036E-05 1.036E-05  00:02:51 1.15048E-08       50510  2.750E-01  2.999E-01
     1084  1.328E-05 1.328E-05  00:03:32 1.15048E-08       84324  2.645E-01  2.999E-01
     1327  1.608E-05 1.608E-05  00:04:14 1.15046E-08       84324  2.547E-01  2.999E-01
     1558  1.874E-05 1.874E-05  00:04:56 1.15047E-08       84323  2.459E-01  2.999E-01
     1668  2.000E-05 2.000E-05  00:05:16 1.15047E-08       72982  2.418E-01  2.999E-01
Output Field Frame Number     1, of     25, at step time 2.000E-05
     1897  2.264E-05 2.264E-05  00:05:58 1.15047E-08       61851  2.338E-01  2.999E-01
     2126  2.527E-05 2.527E-05  00:06:40 1.15048E-08       61852  2.264E-01  2.999E-01
     2362  2.799E-05 2.799E-05  00:07:22 1.15048E-08       84323  2.195E-01  2.999E-01
     2592  3.063E-05 3.063E-05  00:08:04 1.15047E-08        5566  2.130E-01  2.999E-01
     2805  3.308E-05 3.308E-05  00:08:45 1.15048E-08       84323  2.067E-01  2.999E-01
     3024  3.560E-05 3.560E-05  00:09:26 1.15048E-08       50615  2.005E-01  2.999E-01
     3257  3.828E-05 3.828E-05  00:10:08 1.15048E-08       73088  1.949E-01  2.999E-01
     3407  4.001E-05 4.001E-05  00:10:37 1.15046E-08        5671  1.920E-01  2.999E-01
Output Field Frame Number     2, of     25, at step time 4.001E-05
     3625  4.251E-05 4.251E-05  00:11:19 1.15047E-08        5672  1.890E-01  2.999E-01
     3839  4.498E-05 4.498E-05  00:12:01 1.15047E-08        5672  1.874E-01  2.999E-01
     4050  4.740E-05 4.740E-05  00:12:42 1.15048E-08        5671  1.864E-01  2.999E-01
     4263  4.985E-05 4.985E-05  00:13:24 1.15048E-08       84323  1.854E-01  2.999E-01
     4496  5.253E-05 5.253E-05  00:14:06 1.15048E-08       39274  1.836E-01  2.999E-01
     4717  5.508E-05 5.508E-05  00:14:48 1.15047E-08        5672  1.815E-01  2.999E-01
     4940  5.764E-05 5.764E-05  00:15:30 1.15048E-08       84324  1.790E-01  2.999E-01
     5146  6.001E-05 6.001E-05  00:16:09 1.15048E-08       61852  1.764E-01  2.999E-01
Output Field Frame Number     3, of     25, at step time 6.001E-05
     5354  6.240E-05 6.240E-05  00:16:51 1.15047E-08       84324  1.735E-01  2.999E-01
     5583  6.504E-05 6.504E-05  00:17:33 1.15047E-08        5672  1.699E-01  2.999E-01
     5796  6.749E-05 6.749E-05  00:18:14 1.15047E-08        5672  1.660E-01  2.999E-01
     6017  7.003E-05 7.003E-05  00:18:56 1.15048E-08        5671  1.616E-01  2.999E-01
     6240  7.260E-05 7.260E-05  00:19:38 1.15048E-08        5671  1.566E-01  2.999E-01
     6463  7.516E-05 7.516E-05  00:20:19 1.15048E-08        5566  1.507E-01  2.999E-01
     6687  7.774E-05 7.774E-05  00:21:01 1.15046E-08        5672  1.437E-01  2.999E-01
     6884  8.000E-05 8.000E-05  00:21:40 1.15047E-08        5566  1.366E-01  2.999E-01
Output Field Frame Number     4, of     25, at step time 8.000E-05
     7112  8.263E-05 8.263E-05  00:22:22 1.15046E-08        5672  1.277E-01  2.999E-01
     7330  8.513E-05 8.513E-05  00:23:03 1.15048E-08        5672  1.189E-01  2.999E-01
     7555  8.772E-05 8.772E-05  00:23:45 1.15047E-08        5566  1.099E-01  2.999E-01
     7782  9.033E-05 9.033E-05  00:24:27 1.15048E-08       28144  1.016E-01  2.999E-01
     8003  9.288E-05 9.288E-05  00:25:09 1.15046E-08        5672  9.476E-02  2.999E-01
     8232  9.551E-05 9.551E-05  00:25:50 1.15048E-08       84323  8.931E-02  2.999E-01
     8468  9.822E-05 9.822E-05  00:26:32 1.15048E-08       84218  8.565E-02  2.999E-01

 STEP 1  ORIGIN 0.0000

              STEP     TOTAL      WALL        STABLE    CRITICAL    KINETIC      TOTAL
INCREMENT     TIME      TIME      TIME     INCREMENT     ELEMENT     ENERGY     ENERGY
     8623  1.000E-04 1.000E-04  00:26:59 1.15048E-08       84323  8.378E-02  2.999E-01
Output Field Frame Number     5, of     25, at step time 1.000E-04
     8847  1.026E-04 1.026E-04  00:27:41 1.15048E-08       84324  8.132E-02  2.999E-01
     9074  1.052E-04 1.052E-04  00:28:22 1.15048E-08       73088  7.905E-02  2.999E-01
     9299  1.078E-04 1.078E-04  00:29:05 1.15048E-08       72982  7.678E-02  2.999E-01
     9531  1.105E-04 1.105E-04  00:29:46 1.15048E-08       84324  7.418E-02  2.999E-01
     9760  1.131E-04 1.131E-04  00:30:28 1.15048E-08       73088  7.188E-02  2.999E-01
     9999  1.158E-04 1.158E-04  00:31:10 1.15048E-08       84324  7.114E-02  2.999E-01
    10228  1.185E-04 1.185E-04  00:31:51 1.15048E-08       61851  7.317E-02  2.999E-01
    10361  1.200E-04 1.200E-04  00:32:15 1.15048E-08       84324  7.533E-02  2.999E-01
Output Field Frame Number     6, of     25, at step time 1.200E-04
    10590  1.226E-04 1.226E-04  00:32:57 1.15048E-08       84324  8.013E-02  2.999E-01
    10817  1.252E-04 1.252E-04  00:33:39 1.15048E-08       84218  8.585E-02  2.999E-01
    11047  1.279E-04 1.279E-04  00:34:20 1.15048E-08       84218  9.105E-02  2.999E-01
    11275  1.305E-04 1.305E-04  00:35:02 1.15048E-08       73088  9.368E-02  2.999E-01
    11502  1.331E-04 1.331E-04  00:35:44 1.15048E-08       84324  9.317E-02  2.999E-01
    11740  1.359E-04 1.359E-04  00:36:25 1.15048E-08       84323  8.992E-02  2.999E-01
    11998  1.388E-04 1.388E-04  00:37:06 1.15048E-08       84323  8.441E-02  2.999E-01
    12099  1.400E-04 1.400E-04  00:37:25 1.15048E-08       84324  8.181E-02  2.999E-01
Output Field Frame Number     7, of     25, at step time 1.400E-04
    12318  1.425E-04 1.425E-04  00:38:07 1.15048E-08       73088  7.536E-02  2.999E-01
    12538  1.451E-04 1.451E-04  00:38:48 1.15048E-08       73088  6.804E-02  2.999E-01
    12766  1.477E-04 1.477E-04  00:39:30 1.15048E-08       84324  6.028E-02  2.999E-01
    12997  1.503E-04 1.503E-04  00:40:12 1.15048E-08       84323  5.262E-02  2.999E-01
    13221  1.529E-04 1.529E-04  00:40:53 1.15048E-08       61852  4.628E-02  2.999E-01
    13458  1.556E-04 1.556E-04  00:41:35 1.15048E-08       84218  4.087E-02  2.999E-01
    13685  1.583E-04 1.583E-04  00:42:17 1.15048E-08       84324  3.588E-02  2.999E-01
    13837  1.600E-04 1.600E-04  00:42:45 1.15048E-08       84323  3.236E-02  2.999E-01
Output Field Frame Number     8, of     25, at step time 1.600E-04
    14057  1.625E-04 1.625E-04  00:43:26 1.15048E-08       61852  2.787E-02  2.999E-01
    14282  1.651E-04 1.651E-04  00:44:08 1.15048E-08       72982  2.535E-02  2.999E-01
    14505  1.677E-04 1.677E-04  00:44:50 1.15048E-08       61852  2.554E-02  2.999E-01
    14729  1.703E-04 1.703E-04  00:45:31 1.15048E-08        5672  2.804E-02  2.999E-01
    14948  1.728E-04 1.728E-04  00:46:13 1.15048E-08        5672  3.190E-02  2.999E-01
    15155  1.752E-04 1.752E-04  00:46:54 1.15047E-08        5672  3.645E-02  2.999E-01
    15376  1.777E-04 1.777E-04  00:47:36 1.15047E-08        5672  4.233E-02  2.999E-01
    15574  1.800E-04 1.800E-04  00:48:13 1.15046E-08        5672  4.847E-02  2.999E-01
Output Field Frame Number     9, of     25, at step time 1.800E-04
    15785  1.824E-04 1.824E-04  00:48:55 1.15046E-08        5672  5.571E-02  2.999E-01
    16006  1.850E-04 1.850E-04  00:49:36 1.15046E-08        5672  6.407E-02  2.999E-01
    16229  1.875E-04 1.875E-04  00:50:18 1.15047E-08        5566  7.304E-02  2.999E-01
    16442  1.900E-04 1.900E-04  00:51:00 1.15047E-08        5672  8.161E-02  2.999E-01
    16666  1.926E-04 1.926E-04  00:51:41 1.15047E-08        5672  9.065E-02  2.999E-01
    16889  1.951E-04 1.951E-04  00:52:23 1.15047E-08        5671  9.971E-02  2.999E-01
    17108  1.977E-04 1.977E-04  00:53:05 1.15047E-08        5672  1.086E-01  2.999E-01

 STEP 1  ORIGIN 0.0000

              STEP     TOTAL      WALL        STABLE    CRITICAL    KINETIC      TOTAL
INCREMENT     TIME      TIME      TIME     INCREMENT     ELEMENT     ENERGY     ENERGY
    17312  2.000E-04 2.000E-04  00:53:45 1.15047E-08        5672  1.168E-01  2.999E-01
Output Field Frame Number    10, of     25, at step time 2.000E-04
    17533  2.026E-04 2.026E-04  00:54:26 1.15048E-08        5672  1.248E-01  2.999E-01
    17760  2.052E-04 2.052E-04  00:55:08 1.15048E-08       28144  1.315E-01  2.999E-01
    17978  2.077E-04 2.077E-04  00:55:50 1.15048E-08       28144  1.364E-01  2.999E-01
    18188  2.101E-04 2.101E-04  00:56:32 1.15048E-08       16908  1.398E-01  2.999E-01
    18404  2.126E-04 2.126E-04  00:57:13 1.15048E-08       84324  1.421E-01  2.999E-01
    18621  2.151E-04 2.151E-04  00:57:55 1.15047E-08       84324  1.442E-01  2.999E-01
    18835  2.175E-04 2.175E-04  00:58:36 1.15047E-08        5672  1.464E-01  3.000E-01
    19049  2.200E-04 2.200E-04  00:59:17 1.15047E-08        5672  1.489E-01  3.000E-01
Output Field Frame Number    11, of     25, at step time 2.200E-04
    19273  2.226E-04 2.226E-04  00:59:59 1.15047E-08        5672  1.527E-01  3.000E-01
    19493  2.251E-04 2.251E-04  01:00:41 1.15047E-08        5672  1.579E-01  3.000E-01
    19717  2.277E-04 2.277E-04  01:01:23 1.15047E-08        5672  1.648E-01  3.000E-01
    19946  2.303E-04 2.303E-04  01:02:05 1.15048E-08        5672  1.726E-01  3.000E-01
    20183  2.331E-04 2.331E-04  01:02:46 1.15048E-08       84324  1.809E-01  3.000E-01
    20417  2.357E-04 2.357E-04  01:03:28 1.15048E-08       72982  1.887E-01  3.000E-01
    20646  2.384E-04 2.384E-04  01:04:10 1.15048E-08       84324  1.957E-01  3.000E-01
    20787  2.400E-04 2.400E-04  01:04:36 1.15048E-08       28144  1.996E-01  3.000E-01
Output Field Frame Number    12, of     25, at step time 2.400E-04
    21011  2.426E-04 2.426E-04  01:05:18 1.15048E-08       84323  2.051E-01  3.000E-01
    21238  2.452E-04 2.452E-04  01:06:00 1.15048E-08       50616  2.095E-01  3.000E-01
    21461  2.478E-04 2.478E-04  01:06:41 1.15048E-08       84324  2.121E-01  3.000E-01
    21704  2.506E-04 2.506E-04  01:07:23 1.15048E-08       84324  2.136E-01  3.000E-01
    21950  2.534E-04 2.534E-04  01:08:04 1.15048E-08       73088  2.155E-01  3.000E-01
    22170  2.559E-04 2.559E-04  01:08:46 1.15048E-08        5672  2.180E-01  3.000E-01
    22396  2.585E-04 2.585E-04  01:09:27 1.15047E-08        5672  2.213E-01  3.000E-01
    22526  2.600E-04 2.600E-04  01:09:52 1.15048E-08        5672  2.234E-01  3.000E-01
Output Field Frame Number    13, of     25, at step time 2.600E-04
    22746  2.625E-04 2.625E-04  01:10:33 1.15047E-08        5671  2.273E-01  3.000E-01
    22971  2.651E-04 2.651E-04  01:11:15 1.15047E-08        5672  2.309E-01  3.000E-01
    23189  2.676E-04 2.676E-04  01:11:56 1.15047E-08        5672  2.345E-01  3.000E-01
    23419  2.703E-04 2.703E-04  01:12:38 1.15047E-08        5672  2.393E-01  3.000E-01
    23645  2.729E-04 2.729E-04  01:13:19 1.15048E-08       28144  2.449E-01  3.000E-01
    23872  2.755E-04 2.755E-04  01:14:01 1.15048E-08       39380  2.507E-01  3.000E-01
    24096  2.781E-04 2.781E-04  01:14:43 1.15048E-08       61852  2.553E-01  3.000E-01
    24266  2.800E-04 2.800E-04  01:15:14 1.15048E-08       16908  2.583E-01  3.000E-01
Output Field Frame Number    14, of     25, at step time 2.800E-04
    24477  2.824E-04 2.824E-04  01:15:56 1.15048E-08        5672  2.619E-01  3.000E-01
    24703  2.850E-04 2.850E-04  01:16:38 1.15047E-08       16908  2.661E-01  3.000E-01
    24925  2.876E-04 2.876E-04  01:17:20 1.15045E-08       84324  2.688E-01  3.000E-01
    25142  2.901E-04 2.901E-04  01:18:02 1.15048E-08       72982  2.685E-01  3.000E-01
    25374  2.927E-04 2.927E-04  01:18:43 1.15048E-08       84218  2.651E-01  3.000E-01
    25601  2.954E-04 2.954E-04  01:19:25 1.15048E-08       72982  2.605E-01  3.000E-01
    25827  2.980E-04 2.980E-04  01:20:06 1.15048E-08       84323  2.569E-01  3.000E-01

 STEP 1  ORIGIN 0.0000

              STEP     TOTAL      WALL        STABLE    CRITICAL    KINETIC      TOTAL
INCREMENT     TIME      TIME      TIME     INCREMENT     ELEMENT     ENERGY     ENERGY
    26006  3.000E-04 3.000E-04  01:20:39 1.15048E-08       28144  2.544E-01  3.000E-01
Output Field Frame Number    15, of     25, at step time 3.000E-04
    26225  3.025E-04 3.025E-04  01:21:21 1.15048E-08       16908  2.503E-01  3.000E-01
    26456  3.052E-04 3.052E-04  01:22:02 1.15047E-08        5672  2.452E-01  3.000E-01
    26677  3.077E-04 3.077E-04  01:22:44 1.15048E-08        5672  2.409E-01  3.000E-01
    26899  3.103E-04 3.103E-04  01:23:26 1.15047E-08        5672  2.378E-01  3.000E-01
    27116  3.128E-04 3.128E-04  01:24:07 1.15047E-08        5672  2.353E-01  3.000E-01
    27336  3.153E-04 3.153E-04  01:24:49 1.15046E-08        5672  2.320E-01  3.000E-01
    27559  3.179E-04 3.179E-04  01:25:30 1.15046E-08        5672  2.276E-01  3.000E-01
    27745  3.200E-04 3.200E-04  01:26:05 1.15047E-08        5672  2.236E-01  3.000E-01
Output Field Frame Number    16, of     25, at step time 3.200E-04
    27980  3.227E-04 3.227E-04  01:26:47 1.15047E-08        5672  2.194E-01  3.000E-01
    28199  3.252E-04 3.252E-04  01:27:29 1.15046E-08        5672  2.167E-01  3.000E-01
    28435  3.279E-04 3.279E-04  01:28:10 1.15047E-08        5672  2.152E-01  3.000E-01
    28661  3.305E-04 3.305E-04  01:28:52 1.15047E-08        5671  2.147E-01  3.000E-01
    28875  3.330E-04 3.330E-04  01:29:34 1.15047E-08        5672  2.141E-01  3.000E-01
    29089  3.355E-04 3.355E-04  01:30:16 1.15047E-08       50616  2.127E-01  3.000E-01
    29294  3.378E-04 3.378E-04  01:30:57 1.15048E-08       61852  2.109E-01  3.000E-01
    29485  3.400E-04 3.400E-04  01:31:30 1.15047E-08        5672  2.093E-01  3.000E-01
Output Field Frame Number    17, of     25, at step time 3.400E-04
    29713  3.426E-04 3.426E-04  01:32:11 1.15047E-08        5672  2.081E-01  3.000E-01
    29959  3.455E-04 3.455E-04  01:32:53 1.15048E-08       16908  2.068E-01  3.000E-01
    30199  3.482E-04 3.482E-04  01:33:35 1.15048E-08        5672  2.046E-01  3.000E-01
    30440  3.510E-04 3.510E-04  01:34:16 1.15048E-08       39380  2.005E-01  3.000E-01
    30684  3.538E-04 3.538E-04  01:34:57 1.15048E-08       84324  1.956E-01  3.000E-01
    30904  3.563E-04 3.563E-04  01:35:39 1.15048E-08       73088  1.912E-01  3.000E-01
    31141  3.590E-04 3.590E-04  01:36:21 1.15048E-08        5672  1.875E-01  3.000E-01
    31225  3.600E-04 3.600E-04  01:36:36 1.15048E-08        5672  1.864E-01  3.000E-01
Output Field Frame Number    18, of     25, at step time 3.600E-04
    31441  3.625E-04 3.625E-04  01:37:17 1.15048E-08       73088  1.837E-01  3.000E-01
    31661  3.650E-04 3.650E-04  01:37:59 1.15048E-08       73088  1.817E-01  3.000E-01
    31915  3.679E-04 3.679E-04  01:38:40 1.15048E-08       84324  1.814E-01  3.000E-01
    32137  3.705E-04 3.705E-04  01:39:22 1.15048E-08       84324  1.839E-01  3.000E-01
    32365  3.731E-04 3.731E-04  01:40:03 1.15048E-08       73088  1.891E-01  3.000E-01
    32590  3.757E-04 3.757E-04  01:40:45 1.15048E-08       84324  1.959E-01  3.000E-01
    32806  3.782E-04 3.782E-04  01:41:26 1.15048E-08       28144  2.023E-01  3.000E-01
    32964  3.800E-04 3.800E-04  01:41:55 1.15048E-08       16908  2.065E-01  3.000E-01
Output Field Frame Number    19, of     25, at step time 3.800E-04
    33176  3.824E-04 3.824E-04  01:42:37 1.15048E-08        5672  2.111E-01  3.000E-01
    33403  3.850E-04 3.850E-04  01:43:18 1.15047E-08        5672  2.142E-01  3.000E-01
    33633  3.877E-04 3.877E-04  01:44:00 1.15047E-08       16908  2.146E-01  3.000E-01
    33862  3.903E-04 3.903E-04  01:44:42 1.15048E-08        5672  2.130E-01  3.000E-01
    34099  3.930E-04 3.930E-04  01:45:23 1.15048E-08       84324  2.098E-01  3.000E-01
    34323  3.956E-04 3.956E-04  01:46:05 1.15048E-08       84324  2.068E-01  3.000E-01
    34539  3.981E-04 3.981E-04  01:46:46 1.15048E-08       73088  2.052E-01  3.000E-01

 STEP 1  ORIGIN 0.0000

              STEP     TOTAL      WALL        STABLE    CRITICAL    KINETIC      TOTAL
INCREMENT     TIME      TIME      TIME     INCREMENT     ELEMENT     ENERGY     ENERGY
    34704  4.000E-04 4.000E-04  01:47:18 1.15048E-08       84324  2.057E-01  3.000E-01
Output Field Frame Number    20, of     25, at step time 4.000E-04
    34925  4.025E-04 4.025E-04  01:47:59 1.15048E-08       39380  2.096E-01  3.000E-01
    35136  4.050E-04 4.050E-04  01:48:41 1.15048E-08       84324  2.162E-01  3.000E-01
    35359  4.075E-04 4.075E-04  01:49:23 1.15048E-08       61852  2.244E-01  3.000E-01
    35576  4.100E-04 4.100E-04  01:50:05 1.15048E-08       73088  2.325E-01  3.000E-01
    35802  4.126E-04 4.126E-04  01:50:46 1.15048E-08       16908  2.417E-01  3.000E-01
    36022  4.152E-04 4.152E-04  01:51:29 1.15048E-08       84324  2.506E-01  3.000E-01
    36245  4.177E-04 4.177E-04  01:52:10 1.15048E-08       73088  2.579E-01  3.000E-01
    36444  4.200E-04 4.200E-04  01:52:47 1.15048E-08       84324  2.610E-01  3.000E-01
Output Field Frame Number    21, of     25, at step time 4.200E-04
    36661  4.225E-04 4.225E-04  01:53:28 1.15048E-08       84324  2.611E-01  3.000E-01
    36888  4.251E-04 4.251E-04  01:54:10 1.15048E-08       73088  2.599E-01  3.000E-01
    37125  4.278E-04 4.278E-04  01:54:51 1.15048E-08       84324  2.588E-01  3.000E-01
    37370  4.307E-04 4.307E-04  01:55:33 1.15048E-08       84324  2.572E-01  3.000E-01
    37607  4.334E-04 4.334E-04  01:56:14 1.15048E-08       28144  2.555E-01  3.000E-01
    37847  4.361E-04 4.361E-04  01:56:56 1.15048E-08        5672  2.552E-01  3.000E-01
    38091  4.389E-04 4.389E-04  01:57:38 1.15048E-08        5672  2.579E-01  3.000E-01
    38184  4.400E-04 4.400E-04  01:57:54 1.15048E-08       84324  2.597E-01  3.000E-01
Output Field Frame Number    22, of     25, at step time 4.400E-04
    38412  4.426E-04 4.426E-04  01:58:35 1.15048E-08       61852  2.649E-01  3.000E-01
    38643  4.453E-04 4.453E-04  01:59:17 1.15048E-08       73088  2.691E-01  3.000E-01
    38874  4.479E-04 4.479E-04  01:59:58 1.15048E-08       61852  2.716E-01  3.000E-01
    39091  4.504E-04 4.504E-04  02:00:39 1.15048E-08        5672  2.735E-01  3.000E-01
    39316  4.530E-04 4.530E-04  02:01:21 1.15048E-08       73088  2.749E-01  3.000E-01
    39548  4.557E-04 4.557E-04  02:02:03 1.15048E-08       28144  2.752E-01  3.000E-01
    39769  4.582E-04 4.582E-04  02:02:44 1.15048E-08       61852  2.735E-01  3.000E-01
    39923  4.600E-04 4.600E-04  02:03:13 1.15048E-08       84324  2.713E-01  3.000E-01
Output Field Frame Number    23, of     25, at step time 4.600E-04
    40134  4.624E-04 4.624E-04  02:03:54 1.15048E-08       84324  2.677E-01  3.000E-01
    40363  4.651E-04 4.651E-04  02:04:36 1.15048E-08       84323  2.637E-01  3.000E-01
    40597  4.677E-04 4.677E-04  02:05:17 1.15048E-08       28144  2.600E-01  3.000E-01
    40809  4.702E-04 4.702E-04  02:05:59 1.15048E-08        5672  2.573E-01  3.000E-01
    41037  4.728E-04 4.728E-04  02:06:40 1.15048E-08       73088  2.554E-01  3.000E-01
    41271  4.755E-04 4.755E-04  02:07:21 1.15048E-08       73088  2.545E-01  3.000E-01
    41514  4.783E-04 4.783E-04  02:08:03 1.15048E-08       84324  2.539E-01  3.000E-01
    41663  4.800E-04 4.800E-04  02:08:30 1.15048E-08       84324  2.538E-01  3.000E-01
Output Field Frame Number    24, of     25, at step time 4.800E-04
    41876  4.825E-04 4.825E-04  02:09:11 1.15048E-08       84324  2.536E-01  3.000E-01
    42090  4.849E-04 4.849E-04  02:09:51 1.15048E-08        5672  2.539E-01  3.000E-01
    42312  4.875E-04 4.875E-04  02:10:33 1.15047E-08        5672  2.544E-01  3.000E-01
    42522  4.899E-04 4.899E-04  02:11:14 1.15048E-08        5672  2.545E-01  3.000E-01
    42750  4.925E-04 4.925E-04  02:11:56 1.15048E-08        5672  2.525E-01  3.000E-01
    42991  4.953E-04 4.953E-04  02:12:39 1.15047E-08       16908  2.468E-01  3.000E-01
    43229  4.980E-04 4.980E-04  02:13:21 1.15047E-08        5672  2.385E-01  3.000E-01

 STEP 1  ORIGIN 0.0000

              STEP     TOTAL      WALL        STABLE    CRITICAL    KINETIC      TOTAL
INCREMENT     TIME      TIME      TIME     INCREMENT     ELEMENT     ENERGY     ENERGY
    43400  5.000E-04 5.000E-04  02:13:53 1.14981E-08        5672  2.321E-01  3.000E-01
Restart Number  1 at 5.00000E-04
Output Field Frame Number    25, of     25, at step time 5.000E-04

Abaqus/Explicit 2026                             DATE 21-Sep-2026  TIME 11:37:35

 STEP 2  ORIGIN 5.00000E-04

  Total memory used for step 2 is approximately 1.6 gigabytes.
  Global time estimation algorithm will be used.
  Scaling factor:  1.0000
              STEP     TOTAL      WALL        STABLE    CRITICAL    KINETIC      TOTAL
INCREMENT     TIME      TIME      TIME     INCREMENT     ELEMENT     ENERGY     ENERGY
        0  0.000E+00 5.000E-04  02:13:57 1.14981E-08        5672  2.321E-01  3.000E-01
Output Field Frame Number     0, of     25, at step time 0.000E+00
      218  2.508E-06 5.025E-04  02:14:39 1.15047E-08        5672  2.248E-01  3.000E-01
      461  5.304E-06 5.053E-04  02:15:20 1.15048E-08       16908  2.184E-01  3.000E-01
      659  7.582E-06 5.076E-04  02:15:58 1.15048E-08        5672  2.142E-01  3.000E-01
      830  9.549E-06 5.095E-04  02:16:31 1.15048E-08        5672  2.110E-01  3.000E-01
      870  1.001E-05 5.100E-04  02:16:39 1.15048E-08       16908  2.103E-01  3.000E-01
Output Field Frame Number     1, of     25, at step time 1.001E-05
     1039  1.195E-05 5.120E-04  02:17:12 1.15048E-08        5672  2.083E-01  3.000E-01
     1168  1.344E-05 5.134E-04  02:17:39 1.15048E-08        5672  2.078E-01  3.000E-01
     1294  1.489E-05 5.149E-04  02:18:04 1.15048E-08       73088  2.084E-01  3.000E-01
     1421  1.635E-05 5.163E-04  02:18:30 1.15048E-08       73088  2.100E-01  3.000E-01
     1550  1.783E-05 5.178E-04  02:18:57 1.15048E-08       73088  2.122E-01  3.000E-01
     1683  1.936E-05 5.194E-04  02:19:24 1.15048E-08       84324  2.148E-01  3.000E-01
     1739  2.001E-05 5.200E-04  02:19:35 1.15048E-08       84324  2.158E-01  3.000E-01
Output Field Frame Number     2, of     25, at step time 2.001E-05
     1864  2.145E-05 5.214E-04  02:20:02 1.15048E-08       84324  2.177E-01  3.000E-01
     1991  2.291E-05 5.229E-04  02:20:28 1.15048E-08       84324  2.190E-01  3.000E-01
     2131  2.452E-05 5.245E-04  02:20:56 1.15048E-08       84324  2.198E-01  3.000E-01
     2261  2.601E-05 5.260E-04  02:21:23 1.15048E-08       84324  2.196E-01  3.000E-01
     2389  2.749E-05 5.275E-04  02:21:49 1.15048E-08       28144  2.186E-01  3.000E-01
     2518  2.897E-05 5.290E-04  02:22:16 1.15048E-08       84324  2.165E-01  3.000E-01
     2608  3.001E-05 5.300E-04  02:22:34 1.15048E-08       84324  2.147E-01  3.000E-01
Output Field Frame Number     3, of     25, at step time 3.001E-05
     2736  3.148E-05 5.315E-04  02:23:00 1.15048E-08       84324  2.114E-01  3.000E-01
     2864  3.295E-05 5.330E-04  02:23:27 1.15048E-08       84324  2.077E-01  3.000E-01
     2994  3.445E-05 5.344E-04  02:23:53 1.15048E-08       84324  2.038E-01  3.000E-01
     3129  3.600E-05 5.360E-04  02:24:21 1.15048E-08       84324  1.997E-01  3.000E-01
     3257  3.747E-05 5.375E-04  02:24:47 1.15048E-08       84324  1.957E-01  3.000E-01
     3383  3.892E-05 5.389E-04  02:25:13 1.15048E-08       84324  1.918E-01  3.000E-01
     3477  4.000E-05 5.400E-04  02:25:32 1.15048E-08       73088  1.889E-01  3.000E-01
Output Field Frame Number     4, of     25, at step time 4.000E-05
     3603  4.145E-05 5.415E-04  02:25:58 1.15048E-08       84324  1.854E-01  3.000E-01
     3733  4.295E-05 5.429E-04  02:26:25 1.15048E-08       73088  1.825E-01  3.000E-01
     3862  4.443E-05 5.444E-04  02:26:51 1.15048E-08       61852  1.807E-01  3.000E-01
     3992  4.593E-05 5.459E-04  02:27:18 1.15048E-08       16908  1.802E-01  3.000E-01
     4150  4.774E-05 5.477E-04  02:27:49 1.15047E-08        5672  1.812E-01  3.000E-01
     4347  5.001E-05 5.500E-04  02:28:25 1.15047E-08        5672  1.840E-01  3.000E-01
Output Field Frame Number     5, of     25, at step time 5.001E-05
     4565  5.252E-05 5.525E-04  02:29:06 1.15047E-08        5672  1.881E-01  3.000E-01
     4757  5.473E-05 5.547E-04  02:29:41 1.15047E-08        5672  1.921E-01  3.000E-01
     4972  5.720E-05 5.572E-04  02:30:19 1.15048E-08        5672  1.971E-01  3.000E-01
     5197  5.979E-05 5.598E-04  02:30:59 1.15048E-08       16908  2.025E-01  3.000E-01
     5216  6.001E-05 5.600E-04  02:31:02 1.15048E-08       84324  2.029E-01  3.000E-01
Output Field Frame Number     6, of     25, at step time 6.001E-05
     5433  6.250E-05 5.625E-04  02:31:41 1.15048E-08       73088  2.065E-01  3.000E-01
     5691  6.547E-05 5.655E-04  02:32:20 1.15048E-08       16908  2.077E-01  3.000E-01

 STEP 2  ORIGIN 5.00000E-04

              STEP     TOTAL      WALL        STABLE    CRITICAL    KINETIC      TOTAL
INCREMENT     TIME      TIME      TIME     INCREMENT     ELEMENT     ENERGY     ENERGY
     5946  6.840E-05 5.684E-04  02:32:59 1.15047E-08        5672  2.068E-01  3.000E-01
     6085  7.000E-05 5.700E-04  02:33:22 1.15047E-08        5672  2.063E-01  3.000E-01
Output Field Frame Number     7, of     25, at step time 7.000E-05
     6332  7.284E-05 5.728E-04  02:34:01 1.15047E-08        5672  2.061E-01  3.000E-01
     6577  7.566E-05 5.757E-04  02:34:40 1.15048E-08        5672  2.063E-01  3.000E-01
     6787  7.808E-05 5.781E-04  02:35:15 1.15048E-08        5672  2.062E-01  3.000E-01
     6955  8.001E-05 5.800E-04  02:35:46 1.15048E-08        5672  2.064E-01  3.000E-01
Output Field Frame Number     8, of     25, at step time 8.001E-05
     7146  8.221E-05 5.822E-04  02:36:20 1.15048E-08       28144  2.079E-01  3.000E-01
     7293  8.390E-05 5.839E-04  02:36:46 1.15048E-08       73088  2.102E-01  3.000E-01
     7403  8.516E-05 5.852E-04  02:37:10 1.15048E-08       84324  2.125E-01  3.000E-01
     7537  8.671E-05 5.867E-04  02:37:35 1.15048E-08       84324  2.157E-01  3.000E-01
     7677  8.832E-05 5.883E-04  02:38:00 1.15048E-08       84324  2.194E-01  3.000E-01
     7824  9.001E-05 5.900E-04  02:38:25 1.15048E-08       84324  2.234E-01  3.000E-01
Output Field Frame Number     9, of     25, at step time 9.001E-05
     7959  9.156E-05 5.916E-04  02:38:51 1.15048E-08       84324  2.272E-01  3.000E-01
     8068  9.281E-05 5.928E-04  02:39:16 1.15048E-08       84324  2.305E-01  3.000E-01
     8173  9.402E-05 5.940E-04  02:39:38 1.15048E-08       84324  2.338E-01  3.000E-01
     8270  9.514E-05 5.951E-04  02:39:58 1.15048E-08       84324  2.369E-01  3.000E-01
     8378  9.638E-05 5.964E-04  02:40:19 1.15048E-08       73088  2.404E-01  3.000E-01
     8475  9.750E-05 5.975E-04  02:40:41 1.15048E-08       84324  2.435E-01  3.000E-01
     8570  9.859E-05 5.986E-04  02:41:03 1.15048E-08       73088  2.464E-01  3.000E-01
     8674  9.978E-05 5.998E-04  02:41:26 1.15048E-08        5672  2.492E-01  3.000E-01
     8693  1.000E-04 6.000E-04  02:41:30 1.15047E-08        5672  2.497E-01  3.000E-01
Output Field Frame Number    10, of     25, at step time 1.000E-04
     8786  1.011E-04 6.011E-04  02:41:54 1.15047E-08        5672  2.519E-01  3.000E-01
     8876  1.021E-04 6.021E-04  02:42:17 1.15047E-08        5672  2.536E-01  3.000E-01
     8968  1.032E-04 6.032E-04  02:42:39 1.15048E-08        5672  2.550E-01  3.000E-01
     9059  1.042E-04 6.042E-04  02:43:01 1.15048E-08        5672  2.560E-01  3.000E-01
     9136  1.051E-04 6.051E-04  02:43:21 1.15048E-08        5672  2.566E-01  3.000E-01
     9216  1.060E-04 6.060E-04  02:43:41 1.15048E-08        5672  2.570E-01  3.000E-01
     9310  1.071E-04 6.071E-04  02:44:03 1.15048E-08       16908  2.571E-01  3.000E-01
     9407  1.082E-04 6.082E-04  02:44:26 1.15048E-08        5672  2.570E-01  3.000E-01
     9497  1.093E-04 6.093E-04  02:44:49 1.15048E-08       73088  2.566E-01  3.000E-01
     9563  1.100E-04 6.100E-04  02:45:07 1.15048E-08       50616  2.563E-01  3.000E-01
Output Field Frame Number    11, of     25, at step time 1.100E-04
     9656  1.111E-04 6.111E-04  02:45:30 1.15048E-08       84324  2.557E-01  3.000E-01
     9770  1.124E-04 6.124E-04  02:45:53 1.15048E-08       73088  2.549E-01  3.000E-01
     9889  1.138E-04 6.138E-04  02:46:16 1.15048E-08       84324  2.540E-01  3.000E-01
    10007  1.151E-04 6.151E-04  02:46:39 1.15048E-08       84324  2.532E-01  3.000E-01
    10117  1.164E-04 6.164E-04  02:47:01 1.15048E-08       84324  2.528E-01  3.000E-01
    10220  1.176E-04 6.176E-04  02:47:22 1.15048E-08       84324  2.528E-01  3.000E-01
    10320  1.187E-04 6.187E-04  02:47:42 1.15048E-08       84324  2.532E-01  3.000E-01
    10417  1.198E-04 6.198E-04  02:48:02 1.15048E-08       73088  2.540E-01  3.000E-01
    10432  1.200E-04 6.200E-04  02:48:05 1.15048E-08       84324  2.542E-01  3.000E-01
Output Field Frame Number    12, of     25, at step time 1.200E-04

 STEP 2  ORIGIN 5.00000E-04

              STEP     TOTAL      WALL        STABLE    CRITICAL    KINETIC      TOTAL
INCREMENT     TIME      TIME      TIME     INCREMENT     ELEMENT     ENERGY     ENERGY
    10529  1.211E-04 6.211E-04  02:48:25 1.15048E-08       84324  2.555E-01  3.000E-01
    10628  1.223E-04 6.223E-04  02:48:45 1.15048E-08       50616  2.572E-01  3.000E-01
    10724  1.234E-04 6.234E-04  02:49:04 1.15048E-08        5672  2.592E-01  3.000E-01
    10822  1.245E-04 6.245E-04  02:49:24 1.15048E-08       16908  2.615E-01  3.000E-01
    10919  1.256E-04 6.256E-04  02:49:44 1.15048E-08       16908  2.641E-01  3.000E-01
    11017  1.267E-04 6.267E-04  02:50:04 1.15048E-08        5672  2.670E-01  3.000E-01
    11115  1.279E-04 6.279E-04  02:50:24 1.15047E-08        5672  2.700E-01  3.000E-01
    11213  1.290E-04 6.290E-04  02:50:44 1.15047E-08        5672  2.730E-01  3.000E-01
    11301  1.300E-04 6.300E-04  02:51:03 1.15048E-08        5672  2.758E-01  3.000E-01
Output Field Frame Number    13, of     25, at step time 1.300E-04
    11393  1.311E-04 6.311E-04  02:51:23 1.15048E-08       61852  2.786E-01  3.000E-01
    11496  1.323E-04 6.323E-04  02:51:44 1.15048E-08        5672  2.817E-01  3.000E-01
    11600  1.335E-04 6.335E-04  02:52:05 1.15048E-08        5672  2.846E-01  3.000E-01
    11704  1.346E-04 6.346E-04  02:52:26 1.15048E-08       39380  2.870E-01  3.000E-01
    11819  1.360E-04 6.360E-04  02:52:48 1.15048E-08       73088  2.889E-01  3.000E-01
    11935  1.373E-04 6.373E-04  02:53:11 1.15048E-08       73088  2.898E-01  3.000E-01
    12048  1.386E-04 6.386E-04  02:53:34 1.15048E-08       84324  2.893E-01  3.000E-01
    12164  1.399E-04 6.399E-04  02:53:56 1.15048E-08       84324  2.875E-01  3.000E-01
    12170  1.400E-04 6.400E-04  02:53:58 1.15048E-08       84324  2.874E-01  3.000E-01
Output Field Frame Number    14, of     25, at step time 1.400E-04
    12282  1.413E-04 6.413E-04  02:54:20 1.15048E-08       84324  2.844E-01  3.000E-01
    12398  1.426E-04 6.426E-04  02:54:43 1.15048E-08       84324  2.804E-01  3.000E-01
    12513  1.440E-04 6.440E-04  02:55:06 1.15048E-08       84324  2.759E-01  3.000E-01
    12628  1.453E-04 6.453E-04  02:55:29 1.15048E-08       84324  2.713E-01  3.000E-01
    12723  1.464E-04 6.464E-04  02:55:50 1.15048E-08       73088  2.677E-01  3.000E-01
    12839  1.477E-04 6.477E-04  02:56:12 1.15048E-08       16908  2.636E-01  3.000E-01
    12954  1.490E-04 6.490E-04  02:56:35 1.15048E-08       73088  2.599E-01  3.000E-01
    13038  1.500E-04 6.500E-04  02:56:52 1.15048E-08       84324  2.573E-01  3.000E-01
Output Field Frame Number    15, of     25, at step time 1.500E-04
    13152  1.513E-04 6.513E-04  02:57:14 1.15048E-08       50616  2.541E-01  3.000E-01
    13269  1.527E-04 6.527E-04  02:57:37 1.15048E-08        5672  2.509E-01  3.000E-01
    13383  1.540E-04 6.540E-04  02:57:59 1.15048E-08       73088  2.483E-01  3.000E-01
    13491  1.552E-04 6.552E-04  02:58:21 1.15048E-08        5672  2.463E-01  3.000E-01
    13606  1.565E-04 6.565E-04  02:58:43 1.15048E-08       61852  2.450E-01  3.000E-01
    13723  1.579E-04 6.579E-04  02:59:06 1.15048E-08       84324  2.446E-01  3.000E-01
    13838  1.592E-04 6.592E-04  02:59:28 1.15048E-08       84218  2.453E-01  3.000E-01
    13907  1.600E-04 6.600E-04  02:59:42 1.15048E-08       73088  2.461E-01  3.000E-01
Output Field Frame Number    16, of     25, at step time 1.600E-04
    14014  1.612E-04 6.612E-04  03:00:03 1.15048E-08       61852  2.480E-01  3.000E-01
    14119  1.624E-04 6.624E-04  03:00:25 1.15048E-08       84324  2.503E-01  3.000E-01
    14222  1.636E-04 6.636E-04  03:00:45 1.15048E-08       28144  2.528E-01  3.000E-01
    14325  1.648E-04 6.648E-04  03:01:06 1.15048E-08        5672  2.554E-01  3.000E-01
    14427  1.660E-04 6.660E-04  03:01:26 1.15047E-08        5672  2.578E-01  3.000E-01
    14541  1.673E-04 6.673E-04  03:01:49 1.15047E-08        5672  2.601E-01  3.000E-01

 STEP 2  ORIGIN 5.00000E-04

              STEP     TOTAL      WALL        STABLE    CRITICAL    KINETIC      TOTAL
INCREMENT     TIME      TIME      TIME     INCREMENT     ELEMENT     ENERGY     ENERGY
    14654  1.686E-04 6.686E-04  03:02:11 1.15048E-08        5672  2.616E-01  3.000E-01
    14772  1.700E-04 6.700E-04  03:02:34 1.15047E-08        5672  2.620E-01  3.000E-01
    14776  1.700E-04 6.700E-04  03:02:35 1.15047E-08        5672  2.620E-01  3.000E-01
Output Field Frame Number    17, of     25, at step time 1.700E-04
    14892  1.713E-04 6.713E-04  03:02:57 1.15047E-08        5672  2.612E-01  3.000E-01
    15006  1.727E-04 6.727E-04  03:03:20 1.15047E-08        5672  2.594E-01  3.000E-01
    15123  1.740E-04 6.740E-04  03:03:43 1.15047E-08        5672  2.568E-01  3.000E-01
    15240  1.753E-04 6.753E-04  03:04:05 1.15047E-08        5672  2.534E-01  3.000E-01
    15360  1.767E-04 6.767E-04  03:04:28 1.15047E-08        5672  2.496E-01  3.000E-01
    15477  1.781E-04 6.781E-04  03:04:51 1.15048E-08       16908  2.458E-01  3.000E-01
    15595  1.794E-04 6.794E-04  03:05:13 1.15048E-08        5672  2.419E-01  3.000E-01
    15645  1.800E-04 6.800E-04  03:05:23 1.15048E-08        5672  2.401E-01  3.000E-01
Output Field Frame Number    18, of     25, at step time 1.800E-04
    15761  1.813E-04 6.813E-04  03:05:46 1.15048E-08       28144  2.360E-01  3.000E-01
    15874  1.826E-04 6.826E-04  03:06:08 1.15048E-08       39380  2.319E-01  3.000E-01
    15992  1.840E-04 6.840E-04  03:06:31 1.15048E-08       28144  2.275E-01  3.000E-01
    16112  1.854E-04 6.854E-04  03:06:54 1.15048E-08       73088  2.231E-01  3.000E-01
    16229  1.867E-04 6.867E-04  03:07:16 1.15048E-08       61852  2.191E-01  3.000E-01
    16347  1.881E-04 6.881E-04  03:07:39 1.15048E-08       61852  2.154E-01  3.000E-01
    16463  1.894E-04 6.894E-04  03:08:02 1.15048E-08       84324  2.123E-01  3.000E-01
    16513  1.900E-04 6.900E-04  03:08:12 1.15048E-08       84324  2.113E-01  3.000E-01
Output Field Frame Number    19, of     25, at step time 1.900E-04
    16628  1.913E-04 6.913E-04  03:08:34 1.15048E-08       84324  2.093E-01  3.000E-01
    16746  1.927E-04 6.927E-04  03:08:57 1.15048E-08       84324  2.080E-01  3.000E-01
    16860  1.940E-04 6.940E-04  03:09:20 1.15048E-08       61852  2.073E-01  3.000E-01
    16974  1.953E-04 6.953E-04  03:09:42 1.15048E-08        5672  2.069E-01  3.000E-01
    17085  1.966E-04 6.966E-04  03:10:04 1.15047E-08        5672  2.066E-01  3.000E-01
    17190  1.978E-04 6.978E-04  03:10:25 1.15048E-08        5672  2.065E-01  3.000E-01
    17296  1.990E-04 6.990E-04  03:10:47 1.15048E-08        5672  2.064E-01  3.000E-01
    17382  2.000E-04 7.000E-04  03:11:04 1.15048E-08        5672  2.065E-01  3.000E-01
Output Field Frame Number    20, of     25, at step time 2.000E-04
    17499  2.014E-04 7.014E-04  03:11:27 1.15048E-08       73088  2.070E-01  3.000E-01
    17617  2.027E-04 7.027E-04  03:11:50 1.15048E-08       28144  2.077E-01  3.000E-01
    17729  2.040E-04 7.040E-04  03:12:13 1.15048E-08       84324  2.085E-01  3.000E-01
    17838  2.053E-04 7.053E-04  03:12:34 1.15048E-08       39380  2.092E-01  3.000E-01
    17947  2.065E-04 7.065E-04  03:12:56 1.15048E-08       28144  2.098E-01  3.000E-01
    18053  2.077E-04 7.077E-04  03:13:18 1.15047E-08        5672  2.102E-01  3.000E-01
    18155  2.089E-04 7.089E-04  03:13:38 1.15047E-08        5672  2.101E-01  3.000E-01
    18251  2.100E-04 7.100E-04  03:13:57 1.15048E-08        5672  2.098E-01  3.000E-01
Output Field Frame Number    21, of     25, at step time 2.100E-04
    18355  2.112E-04 7.112E-04  03:14:18 1.15048E-08       28144  2.091E-01  3.000E-01
    18468  2.125E-04 7.125E-04  03:14:40 1.15048E-08       61852  2.083E-01  3.000E-01
    18581  2.138E-04 7.138E-04  03:15:03 1.15048E-08       73088  2.076E-01  3.000E-01
    18688  2.150E-04 7.150E-04  03:15:24 1.15048E-08       84324  2.069E-01  3.000E-01
    18792  2.162E-04 7.162E-04  03:15:45 1.15048E-08       84324  2.063E-01  3.000E-01

 STEP 2  ORIGIN 5.00000E-04

              STEP     TOTAL      WALL        STABLE    CRITICAL    KINETIC      TOTAL
INCREMENT     TIME      TIME      TIME     INCREMENT     ELEMENT     ENERGY     ENERGY
    18897  2.174E-04 7.174E-04  03:16:06 1.15048E-08       84324  2.056E-01  3.000E-01
    18998  2.186E-04 7.186E-04  03:16:26 1.15048E-08       84324  2.048E-01  3.000E-01
    19100  2.198E-04 7.198E-04  03:16:46 1.15048E-08        5672  2.036E-01  3.000E-01
    19120  2.200E-04 7.200E-04  03:16:50 1.15048E-08       16908  2.033E-01  3.000E-01
Output Field Frame Number    22, of     25, at step time 2.200E-04
    19222  2.212E-04 7.212E-04  03:17:10 1.15048E-08        5672  2.015E-01  3.000E-01
    19327  2.224E-04 7.224E-04  03:17:31 1.15048E-08        5672  1.994E-01  3.000E-01
    19431  2.236E-04 7.236E-04  03:17:52 1.15048E-08        5672  1.971E-01  3.000E-01
    19537  2.248E-04 7.248E-04  03:18:13 1.15048E-08       50616  1.948E-01  3.000E-01
    19641  2.260E-04 7.260E-04  03:18:33 1.15048E-08        5672  1.927E-01  3.000E-01
    19733  2.271E-04 7.271E-04  03:18:53 1.15048E-08       39380  1.910E-01  3.000E-01
    19816  2.280E-04 7.280E-04  03:19:11 1.15048E-08       16908  1.896E-01  3.000E-01
    19900  2.290E-04 7.290E-04  03:19:30 1.15047E-08        5672  1.885E-01  3.000E-01
    19983  2.299E-04 7.299E-04  03:19:49 1.15047E-08        5672  1.877E-01  3.000E-01
    19988  2.300E-04 7.300E-04  03:19:50 1.15047E-08        5672  1.877E-01  3.000E-01
Output Field Frame Number    23, of     25, at step time 2.300E-04
    20070  2.309E-04 7.309E-04  03:20:09 1.15048E-08        5672  1.871E-01  3.000E-01
    20151  2.319E-04 7.319E-04  03:20:27 1.15047E-08        5672  1.868E-01  3.000E-01
    20232  2.328E-04 7.328E-04  03:20:45 1.15047E-08        5672  1.867E-01  3.000E-01
    20314  2.338E-04 7.338E-04  03:21:04 1.15048E-08       28144  1.868E-01  3.000E-01
    20394  2.347E-04 7.347E-04  03:21:22 1.15048E-08        5672  1.872E-01  3.000E-01
    20475  2.356E-04 7.356E-04  03:21:40 1.15048E-08        5672  1.878E-01  3.000E-01
    20563  2.366E-04 7.366E-04  03:21:59 1.15048E-08       73088  1.888E-01  3.000E-01
    20678  2.379E-04 7.379E-04  03:22:20 1.15048E-08       61852  1.906E-01  3.000E-01
    20816  2.395E-04 7.395E-04  03:22:44 1.15048E-08       84324  1.936E-01  3.000E-01
    20857  2.400E-04 7.400E-04  03:22:52 1.15048E-08       73088  1.946E-01  3.000E-01
Output Field Frame Number    24, of     25, at step time 2.400E-04
    20992  2.416E-04 7.416E-04  03:23:15 1.15048E-08       84324  1.982E-01  3.000E-01
    21124  2.431E-04 7.431E-04  03:23:39 1.15048E-08       84324  2.019E-01  3.000E-01
    21247  2.445E-04 7.445E-04  03:24:01 1.15048E-08       73088  2.051E-01  3.000E-01
    21369  2.459E-04 7.459E-04  03:24:24 1.15048E-08       84324  2.080E-01  3.000E-01
    21490  2.473E-04 7.473E-04  03:24:46 1.15048E-08       84324  2.104E-01  3.000E-01
    21610  2.487E-04 7.487E-04  03:25:08 1.15048E-08       73088  2.124E-01  3.000E-01
    21727  2.500E-04 7.500E-04  03:25:29 1.14727E-08        5672  2.137E-01  3.000E-01
Restart Number  1 at 7.50000E-04
Output Field Frame Number    25, of     25, at step time 2.500E-04
  EXPLICIT EXECUTABLE TIME SUMMARY
       USER TIME (SEC)      =   44664.
       SYSTEM TIME (SEC)    =   3784.8
       WALLCLOCK TIME (SEC) =        12332
              INIT (SEC) =         13
              MAIN (SEC) =      12319

  THE ANALYSIS HAS COMPLETED SUCCESSFULLY

