Abaqus/Explicit 2026                             DATE 21-Sep-2026  TIME 09:23:12
-------------------------------------------------------------------------------
 PREPROCESSOR WARNING MESSAGES
-------------------------------------------------------------------------------


***WARNING: There are 9 warning messages in the data (.dat) file.  Please
            check the data file for possible errors in the input file.


-------------------------------------------------------------------------------
 NUMERICAL PRECISION USED FOR THIS Abaqus/Explicit ANALYSIS
-------------------------------------------------------------------------------

Single precision package and explicit executables will be used in this analysis.

-------------------------------------------------------------------------------
-------------------------------------------------------------------------------
 MODEL INFORMATION (IN GLOBAL X-Y COORDINATES)
-------------------------------------------------------------------------------

   Total mass in model = 3.69676E-02
   Center of mass of model = ( 5.000000E-02, 5.000000E-02, 1.536635E-03)

    Moments of Inertia :
                 About Center of Mass              About Origin
      I(XX)          2.763283E-05                  1.201392E-04
      I(YY)          2.763283E-05                  1.201392E-04
      I(ZZ)          5.504050E-05                  2.398786E-04
      I(XY)         -3.209268E-12                 -9.241906E-05
      I(YZ)         -7.343015E-14                 -2.840287E-06
      I(ZX)         -7.617665E-14                 -2.840287E-06

-------------------------------------------------------------------------------
 STABLE TIME INCREMENT INFORMATION
-------------------------------------------------------------------------------


  The stable time increment estimate for each element is based on
  linearization about the initial state.


   Initial time increment = 1.22410E-08

   Statistics over 89888 deformable elements:
      Mean = 2.26340E-08
      Standard deviation = 3.64392E-09

   Most critical elements:
    Element number   Rank    Time increment   Increment ratio
   ----------------------------------------------------------
       16908          1       1.224104E-08      1.000000E+00
       28144          2       1.224104E-08      1.000000E+00
        5672          3       1.224104E-08      9.999999E-01
       39380          4       1.224104E-08      9.999999E-01
       61852          5       1.224104E-08      9.999999E-01
       73088          6       1.224104E-08      9.999999E-01
       84324          7       1.224104E-08      9.999999E-01
       50616          8       1.224104E-08      9.999999E-01
       16907          9       1.224107E-08      9.999973E-01
       28143         10       1.224107E-08      9.999973E-01

-------------------------------------------------------------------------------

  INFORMATION REGARDING INITIAL CONTACT OVERCLOSURES FOR NEWLY DEFINED GENERAL
  CONTACT INTERACTIONS IN STEP 1

-------------------------------------------------------------------------------

  No initial node-face overclosures found.


  Abaqus/Explicit will attempt to resolve 46 initial edge-edge overclosure(s).


  Maximum initial overclosure for edge-edge contact is 1.20053E-10 between the
  edge defined by nodes 17441 and 17548 and the edge defined by nodes 28997
  and 28890


  No nodal position adjustments have been made.


  No node-face overclosures left unresolved.


  42 edge-edge overclosure(s) left unresolved and will be stored as offsets.
  To help identify the nodes involved in the overclosures a node set
  InfoNodeUnresolvInitOver has been created. Check the message file for more
  detailed information.


  Maximum unresolved overclosure is 1.20053E-10 between the edge defined by
  nodes 17441 and 17548 and the edge defined by nodes 28997 and 28890


  For more detailed information on initial overclosures, use the *DIAGNOSTICS,
  CONTACT=DETAIL command and see the message (.msg) file.


***NOTE: You can view the deformed configuration due to the resolution of
         initial overclosures.  In increment 0, draw the deformed shape or
         draw a symbol plot of vector displacements.

------------------------------------------------------------------------------

Abaqus/Explicit 2026                             DATE 21-Sep-2026  TIME 09:23:27
The entire model is considered 1 domain.
Only 1 MPI rank is used.

-------------------------------------------------------------------------------
 SOLUTION PROGRESS
-------------------------------------------------------------------------------

 STEP 1  ORIGIN 0.0000

  Total memory used for step 1 is approximately 1.5 gigabytes.
  Global time estimation algorithm will be used.
  Scaling factor:  1.0000
              STEP     TOTAL      WALL        STABLE    CRITICAL    KINETIC      TOTAL
INCREMENT     TIME      TIME      TIME     INCREMENT     ELEMENT     ENERGY     ENERGY
        0  0.000E+00 0.000E+00  00:00:05 1.15145E-08       28144  1.000E-01  1.000E-01
Output Field Frame Number     0, of     25, at step time 0.000E+00
      182  2.358E-06 2.358E-06  00:00:47 1.30805E-08       84324  9.962E-02  1.000E-01
      374  4.850E-06 4.850E-06  00:01:28 1.27292E-08       72982  9.812E-02  1.000E-01
      570  7.338E-06 7.338E-06  00:02:11 1.26307E-08       84324  9.583E-02  1.000E-01
      759  9.707E-06 9.707E-06  00:02:52 1.24477E-08       84218  9.328E-02  1.000E-01
      936  1.191E-05 1.191E-05  00:03:34 1.24477E-08       84323  9.068E-02  1.000E-01
     1119  1.416E-05 1.416E-05  00:04:16 1.22448E-08       84324  8.800E-02  1.000E-01
     1318  1.660E-05 1.660E-05  00:04:58 1.22231E-08       72982  8.516E-02  1.000E-01
     1517  1.903E-05 1.903E-05  00:05:39 1.22231E-08       84324  8.243E-02  1.000E-01
     1597  2.001E-05 2.001E-05  00:05:56 1.22231E-08       73088  8.137E-02  1.000E-01
Output Field Frame Number     1, of     25, at step time 2.001E-05
     1805  2.255E-05 2.255E-05  00:06:38 1.22231E-08       28144  7.873E-02  1.000E-01
     2006  2.501E-05 2.501E-05  00:07:20 1.22231E-08       28144  7.634E-02  1.000E-01
     2213  2.754E-05 2.754E-05  00:08:02 1.22231E-08        5671  7.408E-02  1.000E-01
     2419  3.005E-05 3.005E-05  00:08:43 1.22231E-08       84218  7.198E-02  1.000E-01
     2620  3.251E-05 3.251E-05  00:09:25 1.22231E-08        5672  6.992E-02  9.999E-02
     2820  3.496E-05 3.496E-05  00:10:06 1.22231E-08       84324  6.787E-02  9.999E-02
     3020  3.740E-05 3.740E-05  00:10:47 1.22231E-08       16907  6.598E-02  9.999E-02
     3233  3.999E-05 3.999E-05  00:11:29 1.21523E-08       84324  6.431E-02  9.999E-02
     3234  4.000E-05 4.000E-05  00:11:29 1.21523E-08        5566  6.430E-02  9.999E-02
Output Field Frame Number     2, of     25, at step time 4.000E-05
     3452  4.265E-05 4.265E-05  00:12:12 1.21523E-08        5672  6.307E-02  9.999E-02
     3665  4.524E-05 4.524E-05  00:12:53 1.21522E-08       84324  6.235E-02  9.999E-02
     3886  4.792E-05 4.792E-05  00:13:35 1.21521E-08       16908  6.193E-02  9.999E-02
     4092  5.043E-05 5.043E-05  00:14:17 1.21521E-08       28144  6.155E-02  9.999E-02
     4297  5.292E-05 5.292E-05  00:14:59 1.21521E-08       28144  6.104E-02  9.999E-02
     4510  5.551E-05 5.551E-05  00:15:41 1.21520E-08       84218  6.038E-02  9.999E-02
     4717  5.802E-05 5.802E-05  00:16:22 1.21519E-08       73088  5.962E-02  9.999E-02
     4880  6.000E-05 6.000E-05  00:16:54 1.21519E-08       73088  5.895E-02  9.999E-02
Output Field Frame Number     3, of     25, at step time 6.000E-05
     5092  6.258E-05 6.258E-05  00:17:35 1.21519E-08       84324  5.796E-02  9.999E-02
     5307  6.519E-05 6.519E-05  00:18:17 1.21519E-08       73088  5.681E-02  9.999E-02
     5517  6.774E-05 6.774E-05  00:18:59 1.21519E-08        5672  5.552E-02  9.999E-02
     5731  7.034E-05 7.034E-05  00:19:41 1.21519E-08       16908  5.407E-02  9.999E-02
     5943  7.292E-05 7.292E-05  00:20:23 1.21519E-08        5671  5.243E-02  9.999E-02
     6148  7.541E-05 7.541E-05  00:21:04 1.21519E-08        5672  5.061E-02  9.999E-02
     6356  7.794E-05 7.794E-05  00:21:46 1.21518E-08        5672  4.844E-02  9.999E-02
     6526  8.000E-05 8.000E-05  00:22:21 1.21517E-08       16907  4.642E-02  9.999E-02
Output Field Frame Number     4, of     25, at step time 8.000E-05
     6731  8.249E-05 8.249E-05  00:23:02 1.21516E-08       16908  4.376E-02  9.999E-02
     6925  8.485E-05 8.485E-05  00:23:44 1.21514E-08        5672  4.108E-02  9.999E-02
     7120  8.722E-05 8.722E-05  00:24:26 1.21514E-08       16908  3.830E-02  9.999E-02
     7303  8.944E-05 8.944E-05  00:25:08 1.21514E-08        5566  3.577E-02  9.999E-02
     7493  9.175E-05 9.175E-05  00:25:49 1.21514E-08       16908  3.340E-02  9.999E-02

 STEP 1  ORIGIN 0.0000

              STEP     TOTAL      WALL        STABLE    CRITICAL    KINETIC      TOTAL
INCREMENT     TIME      TIME      TIME     INCREMENT     ELEMENT     ENERGY     ENERGY
     7682  9.405E-05 9.405E-05  00:26:31 1.21514E-08        5672  3.137E-02  9.999E-02
     7866  9.628E-05 9.628E-05  00:27:12 1.21514E-08       84323  2.982E-02  9.999E-02
     8060  9.864E-05 9.864E-05  00:27:54 1.21514E-08       84218  2.861E-02  1.000E-01
     8176  1.000E-04 1.000E-04  00:28:16 1.15047E-08       84324  2.805E-02  1.000E-01
Output Field Frame Number     5, of     25, at step time 1.000E-04
     8403  1.026E-04 1.026E-04  00:28:59 1.15047E-08       84324  2.713E-02  1.000E-01
     8645  1.054E-04 1.054E-04  00:29:40 1.15047E-08       73088  2.626E-02  1.000E-01
     8877  1.081E-04 1.081E-04  00:30:21 1.15047E-08       84218  2.546E-02  1.000E-01
     9110  1.108E-04 1.108E-04  00:31:03 1.15047E-08       84218  2.459E-02  1.000E-01
     9343  1.134E-04 1.134E-04  00:31:45 1.15047E-08       73087  2.378E-02  1.000E-01
     9573  1.161E-04 1.161E-04  00:32:27 1.15047E-08       84323  2.340E-02  1.000E-01
     9808  1.188E-04 1.188E-04  00:33:09 1.15047E-08       84324  2.381E-02  1.000E-01
     9914  1.200E-04 1.200E-04  00:33:26 1.15047E-08       84324  2.426E-02  1.000E-01
Output Field Frame Number     6, of     25, at step time 1.200E-04
    10147  1.227E-04 1.227E-04  00:34:08 1.15047E-08       84324  2.566E-02  1.000E-01
    10369  1.252E-04 1.252E-04  00:34:49 1.15047E-08       84323  2.740E-02  1.000E-01
    10610  1.280E-04 1.280E-04  00:35:31 1.15047E-08       84218  2.932E-02  1.000E-01
    10843  1.307E-04 1.307E-04  00:36:12 1.15047E-08       84324  3.055E-02  1.000E-01
    11075  1.334E-04 1.334E-04  00:36:54 1.15047E-08       84323  3.083E-02  1.000E-01
    11296  1.359E-04 1.359E-04  00:37:35 1.15047E-08       84324  3.024E-02  1.000E-01
    11542  1.387E-04 1.387E-04  00:38:17 1.15047E-08       84323  2.885E-02  1.000E-01
    11652  1.400E-04 1.400E-04  00:38:39 1.15047E-08       84324  2.803E-02  1.000E-01
Output Field Frame Number     7, of     25, at step time 1.400E-04
    11886  1.427E-04 1.427E-04  00:39:20 1.15047E-08       84324  2.596E-02  1.000E-01
    12121  1.454E-04 1.454E-04  00:40:02 1.15047E-08       84324  2.349E-02  1.000E-01
    12349  1.480E-04 1.480E-04  00:40:44 1.15047E-08       84218  2.095E-02  1.000E-01
    12587  1.508E-04 1.508E-04  00:41:25 1.15047E-08       84218  1.836E-02  1.000E-01
    12826  1.535E-04 1.535E-04  00:42:08 1.15047E-08       84323  1.612E-02  1.000E-01
    13058  1.562E-04 1.562E-04  00:42:49 1.15047E-08       84218  1.434E-02  1.000E-01
    13295  1.589E-04 1.589E-04  00:43:31 1.15047E-08       84324  1.259E-02  1.000E-01
    13389  1.600E-04 1.600E-04  00:43:47 1.15047E-08       84323  1.187E-02  1.000E-01
Output Field Frame Number     8, of     25, at step time 1.600E-04
    13617  1.626E-04 1.626E-04  00:44:29 1.15047E-08       84324  1.023E-02  1.000E-01
    13837  1.652E-04 1.652E-04  00:45:11 1.15047E-08       84323  9.069E-03  1.000E-01
    14048  1.676E-04 1.676E-04  00:45:52 1.15047E-08       84324  8.605E-03  1.000E-01
    14259  1.700E-04 1.700E-04  00:46:34 1.15047E-08       16908  8.849E-03  1.000E-01
    14485  1.726E-04 1.726E-04  00:47:15 1.15047E-08        5672  9.733E-03  1.000E-01
    14701  1.751E-04 1.751E-04  00:47:57 1.15047E-08        5672  1.101E-02  1.000E-01
    14931  1.778E-04 1.778E-04  00:48:39 1.15046E-08        5672  1.280E-02  1.000E-01
    15127  1.800E-04 1.800E-04  00:49:16 1.15047E-08        5671  1.465E-02  1.000E-01
Output Field Frame Number     9, of     25, at step time 1.800E-04
    15344  1.825E-04 1.825E-04  00:49:57 1.15047E-08        5672  1.698E-02  1.000E-01
    15583  1.853E-04 1.853E-04  00:50:39 1.15046E-08        5672  1.985E-02  1.000E-01
    15815  1.879E-04 1.879E-04  00:51:21 1.15047E-08        5672  2.284E-02  1.000E-01
    16037  1.905E-04 1.905E-04  00:52:02 1.15047E-08       16908  2.581E-02  1.000E-01

 STEP 1  ORIGIN 0.0000

              STEP     TOTAL      WALL        STABLE    CRITICAL    KINETIC      TOTAL
INCREMENT     TIME      TIME      TIME     INCREMENT     ELEMENT     ENERGY     ENERGY
    16259  1.930E-04 1.930E-04  00:52:44 1.15047E-08        5672  2.886E-02  1.000E-01
    16481  1.956E-04 1.956E-04  00:53:26 1.15047E-08        5672  3.192E-02  1.000E-01
    16694  1.980E-04 1.980E-04  00:54:07 1.15047E-08        5566  3.492E-02  1.000E-01
    16865  2.000E-04 2.000E-04  00:54:37 1.15047E-08        5672  3.739E-02  1.000E-01
Output Field Frame Number    10, of     25, at step time 2.000E-04
    17084  2.025E-04 2.025E-04  00:55:19 1.15047E-08       16908  4.042E-02  1.000E-01
    17310  2.051E-04 2.051E-04  00:56:01 1.15047E-08       16908  4.320E-02  1.000E-01
    17537  2.077E-04 2.077E-04  00:56:42 1.15047E-08       16908  4.549E-02  1.000E-01
    17758  2.103E-04 2.103E-04  00:57:24 1.15047E-08        5672  4.721E-02  1.000E-01
    17998  2.131E-04 2.131E-04  00:58:05 1.15047E-08       84324  4.856E-02  1.000E-01
    18229  2.157E-04 2.157E-04  00:58:47 1.15047E-08       84324  4.953E-02  1.000E-01
    18451  2.183E-04 2.183E-04  00:59:29 1.15047E-08        5672  5.035E-02  1.000E-01
    18602  2.200E-04 2.200E-04  00:59:57 1.15047E-08       16908  5.092E-02  1.000E-01
Output Field Frame Number    11, of     25, at step time 2.200E-04
    18844  2.228E-04 2.228E-04  01:00:39 1.15047E-08        5672  5.204E-02  1.000E-01
    19113  2.259E-04 2.259E-04  01:01:21 1.15047E-08        5672  5.380E-02  1.000E-01
    19354  2.287E-04 2.287E-04  01:02:02 1.15047E-08        5672  5.594E-02  1.000E-01
    19581  2.313E-04 2.313E-04  01:02:44 1.15047E-08        5672  5.829E-02  1.000E-01
    19809  2.339E-04 2.339E-04  01:03:26 1.15047E-08       84324  6.069E-02  1.000E-01
    20058  2.368E-04 2.368E-04  01:04:08 1.15047E-08       73088  6.324E-02  1.000E-01
    20289  2.394E-04 2.394E-04  01:04:50 1.15047E-08       73088  6.539E-02  1.000E-01
    20340  2.400E-04 2.400E-04  01:04:58 1.15047E-08       73088  6.583E-02  1.000E-01
Output Field Frame Number    12, of     25, at step time 2.400E-04
    20562  2.426E-04 2.426E-04  01:05:40 1.15047E-08       84324  6.765E-02  1.000E-01
    20803  2.453E-04 2.453E-04  01:06:22 1.15047E-08       84324  6.931E-02  1.000E-01
    21030  2.479E-04 2.479E-04  01:07:03 1.15047E-08       84324  7.038E-02  1.000E-01
    21253  2.505E-04 2.505E-04  01:07:45 1.15047E-08       84324  7.102E-02  1.000E-01
    21485  2.532E-04 2.532E-04  01:08:27 1.15047E-08       84324  7.158E-02  1.000E-01
    21724  2.559E-04 2.559E-04  01:09:08 1.15047E-08        5672  7.234E-02  1.000E-01
    21949  2.585E-04 2.585E-04  01:09:50 1.15047E-08        5672  7.334E-02  1.000E-01
    22079  2.600E-04 2.600E-04  01:10:14 1.15047E-08        5672  7.403E-02  1.000E-01
Output Field Frame Number    13, of     25, at step time 2.600E-04
    22314  2.627E-04 2.627E-04  01:10:56 1.15047E-08        5672  7.537E-02  1.000E-01
    22550  2.654E-04 2.654E-04  01:11:37 1.15047E-08        5672  7.667E-02  1.000E-01
    22795  2.682E-04 2.682E-04  01:12:19 1.15047E-08        5672  7.801E-02  1.000E-01
    23030  2.709E-04 2.709E-04  01:13:00 1.15047E-08       16908  7.959E-02  1.000E-01
    23259  2.736E-04 2.736E-04  01:13:42 1.15047E-08        5672  8.142E-02  1.000E-01
    23504  2.764E-04 2.764E-04  01:14:24 1.15047E-08       84324  8.339E-02  1.000E-01
    23752  2.792E-04 2.792E-04  01:15:05 1.15047E-08       28144  8.504E-02  1.000E-01
    23819  2.800E-04 2.800E-04  01:15:17 1.15047E-08        5672  8.544E-02  1.000E-01
Output Field Frame Number    14, of     25, at step time 2.800E-04
    24065  2.828E-04 2.828E-04  01:15:59 1.15047E-08        5672  8.685E-02  1.000E-01
    24326  2.858E-04 2.858E-04  01:16:41 1.15047E-08        5672  8.841E-02  1.000E-01
    24576  2.887E-04 2.887E-04  01:17:22 1.15046E-08       73088  8.968E-02  1.000E-01
    24835  2.917E-04 2.917E-04  01:18:04 1.15045E-08       84323  8.991E-02  1.000E-01

 STEP 1  ORIGIN 0.0000

              STEP     TOTAL      WALL        STABLE    CRITICAL    KINETIC      TOTAL
INCREMENT     TIME      TIME      TIME     INCREMENT     ELEMENT     ENERGY     ENERGY
    25084  2.946E-04 2.946E-04  01:18:46 1.15047E-08       84218  8.896E-02  1.000E-01
    25328  2.974E-04 2.974E-04  01:19:27 1.15047E-08       73088  8.769E-02  1.000E-01
    25557  3.000E-04 3.000E-04  01:20:09 1.15047E-08       84218  8.661E-02  1.000E-01
    25558  3.000E-04 3.000E-04  01:20:09 1.15047E-08       73088  8.660E-02  1.000E-01
Output Field Frame Number    15, of     25, at step time 3.000E-04
    25805  3.028E-04 3.028E-04  01:20:51 1.15047E-08       16908  8.519E-02  1.000E-01
    26052  3.057E-04 3.057E-04  01:21:33 1.15047E-08       28144  8.341E-02  1.000E-01
    26274  3.082E-04 3.082E-04  01:22:15 1.15047E-08       16908  8.185E-02  1.000E-01
    26499  3.108E-04 3.108E-04  01:22:56 1.15047E-08       16908  8.051E-02  1.000E-01
    26727  3.134E-04 3.134E-04  01:23:38 1.15047E-08       16908  7.934E-02  1.000E-01
    26962  3.161E-04 3.161E-04  01:24:19 1.15047E-08        5672  7.810E-02  1.000E-01
    27191  3.188E-04 3.188E-04  01:25:01 1.15047E-08        5672  7.668E-02  1.000E-01
    27298  3.200E-04 3.200E-04  01:25:20 1.15046E-08        5672  7.596E-02  1.000E-01
Output Field Frame Number    16, of     25, at step time 3.200E-04
    27517  3.225E-04 3.225E-04  01:26:01 1.15047E-08        5672  7.450E-02  1.000E-01
    27743  3.251E-04 3.251E-04  01:26:43 1.15047E-08        5672  7.320E-02  1.000E-01
    27987  3.279E-04 3.279E-04  01:27:25 1.15047E-08        5672  7.215E-02  1.000E-01
    28231  3.307E-04 3.307E-04  01:28:06 1.15047E-08        5672  7.145E-02  1.000E-01
    28464  3.334E-04 3.334E-04  01:28:48 1.15047E-08        5672  7.099E-02  1.000E-01
    28713  3.363E-04 3.363E-04  01:29:30 1.15047E-08        5672  7.046E-02  1.000E-01
    28941  3.389E-04 3.389E-04  01:30:12 1.15047E-08       16908  6.977E-02  1.000E-01
    29038  3.400E-04 3.400E-04  01:30:31 1.15047E-08        5672  6.946E-02  1.000E-01
Output Field Frame Number    17, of     25, at step time 3.400E-04
    29241  3.423E-04 3.423E-04  01:31:12 1.15047E-08       61852  6.894E-02  1.000E-01
    29463  3.449E-04 3.449E-04  01:31:53 1.15047E-08        5672  6.853E-02  1.000E-01
    29704  3.477E-04 3.477E-04  01:32:35 1.15047E-08       84218  6.796E-02  1.000E-01
    29925  3.502E-04 3.502E-04  01:33:16 1.15047E-08        5672  6.708E-02  1.000E-01
    30157  3.529E-04 3.529E-04  01:33:58 1.15047E-08       73088  6.578E-02  1.000E-01
    30389  3.555E-04 3.555E-04  01:34:39 1.15047E-08       73088  6.434E-02  1.000E-01
    30618  3.582E-04 3.582E-04  01:35:21 1.15047E-08       84324  6.301E-02  1.000E-01
    30778  3.600E-04 3.600E-04  01:35:47 1.15047E-08        5672  6.224E-02  1.000E-01
Output Field Frame Number    18, of     25, at step time 3.600E-04
    31017  3.628E-04 3.628E-04  01:36:28 1.15047E-08       28144  6.129E-02  1.000E-01
    31246  3.654E-04 3.654E-04  01:37:10 1.15047E-08       39380  6.057E-02  1.000E-01
    31503  3.683E-04 3.683E-04  01:37:52 1.15047E-08       84324  6.021E-02  1.000E-01
    31730  3.710E-04 3.710E-04  01:38:33 1.15047E-08       84324  6.063E-02  1.000E-01
    31975  3.738E-04 3.738E-04  01:39:15 1.15047E-08       84324  6.203E-02  1.000E-01
    32202  3.764E-04 3.764E-04  01:39:56 1.15047E-08       61852  6.394E-02  1.000E-01
    32438  3.791E-04 3.791E-04  01:40:38 1.15047E-08       61852  6.611E-02  1.000E-01
    32517  3.800E-04 3.800E-04  01:40:53 1.15047E-08        5672  6.680E-02  1.000E-01
Output Field Frame Number    19, of     25, at step time 3.800E-04
    32751  3.827E-04 3.827E-04  01:41:34 1.15047E-08       28144  6.865E-02  1.000E-01
    32982  3.853E-04 3.853E-04  01:42:16 1.15047E-08        5672  7.005E-02  1.000E-01
    33215  3.880E-04 3.880E-04  01:42:57 1.15047E-08        5672  7.087E-02  1.000E-01
    33453  3.908E-04 3.908E-04  01:43:39 1.15047E-08        5672  7.107E-02  1.000E-01

 STEP 1  ORIGIN 0.0000

              STEP     TOTAL      WALL        STABLE    CRITICAL    KINETIC      TOTAL
INCREMENT     TIME      TIME      TIME     INCREMENT     ELEMENT     ENERGY     ENERGY
    33677  3.933E-04 3.933E-04  01:44:21 1.15047E-08       84324  7.070E-02  1.000E-01
    33899  3.959E-04 3.959E-04  01:45:03 1.15047E-08       16908  6.999E-02  1.000E-01
    34117  3.984E-04 3.984E-04  01:45:44 1.15047E-08        5672  6.941E-02  1.000E-01
    34257  4.000E-04 4.000E-04  01:46:10 1.15047E-08       73088  6.931E-02  1.000E-01
Output Field Frame Number    20, of     25, at step time 4.000E-04
    34480  4.026E-04 4.026E-04  01:46:52 1.15047E-08       84324  6.988E-02  1.000E-01
    34699  4.051E-04 4.051E-04  01:47:33 1.15047E-08       39380  7.143E-02  1.000E-01
    34929  4.077E-04 4.077E-04  01:48:15 1.15047E-08       73088  7.377E-02  1.000E-01
    35160  4.104E-04 4.104E-04  01:48:57 1.15047E-08       73088  7.640E-02  1.000E-01
    35383  4.130E-04 4.130E-04  01:49:39 1.15047E-08       61852  7.920E-02  1.000E-01
    35606  4.155E-04 4.155E-04  01:50:21 1.15047E-08       84324  8.224E-02  1.000E-01
    35823  4.180E-04 4.180E-04  01:51:02 1.15047E-08       73088  8.500E-02  1.000E-01
    35997  4.200E-04 4.200E-04  01:51:35 1.15047E-08       84324  8.660E-02  1.000E-01
Output Field Frame Number    21, of     25, at step time 4.200E-04
    36213  4.225E-04 4.225E-04  01:52:16 1.15047E-08       84324  8.756E-02  1.000E-01
    36429  4.250E-04 4.250E-04  01:52:57 1.15047E-08       73088  8.769E-02  1.000E-01
    36653  4.276E-04 4.276E-04  01:53:39 1.15047E-08       84324  8.754E-02  1.000E-01
    36883  4.302E-04 4.302E-04  01:54:21 1.15047E-08       84324  8.724E-02  1.000E-01
    37105  4.327E-04 4.327E-04  01:55:02 1.15047E-08       84324  8.673E-02  1.000E-01
    37326  4.353E-04 4.353E-04  01:55:44 1.15047E-08        5672  8.617E-02  1.000E-01
    37550  4.379E-04 4.379E-04  01:56:25 1.15047E-08        5672  8.597E-02  1.000E-01
    37736  4.400E-04 4.400E-04  01:57:00 1.15047E-08       84324  8.634E-02  1.000E-01
Output Field Frame Number    22, of     25, at step time 4.400E-04
    37950  4.425E-04 4.425E-04  01:57:41 1.15047E-08       84324  8.733E-02  1.000E-01
    38184  4.452E-04 4.452E-04  01:58:23 1.15047E-08       61852  8.872E-02  1.000E-01
    38406  4.477E-04 4.477E-04  01:59:04 1.15047E-08       50616  8.981E-02  1.000E-01
    38650  4.505E-04 4.505E-04  01:59:46 1.15047E-08       39380  9.070E-02  1.000E-01
    38895  4.533E-04 4.533E-04  02:00:27 1.15047E-08        5672  9.145E-02  1.000E-01
    39141  4.562E-04 4.562E-04  02:01:09 1.15047E-08       50616  9.192E-02  1.000E-01
    39394  4.591E-04 4.591E-04  02:01:50 1.15047E-08       73088  9.167E-02  1.000E-01
    39476  4.600E-04 4.600E-04  02:02:04 1.15047E-08       84324  9.141E-02  1.000E-01
Output Field Frame Number    23, of     25, at step time 4.600E-04
    39718  4.628E-04 4.628E-04  02:02:45 1.15047E-08       84324  9.026E-02  1.000E-01
    39962  4.656E-04 4.656E-04  02:03:27 1.15047E-08       84324  8.882E-02  1.000E-01
    40220  4.686E-04 4.686E-04  02:04:09 1.15047E-08       84324  8.730E-02  1.000E-01
    40468  4.714E-04 4.714E-04  02:04:50 1.15047E-08        5672  8.609E-02  1.000E-01
    40705  4.741E-04 4.741E-04  02:05:32 1.15047E-08       39380  8.529E-02  1.000E-01
    40948  4.769E-04 4.769E-04  02:06:13 1.15047E-08       73088  8.486E-02  1.000E-01
    41192  4.797E-04 4.797E-04  02:06:54 1.15047E-08       84324  8.471E-02  1.000E-01
    41216  4.800E-04 4.800E-04  02:06:58 1.15047E-08       84324  8.470E-02  1.000E-01
Output Field Frame Number    24, of     25, at step time 4.800E-04
    41440  4.826E-04 4.826E-04  02:07:40 1.15047E-08       84324  8.467E-02  1.000E-01
    41670  4.852E-04 4.852E-04  02:08:21 1.15047E-08       73088  8.475E-02  1.000E-01
    41918  4.881E-04 4.881E-04  02:09:03 1.15047E-08       16908  8.492E-02  1.000E-01
    42143  4.907E-04 4.907E-04  02:09:44 1.15047E-08       28144  8.496E-02  1.000E-01

 STEP 1  ORIGIN 0.0000

              STEP     TOTAL      WALL        STABLE    CRITICAL    KINETIC      TOTAL
INCREMENT     TIME      TIME      TIME     INCREMENT     ELEMENT     ENERGY     ENERGY
    42366  4.932E-04 4.932E-04  02:10:25 1.15047E-08       16908  8.450E-02  1.000E-01
    42587  4.958E-04 4.958E-04  02:11:07 1.15047E-08        5672  8.313E-02  1.000E-01
    42830  4.986E-04 4.986E-04  02:11:48 1.15047E-08        5672  8.069E-02  1.000E-01
    42953  5.000E-04 5.000E-04  02:12:10 1.14917E-08       16908  7.925E-02  1.000E-01
Restart Number  1 at 5.00000E-04
Output Field Frame Number    25, of     25, at step time 5.000E-04

Abaqus/Explicit 2026                             DATE 21-Sep-2026  TIME 11:35:38

 STEP 2  ORIGIN 5.00000E-04

  Total memory used for step 2 is approximately 1.6 gigabytes.
  Global time estimation algorithm will be used.
  Scaling factor:  1.0000
              STEP     TOTAL      WALL        STABLE    CRITICAL    KINETIC      TOTAL
INCREMENT     TIME      TIME      TIME     INCREMENT     ELEMENT     ENERGY     ENERGY
        0  0.000E+00 5.000E-04  02:12:14 1.14917E-08       28144  7.925E-02  1.000E-01
Output Field Frame Number     0, of     25, at step time 0.000E+00
      223  2.566E-06 5.026E-04  02:12:56 1.15047E-08        5672  7.665E-02  1.000E-01
      452  5.201E-06 5.052E-04  02:13:38 1.15047E-08        5672  7.436E-02  1.000E-01
      705  8.111E-06 5.081E-04  02:14:21 1.15047E-08       16908  7.232E-02  1.000E-01
      870  1.001E-05 5.100E-04  02:14:51 1.15047E-08       16908  7.120E-02  1.000E-01
Output Field Frame Number     1, of     25, at step time 1.001E-05
     1100  1.266E-05 5.127E-04  02:15:33 1.15047E-08        5672  7.002E-02  1.000E-01
     1304  1.500E-05 5.150E-04  02:16:10 1.15047E-08       73088  6.957E-02  1.000E-01
     1478  1.700E-05 5.170E-04  02:16:44 1.15047E-08       61852  6.982E-02  1.000E-01
     1661  1.911E-05 5.191E-04  02:17:18 1.15047E-08       84324  7.064E-02  1.000E-01
     1739  2.001E-05 5.200E-04  02:17:33 1.15047E-08       73088  7.108E-02  1.000E-01
Output Field Frame Number     2, of     25, at step time 2.001E-05
     1866  2.147E-05 5.215E-04  02:17:59 1.15047E-08       73088  7.181E-02  1.000E-01
     1996  2.296E-05 5.230E-04  02:18:25 1.15047E-08       84324  7.246E-02  1.000E-01
     2126  2.446E-05 5.245E-04  02:18:51 1.15047E-08       84324  7.290E-02  1.000E-01
     2258  2.598E-05 5.260E-04  02:19:18 1.15047E-08       50616  7.310E-02  1.000E-01
     2391  2.751E-05 5.275E-04  02:19:45 1.15047E-08       28144  7.302E-02  1.000E-01
     2521  2.900E-05 5.290E-04  02:20:11 1.15047E-08       39380  7.264E-02  1.000E-01
     2608  3.001E-05 5.300E-04  02:20:29 1.15047E-08       84324  7.222E-02  1.000E-01
Output Field Frame Number     3, of     25, at step time 3.001E-05
     2747  3.160E-05 5.316E-04  02:20:57 1.15047E-08       84324  7.130E-02  1.000E-01
     2877  3.310E-05 5.331E-04  02:21:23 1.15047E-08       84324  7.022E-02  1.000E-01
     3006  3.458E-05 5.346E-04  02:21:50 1.15047E-08       84324  6.906E-02  1.000E-01
     3136  3.608E-05 5.361E-04  02:22:17 1.15047E-08       84324  6.783E-02  1.000E-01
     3263  3.754E-05 5.375E-04  02:22:43 1.15047E-08       84324  6.656E-02  1.000E-01
     3391  3.901E-05 5.390E-04  02:23:09 1.15047E-08       73088  6.522E-02  1.000E-01
     3477  4.000E-05 5.400E-04  02:23:26 1.15047E-08       73088  6.429E-02  1.000E-01
Output Field Frame Number     4, of     25, at step time 4.000E-05
     3605  4.147E-05 5.415E-04  02:23:53 1.15047E-08       84324  6.293E-02  1.000E-01
     3743  4.306E-05 5.431E-04  02:24:21 1.15047E-08       84324  6.160E-02  1.000E-01
     3870  4.452E-05 5.445E-04  02:24:47 1.15047E-08       84324  6.061E-02  1.000E-01
     3996  4.597E-05 5.460E-04  02:25:13 1.15047E-08        5672  5.998E-02  1.000E-01
     4124  4.744E-05 5.474E-04  02:25:39 1.15047E-08        5672  5.972E-02  1.000E-01
     4255  4.895E-05 5.490E-04  02:26:05 1.15047E-08        5672  5.979E-02  1.000E-01
     4347  5.001E-05 5.500E-04  02:26:24 1.15047E-08        5672  6.000E-02  1.000E-01
Output Field Frame Number     5, of     25, at step time 5.001E-05
     4474  5.147E-05 5.515E-04  02:26:50 1.15047E-08        5672  6.047E-02  1.000E-01
     4603  5.295E-05 5.530E-04  02:27:16 1.15047E-08        5672  6.110E-02  1.000E-01
     4737  5.450E-05 5.545E-04  02:27:44 1.15047E-08        5672  6.189E-02  1.000E-01
     4916  5.656E-05 5.566E-04  02:28:18 1.15047E-08        5672  6.312E-02  1.000E-01
     5145  5.919E-05 5.592E-04  02:28:58 1.15047E-08       73088  6.497E-02  1.000E-01
     5216  6.001E-05 5.600E-04  02:29:11 1.15047E-08       16908  6.557E-02  1.000E-01
Output Field Frame Number     6, of     25, at step time 6.001E-05
     5437  6.255E-05 5.625E-04  02:29:48 1.15047E-08       73088  6.729E-02  1.000E-01
     5646  6.495E-05 5.650E-04  02:30:23 1.15047E-08       73088  6.840E-02  1.000E-01
     5870  6.753E-05 5.675E-04  02:31:03 1.15047E-08       16908  6.888E-02  1.000E-01

 STEP 2  ORIGIN 5.00000E-04

              STEP     TOTAL      WALL        STABLE    CRITICAL    KINETIC      TOTAL
INCREMENT     TIME      TIME      TIME     INCREMENT     ELEMENT     ENERGY     ENERGY
     6085  7.000E-05 5.700E-04  02:31:40 1.15047E-08        5672  6.892E-02  1.000E-01
Output Field Frame Number     7, of     25, at step time 7.000E-05
     6319  7.269E-05 5.727E-04  02:32:18 1.15047E-08        5672  6.891E-02  1.000E-01
     6595  7.587E-05 5.759E-04  02:32:58 1.15047E-08        5672  6.895E-02  1.000E-01
     6822  7.848E-05 5.785E-04  02:33:33 1.15047E-08       16908  6.887E-02  1.000E-01
     6955  8.001E-05 5.800E-04  02:33:53 1.15047E-08       16908  6.878E-02  1.000E-01
Output Field Frame Number     8, of     25, at step time 8.001E-05
     7213  8.298E-05 5.830E-04  02:34:31 1.15047E-08       28144  6.897E-02  1.000E-01
     7475  8.599E-05 5.860E-04  02:35:12 1.15047E-08       28144  7.010E-02  1.000E-01
     7655  8.806E-05 5.881E-04  02:35:44 1.15047E-08       73088  7.137E-02  1.000E-01
     7824  9.001E-05 5.900E-04  02:36:15 1.15047E-08       84324  7.280E-02  1.000E-01
Output Field Frame Number     9, of     25, at step time 9.001E-05
     8004  9.208E-05 5.921E-04  02:36:46 1.15047E-08       73088  7.452E-02  1.000E-01
     8132  9.355E-05 5.935E-04  02:37:10 1.15047E-08       84324  7.584E-02  1.000E-01
     8257  9.499E-05 5.950E-04  02:37:35 1.15047E-08       84324  7.720E-02  1.000E-01
     8395  9.658E-05 5.966E-04  02:37:59 1.15047E-08       84324  7.877E-02  1.000E-01
     8554  9.840E-05 5.984E-04  02:38:27 1.15047E-08       84324  8.062E-02  1.000E-01
     8693  1.000E-04 6.000E-04  02:38:50 1.15047E-08       84324  8.219E-02  1.000E-01
Output Field Frame Number    10, of     25, at step time 1.000E-04
     8815  1.014E-04 6.014E-04  02:39:16 1.15047E-08        5672  8.344E-02  1.000E-01
     8925  1.027E-04 6.027E-04  02:39:39 1.15047E-08       28144  8.444E-02  1.000E-01
     9020  1.038E-04 6.038E-04  02:40:00 1.15047E-08        5672  8.516E-02  1.000E-01
     9128  1.050E-04 6.050E-04  02:40:21 1.15047E-08       16908  8.583E-02  1.000E-01
     9231  1.062E-04 6.062E-04  02:40:42 1.15047E-08       16908  8.630E-02  1.000E-01
     9334  1.074E-04 6.074E-04  02:41:04 1.15047E-08       16908  8.663E-02  1.000E-01
     9429  1.085E-04 6.085E-04  02:41:26 1.15047E-08       16908  8.682E-02  1.000E-01
     9538  1.097E-04 6.097E-04  02:41:49 1.15047E-08       84324  8.690E-02  1.000E-01
     9563  1.100E-04 6.100E-04  02:41:55 1.15047E-08       84324  8.690E-02  1.000E-01
Output Field Frame Number    11, of     25, at step time 1.100E-04
     9654  1.111E-04 6.111E-04  02:42:18 1.15047E-08       84324  8.686E-02  1.000E-01
     9747  1.121E-04 6.121E-04  02:42:41 1.15047E-08       84324  8.672E-02  1.000E-01
     9839  1.132E-04 6.132E-04  02:43:03 1.15047E-08       61852  8.652E-02  1.000E-01
     9926  1.142E-04 6.142E-04  02:43:24 1.15047E-08       73088  8.628E-02  1.000E-01
    10003  1.151E-04 6.151E-04  02:43:43 1.15047E-08       73088  8.605E-02  1.000E-01
    10092  1.161E-04 6.161E-04  02:44:05 1.15047E-08       84324  8.579E-02  1.000E-01
    10189  1.172E-04 6.172E-04  02:44:28 1.15047E-08       84324  8.556E-02  1.000E-01
    10291  1.184E-04 6.184E-04  02:44:51 1.15047E-08       73088  8.542E-02  1.000E-01
    10378  1.194E-04 6.194E-04  02:45:13 1.15047E-08       73088  8.539E-02  1.000E-01
    10432  1.200E-04 6.200E-04  02:45:27 1.15047E-08       84324  8.542E-02  1.000E-01
Output Field Frame Number    12, of     25, at step time 1.200E-04
    10529  1.211E-04 6.211E-04  02:45:49 1.15047E-08       73088  8.557E-02  1.000E-01
    10650  1.225E-04 6.225E-04  02:46:12 1.15047E-08       28144  8.594E-02  1.000E-01
    10771  1.239E-04 6.239E-04  02:46:35 1.15047E-08        5672  8.650E-02  1.000E-01
    10890  1.253E-04 6.253E-04  02:46:58 1.15047E-08       16908  8.723E-02  1.000E-01
    11000  1.265E-04 6.265E-04  02:47:20 1.15047E-08        5672  8.805E-02  1.000E-01
    11104  1.277E-04 6.277E-04  02:47:40 1.15047E-08        5672  8.893E-02  1.000E-01

 STEP 2  ORIGIN 5.00000E-04

              STEP     TOTAL      WALL        STABLE    CRITICAL    KINETIC      TOTAL
INCREMENT     TIME      TIME      TIME     INCREMENT     ELEMENT     ENERGY     ENERGY
    11206  1.289E-04 6.289E-04  02:48:00 1.15047E-08       16908  8.988E-02  1.000E-01
    11301  1.300E-04 6.300E-04  02:48:19 1.15047E-08        5672  9.081E-02  1.000E-01
Output Field Frame Number    13, of     25, at step time 1.300E-04
    11401  1.312E-04 6.312E-04  02:48:39 1.15047E-08       16908  9.182E-02  1.000E-01
    11502  1.323E-04 6.323E-04  02:48:59 1.15047E-08       16908  9.284E-02  1.000E-01
    11602  1.335E-04 6.335E-04  02:49:19 1.15047E-08       16908  9.384E-02  1.000E-01
    11704  1.346E-04 6.346E-04  02:49:39 1.15047E-08       16908  9.479E-02  1.000E-01
    11804  1.358E-04 6.358E-04  02:49:59 1.15047E-08       16908  9.563E-02  1.000E-01
    11905  1.370E-04 6.370E-04  02:50:19 1.15047E-08       73088  9.631E-02  1.000E-01
    12006  1.381E-04 6.381E-04  02:50:39 1.15047E-08       16908  9.677E-02  1.000E-01
    12107  1.393E-04 6.393E-04  02:50:59 1.15047E-08       84324  9.694E-02  1.000E-01
    12170  1.400E-04 6.400E-04  02:51:11 1.15047E-08       84324  9.688E-02  1.000E-01
Output Field Frame Number    14, of     25, at step time 1.400E-04
    12262  1.411E-04 6.411E-04  02:51:32 1.15047E-08       84324  9.656E-02  1.000E-01
    12368  1.423E-04 6.423E-04  02:51:53 1.15047E-08       73088  9.588E-02  1.000E-01
    12476  1.435E-04 6.435E-04  02:52:14 1.15047E-08       73088  9.488E-02  1.000E-01
    12581  1.447E-04 6.447E-04  02:52:34 1.15047E-08       84324  9.369E-02  1.000E-01
    12696  1.461E-04 6.461E-04  02:52:57 1.15047E-08       84324  9.226E-02  1.000E-01
    12816  1.474E-04 6.474E-04  02:53:19 1.15047E-08       73088  9.073E-02  1.000E-01
    12934  1.488E-04 6.488E-04  02:53:42 1.15047E-08       50616  8.927E-02  1.000E-01
    13038  1.500E-04 6.500E-04  02:54:02 1.15047E-08       73088  8.805E-02  1.000E-01
Output Field Frame Number    15, of     25, at step time 1.500E-04
    13156  1.514E-04 6.514E-04  02:54:25 1.15047E-08       73088  8.672E-02  1.000E-01
    13273  1.527E-04 6.527E-04  02:54:48 1.15047E-08       73088  8.547E-02  1.000E-01
    13391  1.541E-04 6.541E-04  02:55:11 1.15047E-08       16908  8.433E-02  1.000E-01
    13508  1.554E-04 6.554E-04  02:55:33 1.15047E-08       16908  8.334E-02  1.000E-01
    13609  1.566E-04 6.566E-04  02:55:55 1.15047E-08       28144  8.264E-02  1.000E-01
    13722  1.579E-04 6.579E-04  02:56:17 1.15047E-08       61852  8.205E-02  1.000E-01
    13841  1.592E-04 6.592E-04  02:56:40 1.15047E-08       84324  8.171E-02  1.000E-01
    13907  1.600E-04 6.600E-04  02:56:53 1.15047E-08       84324  8.165E-02  1.000E-01
Output Field Frame Number    16, of     25, at step time 1.600E-04
    14025  1.614E-04 6.614E-04  02:57:16 1.15047E-08       61852  8.180E-02  1.000E-01
    14143  1.627E-04 6.627E-04  02:57:38 1.15047E-08       61852  8.224E-02  1.000E-01
    14263  1.641E-04 6.641E-04  02:58:01 1.15047E-08       39380  8.292E-02  1.000E-01
    14378  1.654E-04 6.654E-04  02:58:23 1.15047E-08        5672  8.374E-02  1.000E-01
    14490  1.667E-04 6.667E-04  02:58:45 1.15047E-08        5672  8.459E-02  1.000E-01
    14610  1.681E-04 6.681E-04  02:59:07 1.15047E-08       16908  8.544E-02  1.000E-01
    14729  1.695E-04 6.695E-04  02:59:30 1.15047E-08        5672  8.611E-02  1.000E-01
    14776  1.700E-04 6.700E-04  02:59:39 1.15047E-08       16908  8.630E-02  1.000E-01
Output Field Frame Number    17, of     25, at step time 1.700E-04
    14891  1.713E-04 6.713E-04  03:00:01 1.15047E-08        5672  8.655E-02  1.000E-01
    15001  1.726E-04 6.726E-04  03:00:23 1.15047E-08        5672  8.650E-02  1.000E-01
    15108  1.738E-04 6.738E-04  03:00:44 1.15047E-08        5672  8.617E-02  1.000E-01
    15213  1.750E-04 6.750E-04  03:01:04 1.15047E-08       16908  8.563E-02  1.000E-01
    15320  1.763E-04 6.763E-04  03:01:25 1.15047E-08        5672  8.488E-02  1.000E-01

 STEP 2  ORIGIN 5.00000E-04

              STEP     TOTAL      WALL        STABLE    CRITICAL    KINETIC      TOTAL
INCREMENT     TIME      TIME      TIME     INCREMENT     ELEMENT     ENERGY     ENERGY
    15426  1.775E-04 6.775E-04  03:01:45 1.15047E-08       16908  8.400E-02  1.000E-01
    15544  1.788E-04 6.788E-04  03:02:08 1.15047E-08       16908  8.292E-02  1.000E-01
    15645  1.800E-04 6.800E-04  03:02:27 1.15047E-08        5672  8.191E-02  1.000E-01
Output Field Frame Number    18, of     25, at step time 1.800E-04
    15766  1.814E-04 6.814E-04  03:02:50 1.15047E-08        5672  8.062E-02  1.000E-01
    15887  1.828E-04 6.828E-04  03:03:13 1.15047E-08        5672  7.925E-02  1.000E-01
    16006  1.842E-04 6.842E-04  03:03:35 1.15047E-08       28144  7.782E-02  1.000E-01
    16127  1.856E-04 6.856E-04  03:03:58 1.15047E-08       28144  7.631E-02  1.000E-01
    16246  1.869E-04 6.869E-04  03:04:20 1.15047E-08       84324  7.481E-02  1.000E-01
    16368  1.883E-04 6.883E-04  03:04:43 1.15047E-08       39380  7.332E-02  1.000E-01
    16488  1.897E-04 6.897E-04  03:05:06 1.15047E-08       39380  7.200E-02  1.000E-01
    16513  1.900E-04 6.900E-04  03:05:10 1.15047E-08       84324  7.175E-02  1.000E-01
Output Field Frame Number    19, of     25, at step time 1.900E-04
    16631  1.914E-04 6.914E-04  03:05:33 1.15047E-08       84324  7.070E-02  1.000E-01
    16751  1.927E-04 6.927E-04  03:05:56 1.15047E-08       73088  6.989E-02  1.000E-01
    16867  1.941E-04 6.941E-04  03:06:18 1.15047E-08       73088  6.933E-02  1.000E-01
    16985  1.954E-04 6.954E-04  03:06:40 1.15047E-08        5672  6.892E-02  1.000E-01
    17107  1.968E-04 6.968E-04  03:07:03 1.15047E-08        5672  6.862E-02  1.000E-01
    17227  1.982E-04 6.982E-04  03:07:26 1.15047E-08        5672  6.840E-02  1.000E-01
    17348  1.996E-04 6.996E-04  03:07:49 1.15047E-08        5672  6.826E-02  1.000E-01
    17382  2.000E-04 7.000E-04  03:07:56 1.15047E-08       16908  6.823E-02  1.000E-01
Output Field Frame Number    20, of     25, at step time 2.000E-04
    17500  2.014E-04 7.014E-04  03:08:18 1.15047E-08        5672  6.823E-02  1.000E-01
    17619  2.027E-04 7.027E-04  03:08:41 1.15047E-08        5672  6.834E-02  1.000E-01
    17739  2.041E-04 7.041E-04  03:09:04 1.15047E-08       73088  6.858E-02  1.000E-01
    17857  2.055E-04 7.055E-04  03:09:26 1.15047E-08       50616  6.887E-02  1.000E-01
    17975  2.068E-04 7.068E-04  03:09:48 1.15047E-08        5672  6.918E-02  1.000E-01
    18086  2.081E-04 7.081E-04  03:10:11 1.15047E-08        5672  6.943E-02  1.000E-01
    18199  2.094E-04 7.094E-04  03:10:33 1.15047E-08        5672  6.961E-02  1.000E-01
    18251  2.100E-04 7.100E-04  03:10:43 1.15047E-08        5672  6.965E-02  1.000E-01
Output Field Frame Number    21, of     25, at step time 2.100E-04
    18358  2.112E-04 7.112E-04  03:11:04 1.15047E-08       16908  6.968E-02  1.000E-01
    18467  2.125E-04 7.125E-04  03:11:25 1.15047E-08       73088  6.962E-02  1.000E-01
    18589  2.139E-04 7.139E-04  03:11:49 1.15047E-08       73088  6.949E-02  1.000E-01
    18711  2.153E-04 7.153E-04  03:12:12 1.15047E-08       84324  6.936E-02  1.000E-01
    18824  2.166E-04 7.166E-04  03:12:33 1.15047E-08       84324  6.924E-02  1.000E-01
    18937  2.179E-04 7.179E-04  03:12:55 1.15047E-08       84324  6.911E-02  1.000E-01
    19048  2.192E-04 7.192E-04  03:13:17 1.15047E-08       84324  6.892E-02  1.000E-01
    19120  2.200E-04 7.200E-04  03:13:31 1.15047E-08       84324  6.874E-02  1.000E-01
Output Field Frame Number    22, of     25, at step time 2.200E-04
    19223  2.212E-04 7.212E-04  03:13:51 1.15047E-08        5672  6.840E-02  1.000E-01
    19335  2.225E-04 7.225E-04  03:14:13 1.15047E-08       61852  6.787E-02  1.000E-01
    19443  2.237E-04 7.237E-04  03:14:34 1.15047E-08       16908  6.722E-02  1.000E-01
    19559  2.251E-04 7.251E-04  03:14:57 1.15047E-08       39380  6.640E-02  1.000E-01
    19675  2.264E-04 7.264E-04  03:15:19 1.15047E-08       28144  6.554E-02  1.000E-01

 STEP 2  ORIGIN 5.00000E-04

              STEP     TOTAL      WALL        STABLE    CRITICAL    KINETIC      TOTAL
INCREMENT     TIME      TIME      TIME     INCREMENT     ELEMENT     ENERGY     ENERGY
    19784  2.277E-04 7.277E-04  03:15:40 1.15047E-08        5672  6.474E-02  1.000E-01
    19891  2.289E-04 7.289E-04  03:16:01 1.15047E-08        5672  6.404E-02  1.000E-01
    19988  2.300E-04 7.300E-04  03:16:20 1.15047E-08        5672  6.348E-02  1.000E-01
Output Field Frame Number    23, of     25, at step time 2.300E-04
    20091  2.312E-04 7.312E-04  03:16:40 1.15047E-08        5672  6.298E-02  1.000E-01
    20197  2.324E-04 7.324E-04  03:17:01 1.15047E-08        5672  6.257E-02  1.000E-01
    20303  2.336E-04 7.336E-04  03:17:21 1.15047E-08        5672  6.227E-02  1.000E-01
    20408  2.348E-04 7.348E-04  03:17:42 1.15047E-08       16908  6.210E-02  1.000E-01
    20514  2.361E-04 7.361E-04  03:18:02 1.15047E-08        5672  6.206E-02  1.000E-01
    20622  2.373E-04 7.373E-04  03:18:23 1.15047E-08       73088  6.219E-02  1.000E-01
    20729  2.385E-04 7.385E-04  03:18:44 1.15047E-08        5672  6.250E-02  1.000E-01
    20825  2.396E-04 7.396E-04  03:19:03 1.15047E-08       84324  6.295E-02  1.000E-01
    20857  2.400E-04 7.400E-04  03:19:10 1.15047E-08       84324  6.313E-02  1.000E-01
Output Field Frame Number    24, of     25, at step time 2.400E-04
    20942  2.410E-04 7.410E-04  03:19:29 1.15047E-08       73088  6.369E-02  1.000E-01
    21026  2.419E-04 7.419E-04  03:19:48 1.15047E-08       73088  6.431E-02  1.000E-01
    21111  2.429E-04 7.429E-04  03:20:07 1.15047E-08       84324  6.499E-02  1.000E-01
    21193  2.439E-04 7.439E-04  03:20:26 1.15047E-08       84324  6.569E-02  1.000E-01
    21277  2.448E-04 7.448E-04  03:20:44 1.15047E-08       73088  6.642E-02  1.000E-01
    21359  2.458E-04 7.458E-04  03:21:02 1.15047E-08       84324  6.712E-02  1.000E-01
    21441  2.467E-04 7.467E-04  03:21:21 1.15047E-08       84324  6.781E-02  1.000E-01
    21523  2.477E-04 7.477E-04  03:21:39 1.15047E-08       84324  6.846E-02  1.000E-01
    21605  2.486E-04 7.486E-04  03:21:57 1.15047E-08       73088  6.907E-02  1.000E-01
    21697  2.497E-04 7.497E-04  03:22:16 1.15047E-08       84324  6.967E-02  1.000E-01
    21727  2.500E-04 7.500E-04  03:22:22 1.14726E-08       73088  6.984E-02  1.000E-01
Restart Number  1 at 7.50000E-04
Output Field Frame Number    25, of     25, at step time 2.500E-04
  EXPLICIT EXECUTABLE TIME SUMMARY
       USER TIME (SEC)      =   43646.
       SYSTEM TIME (SEC)    =   3731.6
       WALLCLOCK TIME (SEC) =        12145
              INIT (SEC) =         13
              MAIN (SEC) =      12132

  THE ANALYSIS HAS COMPLETED SUCCESSFULLY

