Abaqus/Explicit 2026                             DATE 21-9ÔÂ-2026  TIME 13:09:40
-------------------------------------------------------------------------------
 PREPROCESSOR WARNING MESSAGES
-------------------------------------------------------------------------------


***WARNING: There are 6 warning messages in the data (.dat) file.  Please
            check the data file for possible errors in the input file.


-------------------------------------------------------------------------------
 NUMERICAL PRECISION USED FOR THIS Abaqus/Explicit ANALYSIS
-------------------------------------------------------------------------------

Single precision package and double precision explicit executables will be
used in this analysis.

-------------------------------------------------------------------------------
-------------------------------------------------------------------------------
 MODEL INFORMATION (IN GLOBAL X-Y COORDINATES)
-------------------------------------------------------------------------------

   Total mass in model = 3.30000E-02
   Center of mass of model = ( 5.000000E-02, 5.000000E-02, 1.000000E-03)

    Moments of Inertia :
                 About Center of Mass              About Origin
      I(XX)          2.751889E-05                  1.100519E-04
      I(YY)          2.751889E-05                  1.100519E-04
      I(ZZ)          5.501510E-05                  2.200151E-04
      I(XY)         -9.793959E-13                 -8.250001E-05
      I(YZ)         -1.000416E-13                 -1.650000E-06
      I(ZX)         -1.027881E-13                 -1.650000E-06

-------------------------------------------------------------------------------
 STABLE TIME INCREMENT INFORMATION
-------------------------------------------------------------------------------


  The stable time increment estimate for each element is based on
  linearization about the initial state.


   Initial time increment = 1.22410E-08

   Statistics over 89888 deformable elements:
      Mean = 2.26340E-08
      Standard deviation = 3.64392E-09

   Most critical elements:
    Element number   Rank    Time increment   Increment ratio
   ----------------------------------------------------------
       16908          1       1.224104E-08      1.000000E+00
       28144          2       1.224104E-08      1.000000E+00
        5672          3       1.224104E-08      9.999999E-01
       39380          4       1.224104E-08      9.999999E-01
       61852          5       1.224104E-08      9.999999E-01
       73088          6       1.224104E-08      9.999999E-01
       84324          7       1.224104E-08      9.999999E-01
       50616          8       1.224104E-08      9.999999E-01
       16907          9       1.224107E-08      9.999973E-01
       28143         10       1.224107E-08      9.999973E-01

-------------------------------------------------------------------------------

  INFORMATION REGARDING INITIAL CONTACT OVERCLOSURES FOR NEWLY DEFINED GENERAL
  CONTACT INTERACTIONS IN STEP 1

-------------------------------------------------------------------------------

  No initial node-face overclosures found.


  Abaqus/Explicit will attempt to resolve 27 initial edge-edge overclosure(s).


  Maximum initial overclosure for edge-edge contact is 6.77626E-20 between the
  edge defined by nodes 22847 and 22846 and the edge defined by nodes 34295
  and 34296


  No nodal position adjustments have been made.


  No node-face overclosures left unresolved.


  29 edge-edge overclosure(s) left unresolved and will be stored as offsets.
  To help identify the nodes involved in the overclosures a node set
  InfoNodeUnresolvInitOver has been created. Check the message file for more
  detailed information.


  Maximum unresolved overclosure is 1.21973E-19 between the edge defined by
  nodes 131396 and 131503 and the edge defined by nodes 142952 and 142845


  For more detailed information on initial overclosures, use the *DIAGNOSTICS,
  CONTACT=DETAIL command and see the message (.msg) file.


***NOTE: You can view the deformed configuration due to the resolution of
         initial overclosures.  In increment 0, draw the deformed shape or
         draw a symbol plot of vector displacements.

------------------------------------------------------------------------------

Abaqus/Explicit 2026                             DATE 21-9ÔÂ-2026  TIME 13:09:52
The entire model is considered 1 domain.
Only 1 MPI rank is used.

-------------------------------------------------------------------------------
 SOLUTION PROGRESS
-------------------------------------------------------------------------------

 STEP 1  ORIGIN 0.0000

  Total memory used for step 1 is approximately 2.9 gigabytes.
  Global time estimation algorithm will be used.
  Scaling factor:  1.0000
              STEP     TOTAL      WALL        STABLE    CRITICAL    KINETIC      TOTAL
INCREMENT     TIME      TIME      TIME     INCREMENT     ELEMENT     ENERGY     ENERGY
        0  0.000E+00 0.000E+00  00:00:05 1.16459E-08       28144  0.000E+00  0.000E+00
Output Field Frame Number     0, of     10, at step time 0.000E+00
      215  2.514E-06 2.514E-06  00:01:13 1.16446E-08       28144  1.355E-10  6.763E-13
      414  4.831E-06 4.831E-06  00:02:15 1.16446E-08       28144  1.965E-09  1.885E-13
      574  6.694E-06 6.694E-06  00:03:15 1.16446E-08       28144  4.914E-09  3.182E-13
      739  8.616E-06 8.616E-06  00:04:16 1.16446E-08       28144  6.714E-08  3.941E-13
      858  1.000E-05 1.000E-05  00:04:52 1.16446E-08       28144  8.196E-08  8.628E-13
Output Field Frame Number     1, of     10, at step time 1.000E-05
     1056  1.231E-05 1.231E-05  00:05:56 1.16446E-08       16908  1.645E-07  2.872E-10
     1249  1.455E-05 1.455E-05  00:06:57 1.16446E-08       28144  5.327E-07  5.780E-11
     1463  1.705E-05 1.705E-05  00:07:59 1.16446E-08       28144  5.670E-07  1.028E-11
     1681  1.959E-05 1.959E-05  00:09:02 1.16446E-08       16908  1.554E-06  1.180E-11
     1717  2.000E-05 2.000E-05  00:09:12 1.16446E-08       16908  1.450E-06  1.642E-11
Output Field Frame Number     2, of     10, at step time 2.000E-05
     1935  2.254E-05 2.254E-05  00:10:14 1.16446E-08       28144  1.970E-06  1.146E-09
     2153  2.508E-05 2.508E-05  00:11:17 1.16446E-08       28144  2.689E-06 -1.037E-10
     2368  2.758E-05 2.758E-05  00:12:20 1.16446E-08       16908  3.455E-06 -8.891E-11
     2529  2.946E-05 2.946E-05  00:13:26 1.16446E-08       28144  4.480E-06 -8.752E-11
     2576  3.001E-05 3.001E-05  00:13:45 1.16446E-08       16908  3.960E-06 -7.395E-11
Output Field Frame Number     3, of     10, at step time 3.001E-05
     2735  3.186E-05 3.186E-05  00:14:50 1.16446E-08       28144  3.561E-06  3.558E-10
     2894  3.371E-05 3.371E-05  00:15:54 1.16446E-08       84324  5.806E-06  1.260E-10
     3042  3.543E-05 3.543E-05  00:16:59 1.16446E-08       28144  4.282E-06 -1.181E-10
     3203  3.731E-05 3.731E-05  00:18:03 1.16446E-08       16908  4.759E-06 -1.194E-10
     3389  3.947E-05 3.947E-05  00:19:06 1.16446E-08       16908  5.767E-06 -1.275E-10
     3435  4.001E-05 4.001E-05  00:19:21 1.16446E-08       16908  5.190E-06 -1.153E-10
Output Field Frame Number     4, of     10, at step time 4.001E-05
     3629  4.227E-05 4.227E-05  00:20:23 1.16446E-08       84324  4.903E-06 -5.947E-11
     3824  4.454E-05 4.454E-05  00:21:25 1.16446E-08       84324  5.561E-06 -1.237E-10
     4016  4.678E-05 4.678E-05  00:22:27 1.16446E-08       16908  4.851E-06 -1.212E-10
     4207  4.900E-05 4.900E-05  00:23:30 1.16446E-08       16908  5.287E-06 -1.238E-10
     4293  5.000E-05 5.000E-05  00:24:04 1.16446E-08       16908  5.339E-06 -1.274E-10
Output Field Frame Number     5, of     10, at step time 5.000E-05
     4479  5.217E-05 5.217E-05  00:25:05 1.16446E-08       28144  5.025E-06 -1.268E-10
     4675  5.445E-05 5.445E-05  00:26:08 1.16446E-08       84324  5.060E-06 -1.229E-10
     4862  5.663E-05 5.663E-05  00:27:09 1.16446E-08       28144  5.486E-06 -1.381E-10
     5031  5.859E-05 5.859E-05  00:28:11 1.16446E-08       16908  4.464E-06 -1.126E-10
     5152  6.000E-05 6.000E-05  00:28:51 1.16446E-08       16908  5.245E-06 -1.335E-10
Output Field Frame Number     6, of     10, at step time 6.000E-05
     5341  6.220E-05 6.220E-05  00:29:54 1.16446E-08       16908  5.263E-06 -1.335E-10
     5539  6.451E-05 6.451E-05  00:30:56 1.16446E-08       28144  4.753E-06 -1.245E-10
     5721  6.663E-05 6.663E-05  00:32:00 1.16446E-08       84324  5.359E-06 -1.391E-10
     5892  6.862E-05 6.862E-05  00:33:04 1.16446E-08       28144  5.064E-06 -1.309E-10
     6011  7.001E-05 7.001E-05  00:33:46 1.16446E-08       16908  4.849E-06 -1.340E-10
Output Field Frame Number     7, of     10, at step time 7.001E-05
     6180  7.197E-05 7.197E-05  00:34:49 1.16446E-08       16908  4.940E-06 -1.334E-10
     6352  7.398E-05 7.398E-05  00:35:51 1.16446E-08       16908  5.472E-06 -1.406E-10
     6533  7.608E-05 7.608E-05  00:36:53 1.16446E-08       84324  4.548E-06 -1.328E-10

 STEP 1  ORIGIN 0.0000

              STEP     TOTAL      WALL        STABLE    CRITICAL    KINETIC      TOTAL
INCREMENT     TIME      TIME      TIME     INCREMENT     ELEMENT     ENERGY     ENERGY
     6669  7.767E-05 7.767E-05  00:37:53 1.16446E-08       28144  4.755E-06 -1.330E-10
     6841  7.967E-05 7.967E-05  00:38:56 1.16446E-08       16908  5.696E-06 -1.493E-10
     6870  8.001E-05 8.001E-05  00:39:07 1.16446E-08       16908  5.623E-06 -1.505E-10
Output Field Frame Number     8, of     10, at step time 8.001E-05
     7057  8.219E-05 8.219E-05  00:40:10 1.16446E-08       16908  4.126E-06 -1.273E-10
     7233  8.424E-05 8.424E-05  00:41:13 1.16446E-08       84324  5.546E-06 -1.476E-10
     7417  8.638E-05 8.638E-05  00:42:17 1.16446E-08       16908  4.971E-06 -1.471E-10
     7607  8.859E-05 8.859E-05  00:43:20 1.16446E-08       16908  4.406E-06 -1.335E-10
     7728  9.000E-05 9.000E-05  00:43:58 1.16446E-08       16908  5.867E-06 -1.602E-10
Output Field Frame Number     9, of     10, at step time 9.000E-05
     7922  9.226E-05 9.226E-05  00:45:02 1.16446E-08       84324  4.398E-06 -1.386E-10
     8114  9.449E-05 9.449E-05  00:46:03 1.16446E-08       84324  4.928E-06 -1.459E-10
     8309  9.677E-05 9.677E-05  00:47:04 1.16446E-08        5672  5.359E-06 -1.613E-10
     8517  9.919E-05 9.919E-05  00:48:10 1.16446E-08        5672  4.215E-06 -1.347E-10
     8587  1.000E-04 1.000E-04  00:48:31 1.16434E-08       16908  4.983E-06 -1.553E-10
Restart Number  1 at 1.00000E-04
Output Field Frame Number    10, of     10, at step time 1.000E-04
  EXPLICIT EXECUTABLE TIME SUMMARY
       USER TIME (SEC)      =   5565.8
       SYSTEM TIME (SEC)    =   373.10
       WALLCLOCK TIME (SEC) =         2915
              INIT (SEC) =          9
              MAIN (SEC) =       2906

  THE ANALYSIS HAS COMPLETED SUCCESSFULLY

