Abaqus/Explicit 2026                             DATE 20-Sep-2026  TIME 17:48:28
-------------------------------------------------------------------------------
 PREPROCESSOR WARNING MESSAGES
-------------------------------------------------------------------------------


***WARNING: There are 3 warning messages in the data (.dat) file.  Please
            check the data file for possible errors in the input file.


-------------------------------------------------------------------------------
 NUMERICAL PRECISION USED FOR THIS Abaqus/Explicit ANALYSIS
-------------------------------------------------------------------------------

Single precision package and explicit executables will be used in this analysis.

-------------------------------------------------------------------------------
-------------------------------------------------------------------------------
 MODEL INFORMATION (IN GLOBAL X-Y COORDINATES)
-------------------------------------------------------------------------------

   Total mass in model = 8.41500E-07
   Center of mass of model = ( 5.000000E-04, 5.000000E-04, 2.549020E-04)

    Moments of Inertia :
                 About Center of Mass              About Origin
      I(XX)          2.629486E-13                  5.280002E-13
      I(YY)          2.629486E-13                  5.280002E-13
      I(ZZ)          4.207501E-13                  8.415002E-13
      I(XY)         -3.333392E-21                 -2.103751E-13
      I(YZ)         -1.231796E-20                 -1.072500E-13
      I(ZX)         -8.929827E-21                 -1.072500E-13

-------------------------------------------------------------------------------
 STABLE TIME INCREMENT INFORMATION
-------------------------------------------------------------------------------


  The stable time increment estimate for each element is based on
  linearization about the initial state.


   Initial time increment = 3.78735E-12

   Statistics over 2 deformable elements:
      Mean = 2.16925E-08
      Standard deviation = 3.06725E-08

   Most critical elements:
    Element number   Rank    Time increment   Increment ratio
   ----------------------------------------------------------
           2          1       3.787347E-12      1.000000E+00
           1          2       4.338120E-08      8.730388E-05


Abaqus/Explicit 2026                             DATE 20-Sep-2026  TIME 17:48:35
The entire model is considered 1 domain.
Only 1 MPI rank is used.

-------------------------------------------------------------------------------
 SOLUTION PROGRESS
-------------------------------------------------------------------------------

 STEP 1  ORIGIN 0.0000

  Total memory used for step 1 is approximately 1.1 megabytes.
  Global time estimation algorithm will be used.
  Scaling factor:  1.0000
              STEP     TOTAL      WALL        STABLE    CRITICAL    KINETIC      TOTAL
INCREMENT     TIME      TIME      TIME     INCREMENT     ELEMENT     ENERGY     ENERGY
        0  0.000E+00 0.000E+00  00:00:00 3.78735E-12           2  4.208E-07  4.208E-07
       14  5.253E-11 5.253E-11  00:00:00 3.74947E-12           2  4.208E-07  4.208E-07
       28  1.050E-10 1.050E-10  00:00:00 3.74947E-12           2  4.208E-07  4.208E-07
       42  1.575E-10 1.575E-10  00:00:00 3.74947E-12           2  4.208E-07  4.208E-07
       56  2.100E-10 2.100E-10  00:00:00 3.74947E-12           2  4.208E-07  4.208E-07
       70  2.625E-10 2.625E-10  00:00:00 3.74947E-12           2  4.208E-07  4.208E-07
       84  3.150E-10 3.150E-10  00:00:00 3.74947E-12           2  4.208E-07  4.208E-07
       98  3.675E-10 3.675E-10  00:00:00 3.74947E-12           2  4.208E-07  4.208E-07
      112  4.200E-10 4.200E-10  00:00:00 3.74947E-12           2  4.208E-07  4.208E-07
      126  4.725E-10 4.725E-10  00:00:00 3.74947E-12           2  4.208E-07  4.208E-07
      140  5.250E-10 5.250E-10  00:00:00 3.74947E-12           2  4.208E-07  4.208E-07
      154  5.775E-10 5.775E-10  00:00:00 3.74947E-12           2  4.208E-07  4.208E-07
      168  6.300E-10 6.300E-10  00:00:00 3.74947E-12           2  4.208E-07  4.208E-07
      182  6.824E-10 6.824E-10  00:00:00 3.74947E-12           2  4.208E-07  4.208E-07
      196  7.349E-10 7.349E-10  00:00:00 3.74947E-12           2  4.208E-07  4.208E-07
      210  7.874E-10 7.874E-10  00:00:00 3.74947E-12           2  4.208E-07  4.208E-07
      224  8.399E-10 8.399E-10  00:00:00 3.74947E-12           2  4.208E-07  4.208E-07
      238  8.924E-10 8.924E-10  00:00:00 3.74947E-12           2  4.208E-07  4.208E-07
      252  9.449E-10 9.449E-10  00:00:00 3.74947E-12           2  4.208E-07  4.208E-07
      266  9.965E-10 9.965E-10  00:00:00 3.74947E-12           2  4.208E-07  4.208E-07
      267  1.000E-09 1.000E-09  00:00:00 3.74947E-12           2  4.208E-07  4.208E-07
Restart Number  1 at 1.00000E-09
  EXPLICIT EXECUTABLE TIME SUMMARY
       USER TIME (SEC)      =   0.0000
       SYSTEM TIME (SEC)    =  0.10000
       WALLCLOCK TIME (SEC) =            0
              INIT (SEC) =          0
              MAIN (SEC) =          0

  THE ANALYSIS HAS COMPLETED SUCCESSFULLY

