Abaqus/Explicit 2026                             DATE 21-9ÔÂ-2026  TIME 14:02:36
-------------------------------------------------------------------------------
 PREPROCESSOR WARNING MESSAGES
-------------------------------------------------------------------------------


***WARNING: There are 6 warning messages in the data (.dat) file.  Please
            check the data file for possible errors in the input file.


-------------------------------------------------------------------------------
 NUMERICAL PRECISION USED FOR THIS Abaqus/Explicit ANALYSIS
-------------------------------------------------------------------------------

Single precision package and double precision explicit executables will be
used in this analysis.

-------------------------------------------------------------------------------
-------------------------------------------------------------------------------
 MODEL INFORMATION (IN GLOBAL X-Y COORDINATES)
-------------------------------------------------------------------------------

   Total mass in model = 3.30000E-02
   Center of mass of model = ( 5.000000E-02, 5.000000E-02, 1.000000E-03)

    Moments of Inertia :
                 About Center of Mass              About Origin
      I(XX)          2.751889E-05                  1.100519E-04
      I(YY)          2.751889E-05                  1.100519E-04
      I(ZZ)          5.501510E-05                  2.200151E-04
      I(XY)         -9.793959E-13                 -8.250001E-05
      I(YZ)         -1.000416E-13                 -1.650000E-06
      I(ZX)         -1.027881E-13                 -1.650000E-06

-------------------------------------------------------------------------------
 STABLE TIME INCREMENT INFORMATION
-------------------------------------------------------------------------------


  The stable time increment estimate for each element is based on
  linearization about the initial state.


   Initial time increment = 1.22410E-08

   Statistics over 89888 deformable elements:
      Mean = 2.26340E-08
      Standard deviation = 3.64392E-09

   Most critical elements:
    Element number   Rank    Time increment   Increment ratio
   ----------------------------------------------------------
       16908          1       1.224104E-08      1.000000E+00
       28144          2       1.224104E-08      1.000000E+00
        5672          3       1.224104E-08      9.999999E-01
       39380          4       1.224104E-08      9.999999E-01
       61852          5       1.224104E-08      9.999999E-01
       73088          6       1.224104E-08      9.999999E-01
       84324          7       1.224104E-08      9.999999E-01
       50616          8       1.224104E-08      9.999999E-01
       16907          9       1.224107E-08      9.999973E-01
       28143         10       1.224107E-08      9.999973E-01

-------------------------------------------------------------------------------

  INFORMATION REGARDING INITIAL CONTACT OVERCLOSURES FOR NEWLY DEFINED GENERAL
  CONTACT INTERACTIONS IN STEP 1

-------------------------------------------------------------------------------

  No initial node-face overclosures found.


  Abaqus/Explicit will attempt to resolve 27 initial edge-edge overclosure(s).


  Maximum initial overclosure for edge-edge contact is 6.77626E-20 between the
  edge defined by nodes 22847 and 22846 and the edge defined by nodes 34295
  and 34296


  No nodal position adjustments have been made.


  No node-face overclosures left unresolved.


  29 edge-edge overclosure(s) left unresolved and will be stored as offsets.
  To help identify the nodes involved in the overclosures a node set
  InfoNodeUnresolvInitOver has been created. Check the message file for more
  detailed information.


  Maximum unresolved overclosure is 1.21973E-19 between the edge defined by
  nodes 131396 and 131503 and the edge defined by nodes 142952 and 142845


  For more detailed information on initial overclosures, use the *DIAGNOSTICS,
  CONTACT=DETAIL command and see the message (.msg) file.


***NOTE: You can view the deformed configuration due to the resolution of
         initial overclosures.  In increment 0, draw the deformed shape or
         draw a symbol plot of vector displacements.

------------------------------------------------------------------------------

Abaqus/Explicit 2026                             DATE 21-9ÔÂ-2026  TIME 14:02:49
The entire model is considered 1 domain.
Only 1 MPI rank is used.

-------------------------------------------------------------------------------
 SOLUTION PROGRESS
-------------------------------------------------------------------------------

 STEP 1  ORIGIN 0.0000

  Total memory used for step 1 is approximately 2.9 gigabytes.
  Global time estimation algorithm will be used.
  Scaling factor:  1.0000
              STEP     TOTAL      WALL        STABLE    CRITICAL    KINETIC      TOTAL
INCREMENT     TIME      TIME      TIME     INCREMENT     ELEMENT     ENERGY     ENERGY
        0  0.000E+00 0.000E+00  00:00:05 1.16459E-08       28144  0.000E+00  0.000E+00
Output Field Frame Number     0, of     25, at step time 0.000E+00
       34  4.063E-07 4.063E-07  00:00:28 1.16446E-08       16908  3.538E-15  2.154E-17
       77  9.070E-07 9.070E-07  00:00:49 1.16446E-08       28144  2.595E-13  1.737E-15
      120  1.408E-06 1.408E-06  00:01:10 1.16446E-08       28144  3.714E-12  2.768E-14
      163  1.908E-06 1.908E-06  00:01:31 1.16446E-08       28144  2.447E-11  1.728E-13
      206  2.409E-06 2.409E-06  00:01:52 1.16446E-08       28144  1.043E-10  5.624E-13
      248  2.898E-06 2.898E-06  00:02:12 1.16446E-08       28144  3.142E-10  1.142E-12
      291  3.399E-06 3.399E-06  00:02:33 1.16446E-08       28144  7.335E-10  1.675E-12
      333  3.888E-06 3.888E-06  00:02:54 1.16446E-08       16908  1.307E-09  1.742E-12
      376  4.389E-06 4.389E-06  00:03:15 1.16446E-08       16908  1.835E-09  1.058E-12
      418  4.878E-06 4.878E-06  00:03:36 1.16446E-08       28144  1.951E-09  1.219E-13
      461  5.379E-06 5.379E-06  00:03:57 1.16446E-08       28144  1.517E-09  3.017E-14
      505  5.891E-06 5.891E-06  00:04:18 1.16446E-08       28144  1.199E-09  1.161E-13
      549  6.403E-06 6.403E-06  00:04:38 1.16446E-08       28144  2.562E-09  2.353E-13
      593  6.916E-06 6.916E-06  00:04:59 1.16446E-08       28144  7.834E-09  3.885E-13
      637  7.428E-06 7.428E-06  00:05:20 1.16446E-08       28144  1.947E-08  5.124E-13
      677  7.894E-06 7.894E-06  00:05:41 1.16446E-08       16908  3.620E-08  5.216E-13
      714  8.325E-06 8.325E-06  00:06:02 1.16446E-08       28144  5.480E-08  4.415E-13
      758  8.837E-06 8.837E-06  00:06:23 1.16446E-08       28144  7.521E-08  3.714E-13
      801  9.338E-06 9.338E-06  00:06:44 1.16446E-08       28144  8.660E-08  4.067E-13
      845  9.850E-06 9.850E-06  00:07:05 1.16446E-08       16908  8.493E-08  6.920E-13
      858  1.000E-05 1.000E-05  00:07:11 1.16446E-08       28144  8.196E-08  8.628E-13
Output Field Frame Number     1, of     25, at step time 1.000E-05
      901  1.050E-05 1.050E-05  00:07:32 1.16446E-08       28144  6.618E-08  2.613E-11
      944  1.100E-05 1.100E-05  00:07:52 1.16446E-08       28144  5.410E-08  7.198E-11
      988  1.152E-05 1.152E-05  00:08:12 1.16446E-08       28144  6.623E-08  1.101E-10
     1032  1.203E-05 1.203E-05  00:08:33 1.16446E-08       28144  1.185E-07  2.031E-10
     1076  1.254E-05 1.254E-05  00:08:54 1.16446E-08       28144  2.114E-07  3.339E-10
     1120  1.305E-05 1.305E-05  00:09:15 1.16446E-08       28144  3.323E-07  3.046E-10
     1164  1.356E-05 1.356E-05  00:09:36 1.16446E-08       28144  4.476E-07  1.989E-10
     1199  1.397E-05 1.397E-05  00:09:57 1.16446E-08       28144  5.108E-07  1.365E-10
     1236  1.440E-05 1.440E-05  00:10:18 1.16446E-08       16908  5.352E-07  8.259E-11
     1280  1.492E-05 1.492E-05  00:10:39 1.16446E-08       28144  5.056E-07  7.714E-12
     1323  1.542E-05 1.542E-05  00:10:59 1.16446E-08       28144  4.385E-07  2.615E-12
     1367  1.593E-05 1.593E-05  00:11:20 1.16446E-08       16908  3.854E-07  5.485E-12
     1411  1.644E-05 1.644E-05  00:11:41 1.16446E-08       16908  4.014E-07  8.374E-12
     1454  1.694E-05 1.694E-05  00:12:02 1.16446E-08       28144  5.257E-07  1.016E-11
     1498  1.745E-05 1.745E-05  00:12:22 1.16446E-08       28144  7.693E-07  1.021E-11
     1541  1.795E-05 1.795E-05  00:12:43 1.16446E-08       28144  1.074E-06  8.797E-12
     1585  1.847E-05 1.847E-05  00:13:04 1.16446E-08       16908  1.363E-06  7.422E-12
     1628  1.897E-05 1.897E-05  00:13:24 1.16446E-08       28144  1.540E-06  8.835E-12

 STEP 1  ORIGIN 0.0000

              STEP     TOTAL      WALL        STABLE    CRITICAL    KINETIC      TOTAL
INCREMENT     TIME      TIME      TIME     INCREMENT     ELEMENT     ENERGY     ENERGY
     1671  1.947E-05 1.947E-05  00:13:45 1.16446E-08       28144  1.569E-06  1.112E-11
     1715  1.998E-05 1.998E-05  00:14:06 1.16446E-08       16908  1.457E-06  1.585E-11
     1717  2.000E-05 2.000E-05  00:14:07 1.16446E-08       16908  1.450E-06  1.642E-11
Output Field Frame Number     2, of     25, at step time 2.000E-05
     1759  2.049E-05 2.049E-05  00:14:27 1.16446E-08       28144  1.273E-06  1.618E-10
     1803  2.101E-05 2.101E-05  00:14:48 1.16446E-08       28144  1.153E-06  3.123E-10
     1845  2.149E-05 2.149E-05  00:15:09 1.16446E-08       28144  1.207E-06  3.932E-10
     1889  2.201E-05 2.201E-05  00:15:30 1.16446E-08       28144  1.489E-06  7.181E-10
     1933  2.252E-05 2.252E-05  00:15:51 1.16446E-08       28144  1.947E-06  1.143E-09
     1977  2.303E-05 2.303E-05  00:16:12 1.16446E-08       28144  2.474E-06  8.612E-10
     2021  2.354E-05 2.354E-05  00:16:33 1.16446E-08       28144  2.890E-06  5.420E-10
     2065  2.406E-05 2.406E-05  00:16:53 1.16446E-08       28144  3.072E-06  3.427E-10
     2108  2.456E-05 2.456E-05  00:17:14 1.16446E-08       28144  2.984E-06  1.208E-10
     2151  2.506E-05 2.506E-05  00:17:35 1.16446E-08       28144  2.704E-06 -1.036E-10
     2195  2.557E-05 2.557E-05  00:17:56 1.16446E-08       28144  2.377E-06 -9.458E-11
     2234  2.602E-05 2.602E-05  00:18:17 1.16446E-08       16908  2.216E-06 -8.764E-11
     2270  2.644E-05 2.644E-05  00:18:39 1.16446E-08       28144  2.271E-06 -8.223E-11
     2305  2.685E-05 2.685E-05  00:19:00 1.16446E-08       16908  2.546E-06 -8.194E-11
     2341  2.727E-05 2.727E-05  00:19:22 1.16446E-08       16908  3.024E-06 -8.614E-11
     2376  2.768E-05 2.768E-05  00:19:43 1.16446E-08       16908  3.586E-06 -8.981E-11
     2415  2.813E-05 2.813E-05  00:20:04 1.16446E-08       16908  4.177E-06 -9.549E-11
     2459  2.864E-05 2.864E-05  00:20:25 1.16446E-08       16908  4.602E-06 -9.768E-11
     2502  2.915E-05 2.915E-05  00:20:46 1.16446E-08       16908  4.643E-06 -9.078E-11
     2548  2.968E-05 2.968E-05  00:21:07 1.16446E-08       16908  4.295E-06 -8.469E-11
     2576  3.001E-05 3.001E-05  00:21:20 1.16446E-08       16908  3.960E-06 -7.395E-11
Output Field Frame Number     3, of     25, at step time 3.001E-05
     2622  3.054E-05 3.054E-05  00:21:41 1.16446E-08       16908  3.407E-06  8.295E-11
     2668  3.108E-05 3.108E-05  00:22:01 1.16446E-08       28144  3.134E-06  1.230E-10
     2713  3.160E-05 3.160E-05  00:22:22 1.16446E-08       28144  3.312E-06  2.332E-10
     2758  3.213E-05 3.213E-05  00:22:42 1.16446E-08       84324  3.908E-06  5.382E-10
     2803  3.265E-05 3.265E-05  00:23:03 1.16446E-08       84324  4.720E-06  5.722E-10
     2849  3.319E-05 3.319E-05  00:23:24 1.16446E-08       84324  5.458E-06  2.544E-10
     2894  3.371E-05 3.371E-05  00:23:45 1.16446E-08       84324  5.806E-06  1.260E-10
     2939  3.423E-05 3.423E-05  00:24:05 1.16446E-08       84324  5.670E-06  7.082E-11
     2984  3.476E-05 3.476E-05  00:24:26 1.16446E-08       84324  5.139E-06 -9.766E-11
     3023  3.521E-05 3.521E-05  00:24:47 1.16446E-08       84324  4.547E-06 -1.237E-10
     3059  3.563E-05 3.563E-05  00:25:07 1.16446E-08       28144  4.083E-06 -1.140E-10
     3096  3.606E-05 3.606E-05  00:25:28 1.16446E-08       16908  3.838E-06 -1.068E-10
     3134  3.650E-05 3.650E-05  00:25:49 1.16446E-08       16908  3.910E-06 -1.052E-10
     3173  3.696E-05 3.696E-05  00:26:10 1.16446E-08       16908  4.306E-06 -1.113E-10
     3213  3.742E-05 3.742E-05  00:26:30 1.16446E-08       16908  4.923E-06 -1.217E-10
     3253  3.789E-05 3.789E-05  00:26:51 1.16446E-08       16908  5.553E-06 -1.299E-10

 STEP 1  ORIGIN 0.0000

              STEP     TOTAL      WALL        STABLE    CRITICAL    KINETIC      TOTAL
INCREMENT     TIME      TIME      TIME     INCREMENT     ELEMENT     ENERGY     ENERGY
     3289  3.831E-05 3.831E-05  00:27:13 1.16446E-08       16908  5.966E-06 -1.352E-10
     3324  3.872E-05 3.872E-05  00:27:33 1.16446E-08        5672  6.129E-06 -1.354E-10
     3365  3.919E-05 3.919E-05  00:27:54 1.16446E-08        5672  5.989E-06 -1.297E-10
     3407  3.968E-05 3.968E-05  00:28:15 1.16446E-08        5672  5.555E-06 -1.248E-10
     3435  4.001E-05 4.001E-05  00:28:29 1.16446E-08       16908  5.190E-06 -1.153E-10
Output Field Frame Number     4, of     25, at step time 4.001E-05
     3477  4.050E-05 4.050E-05  00:28:49 1.16446E-08       16908  4.682E-06 -9.190E-11
     3520  4.100E-05 4.100E-05  00:29:10 1.16446E-08       28144  4.379E-06 -8.784E-11
     3563  4.150E-05 4.150E-05  00:29:31 1.16446E-08       28144  4.388E-06 -8.067E-11
     3605  4.199E-05 4.199E-05  00:29:52 1.16446E-08       84324  4.668E-06 -6.198E-11
     3647  4.248E-05 4.248E-05  00:30:13 1.16446E-08       84324  5.092E-06 -6.787E-11
     3689  4.297E-05 4.297E-05  00:30:33 1.16446E-08       84324  5.498E-06 -1.079E-10
     3731  4.346E-05 4.346E-05  00:30:54 1.16446E-08       84324  5.748E-06 -1.202E-10
     3773  4.395E-05 4.395E-05  00:31:15 1.16446E-08       84324  5.780E-06 -1.227E-10
     3815  4.443E-05 4.443E-05  00:31:36 1.16446E-08       84324  5.615E-06 -1.232E-10
     3857  4.492E-05 4.492E-05  00:31:56 1.16446E-08       84324  5.339E-06 -1.253E-10
     3889  4.530E-05 4.530E-05  00:32:17 1.16446E-08       84324  5.124E-06 -1.233E-10
     3932  4.580E-05 4.580E-05  00:32:38 1.16446E-08       28144  4.907E-06 -1.201E-10
     3967  4.620E-05 4.620E-05  00:33:00 1.16446E-08       16908  4.825E-06 -1.194E-10
     4000  4.659E-05 4.659E-05  00:33:22 1.16446E-08       16908  4.827E-06 -1.201E-10
     4034  4.698E-05 4.698E-05  00:33:43 1.16446E-08       16908  4.891E-06 -1.228E-10
     4071  4.742E-05 4.742E-05  00:34:04 1.16446E-08       16908  4.998E-06 -1.253E-10
     4108  4.785E-05 4.785E-05  00:34:24 1.16446E-08       16908  5.109E-06 -1.263E-10
     4145  4.828E-05 4.828E-05  00:34:45 1.16446E-08        5672  5.198E-06 -1.258E-10
     4188  4.878E-05 4.878E-05  00:35:06 1.16446E-08       16908  5.267E-06 -1.239E-10
     4228  4.924E-05 4.924E-05  00:35:26 1.16446E-08       16908  5.304E-06 -1.247E-10
     4269  4.972E-05 4.972E-05  00:35:47 1.16446E-08       16908  5.328E-06 -1.266E-10
     4293  5.000E-05 5.000E-05  00:35:59 1.16446E-08       16908  5.339E-06 -1.274E-10
Output Field Frame Number     5, of     25, at step time 5.000E-05
     4334  5.048E-05 5.048E-05  00:36:20 1.16446E-08       16908  5.343E-06 -1.298E-10
     4375  5.096E-05 5.096E-05  00:36:41 1.16446E-08       16908  5.315E-06 -1.303E-10
     4417  5.144E-05 5.144E-05  00:37:02 1.16446E-08       16908  5.235E-06 -1.300E-10
     4458  5.192E-05 5.192E-05  00:37:23 1.16446E-08       28144  5.105E-06 -1.284E-10
     4500  5.241E-05 5.241E-05  00:37:44 1.16446E-08       28144  4.944E-06 -1.254E-10
     4541  5.289E-05 5.289E-05  00:38:05 1.16446E-08       84324  4.809E-06 -1.215E-10
     4583  5.338E-05 5.338E-05  00:38:25 1.16446E-08       84324  4.753E-06 -1.170E-10
     4625  5.387E-05 5.387E-05  00:38:46 1.16446E-08       84324  4.821E-06 -1.176E-10
     4667  5.436E-05 5.436E-05  00:39:07 1.16446E-08       84324  5.013E-06 -1.217E-10
     4708  5.483E-05 5.483E-05  00:39:28 1.16446E-08       84324  5.271E-06 -1.292E-10
     4747  5.529E-05 5.529E-05  00:39:49 1.16446E-08       84324  5.505E-06 -1.359E-10
     4782  5.570E-05 5.570E-05  00:40:09 1.16446E-08       84324  5.639E-06 -1.399E-10
     4817  5.610E-05 5.610E-05  00:40:29 1.16446E-08       28144  5.656E-06 -1.413E-10

 STEP 1  ORIGIN 0.0000

              STEP     TOTAL      WALL        STABLE    CRITICAL    KINETIC      TOTAL
INCREMENT     TIME      TIME      TIME     INCREMENT     ELEMENT     ENERGY     ENERGY
     4858  5.658E-05 5.658E-05  00:40:50 1.16446E-08       28144  5.509E-06 -1.385E-10
     4898  5.705E-05 5.705E-05  00:41:11 1.16446E-08       28144  5.226E-06 -1.334E-10
     4937  5.750E-05 5.750E-05  00:41:32 1.16446E-08       28144  4.896E-06 -1.253E-10
     4974  5.793E-05 5.793E-05  00:41:53 1.16446E-08       16908  4.626E-06 -1.181E-10
     5006  5.830E-05 5.830E-05  00:42:13 1.16446E-08       16908  4.487E-06 -1.146E-10
     5037  5.866E-05 5.866E-05  00:42:34 1.16446E-08       16908  4.470E-06 -1.123E-10
     5068  5.903E-05 5.903E-05  00:42:54 1.16446E-08       16908  4.573E-06 -1.141E-10
     5100  5.940E-05 5.940E-05  00:43:15 1.16446E-08       16908  4.787E-06 -1.206E-10
     5138  5.984E-05 5.984E-05  00:43:35 1.16446E-08       16908  5.119E-06 -1.302E-10
     5152  6.000E-05 6.000E-05  00:43:43 1.16446E-08       16908  5.245E-06 -1.335E-10
Output Field Frame Number     6, of     25, at step time 6.000E-05
     5187  6.041E-05 6.041E-05  00:44:04 1.16446E-08       16908  5.524E-06 -1.412E-10
     5228  6.089E-05 6.089E-05  00:44:24 1.16446E-08       16908  5.713E-06 -1.458E-10
     5270  6.138E-05 6.138E-05  00:44:45 1.16446E-08       16908  5.698E-06 -1.452E-10
     5311  6.186E-05 6.186E-05  00:45:06 1.16446E-08       16908  5.491E-06 -1.399E-10
     5353  6.234E-05 6.234E-05  00:45:26 1.16446E-08       16908  5.164E-06 -1.310E-10
     5392  6.280E-05 6.280E-05  00:45:47 1.16446E-08       16908  4.857E-06 -1.244E-10
     5434  6.329E-05 6.329E-05  00:46:08 1.16446E-08       16908  4.627E-06 -1.192E-10
     5465  6.365E-05 6.365E-05  00:46:29 1.16446E-08       16908  4.561E-06 -1.173E-10
     5495  6.400E-05 6.400E-05  00:46:49 1.16446E-08       28144  4.588E-06 -1.180E-10
     5526  6.436E-05 6.436E-05  00:47:10 1.16446E-08       28144  4.692E-06 -1.220E-10
     5557  6.472E-05 6.472E-05  00:47:31 1.16446E-08       28144  4.848E-06 -1.282E-10
     5588  6.508E-05 6.508E-05  00:47:52 1.16446E-08       84324  5.019E-06 -1.343E-10
     5620  6.545E-05 6.545E-05  00:48:12 1.16446E-08       84324  5.179E-06 -1.391E-10
     5651  6.581E-05 6.581E-05  00:48:33 1.16446E-08       84324  5.292E-06 -1.418E-10
     5682  6.618E-05 6.618E-05  00:48:54 1.16446E-08       84324  5.353E-06 -1.420E-10
     5712  6.652E-05 6.652E-05  00:49:14 1.16446E-08       84324  5.364E-06 -1.399E-10
     5743  6.689E-05 6.689E-05  00:49:35 1.16446E-08       84324  5.336E-06 -1.379E-10
     5774  6.725E-05 6.725E-05  00:49:55 1.16446E-08       84324  5.283E-06 -1.354E-10
     5805  6.761E-05 6.761E-05  00:50:16 1.16446E-08       84324  5.221E-06 -1.330E-10
     5836  6.797E-05 6.797E-05  00:50:37 1.16446E-08       84324  5.160E-06 -1.325E-10
     5867  6.833E-05 6.833E-05  00:50:57 1.16446E-08       28144  5.105E-06 -1.323E-10
     5897  6.868E-05 6.868E-05  00:51:17 1.16446E-08       28144  5.056E-06 -1.306E-10
     5927  6.903E-05 6.903E-05  00:51:38 1.16446E-08       28144  5.007E-06 -1.295E-10
     5958  6.939E-05 6.939E-05  00:51:58 1.16446E-08       16908  4.952E-06 -1.310E-10
     5988  6.974E-05 6.974E-05  00:52:19 1.16446E-08       16908  4.894E-06 -1.328E-10
     6011  7.001E-05 7.001E-05  00:52:36 1.16446E-08       16908  4.849E-06 -1.340E-10
Output Field Frame Number     7, of     25, at step time 7.001E-05
     6037  7.031E-05 7.031E-05  00:52:56 1.16446E-08       16908  4.803E-06 -1.350E-10
     6064  7.062E-05 7.062E-05  00:53:17 1.16446E-08       16908  4.768E-06 -1.350E-10
     6092  7.095E-05 7.095E-05  00:53:38 1.16446E-08       16908  4.755E-06 -1.342E-10
     6120  7.128E-05 7.128E-05  00:53:59 1.16446E-08       16908  4.775E-06 -1.326E-10

 STEP 1  ORIGIN 0.0000

              STEP     TOTAL      WALL        STABLE    CRITICAL    KINETIC      TOTAL
INCREMENT     TIME      TIME      TIME     INCREMENT     ELEMENT     ENERGY     ENERGY
     6148  7.160E-05 7.160E-05  00:54:19 1.16446E-08       16908  4.832E-06 -1.320E-10
     6177  7.194E-05 7.194E-05  00:54:40 1.16446E-08       16908  4.929E-06 -1.332E-10
     6206  7.228E-05 7.228E-05  00:55:00 1.16446E-08       16908  5.054E-06 -1.346E-10
     6235  7.261E-05 7.261E-05  00:55:21 1.16446E-08       16908  5.192E-06 -1.365E-10
     6264  7.295E-05 7.295E-05  00:55:41 1.16446E-08       16908  5.323E-06 -1.390E-10
     6294  7.330E-05 7.330E-05  00:56:02 1.16446E-08       16908  5.428E-06 -1.409E-10
     6323  7.364E-05 7.364E-05  00:56:22 1.16446E-08       16908  5.480E-06 -1.412E-10
     6352  7.398E-05 7.398E-05  00:56:42 1.16446E-08       16908  5.472E-06 -1.406E-10
     6382  7.433E-05 7.433E-05  00:57:03 1.16446E-08       28144  5.398E-06 -1.405E-10
     6412  7.468E-05 7.468E-05  00:57:24 1.16446E-08       28144  5.263E-06 -1.405E-10
     6442  7.503E-05 7.503E-05  00:57:44 1.16446E-08       28144  5.085E-06 -1.400E-10
     6473  7.539E-05 7.539E-05  00:58:04 1.16446E-08       84324  4.881E-06 -1.383E-10
     6503  7.574E-05 7.574E-05  00:58:25 1.16446E-08       84324  4.695E-06 -1.360E-10
     6534  7.610E-05 7.610E-05  00:58:45 1.16446E-08       84324  4.544E-06 -1.327E-10
     6565  7.646E-05 7.646E-05  00:59:05 1.16446E-08       84324  4.457E-06 -1.302E-10
     6596  7.682E-05 7.682E-05  00:59:26 1.16446E-08       84324  4.451E-06 -1.299E-10
     6627  7.718E-05 7.718E-05  00:59:46 1.16446E-08       84324  4.530E-06 -1.308E-10
     6658  7.754E-05 7.754E-05  01:00:07 1.16446E-08       28144  4.685E-06 -1.321E-10
     6689  7.790E-05 7.790E-05  01:00:28 1.16446E-08       28144  4.897E-06 -1.352E-10
     6720  7.826E-05 7.826E-05  01:00:48 1.16446E-08       28144  5.136E-06 -1.385E-10
     6752  7.863E-05 7.863E-05  01:01:09 1.16446E-08       16908  5.376E-06 -1.413E-10
     6783  7.900E-05 7.900E-05  01:01:30 1.16446E-08       16908  5.565E-06 -1.441E-10
     6814  7.936E-05 7.936E-05  01:01:50 1.16446E-08       16908  5.678E-06 -1.474E-10
     6845  7.972E-05 7.972E-05  01:02:11 1.16446E-08       16908  5.692E-06 -1.495E-10
     6870  8.001E-05 8.001E-05  01:02:28 1.16446E-08       16908  5.623E-06 -1.505E-10
Output Field Frame Number     8, of     25, at step time 8.001E-05
     6901  8.037E-05 8.037E-05  01:02:48 1.16446E-08       16908  5.442E-06 -1.499E-10
     6932  8.073E-05 8.073E-05  01:03:09 1.16446E-08       16908  5.176E-06 -1.466E-10
     6963  8.109E-05 8.109E-05  01:03:29 1.16446E-08       16908  4.861E-06 -1.419E-10
     6994  8.145E-05 8.145E-05  01:03:50 1.16446E-08       16908  4.547E-06 -1.364E-10
     7025  8.181E-05 8.181E-05  01:04:11 1.16446E-08       16908  4.286E-06 -1.313E-10
     7057  8.219E-05 8.219E-05  01:04:31 1.16446E-08       16908  4.126E-06 -1.273E-10
     7089  8.256E-05 8.256E-05  01:04:52 1.16446E-08       28144  4.114E-06 -1.256E-10
     7121  8.293E-05 8.293E-05  01:05:12 1.16446E-08       84324  4.264E-06 -1.269E-10
     7153  8.330E-05 8.330E-05  01:05:32 1.16446E-08       84324  4.556E-06 -1.310E-10
     7185  8.368E-05 8.368E-05  01:05:53 1.16446E-08       84324  4.944E-06 -1.368E-10
     7216  8.404E-05 8.404E-05  01:06:14 1.16446E-08       84324  5.343E-06 -1.437E-10
     7247  8.440E-05 8.440E-05  01:06:34 1.16446E-08       84324  5.694E-06 -1.507E-10
     7277  8.475E-05 8.475E-05  01:06:55 1.16446E-08       84324  5.921E-06 -1.563E-10
     7308  8.511E-05 8.511E-05  01:07:15 1.16446E-08       84324  5.995E-06 -1.598E-10
     7340  8.548E-05 8.548E-05  01:07:35 1.16446E-08       84324  5.878E-06 -1.599E-10

 STEP 1  ORIGIN 0.0000

              STEP     TOTAL      WALL        STABLE    CRITICAL    KINETIC      TOTAL
INCREMENT     TIME      TIME      TIME     INCREMENT     ELEMENT     ENERGY     ENERGY
     7373  8.587E-05 8.587E-05  01:07:56 1.16446E-08       28144  5.570E-06 -1.562E-10
     7405  8.624E-05 8.624E-05  01:08:16 1.16446E-08       28144  5.146E-06 -1.501E-10
     7437  8.661E-05 8.661E-05  01:08:37 1.16446E-08       16908  4.680E-06 -1.419E-10
     7469  8.698E-05 8.698E-05  01:08:57 1.16446E-08       16908  4.264E-06 -1.338E-10
     7501  8.736E-05 8.736E-05  01:09:18 1.16446E-08       16908  3.980E-06 -1.273E-10
     7532  8.772E-05 8.772E-05  01:09:39 1.16446E-08       16908  3.883E-06 -1.246E-10
     7564  8.809E-05 8.809E-05  01:09:59 1.16446E-08       16908  3.987E-06 -1.261E-10
     7596  8.846E-05 8.846E-05  01:10:20 1.16446E-08        5672  4.275E-06 -1.313E-10
     7628  8.884E-05 8.884E-05  01:10:40 1.16446E-08        5672  4.688E-06 -1.378E-10
     7660  8.921E-05 8.921E-05  01:11:01 1.16446E-08        5672  5.144E-06 -1.455E-10
     7693  8.959E-05 8.959E-05  01:11:22 1.16446E-08        5672  5.567E-06 -1.535E-10
     7726  8.998E-05 8.998E-05  01:11:42 1.16446E-08       16908  5.856E-06 -1.599E-10
     7728  9.000E-05 9.000E-05  01:11:44 1.16446E-08       16908  5.867E-06 -1.602E-10
Output Field Frame Number     9, of     25, at step time 9.000E-05
     7760  9.037E-05 9.037E-05  01:12:04 1.16446E-08       16908  5.957E-06 -1.640E-10
     7791  9.073E-05 9.073E-05  01:12:24 1.16446E-08       16908  5.862E-06 -1.640E-10
     7823  9.111E-05 9.111E-05  01:12:45 1.16446E-08       28144  5.600E-06 -1.606E-10
     7855  9.148E-05 9.148E-05  01:13:06 1.16446E-08       84324  5.226E-06 -1.547E-10
     7886  9.184E-05 9.184E-05  01:13:26 1.16446E-08       84324  4.823E-06 -1.473E-10
     7919  9.222E-05 9.222E-05  01:13:47 1.16446E-08       84324  4.430E-06 -1.393E-10
     7951  9.260E-05 9.260E-05  01:14:07 1.16446E-08       84324  4.150E-06 -1.340E-10
     7984  9.298E-05 9.298E-05  01:14:28 1.16446E-08       84324  4.015E-06 -1.322E-10
     8017  9.337E-05 9.337E-05  01:14:48 1.16446E-08       84324  4.054E-06 -1.332E-10
     8049  9.374E-05 9.374E-05  01:15:08 1.16446E-08       84324  4.246E-06 -1.358E-10
     8082  9.412E-05 9.412E-05  01:15:29 1.16446E-08       84324  4.563E-06 -1.389E-10
     8114  9.449E-05 9.449E-05  01:15:49 1.16446E-08       84324  4.928E-06 -1.459E-10
     8146  9.487E-05 9.487E-05  01:16:10 1.16446E-08       84324  5.286E-06 -1.541E-10
     8179  9.525E-05 9.525E-05  01:16:30 1.16446E-08       84324  5.583E-06 -1.617E-10
     8211  9.562E-05 9.562E-05  01:16:51 1.16446E-08       28144  5.751E-06 -1.674E-10
     8244  9.601E-05 9.601E-05  01:17:12 1.16446E-08       16908  5.770E-06 -1.696E-10
     8277  9.639E-05 9.639E-05  01:17:32 1.16446E-08       16908  5.628E-06 -1.669E-10
     8309  9.677E-05 9.677E-05  01:17:52 1.16446E-08        5672  5.359E-06 -1.613E-10
     8342  9.715E-05 9.715E-05  01:18:13 1.16446E-08        5672  4.996E-06 -1.546E-10
     8375  9.753E-05 9.753E-05  01:18:33 1.16446E-08        5672  4.611E-06 -1.475E-10
     8408  9.792E-05 9.792E-05  01:18:54 1.16446E-08        5672  4.279E-06 -1.418E-10
     8442  9.831E-05 9.831E-05  01:19:14 1.16446E-08        5672  4.061E-06 -1.375E-10
     8475  9.870E-05 9.870E-05  01:19:35 1.16446E-08        5672  4.017E-06 -1.333E-10
     8509  9.909E-05 9.909E-05  01:19:56 1.16446E-08        5672  4.156E-06 -1.334E-10
     8542  9.948E-05 9.948E-05  01:20:16 1.16446E-08        5672  4.448E-06 -1.411E-10
     8576  9.987E-05 9.987E-05  01:20:37 1.16446E-08       16908  4.849E-06 -1.520E-10
     8587  1.000E-04 1.000E-04  01:20:44 1.16446E-08       16908  4.986E-06 -1.554E-10
Output Field Frame Number    10, of     25, at step time 1.000E-04

 STEP 1  ORIGIN 0.0000

              STEP     TOTAL      WALL        STABLE    CRITICAL    KINETIC      TOTAL
INCREMENT     TIME      TIME      TIME     INCREMENT     ELEMENT     ENERGY     ENERGY
     8620  1.004E-04 1.004E-04  01:21:04 1.16446E-08       16908  5.376E-06 -1.665E-10
     8653  1.008E-04 1.008E-04  01:21:24 1.16446E-08       28144  5.667E-06 -1.747E-10
     8687  1.012E-04 1.012E-04  01:21:45 1.16446E-08       84324  5.795E-06 -1.766E-10
     8720  1.016E-04 1.016E-04  01:22:05 1.16446E-08       84324  5.723E-06 -1.735E-10
     8752  1.019E-04 1.019E-04  01:22:26 1.16446E-08       84324  5.479E-06 -1.685E-10
     8785  1.023E-04 1.023E-04  01:22:46 1.16446E-08       84324  5.101E-06 -1.615E-10
     8818  1.027E-04 1.027E-04  01:23:07 1.16446E-08       84324  4.675E-06 -1.526E-10
     8855  1.031E-04 1.031E-04  01:23:28 1.16446E-08       84324  4.258E-06 -1.448E-10
     8885  1.035E-04 1.035E-04  01:23:48 1.16446E-08       84324  4.045E-06 -1.361E-10
     8915  1.038E-04 1.038E-04  01:24:09 1.16446E-08       84324  3.987E-06 -1.310E-10
     8946  1.042E-04 1.042E-04  01:24:29 1.16446E-08       84324  4.101E-06 -1.349E-10
     8978  1.046E-04 1.046E-04  01:24:50 1.16446E-08       84324  4.376E-06 -1.455E-10
     9008  1.049E-04 1.049E-04  01:25:11 1.16446E-08       84324  4.726E-06 -1.559E-10
     9035  1.052E-04 1.052E-04  01:25:31 1.16446E-08       16908  5.059E-06 -1.657E-10
     9072  1.057E-04 1.057E-04  01:25:52 1.16446E-08       16908  5.446E-06 -1.763E-10
     9111  1.061E-04 1.061E-04  01:26:13 1.16446E-08        5672  5.660E-06 -1.790E-10
     9149  1.065E-04 1.065E-04  01:26:34 1.16446E-08        5672  5.617E-06 -1.766E-10
     9187  1.070E-04 1.070E-04  01:26:54 1.16446E-08        5672  5.347E-06 -1.704E-10
     9226  1.074E-04 1.074E-04  01:27:15 1.16446E-08        5672  4.927E-06 -1.618E-10
     9266  1.079E-04 1.079E-04  01:27:36 1.16446E-08        5672  4.493E-06 -1.532E-10
     9305  1.084E-04 1.084E-04  01:27:56 1.16446E-08        5672  4.206E-06 -1.417E-10
     9341  1.088E-04 1.088E-04  01:28:18 1.16446E-08        5672  4.135E-06 -1.357E-10
     9377  1.092E-04 1.092E-04  01:28:39 1.16446E-08        5672  4.264E-06 -1.426E-10
     9407  1.096E-04 1.096E-04  01:29:00 1.16446E-08       16908  4.492E-06 -1.517E-10
     9436  1.099E-04 1.099E-04  01:29:21 1.16446E-08       16908  4.770E-06 -1.609E-10
     9446  1.100E-04 1.100E-04  01:29:27 1.16446E-08       16908  4.868E-06 -1.641E-10
Output Field Frame Number    11, of     25, at step time 1.100E-04
     9475  1.103E-04 1.103E-04  01:29:48 1.16446E-08       28144  5.136E-06 -1.725E-10
     9504  1.107E-04 1.107E-04  01:30:08 1.16446E-08       84324  5.339E-06 -1.770E-10
     9533  1.110E-04 1.110E-04  01:30:29 1.16446E-08       84324  5.443E-06 -1.772E-10
     9562  1.114E-04 1.114E-04  01:30:49 1.16446E-08       84324  5.434E-06 -1.757E-10
     9591  1.117E-04 1.117E-04  01:31:09 1.16446E-08       84324  5.319E-06 -1.728E-10
     9620  1.120E-04 1.120E-04  01:31:30 1.16446E-08       84324  5.122E-06 -1.691E-10
     9649  1.124E-04 1.124E-04  01:31:50 1.16446E-08       84324  4.882E-06 -1.649E-10
     9678  1.127E-04 1.127E-04  01:32:11 1.16446E-08       84324  4.645E-06 -1.608E-10
     9707  1.130E-04 1.130E-04  01:32:31 1.16446E-08       84324  4.450E-06 -1.547E-10
     9736  1.134E-04 1.134E-04  01:32:52 1.16446E-08       84324  4.328E-06 -1.473E-10
     9765  1.137E-04 1.137E-04  01:33:12 1.16446E-08       84324  4.297E-06 -1.447E-10
     9795  1.141E-04 1.141E-04  01:33:33 1.16446E-08       84324  4.359E-06 -1.486E-10
     9825  1.144E-04 1.144E-04  01:33:53 1.16446E-08       84324  4.499E-06 -1.552E-10
     9857  1.148E-04 1.148E-04  01:34:13 1.16446E-08       84324  4.700E-06 -1.624E-10

 STEP 1  ORIGIN 0.0000

              STEP     TOTAL      WALL        STABLE    CRITICAL    KINETIC      TOTAL
INCREMENT     TIME      TIME      TIME     INCREMENT     ELEMENT     ENERGY     ENERGY
     9888  1.152E-04 1.152E-04  01:34:34 1.16446E-08       16908  4.905E-06 -1.687E-10
     9918  1.155E-04 1.155E-04  01:34:54 1.16446E-08       16908  5.077E-06 -1.726E-10
     9949  1.159E-04 1.159E-04  01:35:15 1.16446E-08       16908  5.198E-06 -1.733E-10
     9980  1.162E-04 1.162E-04  01:35:36 1.16446E-08        5672  5.246E-06 -1.725E-10
    10010  1.166E-04 1.166E-04  01:35:56 1.16446E-08        5672  5.220E-06 -1.723E-10
    10045  1.170E-04 1.170E-04  01:36:16 1.16446E-08        5672  5.114E-06 -1.721E-10
    10084  1.174E-04 1.174E-04  01:36:37 1.16446E-08        5672  4.934E-06 -1.707E-10
    10126  1.179E-04 1.179E-04  01:36:58 1.16446E-08        5672  4.720E-06 -1.661E-10
    10168  1.184E-04 1.184E-04  01:37:19 1.16446E-08        5672  4.540E-06 -1.582E-10
    10210  1.189E-04 1.189E-04  01:37:40 1.16446E-08        5672  4.434E-06 -1.566E-10
    10251  1.194E-04 1.194E-04  01:38:00 1.16446E-08       16908  4.420E-06 -1.591E-10
    10293  1.199E-04 1.199E-04  01:38:21 1.16446E-08       16908  4.499E-06 -1.628E-10
    10305  1.200E-04 1.200E-04  01:38:28 1.16446E-08       16908  4.536E-06 -1.635E-10
Output Field Frame Number    12, of     25, at step time 1.200E-04
    10347  1.205E-04 1.205E-04  01:38:48 1.16446E-08       28144  4.706E-06 -1.655E-10
    10389  1.210E-04 1.210E-04  01:39:09 1.16446E-08       84324  4.908E-06 -1.675E-10
    10431  1.215E-04 1.215E-04  01:39:29 1.16446E-08       84324  5.092E-06 -1.716E-10
    10473  1.220E-04 1.220E-04  01:39:50 1.16446E-08       84324  5.205E-06 -1.779E-10
    10515  1.225E-04 1.225E-04  01:40:10 1.16446E-08       84324  5.205E-06 -1.807E-10
    10557  1.229E-04 1.229E-04  01:40:31 1.16446E-08       84324  5.076E-06 -1.784E-10
    10599  1.234E-04 1.234E-04  01:40:52 1.16446E-08       84324  4.841E-06 -1.720E-10
    10641  1.239E-04 1.239E-04  01:41:13 1.16446E-08       84324  4.564E-06 -1.660E-10
    10680  1.244E-04 1.244E-04  01:41:34 1.16446E-08       84324  4.345E-06 -1.626E-10
    10720  1.248E-04 1.248E-04  01:41:55 1.16446E-08       84324  4.233E-06 -1.603E-10
    10759  1.253E-04 1.253E-04  01:42:16 1.16446E-08       28144  4.274E-06 -1.599E-10
    10799  1.258E-04 1.258E-04  01:42:37 1.16446E-08       16908  4.469E-06 -1.622E-10
    10839  1.262E-04 1.262E-04  01:42:58 1.16446E-08       16908  4.763E-06 -1.686E-10
    10878  1.267E-04 1.267E-04  01:43:18 1.16446E-08       16908  5.058E-06 -1.782E-10
    10917  1.271E-04 1.271E-04  01:43:39 1.16446E-08       16908  5.269E-06 -1.860E-10
    10956  1.276E-04 1.276E-04  01:44:00 1.16446E-08       16908  5.325E-06 -1.880E-10
    10995  1.280E-04 1.280E-04  01:44:20 1.16446E-08       16908  5.206E-06 -1.857E-10
    11034  1.285E-04 1.285E-04  01:44:41 1.16446E-08       16908  4.949E-06 -1.794E-10
    11073  1.290E-04 1.290E-04  01:45:02 1.16446E-08       16908  4.634E-06 -1.723E-10
    11112  1.294E-04 1.294E-04  01:45:22 1.16446E-08        5672  4.363E-06 -1.667E-10
    11150  1.298E-04 1.298E-04  01:45:43 1.16446E-08       16908  4.221E-06 -1.624E-10
    11164  1.300E-04 1.300E-04  01:45:50 1.16446E-08       16908  4.210E-06 -1.617E-10
Output Field Frame Number    13, of     25, at step time 1.300E-04
    11203  1.305E-04 1.305E-04  01:46:11 1.16446E-08       16908  4.293E-06 -1.633E-10
    11243  1.309E-04 1.309E-04  01:46:32 1.16446E-08       16908  4.520E-06 -1.680E-10
    11285  1.314E-04 1.314E-04  01:46:52 1.16446E-08       28144  4.821E-06 -1.768E-10
    11328  1.319E-04 1.319E-04  01:47:14 1.16446E-08       84324  5.075E-06 -1.848E-10
    11370  1.324E-04 1.324E-04  01:47:35 1.16446E-08       84324  5.179E-06 -1.884E-10

 STEP 1  ORIGIN 0.0000

              STEP     TOTAL      WALL        STABLE    CRITICAL    KINETIC      TOTAL
INCREMENT     TIME      TIME      TIME     INCREMENT     ELEMENT     ENERGY     ENERGY
    11411  1.329E-04 1.329E-04  01:47:55 1.16446E-08       84324  5.113E-06 -1.865E-10
    11452  1.334E-04 1.334E-04  01:48:16 1.16446E-08       84324  4.915E-06 -1.832E-10
    11493  1.338E-04 1.338E-04  01:48:36 1.16446E-08       84324  4.662E-06 -1.779E-10
    11534  1.343E-04 1.343E-04  01:48:57 1.16446E-08       84324  4.447E-06 -1.723E-10
    11575  1.348E-04 1.348E-04  01:49:17 1.16446E-08       84324  4.341E-06 -1.696E-10
    11617  1.353E-04 1.353E-04  01:49:38 1.16446E-08       84324  4.373E-06 -1.696E-10
    11659  1.358E-04 1.358E-04  01:50:00 1.16446E-08       84324  4.527E-06 -1.722E-10
    11701  1.363E-04 1.363E-04  01:50:20 1.16446E-08       28144  4.741E-06 -1.774E-10
    11742  1.367E-04 1.367E-04  01:50:41 1.16446E-08       16908  4.934E-06 -1.829E-10
    11782  1.372E-04 1.372E-04  01:51:02 1.16446E-08       16908  5.051E-06 -1.860E-10
    11821  1.377E-04 1.377E-04  01:51:23 1.16446E-08       16908  5.065E-06 -1.859E-10
    11861  1.381E-04 1.381E-04  01:51:43 1.16446E-08        5672  4.975E-06 -1.861E-10
    11901  1.386E-04 1.386E-04  01:52:04 1.16446E-08        5672  4.805E-06 -1.849E-10
    11943  1.391E-04 1.391E-04  01:52:25 1.16446E-08        5672  4.587E-06 -1.806E-10
    11985  1.396E-04 1.396E-04  01:52:46 1.16446E-08       16908  4.390E-06 -1.763E-10
    12022  1.400E-04 1.400E-04  01:53:06 1.16446E-08       16908  4.280E-06 -1.734E-10
Output Field Frame Number    14, of     25, at step time 1.400E-04
    12059  1.404E-04 1.404E-04  01:53:27 1.16446E-08       16908  4.262E-06 -1.717E-10
    12097  1.409E-04 1.409E-04  01:53:48 1.16446E-08       16908  4.351E-06 -1.717E-10
    12135  1.413E-04 1.413E-04  01:54:09 1.16446E-08       28144  4.538E-06 -1.750E-10
    12173  1.418E-04 1.418E-04  01:54:30 1.16446E-08       84324  4.787E-06 -1.807E-10
    12211  1.422E-04 1.422E-04  01:54:51 1.16446E-08       84324  5.039E-06 -1.853E-10
    12250  1.427E-04 1.427E-04  01:55:11 1.16446E-08       84324  5.228E-06 -1.893E-10
    12285  1.431E-04 1.431E-04  01:55:33 1.16446E-08       84324  5.285E-06 -1.936E-10
    12320  1.435E-04 1.435E-04  01:55:54 1.16446E-08       84324  5.205E-06 -1.948E-10
    12351  1.438E-04 1.438E-04  01:56:16 1.16446E-08       84324  5.022E-06 -1.927E-10
    12382  1.442E-04 1.442E-04  01:56:38 1.16446E-08       84324  4.758E-06 -1.880E-10
    12422  1.447E-04 1.447E-04  01:56:58 1.16446E-08       84324  4.368E-06 -1.794E-10
    12463  1.451E-04 1.451E-04  01:57:19 1.16446E-08       28144  4.027E-06 -1.715E-10
    12505  1.456E-04 1.456E-04  01:57:40 1.16446E-08       16908  3.864E-06 -1.657E-10
    12547  1.461E-04 1.461E-04  01:58:01 1.16446E-08       16908  3.966E-06 -1.668E-10
    12588  1.466E-04 1.466E-04  01:58:21 1.16446E-08       16908  4.310E-06 -1.737E-10
    12630  1.471E-04 1.471E-04  01:58:42 1.16446E-08       16908  4.806E-06 -1.833E-10
    12667  1.475E-04 1.475E-04  01:59:03 1.16446E-08       16908  5.233E-06 -1.926E-10
    12697  1.479E-04 1.479E-04  01:59:24 1.16446E-08       16908  5.484E-06 -1.994E-10
    12727  1.482E-04 1.482E-04  01:59:44 1.16446E-08       16908  5.596E-06 -2.037E-10
    12757  1.486E-04 1.486E-04  02:00:05 1.16446E-08       16908  5.543E-06 -2.043E-10
    12787  1.489E-04 1.489E-04  02:00:25 1.16446E-08       16908  5.331E-06 -2.007E-10
    12817  1.493E-04 1.493E-04  02:00:46 1.16446E-08       16908  4.995E-06 -1.936E-10
    12848  1.496E-04 1.496E-04  02:01:07 1.16446E-08       28144  4.580E-06 -1.845E-10
    12879  1.500E-04 1.500E-04  02:01:27 1.16446E-08       28144  4.175E-06 -1.756E-10

 STEP 1  ORIGIN 0.0000

              STEP     TOTAL      WALL        STABLE    CRITICAL    KINETIC      TOTAL
INCREMENT     TIME      TIME      TIME     INCREMENT     ELEMENT     ENERGY     ENERGY
    12881  1.500E-04 1.500E-04  02:01:29 1.16446E-08       28144  4.151E-06 -1.751E-10
Output Field Frame Number    15, of     25, at step time 1.500E-04
    12911  1.504E-04 1.504E-04  02:01:49 1.16446E-08       84324  3.850E-06 -1.685E-10
    12941  1.507E-04 1.507E-04  02:02:09 1.16446E-08       84324  3.690E-06 -1.646E-10
    12971  1.511E-04 1.511E-04  02:02:30 1.16446E-08       84324  3.699E-06 -1.653E-10
    13002  1.514E-04 1.514E-04  02:02:51 1.16446E-08       84324  3.881E-06 -1.702E-10
    13033  1.518E-04 1.518E-04  02:03:11 1.16446E-08       84324  4.202E-06 -1.774E-10
    13064  1.521E-04 1.521E-04  02:03:32 1.16446E-08       84324  4.595E-06 -1.861E-10
    13095  1.525E-04 1.525E-04  02:03:52 1.16446E-08       84324  4.984E-06 -1.946E-10
    13126  1.529E-04 1.529E-04  02:04:13 1.16446E-08       84324  5.294E-06 -2.021E-10
    13160  1.533E-04 1.533E-04  02:04:34 1.16446E-08       28144  5.478E-06 -2.064E-10
    13193  1.536E-04 1.536E-04  02:04:54 1.16446E-08       16908  5.468E-06 -2.067E-10
    13236  1.541E-04 1.541E-04  02:05:15 1.16446E-08       16908  5.201E-06 -1.996E-10
    13269  1.545E-04 1.545E-04  02:05:36 1.16446E-08       16908  4.869E-06 -1.903E-10
    13299  1.549E-04 1.549E-04  02:05:57 1.16446E-08        5672  4.541E-06 -1.827E-10
    13329  1.552E-04 1.552E-04  02:06:17 1.16446E-08        5672  4.249E-06 -1.771E-10
    13358  1.556E-04 1.556E-04  02:06:38 1.16446E-08        5672  4.048E-06 -1.741E-10
    13388  1.559E-04 1.559E-04  02:06:59 1.16446E-08        5672  3.952E-06 -1.737E-10
    13418  1.563E-04 1.563E-04  02:07:20 1.16446E-08        5672  3.978E-06 -1.770E-10
    13448  1.566E-04 1.566E-04  02:07:40 1.16446E-08        5672  4.109E-06 -1.821E-10
    13479  1.570E-04 1.570E-04  02:08:01 1.16446E-08        5672  4.321E-06 -1.878E-10
    13509  1.573E-04 1.573E-04  02:08:21 1.16446E-08       16908  4.555E-06 -1.930E-10
    13540  1.577E-04 1.577E-04  02:08:42 1.16446E-08       16908  4.780E-06 -1.991E-10
    13570  1.580E-04 1.580E-04  02:09:02 1.16446E-08       16908  4.942E-06 -2.023E-10
    13600  1.584E-04 1.584E-04  02:09:22 1.16446E-08       28144  5.029E-06 -2.031E-10
    13631  1.587E-04 1.587E-04  02:09:43 1.16446E-08       84324  5.032E-06 -2.023E-10
    13662  1.591E-04 1.591E-04  02:10:04 1.16446E-08       84324  4.959E-06 -1.995E-10
    13692  1.594E-04 1.594E-04  02:10:24 1.16446E-08       84324  4.837E-06 -1.944E-10
    13723  1.598E-04 1.598E-04  02:10:45 1.16446E-08       84324  4.690E-06 -1.888E-10
    13740  1.600E-04 1.600E-04  02:10:56 1.16446E-08       84324  4.610E-06 -1.868E-10
Output Field Frame Number    16, of     25, at step time 1.600E-04
    13770  1.604E-04 1.604E-04  02:11:17 1.16446E-08       84324  4.490E-06 -1.849E-10
    13800  1.607E-04 1.607E-04  02:11:38 1.16446E-08       84324  4.408E-06 -1.861E-10
    13835  1.611E-04 1.611E-04  02:11:58 1.16446E-08       84324  4.370E-06 -1.893E-10
    13877  1.616E-04 1.616E-04  02:12:18 1.16446E-08       84324  4.397E-06 -1.940E-10
    13918  1.621E-04 1.621E-04  02:12:39 1.16446E-08       84324  4.472E-06 -1.967E-10
    13947  1.624E-04 1.624E-04  02:12:59 1.16446E-08       84324  4.533E-06 -1.989E-10
    13976  1.628E-04 1.628E-04  02:13:20 1.16446E-08       84324  4.587E-06 -2.008E-10
    14005  1.631E-04 1.631E-04  02:13:40 1.16446E-08       28144  4.626E-06 -2.016E-10
    14036  1.635E-04 1.635E-04  02:14:00 1.16446E-08       16908  4.650E-06 -2.000E-10
    14067  1.638E-04 1.638E-04  02:14:21 1.16446E-08       16908  4.655E-06 -1.992E-10
    14097  1.642E-04 1.642E-04  02:14:41 1.16446E-08        5672  4.647E-06 -1.984E-10

 STEP 1  ORIGIN 0.0000

              STEP     TOTAL      WALL        STABLE    CRITICAL    KINETIC      TOTAL
INCREMENT     TIME      TIME      TIME     INCREMENT     ELEMENT     ENERGY     ENERGY
    14127  1.645E-04 1.645E-04  02:15:02 1.16446E-08        5672  4.632E-06 -1.963E-10
    14158  1.649E-04 1.649E-04  02:15:23 1.16446E-08        5672  4.615E-06 -1.938E-10
    14189  1.652E-04 1.652E-04  02:15:43 1.16446E-08        5672  4.600E-06 -1.941E-10
    14220  1.656E-04 1.656E-04  02:16:04 1.16446E-08        5672  4.587E-06 -1.947E-10
    14250  1.659E-04 1.659E-04  02:16:24 1.16446E-08        5672  4.576E-06 -1.969E-10
    14280  1.663E-04 1.663E-04  02:16:45 1.16446E-08        5672  4.566E-06 -2.001E-10
    14309  1.666E-04 1.666E-04  02:17:06 1.16446E-08        5672  4.555E-06 -2.020E-10
    14338  1.670E-04 1.670E-04  02:17:26 1.16446E-08        5672  4.545E-06 -2.022E-10
    14366  1.673E-04 1.673E-04  02:17:47 1.16446E-08        5672  4.536E-06 -2.025E-10
    14394  1.676E-04 1.676E-04  02:18:07 1.16446E-08       16908  4.530E-06 -2.034E-10
    14424  1.680E-04 1.680E-04  02:18:27 1.16446E-08       16908  4.529E-06 -2.032E-10
    14458  1.684E-04 1.684E-04  02:18:47 1.16446E-08       28144  4.538E-06 -2.022E-10
    14489  1.687E-04 1.687E-04  02:19:08 1.16446E-08       84324  4.555E-06 -2.008E-10
    14519  1.691E-04 1.691E-04  02:19:28 1.16446E-08       84324  4.575E-06 -2.016E-10
    14549  1.694E-04 1.694E-04  02:19:49 1.16446E-08       84324  4.594E-06 -2.017E-10
    14579  1.698E-04 1.698E-04  02:20:09 1.16446E-08       84324  4.607E-06 -2.021E-10
    14599  1.700E-04 1.700E-04  02:20:23 1.16446E-08       84324  4.609E-06 -2.024E-10
Output Field Frame Number    17, of     25, at step time 1.700E-04
    14628  1.703E-04 1.703E-04  02:20:43 1.16446E-08       84324  4.599E-06 -2.025E-10
    14659  1.707E-04 1.707E-04  02:21:03 1.16446E-08       84324  4.574E-06 -2.020E-10
    14689  1.711E-04 1.711E-04  02:21:24 1.16446E-08       84324  4.536E-06 -2.021E-10
    14726  1.715E-04 1.715E-04  02:21:44 1.16446E-08       84324  4.482E-06 -2.033E-10
    14769  1.720E-04 1.720E-04  02:22:05 1.16446E-08       84324  4.433E-06 -2.039E-10
    14812  1.725E-04 1.725E-04  02:22:26 1.16446E-08       84324  4.424E-06 -2.035E-10
    14855  1.730E-04 1.730E-04  02:22:47 1.16446E-08       84324  4.467E-06 -2.047E-10
    14898  1.735E-04 1.735E-04  02:23:08 1.16446E-08       28144  4.554E-06 -2.046E-10
    14941  1.740E-04 1.740E-04  02:23:28 1.16446E-08       16908  4.652E-06 -2.059E-10
    14984  1.745E-04 1.745E-04  02:23:49 1.16446E-08       16908  4.718E-06 -2.086E-10
    15023  1.749E-04 1.749E-04  02:24:10 1.16446E-08        5672  4.720E-06 -2.108E-10
    15060  1.754E-04 1.754E-04  02:24:31 1.16446E-08        5672  4.663E-06 -2.102E-10
    15097  1.758E-04 1.758E-04  02:24:52 1.16446E-08        5672  4.559E-06 -2.070E-10
    15135  1.763E-04 1.763E-04  02:25:13 1.16446E-08        5672  4.431E-06 -2.049E-10
    15168  1.766E-04 1.766E-04  02:25:34 1.16446E-08        5672  4.333E-06 -2.035E-10
    15196  1.770E-04 1.770E-04  02:25:54 1.16446E-08        5672  4.277E-06 -2.032E-10
    15224  1.773E-04 1.773E-04  02:26:15 1.16446E-08        5672  4.258E-06 -2.034E-10
    15252  1.776E-04 1.776E-04  02:26:35 1.16446E-08        5672  4.281E-06 -2.044E-10
    15280  1.779E-04 1.779E-04  02:26:56 1.16446E-08       16908  4.342E-06 -2.053E-10
    15309  1.783E-04 1.783E-04  02:27:17 1.16446E-08       16908  4.437E-06 -2.056E-10
    15338  1.786E-04 1.786E-04  02:27:38 1.16446E-08       16908  4.548E-06 -2.069E-10
    15369  1.790E-04 1.790E-04  02:27:58 1.16446E-08       16908  4.661E-06 -2.095E-10
    15409  1.794E-04 1.794E-04  02:28:18 1.16446E-08       28144  4.764E-06 -2.129E-10

 STEP 1  ORIGIN 0.0000

              STEP     TOTAL      WALL        STABLE    CRITICAL    KINETIC      TOTAL
INCREMENT     TIME      TIME      TIME     INCREMENT     ELEMENT     ENERGY     ENERGY
    15451  1.799E-04 1.799E-04  02:28:39 1.16446E-08       84324  4.785E-06 -2.168E-10
    15457  1.800E-04 1.800E-04  02:28:42 1.16446E-08       84324  4.780E-06 -2.170E-10
Output Field Frame Number    18, of     25, at step time 1.800E-04
    15498  1.805E-04 1.805E-04  02:29:03 1.16446E-08       84324  4.694E-06 -2.153E-10
    15540  1.810E-04 1.810E-04  02:29:24 1.16446E-08       84324  4.541E-06 -2.110E-10
    15582  1.815E-04 1.815E-04  02:29:44 1.16446E-08       84324  4.375E-06 -2.075E-10
    15624  1.819E-04 1.819E-04  02:30:05 1.16446E-08       84324  4.254E-06 -2.063E-10
    15666  1.824E-04 1.824E-04  02:30:25 1.16446E-08       84324  4.217E-06 -2.066E-10
    15708  1.829E-04 1.829E-04  02:30:46 1.16446E-08       84324  4.276E-06 -2.073E-10
    15751  1.834E-04 1.834E-04  02:31:07 1.16446E-08       84324  4.412E-06 -2.080E-10
    15793  1.839E-04 1.839E-04  02:31:27 1.16446E-08       84324  4.568E-06 -2.109E-10
    15836  1.844E-04 1.844E-04  02:31:48 1.16446E-08       84324  4.697E-06 -2.153E-10
    15879  1.849E-04 1.849E-04  02:32:09 1.16446E-08       28144  4.747E-06 -2.198E-10
    15922  1.854E-04 1.854E-04  02:32:30 1.16446E-08       28144  4.699E-06 -2.200E-10
    15965  1.859E-04 1.859E-04  02:32:51 1.16446E-08       16908  4.571E-06 -2.166E-10
    16008  1.864E-04 1.864E-04  02:33:11 1.16446E-08       16908  4.405E-06 -2.136E-10
    16051  1.869E-04 1.869E-04  02:33:32 1.16446E-08       16908  4.262E-06 -2.113E-10
    16094  1.874E-04 1.874E-04  02:33:53 1.16446E-08       16908  4.193E-06 -2.102E-10
    16137  1.879E-04 1.879E-04  02:34:13 1.16446E-08       16908  4.226E-06 -2.104E-10
    16180  1.884E-04 1.884E-04  02:34:34 1.16446E-08       16908  4.356E-06 -2.110E-10
    16223  1.889E-04 1.889E-04  02:34:55 1.16446E-08       16908  4.538E-06 -2.142E-10
    16265  1.894E-04 1.894E-04  02:35:16 1.16446E-08       16908  4.702E-06 -2.201E-10
    16305  1.899E-04 1.899E-04  02:35:37 1.16446E-08       16908  4.789E-06 -2.247E-10
    16316  1.900E-04 1.900E-04  02:35:42 1.16446E-08       16908  4.796E-06 -2.253E-10
Output Field Frame Number    19, of     25, at step time 1.900E-04
    16357  1.905E-04 1.905E-04  02:36:02 1.16446E-08       16908  4.744E-06 -2.256E-10
    16399  1.910E-04 1.910E-04  02:36:23 1.16446E-08       16908  4.579E-06 -2.228E-10
    16441  1.915E-04 1.915E-04  02:36:44 1.16446E-08       16908  4.350E-06 -2.185E-10
    16483  1.919E-04 1.919E-04  02:37:04 1.16446E-08       28144  4.135E-06 -2.141E-10
    16525  1.924E-04 1.924E-04  02:37:25 1.16446E-08       28144  4.014E-06 -2.112E-10
    16567  1.929E-04 1.929E-04  02:37:46 1.16446E-08       28144  4.043E-06 -2.114E-10
    16609  1.934E-04 1.934E-04  02:38:06 1.16446E-08       28144  4.222E-06 -2.124E-10
    16650  1.939E-04 1.939E-04  02:38:27 1.16446E-08       28144  4.493E-06 -2.178E-10
    16691  1.944E-04 1.944E-04  02:38:47 1.16446E-08       84324  4.770E-06 -2.261E-10
    16734  1.949E-04 1.949E-04  02:39:09 1.16446E-08       84324  4.964E-06 -2.326E-10
    16776  1.954E-04 1.954E-04  02:39:29 1.16446E-08       84324  4.981E-06 -2.348E-10
    16806  1.957E-04 1.957E-04  02:39:50 1.16446E-08       84324  4.874E-06 -2.332E-10
    16836  1.961E-04 1.961E-04  02:40:10 1.16446E-08       84324  4.684E-06 -2.294E-10
    16866  1.964E-04 1.964E-04  02:40:31 1.16446E-08       84324  4.439E-06 -2.246E-10
    16897  1.968E-04 1.968E-04  02:40:52 1.16446E-08       84324  4.174E-06 -2.191E-10
    16927  1.971E-04 1.971E-04  02:41:12 1.16446E-08       28144  3.950E-06 -2.146E-10
    16957  1.975E-04 1.975E-04  02:41:33 1.16446E-08       28144  3.799E-06 -2.117E-10

 STEP 1  ORIGIN 0.0000

              STEP     TOTAL      WALL        STABLE    CRITICAL    KINETIC      TOTAL
INCREMENT     TIME      TIME      TIME     INCREMENT     ELEMENT     ENERGY     ENERGY
    16987  1.978E-04 1.978E-04  02:41:53 1.16446E-08       28144  3.750E-06 -2.100E-10
    17018  1.982E-04 1.982E-04  02:42:13 1.16446E-08       28144  3.818E-06 -2.102E-10
    17049  1.985E-04 1.985E-04  02:42:34 1.16446E-08       28144  3.996E-06 -2.127E-10
    17079  1.989E-04 1.989E-04  02:42:55 1.16446E-08       16908  4.247E-06 -2.178E-10
    17108  1.992E-04 1.992E-04  02:43:15 1.16446E-08       28144  4.523E-06 -2.243E-10
    17138  1.996E-04 1.996E-04  02:43:35 1.16446E-08       16908  4.799E-06 -2.318E-10
    17168  1.999E-04 1.999E-04  02:43:56 1.16446E-08       16908  5.019E-06 -2.371E-10
    17175  2.000E-04 2.000E-04  02:44:01 1.16446E-08       16908  5.058E-06 -2.380E-10
Output Field Frame Number    20, of     25, at step time 2.000E-04
    17205  2.004E-04 2.004E-04  02:44:22 1.16446E-08       16908  5.159E-06 -2.404E-10
    17234  2.007E-04 2.007E-04  02:44:42 1.16446E-08       16908  5.145E-06 -2.401E-10
    17264  2.010E-04 2.010E-04  02:45:03 1.16446E-08       16908  5.014E-06 -2.376E-10
    17294  2.014E-04 2.014E-04  02:45:23 1.16446E-08       16908  4.785E-06 -2.333E-10
    17324  2.017E-04 2.017E-04  02:45:44 1.16446E-08       16908  4.492E-06 -2.284E-10
    17353  2.021E-04 2.021E-04  02:46:04 1.16446E-08       16908  4.191E-06 -2.228E-10
    17383  2.024E-04 2.024E-04  02:46:24 1.16446E-08       16908  3.907E-06 -2.176E-10
    17413  2.028E-04 2.028E-04  02:46:45 1.16446E-08       16908  3.696E-06 -2.134E-10
    17446  2.032E-04 2.032E-04  02:47:05 1.16446E-08       16908  3.588E-06 -2.103E-10
    17489  2.037E-04 2.037E-04  02:47:25 1.16446E-08       16908  3.671E-06 -2.104E-10
    17526  2.041E-04 2.041E-04  02:47:46 1.16446E-08       16908  3.928E-06 -2.164E-10
    17566  2.046E-04 2.046E-04  02:48:07 1.16446E-08       16908  4.331E-06 -2.251E-10
    17607  2.050E-04 2.050E-04  02:48:27 1.16446E-08       16908  4.768E-06 -2.338E-10
    17648  2.055E-04 2.055E-04  02:48:49 1.16446E-08       28144  5.106E-06 -2.401E-10
    17690  2.060E-04 2.060E-04  02:49:09 1.16446E-08       84324  5.247E-06 -2.427E-10
    17732  2.065E-04 2.065E-04  02:49:30 1.16446E-08       84324  5.137E-06 -2.416E-10
    17773  2.070E-04 2.070E-04  02:49:51 1.16446E-08       84324  4.813E-06 -2.368E-10
    17815  2.075E-04 2.075E-04  02:50:11 1.16446E-08       84324  4.354E-06 -2.295E-10
    17858  2.080E-04 2.080E-04  02:50:32 1.16446E-08       84324  3.890E-06 -2.210E-10
    17901  2.085E-04 2.085E-04  02:50:53 1.16446E-08       84324  3.572E-06 -2.132E-10
    17944  2.090E-04 2.090E-04  02:51:13 1.16446E-08       84324  3.498E-06 -2.111E-10
    17987  2.095E-04 2.095E-04  02:51:34 1.16446E-08       84324  3.691E-06 -2.150E-10
    18017  2.098E-04 2.098E-04  02:51:56 1.16446E-08       84324  3.953E-06 -2.204E-10
    18034  2.100E-04 2.100E-04  02:52:08 1.16446E-08       84324  4.133E-06 -2.238E-10
Output Field Frame Number    21, of     25, at step time 2.100E-04
    18063  2.103E-04 2.103E-04  02:52:30 1.16446E-08       28144  4.459E-06 -2.292E-10
    18092  2.107E-04 2.107E-04  02:52:51 1.16446E-08       16908  4.772E-06 -2.348E-10
    18122  2.110E-04 2.110E-04  02:53:13 1.16446E-08       16908  5.035E-06 -2.400E-10
    18153  2.114E-04 2.114E-04  02:53:34 1.16446E-08       16908  5.202E-06 -2.437E-10
    18184  2.118E-04 2.118E-04  02:53:56 1.16446E-08       16908  5.237E-06 -2.456E-10
    18216  2.121E-04 2.121E-04  02:54:18 1.16446E-08        5672  5.130E-06 -2.458E-10
    18251  2.125E-04 2.125E-04  02:54:39 1.16446E-08        5672  4.868E-06 -2.436E-10
    18290  2.130E-04 2.130E-04  02:54:59 1.16446E-08        5672  4.462E-06 -2.368E-10

 STEP 1  ORIGIN 0.0000

              STEP     TOTAL      WALL        STABLE    CRITICAL    KINETIC      TOTAL
INCREMENT     TIME      TIME      TIME     INCREMENT     ELEMENT     ENERGY     ENERGY
    18327  2.134E-04 2.134E-04  02:55:21 1.16446E-08        5672  4.053E-06 -2.270E-10
    18355  2.137E-04 2.137E-04  02:55:41 1.16446E-08        5672  3.782E-06 -2.203E-10
    18384  2.141E-04 2.141E-04  02:56:02 1.16446E-08        5672  3.579E-06 -2.159E-10
    18413  2.144E-04 2.144E-04  02:56:22 1.16446E-08       16908  3.480E-06 -2.138E-10
    18443  2.148E-04 2.148E-04  02:56:43 1.16446E-08       16908  3.502E-06 -2.137E-10
    18472  2.151E-04 2.151E-04  02:57:03 1.16446E-08       16908  3.641E-06 -2.165E-10
    18502  2.155E-04 2.155E-04  02:57:24 1.16446E-08       16908  3.887E-06 -2.212E-10
    18532  2.158E-04 2.158E-04  02:57:44 1.16446E-08       28144  4.201E-06 -2.269E-10
    18562  2.162E-04 2.162E-04  02:58:04 1.16446E-08       84324  4.539E-06 -2.338E-10
    18592  2.165E-04 2.165E-04  02:58:25 1.16446E-08       84324  4.851E-06 -2.406E-10
    18622  2.169E-04 2.169E-04  02:58:46 1.16446E-08       84324  5.090E-06 -2.472E-10
    18652  2.172E-04 2.172E-04  02:59:06 1.16446E-08       84324  5.219E-06 -2.526E-10
    18683  2.176E-04 2.176E-04  02:59:26 1.16446E-08       84324  5.214E-06 -2.553E-10
    18714  2.179E-04 2.179E-04  02:59:47 1.16446E-08       84324  5.067E-06 -2.530E-10
    18744  2.183E-04 2.183E-04  03:00:08 1.16446E-08       84324  4.811E-06 -2.467E-10
    18774  2.186E-04 2.186E-04  03:00:28 1.16446E-08       84324  4.479E-06 -2.389E-10
    18804  2.190E-04 2.190E-04  03:00:49 1.16446E-08       84324  4.122E-06 -2.307E-10
    18834  2.193E-04 2.193E-04  03:01:10 1.16446E-08       84324  3.795E-06 -2.239E-10
    18864  2.197E-04 2.197E-04  03:01:30 1.16446E-08       84324  3.549E-06 -2.185E-10
    18892  2.200E-04 2.200E-04  03:01:49 1.16446E-08       84324  3.428E-06 -2.152E-10
Output Field Frame Number    22, of     25, at step time 2.200E-04
    18923  2.204E-04 2.204E-04  03:02:10 1.16446E-08       28144  3.435E-06 -2.156E-10
    18954  2.207E-04 2.207E-04  03:02:31 1.16446E-08       16908  3.592E-06 -2.195E-10
    18984  2.211E-04 2.211E-04  03:02:51 1.16446E-08       16908  3.859E-06 -2.263E-10
    19014  2.214E-04 2.214E-04  03:03:11 1.16446E-08       16908  4.198E-06 -2.343E-10
    19045  2.218E-04 2.218E-04  03:03:32 1.16446E-08        5672  4.564E-06 -2.432E-10
    19075  2.221E-04 2.221E-04  03:03:53 1.16446E-08        5672  4.876E-06 -2.507E-10
    19105  2.225E-04 2.225E-04  03:04:13 1.16446E-08        5672  5.096E-06 -2.566E-10
    19136  2.228E-04 2.228E-04  03:04:34 1.16446E-08        5672  5.190E-06 -2.585E-10
    19167  2.232E-04 2.232E-04  03:04:54 1.16446E-08        5672  5.135E-06 -2.570E-10
    19197  2.236E-04 2.236E-04  03:05:15 1.16446E-08        5672  4.951E-06 -2.529E-10
    19228  2.239E-04 2.239E-04  03:05:35 1.16446E-08        5672  4.662E-06 -2.460E-10
    19259  2.243E-04 2.243E-04  03:05:56 1.16446E-08        5672  4.322E-06 -2.385E-10
    19290  2.246E-04 2.246E-04  03:06:17 1.16446E-08        5672  3.991E-06 -2.317E-10
    19320  2.250E-04 2.250E-04  03:06:37 1.16446E-08       16908  3.732E-06 -2.253E-10
    19350  2.253E-04 2.253E-04  03:06:58 1.16446E-08       28144  3.570E-06 -2.217E-10
    19379  2.257E-04 2.257E-04  03:07:18 1.16446E-08       84324  3.527E-06 -2.225E-10
    19409  2.260E-04 2.260E-04  03:07:38 1.16446E-08       84324  3.600E-06 -2.267E-10
    19440  2.264E-04 2.264E-04  03:07:59 1.16446E-08       84324  3.782E-06 -2.330E-10
    19470  2.267E-04 2.267E-04  03:08:19 1.16446E-08       84324  4.028E-06 -2.396E-10
    19501  2.271E-04 2.271E-04  03:08:40 1.16446E-08       84324  4.310E-06 -2.454E-10

 STEP 1  ORIGIN 0.0000

              STEP     TOTAL      WALL        STABLE    CRITICAL    KINETIC      TOTAL
INCREMENT     TIME      TIME      TIME     INCREMENT     ELEMENT     ENERGY     ENERGY
    19532  2.275E-04 2.275E-04  03:09:00 1.16446E-08       84324  4.573E-06 -2.496E-10
    19563  2.278E-04 2.278E-04  03:09:21 1.16446E-08       84324  4.776E-06 -2.532E-10
    19593  2.282E-04 2.282E-04  03:09:41 1.16446E-08       84324  4.890E-06 -2.548E-10
    19623  2.285E-04 2.285E-04  03:10:01 1.16446E-08       84324  4.910E-06 -2.551E-10
    19654  2.289E-04 2.289E-04  03:10:22 1.16446E-08       84324  4.838E-06 -2.535E-10
    19684  2.292E-04 2.292E-04  03:10:42 1.16446E-08       84324  4.696E-06 -2.501E-10
    19714  2.296E-04 2.296E-04  03:11:03 1.16446E-08       84324  4.507E-06 -2.457E-10
    19744  2.299E-04 2.299E-04  03:11:23 1.16446E-08       28144  4.301E-06 -2.415E-10
    19751  2.300E-04 2.300E-04  03:11:28 1.16446E-08       28144  4.253E-06 -2.405E-10
Output Field Frame Number    23, of     25, at step time 2.300E-04
    19781  2.304E-04 2.304E-04  03:11:48 1.16446E-08       16908  4.065E-06 -2.359E-10
    19812  2.307E-04 2.307E-04  03:12:09 1.16446E-08       16908  3.914E-06 -2.347E-10
    19842  2.311E-04 2.311E-04  03:12:29 1.16446E-08        5672  3.823E-06 -2.360E-10
    19873  2.314E-04 2.314E-04  03:12:50 1.16446E-08        5672  3.795E-06 -2.381E-10
    19904  2.318E-04 2.318E-04  03:13:11 1.16446E-08        5672  3.832E-06 -2.403E-10
    19935  2.321E-04 2.321E-04  03:13:31 1.16446E-08        5672  3.923E-06 -2.418E-10
    19965  2.325E-04 2.325E-04  03:13:51 1.16446E-08        5672  4.050E-06 -2.429E-10
    19995  2.328E-04 2.328E-04  03:14:12 1.16446E-08        5672  4.198E-06 -2.442E-10
    20025  2.332E-04 2.332E-04  03:14:33 1.16446E-08        5672  4.350E-06 -2.462E-10
    20055  2.335E-04 2.335E-04  03:14:53 1.16446E-08        5672  4.489E-06 -2.491E-10
    20086  2.339E-04 2.339E-04  03:15:13 1.16446E-08        5672  4.603E-06 -2.521E-10
    20116  2.343E-04 2.343E-04  03:15:34 1.16446E-08        5672  4.672E-06 -2.535E-10
    20147  2.346E-04 2.346E-04  03:15:55 1.16446E-08       16908  4.692E-06 -2.535E-10
    20177  2.350E-04 2.350E-04  03:16:15 1.16446E-08       16908  4.657E-06 -2.532E-10
    20207  2.353E-04 2.353E-04  03:16:36 1.16446E-08       28144  4.572E-06 -2.512E-10
    20237  2.357E-04 2.357E-04  03:16:56 1.16446E-08       84324  4.445E-06 -2.494E-10
    20267  2.360E-04 2.360E-04  03:17:16 1.16446E-08       84324  4.289E-06 -2.485E-10
    20297  2.364E-04 2.364E-04  03:17:37 1.16446E-08       84324  4.123E-06 -2.472E-10
    20328  2.367E-04 2.367E-04  03:17:57 1.16446E-08       84324  3.966E-06 -2.453E-10
    20358  2.371E-04 2.371E-04  03:18:18 1.16446E-08       84324  3.848E-06 -2.431E-10
    20389  2.374E-04 2.374E-04  03:18:38 1.16446E-08       84324  3.784E-06 -2.405E-10
    20420  2.378E-04 2.378E-04  03:18:59 1.16446E-08       84324  3.790E-06 -2.389E-10
    20450  2.381E-04 2.381E-04  03:19:20 1.16446E-08       84324  3.866E-06 -2.388E-10
    20480  2.385E-04 2.385E-04  03:19:40 1.16446E-08       84324  4.003E-06 -2.419E-10
    20510  2.388E-04 2.388E-04  03:20:00 1.16446E-08       84324  4.182E-06 -2.467E-10
    20540  2.392E-04 2.392E-04  03:20:21 1.16446E-08       84324  4.376E-06 -2.513E-10
    20570  2.395E-04 2.395E-04  03:20:41 1.16446E-08       84324  4.553E-06 -2.556E-10
    20600  2.399E-04 2.399E-04  03:21:01 1.16446E-08       28144  4.684E-06 -2.586E-10
    20610  2.400E-04 2.400E-04  03:21:08 1.16446E-08       28144  4.713E-06 -2.591E-10
Output Field Frame Number    24, of     25, at step time 2.400E-04
    20640  2.404E-04 2.404E-04  03:21:29 1.16446E-08       16908  4.746E-06 -2.594E-10
    20670  2.407E-04 2.407E-04  03:21:49 1.16446E-08       16908  4.695E-06 -2.593E-10

 STEP 1  ORIGIN 0.0000

              STEP     TOTAL      WALL        STABLE    CRITICAL    KINETIC      TOTAL
INCREMENT     TIME      TIME      TIME     INCREMENT     ELEMENT     ENERGY     ENERGY
    20700  2.411E-04 2.411E-04  03:22:10 1.16446E-08       16908  4.566E-06 -2.583E-10
    20730  2.414E-04 2.414E-04  03:22:30 1.16446E-08        5672  4.379E-06 -2.556E-10
    20761  2.418E-04 2.418E-04  03:22:51 1.16446E-08        5672  4.159E-06 -2.510E-10
    20791  2.421E-04 2.421E-04  03:23:11 1.16446E-08        5672  3.959E-06 -2.459E-10
    20822  2.425E-04 2.425E-04  03:23:32 1.16446E-08        5672  3.803E-06 -2.426E-10
    20853  2.428E-04 2.428E-04  03:23:52 1.16446E-08        5672  3.730E-06 -2.397E-10
    20891  2.433E-04 2.433E-04  03:24:16 1.16446E-08        5672  3.773E-06 -2.397E-10
    20931  2.437E-04 2.437E-04  03:24:41 1.16446E-08        5672  3.958E-06 -2.457E-10
    20971  2.442E-04 2.442E-04  03:25:05 1.16446E-08       16908  4.224E-06 -2.533E-10
    21010  2.447E-04 2.447E-04  03:25:30 1.16446E-08       16908  4.475E-06 -2.601E-10
    21044  2.451E-04 2.451E-04  03:25:54 1.16446E-08       16908  4.621E-06 -2.628E-10
    21078  2.455E-04 2.455E-04  03:26:19 1.16446E-08       28144  4.662E-06 -2.634E-10
    21113  2.459E-04 2.459E-04  03:26:44 1.16446E-08       84324  4.585E-06 -2.621E-10
    21150  2.463E-04 2.463E-04  03:27:08 1.16446E-08       84324  4.399E-06 -2.592E-10
    21187  2.467E-04 2.467E-04  03:27:33 1.16446E-08       84324  4.164E-06 -2.533E-10
    21224  2.472E-04 2.472E-04  03:27:58 1.16446E-08       84324  3.954E-06 -2.471E-10
    21262  2.476E-04 2.476E-04  03:28:22 1.16446E-08       84324  3.833E-06 -2.452E-10
    21312  2.482E-04 2.482E-04  03:28:51 1.16446E-08       84324  3.875E-06 -2.458E-10
    21365  2.488E-04 2.488E-04  03:29:22 1.16446E-08       84324  4.122E-06 -2.548E-10
    21419  2.494E-04 2.494E-04  03:29:52 1.16446E-08       84324  4.412E-06 -2.639E-10
    21469  2.500E-04 2.500E-04  03:30:20 1.16403E-08       28144  4.539E-06 -2.677E-10
Restart Number  1 at 2.50000E-04
Output Field Frame Number    25, of     25, at step time 2.500E-04
  EXPLICIT EXECUTABLE TIME SUMMARY
       USER TIME (SEC)      =   73911.
       SYSTEM TIME (SEC)    =   1278.1
       WALLCLOCK TIME (SEC) =        12626
              INIT (SEC) =          8
              MAIN (SEC) =      12618

  THE ANALYSIS HAS COMPLETED SUCCESSFULLY

