Abaqus/Explicit 2026                             DATE 21-9ÔÂ-2026  TIME 14:02:36
-------------------------------------------------------------------------------
 PREPROCESSOR WARNING MESSAGES
-------------------------------------------------------------------------------


***WARNING: There are 6 warning messages in the data (.dat) file.  Please
            check the data file for possible errors in the input file.


-------------------------------------------------------------------------------
 NUMERICAL PRECISION USED FOR THIS Abaqus/Explicit ANALYSIS
-------------------------------------------------------------------------------

Single precision package and double precision explicit executables will be
used in this analysis.

-------------------------------------------------------------------------------
-------------------------------------------------------------------------------
 MODEL INFORMATION (IN GLOBAL X-Y COORDINATES)
-------------------------------------------------------------------------------

   Total mass in model = 3.30000E-02
   Center of mass of model = ( 5.000000E-02, 5.000000E-02, 1.000000E-03)

    Moments of Inertia :
                 About Center of Mass              About Origin
      I(XX)          2.751889E-05                  1.100519E-04
      I(YY)          2.751889E-05                  1.100519E-04
      I(ZZ)          5.501510E-05                  2.200151E-04
      I(XY)         -9.793959E-13                 -8.250001E-05
      I(YZ)         -1.000416E-13                 -1.650000E-06
      I(ZX)         -1.027881E-13                 -1.650000E-06

-------------------------------------------------------------------------------
 STABLE TIME INCREMENT INFORMATION
-------------------------------------------------------------------------------


  The stable time increment estimate for each element is based on
  linearization about the initial state.


   Initial time increment = 1.22410E-08

   Statistics over 89888 deformable elements:
      Mean = 2.26340E-08
      Standard deviation = 3.64392E-09

   Most critical elements:
    Element number   Rank    Time increment   Increment ratio
   ----------------------------------------------------------
       16908          1       1.224104E-08      1.000000E+00
       28144          2       1.224104E-08      1.000000E+00
        5672          3       1.224104E-08      9.999999E-01
       39380          4       1.224104E-08      9.999999E-01
       61852          5       1.224104E-08      9.999999E-01
       73088          6       1.224104E-08      9.999999E-01
       84324          7       1.224104E-08      9.999999E-01
       50616          8       1.224104E-08      9.999999E-01
       16907          9       1.224107E-08      9.999973E-01
       28143         10       1.224107E-08      9.999973E-01

-------------------------------------------------------------------------------

  INFORMATION REGARDING INITIAL CONTACT OVERCLOSURES FOR NEWLY DEFINED GENERAL
  CONTACT INTERACTIONS IN STEP 1

-------------------------------------------------------------------------------

  No initial node-face overclosures found.


  Abaqus/Explicit will attempt to resolve 27 initial edge-edge overclosure(s).


  Maximum initial overclosure for edge-edge contact is 6.77626E-20 between the
  edge defined by nodes 22847 and 22846 and the edge defined by nodes 34295
  and 34296


  No nodal position adjustments have been made.


  No node-face overclosures left unresolved.


  29 edge-edge overclosure(s) left unresolved and will be stored as offsets.
  To help identify the nodes involved in the overclosures a node set
  InfoNodeUnresolvInitOver has been created. Check the message file for more
  detailed information.


  Maximum unresolved overclosure is 1.21973E-19 between the edge defined by
  nodes 131396 and 131503 and the edge defined by nodes 142952 and 142845


  For more detailed information on initial overclosures, use the *DIAGNOSTICS,
  CONTACT=DETAIL command and see the message (.msg) file.


***NOTE: You can view the deformed configuration due to the resolution of
         initial overclosures.  In increment 0, draw the deformed shape or
         draw a symbol plot of vector displacements.

------------------------------------------------------------------------------

Abaqus/Explicit 2026                             DATE 21-9ÔÂ-2026  TIME 14:02:49
The entire model is considered 1 domain.
Only 1 MPI rank is used.

-------------------------------------------------------------------------------
 SOLUTION PROGRESS
-------------------------------------------------------------------------------

 STEP 1  ORIGIN 0.0000

  Total memory used for step 1 is approximately 2.9 gigabytes.
  Global time estimation algorithm will be used.
  Scaling factor:  1.0000
              STEP     TOTAL      WALL        STABLE    CRITICAL    KINETIC      TOTAL
INCREMENT     TIME      TIME      TIME     INCREMENT     ELEMENT     ENERGY     ENERGY
        0  0.000E+00 0.000E+00  00:00:04 1.16714E-08       28144  0.000E+00  0.000E+00
Output Field Frame Number     0, of     25, at step time 0.000E+00
       32  3.735E-07 3.735E-07  00:00:27 1.16714E-08       28144  2.758E-15  1.609E-17
       70  8.170E-07 8.170E-07  00:00:47 1.16714E-08       16908  1.436E-13  8.866E-16
      109  1.272E-06 1.272E-06  00:01:08 1.16714E-08       28144  1.972E-12  1.409E-14
      149  1.739E-06 1.739E-06  00:01:29 1.16714E-08       28144  1.360E-11  9.959E-14
      189  2.206E-06 2.206E-06  00:01:50 1.16714E-08       28144  6.022E-11  3.706E-13
      226  2.638E-06 2.638E-06  00:02:11 1.16714E-08       28144  1.811E-10  8.209E-13
      263  3.070E-06 3.070E-06  00:02:31 1.16714E-08       28144  4.340E-10  1.355E-12
      301  3.513E-06 3.513E-06  00:02:52 1.16714E-08       16908  8.593E-10  1.750E-12
      339  3.957E-06 3.957E-06  00:03:13 1.16714E-08       16908  1.391E-09  1.693E-12
      376  4.390E-06 4.390E-06  00:03:34 1.20557E-08       16908  1.836E-09  1.056E-12
      415  4.866E-06 4.866E-06  00:03:55 1.22410E-08       28144  1.955E-09  1.372E-13
      456  5.368E-06 5.368E-06  00:04:16 1.22410E-08       28144  1.529E-09  3.243E-14
      498  5.882E-06 5.882E-06  00:04:37 1.22410E-08       28144  1.196E-09  1.271E-13
      540  6.395E-06 6.395E-06  00:04:58 1.21232E-08       28144  2.514E-09  2.569E-13
      582  6.906E-06 6.906E-06  00:05:19 1.22410E-08       28144  7.679E-09  4.224E-13
      620  7.367E-06 7.367E-06  00:05:40 1.19777E-08       28144  1.769E-08  5.462E-13
      654  7.773E-06 7.773E-06  00:06:00 1.16714E-08       28144  3.141E-08  5.749E-13
      695  8.252E-06 8.252E-06  00:06:21 1.16714E-08       28144  5.165E-08  5.019E-13
      736  8.739E-06 8.739E-06  00:06:42 1.16714E-08       28144  7.182E-08  4.201E-13
      777  9.222E-06 9.222E-06  00:07:02 1.22304E-08       16908  8.506E-08  4.255E-13
      819  9.726E-06 9.726E-06  00:07:23 1.19777E-08       28144  8.662E-08  6.448E-13
      843  1.001E-05 1.001E-05  00:07:35 1.18882E-08       16908  8.174E-08  9.427E-13
Output Field Frame Number     1, of     25, at step time 1.001E-05
      883  1.049E-05 1.049E-05  00:07:56 1.17864E-08       16908  6.675E-08  2.462E-11
      924  1.097E-05 1.097E-05  00:08:16 1.16714E-08       16908  5.437E-08  6.992E-11
      966  1.146E-05 1.146E-05  00:08:37 1.16714E-08       28144  6.314E-08  1.047E-10
     1008  1.195E-05 1.195E-05  00:08:58 1.16714E-08       16908  1.084E-07  1.825E-10
     1050  1.245E-05 1.245E-05  00:09:19 1.17864E-08       16908  1.918E-07  3.190E-10
     1091  1.293E-05 1.293E-05  00:09:41 1.16714E-08       28144  3.013E-07  3.245E-10
     1123  1.330E-05 1.330E-05  00:10:01 1.16714E-08       28144  3.909E-07  2.544E-10
     1161  1.376E-05 1.376E-05  00:10:21 1.22410E-08       28144  4.818E-07  1.653E-10
     1203  1.426E-05 1.426E-05  00:10:43 1.16714E-08       16908  5.323E-07  1.042E-10
     1244  1.473E-05 1.473E-05  00:11:03 1.16714E-08       28144  5.226E-07  2.937E-11
     1286  1.523E-05 1.523E-05  00:11:24 1.22304E-08       28144  4.645E-07  1.519E-12
     1328  1.574E-05 1.574E-05  00:11:45 1.18882E-08       28144  3.999E-07  4.663E-12
     1370  1.625E-05 1.625E-05  00:12:06 1.21232E-08       16908  3.841E-07  7.993E-12
     1412  1.676E-05 1.676E-05  00:12:26 1.21811E-08       28144  4.667E-07  1.031E-11
     1453  1.725E-05 1.725E-05  00:12:47 1.21232E-08       28144  6.625E-07  1.096E-11
     1494  1.775E-05 1.775E-05  00:13:08 1.19777E-08       28144  9.453E-07  1.021E-11
     1536  1.824E-05 1.824E-05  00:13:29 1.16714E-08       28144  1.245E-06  8.309E-12

 STEP 1  ORIGIN 0.0000

              STEP     TOTAL      WALL        STABLE    CRITICAL    KINETIC      TOTAL
INCREMENT     TIME      TIME      TIME     INCREMENT     ELEMENT     ENERGY     ENERGY
     1578  1.874E-05 1.874E-05  00:13:49 1.19777E-08       28144  1.476E-06  8.361E-12
     1619  1.923E-05 1.923E-05  00:14:10 1.20557E-08       28144  1.574E-06  1.071E-11
     1660  1.972E-05 1.972E-05  00:14:31 1.18882E-08       16908  1.527E-06  1.364E-11
     1684  2.000E-05 2.000E-05  00:14:42 1.16714E-08       28144  1.450E-06  1.726E-11
Output Field Frame Number     2, of     25, at step time 2.000E-05
     1724  2.047E-05 2.047E-05  00:15:03 1.16714E-08       28144  1.282E-06  1.534E-10
     1765  2.095E-05 2.095E-05  00:15:24 1.16714E-08       28144  1.159E-06  3.110E-10
     1806  2.143E-05 2.143E-05  00:15:45 1.16714E-08       28144  1.189E-06  3.738E-10
     1847  2.191E-05 2.191E-05  00:16:05 1.16714E-08       28144  1.418E-06  6.188E-10
     1889  2.240E-05 2.240E-05  00:16:26 1.16714E-08       28144  1.826E-06  1.099E-09
     1930  2.288E-05 2.288E-05  00:16:47 1.16714E-08       28144  2.315E-06  9.786E-10
     1971  2.335E-05 2.335E-05  00:17:08 1.16714E-08       28144  2.756E-06  6.411E-10
     2013  2.385E-05 2.385E-05  00:17:29 1.18882E-08       16908  3.027E-06  3.972E-10
     2055  2.434E-05 2.434E-05  00:17:50 1.16714E-08       16908  3.044E-06  2.544E-10
     2094  2.480E-05 2.480E-05  00:18:11 1.16714E-08       16908  2.861E-06 -3.205E-11
     2129  2.521E-05 2.521E-05  00:18:32 1.16714E-08       28144  2.598E-06 -1.010E-10
     2164  2.562E-05 2.562E-05  00:18:53 1.16714E-08       16908  2.352E-06 -9.317E-11
     2199  2.602E-05 2.602E-05  00:19:15 1.16714E-08       16908  2.221E-06 -8.689E-11
     2233  2.642E-05 2.642E-05  00:19:37 1.16714E-08       28144  2.273E-06 -8.177E-11
     2269  2.684E-05 2.684E-05  00:19:58 1.17865E-08       28144  2.555E-06 -8.141E-11
     2312  2.735E-05 2.735E-05  00:20:19 1.19777E-08       16908  3.152E-06 -8.681E-11
     2354  2.785E-05 2.785E-05  00:20:40 1.16714E-08       28144  3.840E-06 -9.211E-11
     2398  2.837E-05 2.837E-05  00:21:00 1.16714E-08       28144  4.411E-06 -9.746E-11
     2444  2.891E-05 2.891E-05  00:21:22 1.16714E-08       16908  4.650E-06 -9.434E-11
     2490  2.944E-05 2.944E-05  00:21:43 1.16714E-08       16908  4.453E-06 -8.704E-11
     2535  2.997E-05 2.997E-05  00:22:03 1.16714E-08       28144  3.960E-06 -7.486E-11
     2538  3.001E-05 3.001E-05  00:22:05 1.16714E-08       16908  3.922E-06 -7.305E-11
Output Field Frame Number     3, of     25, at step time 3.001E-05
     2582  3.052E-05 3.052E-05  00:22:25 1.16714E-08       28144  3.405E-06  7.323E-11
     2627  3.105E-05 3.105E-05  00:22:46 1.17864E-08       28144  3.147E-06  1.226E-10
     2672  3.158E-05 3.158E-05  00:23:07 1.16714E-08       28144  3.336E-06  2.211E-10
     2717  3.210E-05 3.210E-05  00:23:27 1.17865E-08       28144  3.943E-06  5.178E-10
     2761  3.262E-05 3.262E-05  00:23:48 1.20557E-08       28144  4.748E-06  5.834E-10
     2806  3.316E-05 3.316E-05  00:24:09 1.18883E-08       28144  5.468E-06  2.638E-10
     2852  3.370E-05 3.370E-05  00:24:29 1.18882E-08       84324  5.785E-06  1.247E-10
     2898  3.424E-05 3.424E-05  00:24:50 1.16714E-08       28144  5.587E-06  6.836E-11
     2944  3.478E-05 3.478E-05  00:25:11 1.16714E-08       28144  4.999E-06 -1.023E-10
     2990  3.532E-05 3.532E-05  00:25:31 1.16714E-08       16908  4.301E-06 -1.206E-10
     3027  3.575E-05 3.575E-05  00:25:53 1.17864E-08       28144  3.917E-06 -1.117E-10
     3065  3.620E-05 3.620E-05  00:26:13 1.17864E-08       16908  3.825E-06 -1.065E-10
     3104  3.667E-05 3.667E-05  00:26:34 1.18882E-08       28144  4.105E-06 -1.091E-10
     3141  3.711E-05 3.711E-05  00:26:55 1.19777E-08       28144  4.647E-06 -1.191E-10

 STEP 1  ORIGIN 0.0000

              STEP     TOTAL      WALL        STABLE    CRITICAL    KINETIC      TOTAL
INCREMENT     TIME      TIME      TIME     INCREMENT     ELEMENT     ENERGY     ENERGY
     3174  3.751E-05 3.751E-05  00:27:16 1.20557E-08       16908  5.220E-06 -1.286E-10
     3210  3.795E-05 3.795E-05  00:27:36 1.22304E-08       16908  5.784E-06 -1.369E-10
     3250  3.843E-05 3.843E-05  00:27:57 1.21232E-08        5672  6.137E-06 -1.416E-10
     3291  3.893E-05 3.893E-05  00:28:18 1.16714E-08       16908  6.090E-06 -1.363E-10
     3332  3.941E-05 3.941E-05  00:28:39 1.17865E-08       16908  5.685E-06 -1.304E-10
     3373  3.989E-05 3.989E-05  00:28:59 1.16714E-08       16908  5.099E-06 -1.205E-10
     3383  4.001E-05 4.001E-05  00:29:05 1.16714E-08       16908  4.953E-06 -1.155E-10
Output Field Frame Number     4, of     25, at step time 4.001E-05
     3425  4.051E-05 4.051E-05  00:29:25 1.19777E-08       28144  4.435E-06 -9.081E-11
     3467  4.101E-05 4.101E-05  00:29:46 1.16714E-08        5672  4.220E-06 -8.790E-11
     3509  4.150E-05 4.150E-05  00:30:07 1.16714E-08       28144  4.377E-06 -8.278E-11
     3551  4.200E-05 4.200E-05  00:30:28 1.16714E-08       16908  4.831E-06 -6.687E-11
     3593  4.250E-05 4.250E-05  00:30:49 1.21234E-08       28144  5.404E-06 -7.687E-11
     3635  4.301E-05 4.301E-05  00:31:09 1.21232E-08       16908  5.861E-06 -1.169E-10
     3677  4.352E-05 4.352E-05  00:31:30 1.21811E-08       73088  6.020E-06 -1.278E-10
     3719  4.403E-05 4.403E-05  00:31:51 1.16714E-08       84324  5.843E-06 -1.281E-10
     3755  4.445E-05 4.445E-05  00:32:12 1.16714E-08       73088  5.503E-06 -1.265E-10
     3794  4.491E-05 4.491E-05  00:32:32 1.17864E-08       73088  5.060E-06 -1.256E-10
     3831  4.534E-05 4.534E-05  00:32:54 1.16714E-08       84324  4.702E-06 -1.216E-10
     3864  4.574E-05 4.574E-05  00:33:15 1.21232E-08       16908  4.514E-06 -1.179E-10
     3897  4.614E-05 4.614E-05  00:33:37 1.18882E-08       28144  4.498E-06 -1.179E-10
     3933  4.656E-05 4.656E-05  00:33:58 1.21232E-08       39380  4.660E-06 -1.208E-10
     3971  4.702E-05 4.702E-05  00:34:18 1.22410E-08       16908  4.976E-06 -1.276E-10
     4009  4.748E-05 4.748E-05  00:34:39 1.21811E-08       39380  5.324E-06 -1.340E-10
     4051  4.799E-05 4.799E-05  00:34:59 1.21811E-08       28144  5.618E-06 -1.373E-10
     4092  4.848E-05 4.848E-05  00:35:20 1.21811E-08       61852  5.716E-06 -1.328E-10
     4133  4.897E-05 4.897E-05  00:35:41 1.16714E-08        5672  5.621E-06 -1.320E-10
     4174  4.946E-05 4.946E-05  00:36:02 1.16714E-08       73088  5.388E-06 -1.301E-10
     4214  4.993E-05 4.993E-05  00:36:22 1.16714E-08       39380  5.119E-06 -1.294E-10
     4221  5.001E-05 5.001E-05  00:36:26 1.16714E-08       28144  5.074E-06 -1.292E-10
Output Field Frame Number     5, of     25, at step time 5.001E-05
     4262  5.049E-05 5.049E-05  00:36:46 1.21232E-08        5672  4.853E-06 -1.290E-10
     4303  5.098E-05 5.098E-05  00:37:07 1.16714E-08       28144  4.743E-06 -1.276E-10
     4344  5.147E-05 5.147E-05  00:37:28 1.17864E-08       28144  4.757E-06 -1.278E-10
     4385  5.195E-05 5.195E-05  00:37:49 1.16714E-08       61852  4.867E-06 -1.291E-10
     4426  5.244E-05 5.244E-05  00:38:09 1.21232E-08       28144  5.029E-06 -1.307E-10
     4468  5.295E-05 5.295E-05  00:38:30 1.21811E-08       16908  5.206E-06 -1.313E-10
     4510  5.346E-05 5.346E-05  00:38:51 1.21811E-08        5672  5.350E-06 -1.281E-10
     4550  5.394E-05 5.394E-05  00:39:12 1.16714E-08       16908  5.431E-06 -1.260E-10
     4591  5.442E-05 5.442E-05  00:39:32 1.18882E-08       28144  5.450E-06 -1.319E-10
     4628  5.486E-05 5.486E-05  00:39:53 1.17864E-08       61852  5.409E-06 -1.372E-10
     4665  5.530E-05 5.530E-05  00:40:14 1.17864E-08       73088  5.314E-06 -1.407E-10

 STEP 1  ORIGIN 0.0000

              STEP     TOTAL      WALL        STABLE    CRITICAL    KINETIC      TOTAL
INCREMENT     TIME      TIME      TIME     INCREMENT     ELEMENT     ENERGY     ENERGY
     4703  5.575E-05 5.575E-05  00:40:34 1.22304E-08       39380  5.169E-06 -1.417E-10
     4744  5.625E-05 5.625E-05  00:40:55 1.20557E-08       84324  4.977E-06 -1.396E-10
     4784  5.673E-05 5.673E-05  00:41:16 1.19777E-08       84324  4.798E-06 -1.352E-10
     4822  5.719E-05 5.719E-05  00:41:36 1.19777E-08       39380  4.683E-06 -1.314E-10
     4857  5.761E-05 5.761E-05  00:41:57 1.19777E-08       28144  4.661E-06 -1.274E-10
     4890  5.800E-05 5.800E-05  00:42:18 1.19777E-08       84324  4.730E-06 -1.254E-10
     4922  5.838E-05 5.838E-05  00:42:38 1.16714E-08       28144  4.876E-06 -1.253E-10
     4955  5.877E-05 5.877E-05  00:42:59 1.21811E-08       84324  5.085E-06 -1.266E-10
     4988  5.917E-05 5.917E-05  00:43:19 1.19777E-08       28144  5.320E-06 -1.318E-10
     5027  5.964E-05 5.964E-05  00:43:40 1.22304E-08       61852  5.556E-06 -1.391E-10
     5058  6.001E-05 6.001E-05  00:43:59 1.18882E-08       61852  5.659E-06 -1.448E-10
Output Field Frame Number     6, of     25, at step time 6.001E-05
     5099  6.050E-05 6.050E-05  00:44:20 1.18882E-08        5672  5.633E-06 -1.512E-10
     5141  6.101E-05 6.101E-05  00:44:40 1.19777E-08       61852  5.412E-06 -1.513E-10
     5183  6.151E-05 6.151E-05  00:45:01 1.18882E-08       28144  5.054E-06 -1.465E-10
     5225  6.201E-05 6.201E-05  00:45:22 1.16714E-08       16908  4.689E-06 -1.377E-10
     5264  6.247E-05 6.247E-05  00:45:43 1.18885E-08       39380  4.452E-06 -1.312E-10
     5305  6.295E-05 6.295E-05  00:46:03 1.16714E-08       28144  4.394E-06 -1.271E-10
     5339  6.334E-05 6.334E-05  00:46:25 1.16714E-08       39380  4.515E-06 -1.276E-10
     5370  6.371E-05 6.371E-05  00:46:45 1.16714E-08       28144  4.737E-06 -1.283E-10
     5401  6.407E-05 6.407E-05  00:47:05 1.16714E-08       28144  5.024E-06 -1.323E-10
     5432  6.443E-05 6.443E-05  00:47:26 1.19779E-08       28144  5.322E-06 -1.396E-10
     5464  6.482E-05 6.482E-05  00:47:46 1.21811E-08       16908  5.587E-06 -1.483E-10
     5496  6.520E-05 6.520E-05  00:48:07 1.17864E-08       16908  5.740E-06 -1.528E-10
     5529  6.559E-05 6.559E-05  00:48:28 1.20557E-08       61852  5.749E-06 -1.593E-10
     5561  6.597E-05 6.597E-05  00:48:48 1.21811E-08       16908  5.609E-06 -1.588E-10
     5593  6.636E-05 6.636E-05  00:49:09 1.21232E-08       39380  5.347E-06 -1.552E-10
     5625  6.674E-05 6.674E-05  00:49:29 1.16714E-08       28144  5.029E-06 -1.495E-10
     5657  6.712E-05 6.712E-05  00:49:50 1.19777E-08       16908  4.710E-06 -1.435E-10
     5689  6.751E-05 6.751E-05  00:50:10 1.17864E-08       73088  4.463E-06 -1.376E-10
     5721  6.789E-05 6.789E-05  00:50:30 1.16714E-08       16908  4.339E-06 -1.347E-10
     5753  6.827E-05 6.827E-05  00:50:51 1.18882E-08       28144  4.358E-06 -1.349E-10
     5784  6.864E-05 6.864E-05  00:51:11 1.21232E-08       61852  4.512E-06 -1.348E-10
     5816  6.902E-05 6.902E-05  00:51:32 1.17864E-08       84324  4.775E-06 -1.385E-10
     5848  6.940E-05 6.940E-05  00:51:52 1.16714E-08       39380  5.087E-06 -1.455E-10
     5879  6.976E-05 6.976E-05  00:52:13 1.16714E-08       61852  5.372E-06 -1.510E-10
     5900  7.001E-05 7.001E-05  00:52:27 1.21811E-08       16908  5.532E-06 -1.572E-10
Output Field Frame Number     7, of     25, at step time 7.001E-05
     5930  7.037E-05 7.037E-05  00:52:47 1.22304E-08        5672  5.680E-06 -1.639E-10
     5961  7.075E-05 7.075E-05  00:53:07 1.21811E-08       84324  5.702E-06 -1.673E-10
     5993  7.113E-05 7.113E-05  00:53:28 1.16714E-08       73088  5.584E-06 -1.647E-10
     6022  7.147E-05 7.147E-05  00:53:48 1.16714E-08        5672  5.379E-06 -1.574E-10

 STEP 1  ORIGIN 0.0000

              STEP     TOTAL      WALL        STABLE    CRITICAL    KINETIC      TOTAL
INCREMENT     TIME      TIME      TIME     INCREMENT     ELEMENT     ENERGY     ENERGY
     6051  7.181E-05 7.181E-05  00:54:09 1.19777E-08        5672  5.113E-06 -1.544E-10
     6081  7.218E-05 7.218E-05  00:54:30 1.22304E-08       28144  4.815E-06 -1.513E-10
     6110  7.251E-05 7.251E-05  00:54:50 1.16714E-08       61852  4.570E-06 -1.462E-10
     6139  7.286E-05 7.286E-05  00:55:10 1.21811E-08       16908  4.396E-06 -1.435E-10
     6169  7.322E-05 7.322E-05  00:55:31 1.19777E-08       84324  4.324E-06 -1.432E-10
     6199  7.358E-05 7.358E-05  00:55:51 1.17865E-08       28144  4.376E-06 -1.433E-10
     6229  7.393E-05 7.393E-05  00:56:12 1.19777E-08       61852  4.540E-06 -1.451E-10
     6260  7.430E-05 7.430E-05  00:56:33 1.19777E-08       50616  4.795E-06 -1.499E-10
     6290  7.466E-05 7.466E-05  00:56:53 1.20557E-08       28144  5.078E-06 -1.578E-10
     6321  7.503E-05 7.503E-05  00:57:14 1.16714E-08       61852  5.351E-06 -1.643E-10
     6352  7.539E-05 7.539E-05  00:57:34 1.22410E-08       39380  5.554E-06 -1.690E-10
     6384  7.577E-05 7.577E-05  00:57:55 1.16714E-08       16908  5.651E-06 -1.726E-10
     6415  7.613E-05 7.613E-05  00:58:15 1.16714E-08       16908  5.620E-06 -1.720E-10
     6447  7.651E-05 7.651E-05  00:58:36 1.16714E-08        5672  5.465E-06 -1.687E-10
     6479  7.688E-05 7.688E-05  00:58:56 1.16714E-08       16908  5.218E-06 -1.639E-10
     6511  7.726E-05 7.726E-05  00:59:17 1.16714E-08       84324  4.926E-06 -1.581E-10
     6543  7.763E-05 7.763E-05  00:59:38 1.17864E-08        5672  4.648E-06 -1.547E-10
     6575  7.801E-05 7.801E-05  00:59:58 1.19779E-08       28144  4.433E-06 -1.526E-10
     6607  7.839E-05 7.839E-05  01:00:19 1.16714E-08       28144  4.326E-06 -1.513E-10
     6640  7.878E-05 7.878E-05  01:00:39 1.20557E-08       73088  4.351E-06 -1.533E-10
     6672  7.917E-05 7.917E-05  01:01:00 1.20557E-08       73088  4.498E-06 -1.567E-10
     6703  7.954E-05 7.954E-05  01:01:20 1.18882E-08       28144  4.725E-06 -1.619E-10
     6735  7.992E-05 7.992E-05  01:01:41 1.20557E-08       39380  5.000E-06 -1.680E-10
     6742  8.000E-05 8.000E-05  01:01:45 1.19777E-08       73088  5.061E-06 -1.693E-10
Output Field Frame Number     8, of     25, at step time 8.000E-05
     6773  8.038E-05 8.038E-05  01:02:06 1.20557E-08       28144  5.311E-06 -1.747E-10
     6804  8.075E-05 8.075E-05  01:02:27 1.16714E-08       84324  5.489E-06 -1.770E-10
     6836  8.113E-05 8.113E-05  01:02:47 1.20559E-08       16908  5.568E-06 -1.780E-10
     6868  8.151E-05 8.151E-05  01:03:08 1.22304E-08       28144  5.528E-06 -1.776E-10
     6900  8.189E-05 8.189E-05  01:03:28 1.21811E-08       84324  5.382E-06 -1.756E-10
     6932  8.228E-05 8.228E-05  01:03:49 1.21814E-08       73088  5.153E-06 -1.711E-10
     6964  8.267E-05 8.267E-05  01:04:10 1.21232E-08       61852  4.889E-06 -1.670E-10
     6997  8.307E-05 8.307E-05  01:04:30 1.19777E-08       61852  4.635E-06 -1.638E-10
     7030  8.347E-05 8.347E-05  01:04:50 1.20557E-08       84324  4.448E-06 -1.610E-10
     7063  8.386E-05 8.386E-05  01:05:11 1.16714E-08       73088  4.364E-06 -1.616E-10
     7096  8.425E-05 8.425E-05  01:05:31 1.20557E-08       28144  4.394E-06 -1.627E-10
     7129  8.465E-05 8.465E-05  01:05:52 1.17865E-08       16908  4.526E-06 -1.649E-10
     7161  8.502E-05 8.502E-05  01:06:13 1.19779E-08        5672  4.725E-06 -1.702E-10
     7193  8.540E-05 8.540E-05  01:06:33 1.16714E-08       39380  4.955E-06 -1.751E-10
     7224  8.576E-05 8.576E-05  01:06:54 1.16714E-08       28144  5.169E-06 -1.792E-10
     7256  8.614E-05 8.614E-05  01:07:14 1.16714E-08       16908  5.342E-06 -1.828E-10

 STEP 1  ORIGIN 0.0000

              STEP     TOTAL      WALL        STABLE    CRITICAL    KINETIC      TOTAL
INCREMENT     TIME      TIME      TIME     INCREMENT     ELEMENT     ENERGY     ENERGY
     7289  8.652E-05 8.652E-05  01:07:35 1.16714E-08       61852  5.440E-06 -1.849E-10
     7321  8.690E-05 8.690E-05  01:07:55 1.16714E-08       28144  5.440E-06 -1.846E-10
     7354  8.729E-05 8.729E-05  01:08:16 1.16714E-08       16908  5.340E-06 -1.825E-10
     7386  8.767E-05 8.767E-05  01:08:36 1.17864E-08       16908  5.167E-06 -1.797E-10
     7419  8.806E-05 8.806E-05  01:08:57 1.17864E-08       28144  4.944E-06 -1.772E-10
     7452  8.845E-05 8.845E-05  01:09:18 1.20557E-08       16908  4.719E-06 -1.739E-10
     7484  8.884E-05 8.884E-05  01:09:38 1.21811E-08       16908  4.540E-06 -1.704E-10
     7516  8.923E-05 8.923E-05  01:09:58 1.21811E-08       61852  4.438E-06 -1.678E-10
     7549  8.962E-05 8.962E-05  01:10:19 1.20557E-08       84324  4.434E-06 -1.681E-10
     7581  9.001E-05 9.001E-05  01:10:39 1.18883E-08       73088  4.523E-06 -1.720E-10
Output Field Frame Number     9, of     25, at step time 9.001E-05
     7613  9.039E-05 9.039E-05  01:10:59 1.18882E-08       61852  4.682E-06 -1.779E-10
     7647  9.079E-05 9.079E-05  01:11:20 1.19777E-08       84324  4.888E-06 -1.842E-10
     7680  9.118E-05 9.118E-05  01:11:41 1.16714E-08       16908  5.080E-06 -1.902E-10
     7714  9.158E-05 9.158E-05  01:12:02 1.16714E-08       28144  5.221E-06 -1.921E-10
     7747  9.197E-05 9.197E-05  01:12:22 1.16714E-08       84324  5.278E-06 -1.918E-10
     7780  9.236E-05 9.236E-05  01:12:43 1.20556E-08       84324  5.246E-06 -1.901E-10
     7812  9.275E-05 9.275E-05  01:13:03 1.19779E-08       61852  5.137E-06 -1.866E-10
     7844  9.313E-05 9.313E-05  01:13:24 1.21232E-08       84324  4.980E-06 -1.842E-10
     7877  9.353E-05 9.353E-05  01:13:44 1.18882E-08       73088  4.812E-06 -1.809E-10
     7911  9.394E-05 9.394E-05  01:14:05 1.18882E-08       28144  4.675E-06 -1.763E-10
     7945  9.435E-05 9.435E-05  01:14:25 1.21232E-08       28144  4.608E-06 -1.745E-10
     7979  9.476E-05 9.476E-05  01:14:45 1.22304E-08       73088  4.625E-06 -1.794E-10
     8013  9.517E-05 9.517E-05  01:15:06 1.19777E-08       16908  4.713E-06 -1.866E-10
     8046  9.557E-05 9.557E-05  01:15:26 1.18882E-08        5672  4.833E-06 -1.923E-10
     8080  9.597E-05 9.597E-05  01:15:46 1.19777E-08       16908  4.951E-06 -1.974E-10
     8114  9.637E-05 9.637E-05  01:16:07 1.17865E-08        5672  5.026E-06 -1.994E-10
     8148  9.677E-05 9.677E-05  01:16:27 1.16714E-08       28144  5.034E-06 -1.979E-10
     8182  9.717E-05 9.717E-05  01:16:48 1.16714E-08       16908  4.976E-06 -1.951E-10
     8215  9.756E-05 9.756E-05  01:17:08 1.19777E-08       28144  4.873E-06 -1.915E-10
     8249  9.796E-05 9.796E-05  01:17:29 1.17867E-08       16908  4.752E-06 -1.874E-10
     8283  9.837E-05 9.837E-05  01:17:49 1.16714E-08        5672  4.661E-06 -1.837E-10
     8317  9.877E-05 9.877E-05  01:18:10 1.21811E-08       39380  4.634E-06 -1.796E-10
     8351  9.918E-05 9.918E-05  01:18:30 1.19777E-08       84324  4.687E-06 -1.815E-10
     8385  9.959E-05 9.959E-05  01:18:51 1.18882E-08       28144  4.807E-06 -1.891E-10
     8418  9.998E-05 9.998E-05  01:19:11 1.16714E-08       16908  4.954E-06 -1.981E-10
     8420  1.000E-04 1.000E-04  01:19:12 1.16714E-08       61852  4.963E-06 -1.984E-10
Output Field Frame Number    10, of     25, at step time 1.000E-04
     8454  1.004E-04 1.004E-04  01:19:33 1.17865E-08       73088  5.099E-06 -2.069E-10
     8488  1.008E-04 1.008E-04  01:19:53 1.16714E-08       84324  5.175E-06 -2.103E-10
     8522  1.012E-04 1.012E-04  01:20:14 1.16714E-08       84324  5.160E-06 -2.089E-10
     8556  1.016E-04 1.016E-04  01:20:34 1.16714E-08       50616  5.051E-06 -2.058E-10

 STEP 1  ORIGIN 0.0000

              STEP     TOTAL      WALL        STABLE    CRITICAL    KINETIC      TOTAL
INCREMENT     TIME      TIME      TIME     INCREMENT     ELEMENT     ENERGY     ENERGY
     8590  1.020E-04 1.020E-04  01:20:55 1.16714E-08       39380  4.871E-06 -2.004E-10
     8623  1.024E-04 1.024E-04  01:21:15 1.16714E-08       73088  4.668E-06 -1.960E-10
     8658  1.028E-04 1.028E-04  01:21:36 1.18882E-08       84324  4.480E-06 -1.909E-10
     8692  1.032E-04 1.032E-04  01:21:56 1.21811E-08       61852  4.374E-06 -1.844E-10
     8726  1.036E-04 1.036E-04  01:22:17 1.22304E-08       16908  4.384E-06 -1.798E-10
     8760  1.040E-04 1.040E-04  01:22:37 1.22410E-08       39380  4.516E-06 -1.836E-10
     8795  1.044E-04 1.044E-04  01:22:58 1.17864E-08       16908  4.737E-06 -1.937E-10
     8831  1.049E-04 1.049E-04  01:23:18 1.16714E-08       28144  4.990E-06 -2.064E-10
     8864  1.053E-04 1.053E-04  01:23:39 1.16714E-08       28144  5.182E-06 -2.158E-10
     8895  1.056E-04 1.056E-04  01:24:00 1.19777E-08       28144  5.287E-06 -2.199E-10
     8926  1.060E-04 1.060E-04  01:24:20 1.17864E-08       28144  5.294E-06 -2.189E-10
     8958  1.064E-04 1.064E-04  01:24:40 1.16714E-08        5672  5.197E-06 -2.160E-10
     8992  1.068E-04 1.068E-04  01:25:01 1.16714E-08        5672  5.004E-06 -2.109E-10
     9021  1.071E-04 1.071E-04  01:25:22 1.16714E-08        5672  4.802E-06 -2.070E-10
     9055  1.075E-04 1.075E-04  01:25:42 1.17865E-08       28144  4.573E-06 -2.013E-10
     9094  1.079E-04 1.079E-04  01:26:03 1.20557E-08       39380  4.391E-06 -1.949E-10
     9132  1.084E-04 1.084E-04  01:26:23 1.16714E-08       28144  4.349E-06 -1.860E-10
     9171  1.089E-04 1.089E-04  01:26:44 1.20557E-08       50616  4.454E-06 -1.872E-10
     9209  1.093E-04 1.093E-04  01:27:05 1.20557E-08       28144  4.655E-06 -1.977E-10
     9249  1.098E-04 1.098E-04  01:27:26 1.16714E-08       73088  4.886E-06 -2.106E-10
     9267  1.100E-04 1.100E-04  01:27:35 1.16714E-08       28144  4.974E-06 -2.160E-10
Output Field Frame Number    11, of     25, at step time 1.100E-04
     9306  1.105E-04 1.105E-04  01:27:56 1.16714E-08       16908  5.095E-06 -2.212E-10
     9341  1.109E-04 1.109E-04  01:28:17 1.16714E-08       28144  5.102E-06 -2.198E-10
     9377  1.113E-04 1.113E-04  01:28:38 1.17865E-08       84324  5.014E-06 -2.183E-10
     9407  1.116E-04 1.116E-04  01:28:58 1.16714E-08       61852  4.894E-06 -2.155E-10
     9437  1.120E-04 1.120E-04  01:29:19 1.16714E-08       61852  4.762E-06 -2.125E-10
     9467  1.123E-04 1.123E-04  01:29:40 1.16714E-08       73088  4.650E-06 -2.105E-10
     9497  1.127E-04 1.127E-04  01:30:00 1.16714E-08       73088  4.581E-06 -2.083E-10
     9527  1.130E-04 1.130E-04  01:30:21 1.16714E-08       61852  4.567E-06 -2.038E-10
     9557  1.134E-04 1.134E-04  01:30:41 1.16714E-08       28144  4.608E-06 -1.986E-10
     9587  1.137E-04 1.137E-04  01:31:02 1.18882E-08       73088  4.687E-06 -1.985E-10
     9616  1.141E-04 1.141E-04  01:31:22 1.18882E-08       28144  4.779E-06 -2.039E-10
     9646  1.144E-04 1.144E-04  01:31:43 1.16714E-08       73088  4.859E-06 -2.109E-10
     9676  1.148E-04 1.148E-04  01:32:03 1.19777E-08       61852  4.902E-06 -2.178E-10
     9705  1.151E-04 1.151E-04  01:32:24 1.16714E-08       73088  4.895E-06 -2.207E-10
     9735  1.155E-04 1.155E-04  01:32:44 1.16714E-08       73088  4.839E-06 -2.199E-10
     9765  1.159E-04 1.159E-04  01:33:05 1.16714E-08        5672  4.746E-06 -2.170E-10
     9795  1.162E-04 1.162E-04  01:33:25 1.18882E-08       39380  4.640E-06 -2.149E-10
     9827  1.166E-04 1.166E-04  01:33:46 1.18882E-08        5672  4.543E-06 -2.126E-10
     9861  1.170E-04 1.170E-04  01:34:06 1.19777E-08       16908  4.494E-06 -2.138E-10

 STEP 1  ORIGIN 0.0000

              STEP     TOTAL      WALL        STABLE    CRITICAL    KINETIC      TOTAL
INCREMENT     TIME      TIME      TIME     INCREMENT     ELEMENT     ENERGY     ENERGY
     9893  1.174E-04 1.174E-04  01:34:27 1.19777E-08       16908  4.522E-06 -2.147E-10
     9924  1.177E-04 1.177E-04  01:34:47 1.21234E-08       16908  4.618E-06 -2.162E-10
     9956  1.181E-04 1.181E-04  01:35:08 1.16714E-08       28144  4.772E-06 -2.166E-10
     9988  1.185E-04 1.185E-04  01:35:28 1.18882E-08       16908  4.936E-06 -2.135E-10
    10019  1.189E-04 1.189E-04  01:35:49 1.16714E-08       61852  5.066E-06 -2.164E-10
    10052  1.193E-04 1.193E-04  01:36:09 1.18882E-08       61852  5.134E-06 -2.217E-10
    10091  1.197E-04 1.197E-04  01:36:30 1.16714E-08       73088  5.090E-06 -2.266E-10
    10115  1.200E-04 1.200E-04  01:36:42 1.21811E-08       50616  4.995E-06 -2.264E-10
Output Field Frame Number    12, of     25, at step time 1.200E-04
    10156  1.205E-04 1.205E-04  01:37:03 1.16714E-08        5672  4.738E-06 -2.222E-10
    10197  1.210E-04 1.210E-04  01:37:24 1.17864E-08       39380  4.446E-06 -2.152E-10
    10239  1.215E-04 1.215E-04  01:37:44 1.16714E-08       73088  4.217E-06 -2.118E-10
    10280  1.220E-04 1.220E-04  01:38:05 1.16714E-08       73088  4.147E-06 -2.132E-10
    10322  1.224E-04 1.224E-04  01:38:26 1.16714E-08       39380  4.269E-06 -2.169E-10
    10364  1.229E-04 1.229E-04  01:38:47 1.21811E-08       61852  4.562E-06 -2.224E-10
    10407  1.235E-04 1.235E-04  01:39:07 1.19777E-08       39380  4.942E-06 -2.235E-10
    10450  1.240E-04 1.240E-04  01:39:28 1.19777E-08       39380  5.259E-06 -2.310E-10
    10492  1.245E-04 1.245E-04  01:39:49 1.17864E-08       16908  5.393E-06 -2.380E-10
    10534  1.250E-04 1.250E-04  01:40:10 1.16714E-08        5672  5.300E-06 -2.377E-10
    10575  1.255E-04 1.255E-04  01:40:30 1.16714E-08       28144  5.014E-06 -2.325E-10
    10618  1.260E-04 1.260E-04  01:40:51 1.16714E-08       16908  4.590E-06 -2.250E-10
    10659  1.264E-04 1.264E-04  01:41:11 1.17865E-08        5672  4.189E-06 -2.180E-10
    10698  1.269E-04 1.269E-04  01:41:32 1.16714E-08       28144  3.921E-06 -2.146E-10
    10737  1.274E-04 1.274E-04  01:41:53 1.16714E-08       16908  3.844E-06 -2.157E-10
    10776  1.278E-04 1.278E-04  01:42:14 1.21234E-08        5672  3.989E-06 -2.184E-10
    10816  1.283E-04 1.283E-04  01:42:35 1.18882E-08       28144  4.347E-06 -2.180E-10
    10856  1.288E-04 1.288E-04  01:42:55 1.19777E-08       50616  4.827E-06 -2.297E-10
    10895  1.292E-04 1.292E-04  01:43:16 1.18882E-08       28144  5.285E-06 -2.433E-10
    10933  1.297E-04 1.297E-04  01:43:37 1.21232E-08       39380  5.596E-06 -2.514E-10
    10959  1.300E-04 1.300E-04  01:43:51 1.20557E-08       50616  5.678E-06 -2.536E-10
Output Field Frame Number    13, of     25, at step time 1.300E-04
    10997  1.305E-04 1.305E-04  01:44:11 1.17864E-08       28144  5.575E-06 -2.524E-10
    11036  1.309E-04 1.309E-04  01:44:32 1.17864E-08       73088  5.211E-06 -2.468E-10
    11075  1.314E-04 1.314E-04  01:44:53 1.16714E-08       73088  4.671E-06 -2.376E-10
    11114  1.318E-04 1.318E-04  01:45:14 1.20557E-08       73088  4.092E-06 -2.272E-10
    11153  1.323E-04 1.323E-04  01:45:34 1.17864E-08       84324  3.633E-06 -2.183E-10
    11191  1.327E-04 1.327E-04  01:45:55 1.22304E-08       16908  3.434E-06 -2.132E-10
    11230  1.332E-04 1.332E-04  01:46:16 1.20557E-08       28144  3.569E-06 -2.119E-10
    11271  1.337E-04 1.337E-04  01:46:36 1.21232E-08       50616  4.069E-06 -2.240E-10
    11313  1.342E-04 1.342E-04  01:46:57 1.20556E-08        5672  4.802E-06 -2.430E-10
    11356  1.347E-04 1.347E-04  01:47:18 1.20557E-08       39380  5.529E-06 -2.615E-10
    11398  1.352E-04 1.352E-04  01:47:39 1.18882E-08        5672  5.951E-06 -2.715E-10

 STEP 1  ORIGIN 0.0000

              STEP     TOTAL      WALL        STABLE    CRITICAL    KINETIC      TOTAL
INCREMENT     TIME      TIME      TIME     INCREMENT     ELEMENT     ENERGY     ENERGY
    11439  1.357E-04 1.357E-04  01:48:00 1.17864E-08       16908  5.933E-06 -2.728E-10
    11480  1.362E-04 1.362E-04  01:48:20 1.16714E-08       16908  5.498E-06 -2.658E-10
    11521  1.367E-04 1.367E-04  01:48:41 1.16714E-08       39380  4.779E-06 -2.511E-10
    11562  1.372E-04 1.372E-04  01:49:02 1.16714E-08        5672  3.999E-06 -2.333E-10
    11603  1.376E-04 1.376E-04  01:49:22 1.22410E-08       16908  3.402E-06 -2.190E-10
    11644  1.381E-04 1.381E-04  01:49:43 1.21232E-08        5672  3.204E-06 -2.126E-10
    11685  1.386E-04 1.386E-04  01:50:04 1.21811E-08       28144  3.491E-06 -2.226E-10
    11727  1.391E-04 1.391E-04  01:50:25 1.21232E-08        5672  4.173E-06 -2.433E-10
    11769  1.397E-04 1.397E-04  01:50:46 1.20557E-08       16908  5.000E-06 -2.639E-10
    11798  1.400E-04 1.400E-04  01:51:01 1.21232E-08       28144  5.494E-06 -2.746E-10
Output Field Frame Number    14, of     25, at step time 1.400E-04
    11837  1.405E-04 1.405E-04  01:51:22 1.17864E-08       28144  5.889E-06 -2.844E-10
    11877  1.409E-04 1.409E-04  01:51:42 1.19777E-08       39380  5.879E-06 -2.835E-10
    11917  1.414E-04 1.414E-04  01:52:03 1.16714E-08       50616  5.480E-06 -2.742E-10
    11959  1.419E-04 1.419E-04  01:52:24 1.16714E-08       84324  4.798E-06 -2.592E-10
    12001  1.424E-04 1.424E-04  01:52:46 1.22410E-08       73088  4.066E-06 -2.411E-10
    12037  1.428E-04 1.428E-04  01:53:06 1.16714E-08       61852  3.602E-06 -2.312E-10
    12074  1.433E-04 1.433E-04  01:53:27 1.19777E-08       84324  3.424E-06 -2.295E-10
    12112  1.438E-04 1.438E-04  01:53:48 1.19777E-08       61852  3.587E-06 -2.369E-10
    12150  1.442E-04 1.442E-04  01:54:08 1.21811E-08       73088  4.029E-06 -2.518E-10
    12188  1.447E-04 1.447E-04  01:54:29 1.21231E-08       84324  4.600E-06 -2.662E-10
    12227  1.451E-04 1.451E-04  01:54:50 1.20557E-08       50616  5.141E-06 -2.788E-10
    12266  1.456E-04 1.456E-04  01:55:11 1.19777E-08       39380  5.468E-06 -2.855E-10
    12301  1.460E-04 1.460E-04  01:55:32 1.16714E-08       50616  5.514E-06 -2.843E-10
    12337  1.465E-04 1.465E-04  01:55:54 1.16714E-08       16908  5.325E-06 -2.790E-10
    12369  1.468E-04 1.468E-04  01:56:16 1.17865E-08        5672  5.008E-06 -2.710E-10
    12400  1.472E-04 1.472E-04  01:56:37 1.16714E-08       16908  4.634E-06 -2.621E-10
    12440  1.477E-04 1.477E-04  01:56:58 1.16714E-08       16908  4.171E-06 -2.521E-10
    12481  1.481E-04 1.481E-04  01:57:19 1.16714E-08       61852  3.853E-06 -2.474E-10
    12523  1.486E-04 1.486E-04  01:57:40 1.16714E-08        5672  3.781E-06 -2.491E-10
    12564  1.491E-04 1.491E-04  01:58:00 1.20559E-08       16908  3.970E-06 -2.570E-10
    12605  1.496E-04 1.496E-04  01:58:21 1.17867E-08        5672  4.343E-06 -2.665E-10
    12640  1.500E-04 1.500E-04  01:58:38 1.18882E-08       16908  4.709E-06 -2.750E-10
Output Field Frame Number    15, of     25, at step time 1.500E-04
    12678  1.505E-04 1.505E-04  01:58:59 1.19777E-08       39380  5.049E-06 -2.837E-10
    12709  1.508E-04 1.508E-04  01:59:20 1.17865E-08       16908  5.217E-06 -2.869E-10
    12741  1.512E-04 1.512E-04  01:59:41 1.19777E-08       73088  5.251E-06 -2.862E-10
    12773  1.516E-04 1.516E-04  02:00:01 1.16714E-08       73088  5.138E-06 -2.828E-10
    12805  1.520E-04 1.520E-04  02:00:22 1.16714E-08       73088  4.902E-06 -2.771E-10
    12836  1.523E-04 1.523E-04  02:00:42 1.16714E-08       61852  4.601E-06 -2.710E-10
    12868  1.527E-04 1.527E-04  02:01:03 1.16714E-08       73088  4.272E-06 -2.643E-10
    12899  1.530E-04 1.530E-04  02:01:23 1.16714E-08       28144  3.997E-06 -2.596E-10

 STEP 1  ORIGIN 0.0000

              STEP     TOTAL      WALL        STABLE    CRITICAL    KINETIC      TOTAL
INCREMENT     TIME      TIME      TIME     INCREMENT     ELEMENT     ENERGY     ENERGY
    12931  1.534E-04 1.534E-04  02:01:44 1.16714E-08       28144  3.813E-06 -2.567E-10
    12963  1.538E-04 1.538E-04  02:02:05 1.19779E-08       50616  3.773E-06 -2.560E-10
    12994  1.542E-04 1.542E-04  02:02:25 1.18885E-08       28144  3.888E-06 -2.592E-10
    13026  1.546E-04 1.546E-04  02:02:46 1.22304E-08       39380  4.153E-06 -2.662E-10
    13058  1.549E-04 1.549E-04  02:03:06 1.21234E-08       16908  4.515E-06 -2.759E-10
    13089  1.553E-04 1.553E-04  02:03:27 1.20557E-08       73088  4.885E-06 -2.863E-10
    13120  1.557E-04 1.557E-04  02:03:47 1.19777E-08       84324  5.197E-06 -2.946E-10
    13152  1.561E-04 1.561E-04  02:04:07 1.18885E-08        5672  5.388E-06 -2.991E-10
    13184  1.565E-04 1.565E-04  02:04:27 1.16714E-08       28144  5.400E-06 -2.987E-10
    13219  1.569E-04 1.569E-04  02:04:48 1.17864E-08        5672  5.198E-06 -2.931E-10
    13259  1.573E-04 1.573E-04  02:05:08 1.21234E-08       16908  4.740E-06 -2.837E-10
    13296  1.578E-04 1.578E-04  02:05:29 1.16714E-08        5672  4.218E-06 -2.735E-10
    13327  1.581E-04 1.581E-04  02:05:49 1.16714E-08       28144  3.818E-06 -2.646E-10
    13358  1.585E-04 1.585E-04  02:06:10 1.16714E-08       28144  3.532E-06 -2.567E-10
    13387  1.588E-04 1.588E-04  02:06:30 1.16714E-08       61852  3.422E-06 -2.534E-10
    13417  1.592E-04 1.592E-04  02:06:51 1.16714E-08       28144  3.497E-06 -2.552E-10
    13449  1.596E-04 1.596E-04  02:07:11 1.17864E-08       61852  3.782E-06 -2.630E-10
    13480  1.599E-04 1.599E-04  02:07:32 1.22304E-08       16908  4.226E-06 -2.768E-10
    13485  1.600E-04 1.600E-04  02:07:35 1.21814E-08        5672  4.308E-06 -2.794E-10
Output Field Frame Number    16, of     25, at step time 1.600E-04
    13517  1.604E-04 1.604E-04  02:07:55 1.21811E-08       16908  4.839E-06 -2.946E-10
    13548  1.608E-04 1.608E-04  02:08:16 1.20557E-08       39380  5.302E-06 -3.058E-10
    13580  1.612E-04 1.612E-04  02:08:36 1.19777E-08       16908  5.618E-06 -3.130E-10
    13611  1.615E-04 1.615E-04  02:08:56 1.21232E-08       28144  5.702E-06 -3.133E-10
    13643  1.619E-04 1.619E-04  02:09:17 1.19779E-08        5672  5.536E-06 -3.078E-10
    13674  1.623E-04 1.623E-04  02:09:37 1.17864E-08       28144  5.164E-06 -2.998E-10
    13706  1.627E-04 1.627E-04  02:09:58 1.21232E-08       16908  4.635E-06 -2.888E-10
    13738  1.630E-04 1.630E-04  02:10:19 1.16714E-08       28144  4.070E-06 -2.761E-10
    13769  1.634E-04 1.634E-04  02:10:39 1.18882E-08       84324  3.593E-06 -2.634E-10
    13800  1.638E-04 1.638E-04  02:11:00 1.16714E-08       61852  3.294E-06 -2.559E-10
    13831  1.641E-04 1.641E-04  02:11:20 1.16714E-08       28144  3.214E-06 -2.540E-10
    13862  1.645E-04 1.645E-04  02:11:41 1.18882E-08       73088  3.367E-06 -2.599E-10
    13900  1.650E-04 1.650E-04  02:12:01 1.18882E-08       84324  3.835E-06 -2.763E-10
    13942  1.655E-04 1.655E-04  02:12:22 1.20557E-08       61852  4.549E-06 -2.970E-10
    13980  1.659E-04 1.659E-04  02:12:42 1.19777E-08       50616  5.163E-06 -3.103E-10
    14011  1.663E-04 1.663E-04  02:13:03 1.18882E-08       73088  5.510E-06 -3.170E-10
    14042  1.667E-04 1.667E-04  02:13:23 1.19777E-08       16908  5.653E-06 -3.180E-10
    14072  1.670E-04 1.670E-04  02:13:44 1.18885E-08       61852  5.574E-06 -3.150E-10
    14105  1.674E-04 1.674E-04  02:14:05 1.19779E-08       16908  5.264E-06 -3.080E-10
    14138  1.678E-04 1.678E-04  02:14:25 1.22410E-08       84324  4.785E-06 -2.956E-10
    14169  1.682E-04 1.682E-04  02:14:46 1.17865E-08       39380  4.292E-06 -2.811E-10

 STEP 1  ORIGIN 0.0000

              STEP     TOTAL      WALL        STABLE    CRITICAL    KINETIC      TOTAL
INCREMENT     TIME      TIME      TIME     INCREMENT     ELEMENT     ENERGY     ENERGY
    14200  1.686E-04 1.686E-04  02:15:07 1.16714E-08        5672  3.859E-06 -2.709E-10
    14232  1.689E-04 1.689E-04  02:15:27 1.16714E-08       28144  3.543E-06 -2.649E-10
    14264  1.693E-04 1.693E-04  02:15:48 1.16714E-08       39380  3.412E-06 -2.656E-10
    14296  1.697E-04 1.697E-04  02:16:08 1.18882E-08       16908  3.481E-06 -2.717E-10
    14324  1.700E-04 1.700E-04  02:16:27 1.17864E-08       39380  3.690E-06 -2.815E-10
Output Field Frame Number    17, of     25, at step time 1.700E-04
    14354  1.704E-04 1.704E-04  02:16:47 1.19777E-08       73088  4.027E-06 -2.925E-10
    14384  1.707E-04 1.707E-04  02:17:07 1.17864E-08       61852  4.414E-06 -3.018E-10
    14414  1.711E-04 1.711E-04  02:17:28 1.20557E-08       16908  4.781E-06 -3.093E-10
    14444  1.714E-04 1.714E-04  02:17:48 1.18882E-08       61852  5.067E-06 -3.146E-10
    14474  1.718E-04 1.718E-04  02:18:09 1.21232E-08       73088  5.225E-06 -3.170E-10
    14506  1.722E-04 1.722E-04  02:18:29 1.20557E-08       28144  5.232E-06 -3.165E-10
    14541  1.726E-04 1.726E-04  02:18:50 1.16714E-08       28144  5.064E-06 -3.100E-10
    14573  1.730E-04 1.730E-04  02:19:10 1.17865E-08       73088  4.802E-06 -3.002E-10
    14605  1.733E-04 1.733E-04  02:19:31 1.16714E-08       28144  4.493E-06 -2.914E-10
    14636  1.737E-04 1.737E-04  02:19:51 1.16714E-08       50616  4.209E-06 -2.804E-10
    14668  1.741E-04 1.741E-04  02:20:12 1.16714E-08        5672  3.981E-06 -2.801E-10
    14699  1.744E-04 1.744E-04  02:20:32 1.16714E-08       73088  3.858E-06 -2.831E-10
    14731  1.748E-04 1.748E-04  02:20:53 1.17865E-08       50616  3.843E-06 -2.872E-10
    14763  1.752E-04 1.752E-04  02:21:13 1.18885E-08        5672  3.935E-06 -2.934E-10
    14795  1.756E-04 1.756E-04  02:21:33 1.16714E-08       28144  4.103E-06 -2.993E-10
    14837  1.761E-04 1.761E-04  02:21:53 1.18882E-08       61852  4.374E-06 -3.065E-10
    14880  1.766E-04 1.766E-04  02:22:14 1.16714E-08       16908  4.617E-06 -3.126E-10
    14922  1.771E-04 1.771E-04  02:22:35 1.19777E-08        5672  4.749E-06 -3.151E-10
    14965  1.776E-04 1.776E-04  02:22:56 1.20557E-08       16908  4.751E-06 -3.120E-10
    15007  1.781E-04 1.781E-04  02:23:17 1.17865E-08       50616  4.645E-06 -3.049E-10
    15044  1.785E-04 1.785E-04  02:23:37 1.19777E-08       16908  4.505E-06 -2.986E-10
    15083  1.790E-04 1.790E-04  02:23:59 1.21814E-08       39380  4.356E-06 -2.951E-10
    15121  1.795E-04 1.795E-04  02:24:19 1.21811E-08       84324  4.243E-06 -2.976E-10
    15159  1.799E-04 1.799E-04  02:24:40 1.19777E-08       16908  4.185E-06 -3.001E-10
    15167  1.800E-04 1.800E-04  02:24:44 1.17865E-08       16908  4.181E-06 -3.008E-10
Output Field Frame Number    18, of     25, at step time 1.800E-04
    15206  1.805E-04 1.805E-04  02:25:05 1.18882E-08       39380  4.194E-06 -3.054E-10
    15245  1.809E-04 1.809E-04  02:25:26 1.18882E-08       39380  4.251E-06 -3.075E-10
    15275  1.813E-04 1.813E-04  02:25:47 1.17864E-08       28144  4.313E-06 -3.103E-10
    15305  1.816E-04 1.816E-04  02:26:07 1.17864E-08       61852  4.378E-06 -3.131E-10
    15335  1.820E-04 1.820E-04  02:26:27 1.16714E-08       73088  4.438E-06 -3.151E-10
    15365  1.824E-04 1.824E-04  02:26:48 1.20557E-08       84324  4.483E-06 -3.156E-10
    15395  1.827E-04 1.827E-04  02:27:08 1.20559E-08       28144  4.508E-06 -3.140E-10
    15426  1.831E-04 1.831E-04  02:27:29 1.17865E-08       28144  4.508E-06 -3.111E-10
    15457  1.835E-04 1.835E-04  02:27:49 1.20557E-08        5672  4.483E-06 -3.081E-10
    15497  1.839E-04 1.839E-04  02:28:10 1.16714E-08       73088  4.422E-06 -3.063E-10

 STEP 1  ORIGIN 0.0000

              STEP     TOTAL      WALL        STABLE    CRITICAL    KINETIC      TOTAL
INCREMENT     TIME      TIME      TIME     INCREMENT     ELEMENT     ENERGY     ENERGY
    15539  1.844E-04 1.844E-04  02:28:31 1.16714E-08       28144  4.341E-06 -3.063E-10
    15581  1.849E-04 1.849E-04  02:28:52 1.16714E-08       28144  4.267E-06 -3.052E-10
    15623  1.854E-04 1.854E-04  02:29:12 1.17865E-08       28144  4.227E-06 -3.092E-10
    15666  1.859E-04 1.859E-04  02:29:33 1.18885E-08       16908  4.239E-06 -3.119E-10
    15708  1.864E-04 1.864E-04  02:29:54 1.16714E-08       16908  4.297E-06 -3.155E-10
    15750  1.869E-04 1.869E-04  02:30:15 1.16714E-08       28144  4.382E-06 -3.197E-10
    15793  1.874E-04 1.874E-04  02:30:36 1.17865E-08       16908  4.461E-06 -3.215E-10
    15835  1.879E-04 1.879E-04  02:30:56 1.18882E-08       28144  4.497E-06 -3.206E-10
    15878  1.884E-04 1.884E-04  02:31:17 1.18882E-08       16908  4.471E-06 -3.168E-10
    15920  1.889E-04 1.889E-04  02:31:38 1.19777E-08       39380  4.394E-06 -3.137E-10
    15963  1.894E-04 1.894E-04  02:31:59 1.21232E-08       28144  4.290E-06 -3.121E-10
    16006  1.899E-04 1.899E-04  02:32:19 1.21234E-08       28144  4.204E-06 -3.112E-10
    16012  1.900E-04 1.900E-04  02:32:22 1.22304E-08       16908  4.196E-06 -3.112E-10
Output Field Frame Number    19, of     25, at step time 1.900E-04
    16055  1.905E-04 1.905E-04  02:32:43 1.16714E-08       28144  4.174E-06 -3.131E-10
    16098  1.910E-04 1.910E-04  02:33:04 1.16714E-08       16908  4.214E-06 -3.174E-10
    16140  1.915E-04 1.915E-04  02:33:25 1.16714E-08       39380  4.290E-06 -3.222E-10
    16182  1.920E-04 1.920E-04  02:33:45 1.16714E-08       16908  4.372E-06 -3.257E-10
    16225  1.925E-04 1.925E-04  02:34:06 1.16714E-08       16908  4.428E-06 -3.268E-10
    16268  1.930E-04 1.930E-04  02:34:27 1.17865E-08       28144  4.438E-06 -3.248E-10
    16311  1.935E-04 1.935E-04  02:34:47 1.19777E-08        5672  4.408E-06 -3.227E-10
    16353  1.940E-04 1.940E-04  02:35:08 1.18882E-08       28144  4.360E-06 -3.204E-10
    16394  1.945E-04 1.945E-04  02:35:29 1.21232E-08       39380  4.316E-06 -3.199E-10
    16435  1.950E-04 1.950E-04  02:35:50 1.17865E-08       28144  4.287E-06 -3.220E-10
    16477  1.955E-04 1.955E-04  02:36:10 1.21811E-08       28144  4.270E-06 -3.222E-10
    16518  1.960E-04 1.960E-04  02:36:31 1.16714E-08        5672  4.255E-06 -3.250E-10
    16560  1.965E-04 1.965E-04  02:36:51 1.16714E-08       84324  4.233E-06 -3.268E-10
    16602  1.970E-04 1.970E-04  02:37:12 1.16714E-08       50616  4.207E-06 -3.276E-10
    16645  1.975E-04 1.975E-04  02:37:33 1.21232E-08       39380  4.192E-06 -3.274E-10
    16687  1.980E-04 1.980E-04  02:37:54 1.18882E-08       16908  4.211E-06 -3.265E-10
    16729  1.985E-04 1.985E-04  02:38:14 1.17865E-08       73088  4.272E-06 -3.274E-10
    16771  1.990E-04 1.990E-04  02:38:35 1.19777E-08       28144  4.366E-06 -3.299E-10
    16813  1.995E-04 1.995E-04  02:38:56 1.17865E-08       16908  4.458E-06 -3.331E-10
    16855  2.000E-04 2.000E-04  02:39:17 1.16714E-08       16908  4.499E-06 -3.361E-10
    16857  2.000E-04 2.000E-04  02:39:18 1.16714E-08       16908  4.499E-06 -3.362E-10
Output Field Frame Number    20, of     25, at step time 2.000E-04
    16894  2.004E-04 2.004E-04  02:39:39 1.16714E-08       16908  4.467E-06 -3.359E-10
    16924  2.008E-04 2.008E-04  02:39:59 1.16714E-08       16908  4.394E-06 -3.359E-10
    16956  2.012E-04 2.012E-04  02:40:20 1.16714E-08       16908  4.282E-06 -3.339E-10
    16988  2.015E-04 2.015E-04  02:40:40 1.18882E-08        5672  4.155E-06 -3.301E-10
    17019  2.019E-04 2.019E-04  02:41:01 1.22410E-08       16908  4.046E-06 -3.282E-10
    17051  2.023E-04 2.023E-04  02:41:21 1.16714E-08       61852  3.980E-06 -3.272E-10

 STEP 1  ORIGIN 0.0000

              STEP     TOTAL      WALL        STABLE    CRITICAL    KINETIC      TOTAL
INCREMENT     TIME      TIME      TIME     INCREMENT     ELEMENT     ENERGY     ENERGY
    17082  2.027E-04 2.027E-04  02:41:41 1.21811E-08       16908  3.978E-06 -3.268E-10
    17114  2.030E-04 2.030E-04  02:42:02 1.18882E-08       84324  4.049E-06 -3.298E-10
    17145  2.034E-04 2.034E-04  02:42:23 1.20559E-08       61852  4.170E-06 -3.331E-10
    17176  2.038E-04 2.038E-04  02:42:43 1.16714E-08       28144  4.321E-06 -3.394E-10
    17207  2.042E-04 2.042E-04  02:43:03 1.18882E-08       28144  4.458E-06 -3.432E-10
    17238  2.045E-04 2.045E-04  02:43:24 1.19777E-08       28144  4.555E-06 -3.458E-10
    17268  2.049E-04 2.049E-04  02:43:44 1.20557E-08       28144  4.584E-06 -3.474E-10
    17298  2.052E-04 2.052E-04  02:44:04 1.16714E-08       73088  4.541E-06 -3.460E-10
    17329  2.056E-04 2.056E-04  02:44:25 1.19779E-08       28144  4.428E-06 -3.430E-10
    17360  2.060E-04 2.060E-04  02:44:45 1.22304E-08       39380  4.270E-06 -3.405E-10
    17391  2.064E-04 2.064E-04  02:45:05 1.16714E-08       61852  4.104E-06 -3.369E-10
    17422  2.067E-04 2.067E-04  02:45:26 1.16714E-08       28144  3.973E-06 -3.339E-10
    17453  2.071E-04 2.071E-04  02:45:46 1.16714E-08       16908  3.903E-06 -3.321E-10
    17485  2.075E-04 2.075E-04  02:46:07 1.17864E-08       61852  3.913E-06 -3.320E-10
    17516  2.078E-04 2.078E-04  02:46:28 1.18882E-08       28144  4.000E-06 -3.350E-10
    17548  2.082E-04 2.082E-04  02:46:48 1.20557E-08       28144  4.150E-06 -3.385E-10
    17585  2.086E-04 2.086E-04  02:47:09 1.21232E-08       16908  4.352E-06 -3.464E-10
    17628  2.092E-04 2.092E-04  02:47:29 1.21232E-08       28144  4.540E-06 -3.524E-10
    17666  2.096E-04 2.096E-04  02:47:50 1.16714E-08       61852  4.595E-06 -3.533E-10
    17699  2.100E-04 2.100E-04  02:48:07 1.17864E-08       28144  4.541E-06 -3.519E-10
Output Field Frame Number    21, of     25, at step time 2.100E-04
    17739  2.105E-04 2.105E-04  02:48:28 1.17864E-08        5672  4.371E-06 -3.482E-10
    17781  2.110E-04 2.110E-04  02:48:49 1.18882E-08       73088  4.133E-06 -3.436E-10
    17822  2.115E-04 2.115E-04  02:49:10 1.18882E-08        5672  3.926E-06 -3.396E-10
    17863  2.119E-04 2.119E-04  02:49:31 1.16714E-08       28144  3.828E-06 -3.377E-10
    17905  2.124E-04 2.124E-04  02:49:51 1.16714E-08       16908  3.872E-06 -3.398E-10
    17947  2.129E-04 2.129E-04  02:50:12 1.16714E-08       39380  4.044E-06 -3.451E-10
    17990  2.134E-04 2.134E-04  02:50:32 1.16714E-08       28144  4.282E-06 -3.487E-10
    18028  2.139E-04 2.139E-04  02:50:53 1.16714E-08       16908  4.475E-06 -3.525E-10
    18066  2.143E-04 2.143E-04  02:51:14 1.17865E-08       50616  4.591E-06 -3.568E-10
    18104  2.148E-04 2.148E-04  02:51:36 1.16714E-08       61852  4.597E-06 -3.562E-10
    18134  2.151E-04 2.151E-04  02:51:57 1.16714E-08       73088  4.523E-06 -3.548E-10
    18165  2.155E-04 2.155E-04  02:52:19 1.16714E-08       84324  4.387E-06 -3.520E-10
    18196  2.158E-04 2.158E-04  02:52:40 1.18882E-08       28144  4.216E-06 -3.498E-10
    18228  2.162E-04 2.162E-04  02:53:02 1.19777E-08       84324  4.035E-06 -3.475E-10
    18259  2.166E-04 2.166E-04  02:53:24 1.17865E-08       84324  3.890E-06 -3.442E-10
    18292  2.170E-04 2.170E-04  02:53:45 1.18882E-08       84324  3.800E-06 -3.430E-10
    18326  2.174E-04 2.174E-04  02:54:07 1.18885E-08       73088  3.791E-06 -3.440E-10
    18359  2.178E-04 2.178E-04  02:54:28 1.19777E-08       84324  3.865E-06 -3.479E-10
    18401  2.183E-04 2.183E-04  02:54:49 1.20557E-08       73088  4.050E-06 -3.548E-10
    18442  2.188E-04 2.188E-04  02:55:10 1.22304E-08       39380  4.271E-06 -3.565E-10

 STEP 1  ORIGIN 0.0000

              STEP     TOTAL      WALL        STABLE    CRITICAL    KINETIC      TOTAL
INCREMENT     TIME      TIME      TIME     INCREMENT     ELEMENT     ENERGY     ENERGY
    18474  2.192E-04 2.192E-04  02:55:31 1.22410E-08       61852  4.422E-06 -3.518E-10
    18504  2.195E-04 2.195E-04  02:55:51 1.20557E-08       16908  4.519E-06 -3.572E-10
    18534  2.199E-04 2.199E-04  02:56:11 1.19777E-08       50616  4.555E-06 -3.582E-10
    18544  2.200E-04 2.200E-04  02:56:18 1.19777E-08       28144  4.553E-06 -3.587E-10
Output Field Frame Number    22, of     25, at step time 2.200E-04
    18574  2.204E-04 2.204E-04  02:56:39 1.16714E-08       39380  4.505E-06 -3.580E-10
    18605  2.207E-04 2.207E-04  02:56:59 1.16714E-08       39380  4.401E-06 -3.576E-10
    18636  2.211E-04 2.211E-04  02:57:20 1.16714E-08       61852  4.261E-06 -3.557E-10
    18668  2.215E-04 2.215E-04  02:57:41 1.18882E-08       39380  4.104E-06 -3.525E-10
    18699  2.218E-04 2.218E-04  02:58:01 1.18885E-08        5672  3.966E-06 -3.502E-10
    18729  2.222E-04 2.222E-04  02:58:21 1.16714E-08        5672  3.870E-06 -3.494E-10
    18761  2.226E-04 2.226E-04  02:58:42 1.16714E-08       16908  3.824E-06 -3.498E-10
    18793  2.230E-04 2.230E-04  02:59:03 1.18882E-08       28144  3.841E-06 -3.528E-10
    18824  2.233E-04 2.233E-04  02:59:23 1.19777E-08       16908  3.912E-06 -3.567E-10
    18856  2.237E-04 2.237E-04  02:59:44 1.21811E-08       16908  4.027E-06 -3.616E-10
    18888  2.241E-04 2.241E-04  03:00:04 1.21232E-08       73088  4.161E-06 -3.640E-10
    18919  2.245E-04 2.245E-04  03:00:24 1.19779E-08       28144  4.280E-06 -3.601E-10
    18950  2.248E-04 2.248E-04  03:00:45 1.19777E-08       16908  4.369E-06 -3.598E-10
    18981  2.252E-04 2.252E-04  03:01:06 1.19779E-08       28144  4.412E-06 -3.625E-10
    19012  2.256E-04 2.256E-04  03:01:26 1.16714E-08       84324  4.404E-06 -3.613E-10
    19043  2.259E-04 2.259E-04  03:01:46 1.17864E-08       73088  4.350E-06 -3.620E-10
    19075  2.263E-04 2.263E-04  03:02:07 1.16714E-08       28144  4.260E-06 -3.609E-10
    19107  2.267E-04 2.267E-04  03:02:28 1.19777E-08       16908  4.154E-06 -3.581E-10
    19138  2.270E-04 2.270E-04  03:02:48 1.20556E-08       28144  4.053E-06 -3.570E-10
    19170  2.274E-04 2.274E-04  03:03:09 1.19777E-08       16908  3.975E-06 -3.558E-10
    19201  2.278E-04 2.278E-04  03:03:29 1.16714E-08       28144  3.938E-06 -3.560E-10
    19233  2.282E-04 2.282E-04  03:03:49 1.16714E-08       28144  3.944E-06 -3.589E-10
    19265  2.285E-04 2.285E-04  03:04:10 1.16714E-08       50616  3.988E-06 -3.631E-10
    19297  2.289E-04 2.289E-04  03:04:31 1.20557E-08       39380  4.060E-06 -3.663E-10
    19329  2.293E-04 2.293E-04  03:04:51 1.16714E-08       39380  4.142E-06 -3.689E-10
    19361  2.297E-04 2.297E-04  03:05:12 1.19777E-08       28144  4.211E-06 -3.686E-10
    19388  2.300E-04 2.300E-04  03:05:30 1.18883E-08       73088  4.246E-06 -3.706E-10
Output Field Frame Number    23, of     25, at step time 2.300E-04
    19420  2.304E-04 2.304E-04  03:05:50 1.21232E-08       16908  4.252E-06 -3.714E-10
    19452  2.308E-04 2.308E-04  03:06:11 1.16714E-08       16908  4.219E-06 -3.642E-10
    19483  2.311E-04 2.311E-04  03:06:31 1.16714E-08       16908  4.159E-06 -3.651E-10
    19515  2.315E-04 2.315E-04  03:06:52 1.16714E-08        5672  4.084E-06 -3.639E-10
    19547  2.319E-04 2.319E-04  03:07:13 1.21811E-08       16908  4.017E-06 -3.626E-10
    19580  2.323E-04 2.323E-04  03:07:33 1.18882E-08        5672  3.974E-06 -3.606E-10
    19612  2.327E-04 2.327E-04  03:07:54 1.19779E-08       61852  3.974E-06 -3.632E-10
    19644  2.331E-04 2.331E-04  03:08:15 1.20557E-08       16908  4.019E-06 -3.657E-10
    19676  2.334E-04 2.334E-04  03:08:35 1.19777E-08       28144  4.095E-06 -3.700E-10

 STEP 1  ORIGIN 0.0000

              STEP     TOTAL      WALL        STABLE    CRITICAL    KINETIC      TOTAL
INCREMENT     TIME      TIME      TIME     INCREMENT     ELEMENT     ENERGY     ENERGY
    19707  2.338E-04 2.338E-04  03:08:56 1.20557E-08       16908  4.182E-06 -3.739E-10
    19739  2.342E-04 2.342E-04  03:09:16 1.16714E-08       28144  4.260E-06 -3.768E-10
    19771  2.346E-04 2.346E-04  03:09:37 1.18883E-08       16908  4.305E-06 -3.800E-10
    19803  2.349E-04 2.349E-04  03:09:58 1.17867E-08       39380  4.299E-06 -3.806E-10
    19835  2.353E-04 2.353E-04  03:10:18 1.22410E-08       61852  4.238E-06 -3.817E-10
    19867  2.357E-04 2.357E-04  03:10:39 1.17864E-08       16908  4.133E-06 -3.786E-10
    19899  2.361E-04 2.361E-04  03:10:59 1.16714E-08       84324  4.007E-06 -3.770E-10
    19930  2.364E-04 2.364E-04  03:11:19 1.16714E-08       61852  3.890E-06 -3.720E-10
    19962  2.368E-04 2.368E-04  03:11:40 1.16714E-08       73088  3.804E-06 -3.693E-10
    19994  2.372E-04 2.372E-04  03:12:01 1.16714E-08       39380  3.774E-06 -3.668E-10
    20026  2.376E-04 2.376E-04  03:12:21 1.19777E-08       39380  3.812E-06 -3.684E-10
    20058  2.379E-04 2.379E-04  03:12:42 1.18882E-08       84324  3.915E-06 -3.722E-10
    20090  2.383E-04 2.383E-04  03:13:03 1.19777E-08       16908  4.061E-06 -3.772E-10
    20122  2.387E-04 2.387E-04  03:13:23 1.18885E-08       61852  4.219E-06 -3.811E-10
    20154  2.391E-04 2.391E-04  03:13:44 1.19777E-08       16908  4.354E-06 -3.848E-10
    20186  2.395E-04 2.395E-04  03:14:05 1.21232E-08       16908  4.432E-06 -3.888E-10
    20217  2.398E-04 2.398E-04  03:14:25 1.19777E-08       39380  4.435E-06 -3.916E-10
    20231  2.400E-04 2.400E-04  03:14:34 1.18882E-08       28144  4.411E-06 -3.923E-10
Output Field Frame Number    24, of     25, at step time 2.400E-04
    20262  2.404E-04 2.404E-04  03:14:55 1.16714E-08       16908  4.313E-06 -3.924E-10
    20293  2.407E-04 2.407E-04  03:15:15 1.16714E-08       61852  4.165E-06 -3.903E-10
    20324  2.411E-04 2.411E-04  03:15:35 1.16714E-08       16908  3.998E-06 -3.858E-10
    20355  2.415E-04 2.415E-04  03:15:55 1.16714E-08       28144  3.843E-06 -3.808E-10
    20386  2.418E-04 2.418E-04  03:16:15 1.16714E-08       16908  3.729E-06 -3.767E-10
    20417  2.422E-04 2.422E-04  03:16:36 1.16714E-08       28144  3.678E-06 -3.755E-10
    20448  2.425E-04 2.425E-04  03:16:56 1.17865E-08       28144  3.700E-06 -3.767E-10
    20480  2.429E-04 2.429E-04  03:17:17 1.16714E-08        5672  3.793E-06 -3.802E-10
    20511  2.433E-04 2.433E-04  03:17:37 1.19777E-08        5672  3.932E-06 -3.831E-10
    20543  2.437E-04 2.437E-04  03:17:58 1.18882E-08       16908  4.097E-06 -3.874E-10
    20574  2.441E-04 2.441E-04  03:18:18 1.16714E-08       39380  4.240E-06 -3.905E-10
    20606  2.444E-04 2.444E-04  03:18:38 1.16714E-08       16908  4.341E-06 -3.942E-10
    20638  2.448E-04 2.448E-04  03:18:59 1.16714E-08       16908  4.379E-06 -3.987E-10
    20670  2.452E-04 2.452E-04  03:19:19 1.16714E-08       61852  4.350E-06 -4.006E-10
    20702  2.455E-04 2.455E-04  03:19:40 1.16714E-08       84324  4.262E-06 -3.997E-10
    20734  2.459E-04 2.459E-04  03:20:00 1.16714E-08       61852  4.137E-06 -3.966E-10
    20766  2.463E-04 2.463E-04  03:20:21 1.16716E-08       39380  4.003E-06 -3.929E-10
    20797  2.467E-04 2.467E-04  03:20:41 1.16714E-08       73088  3.890E-06 -3.892E-10
    20829  2.470E-04 2.470E-04  03:21:02 1.20557E-08       61852  3.815E-06 -3.873E-10
    20860  2.474E-04 2.474E-04  03:21:23 1.20557E-08       73088  3.795E-06 -3.875E-10
    20892  2.478E-04 2.478E-04  03:21:43 1.17864E-08       61852  3.828E-06 -3.898E-10
    20924  2.482E-04 2.482E-04  03:22:04 1.21232E-08       16908  3.903E-06 -3.917E-10

 STEP 1  ORIGIN 0.0000

              STEP     TOTAL      WALL        STABLE    CRITICAL    KINETIC      TOTAL
INCREMENT     TIME      TIME      TIME     INCREMENT     ELEMENT     ENERGY     ENERGY
    20956  2.485E-04 2.485E-04  03:22:24 1.18882E-08       39380  3.997E-06 -3.942E-10
    20987  2.489E-04 2.489E-04  03:22:45 1.20557E-08       84324  4.079E-06 -3.967E-10
    21016  2.493E-04 2.493E-04  03:23:06 1.16714E-08       73088  4.129E-06 -3.992E-10
    21044  2.496E-04 2.496E-04  03:23:26 1.16714E-08       28144  4.143E-06 -4.020E-10
    21073  2.499E-04 2.499E-04  03:23:47 1.16714E-08       16908  4.121E-06 -4.036E-10
    21079  2.500E-04 2.500E-04  03:23:51 1.16714E-08       84324  4.113E-06 -4.036E-10
Restart Number  1 at 2.50000E-04
Output Field Frame Number    25, of     25, at step time 2.500E-04
  EXPLICIT EXECUTABLE TIME SUMMARY
       USER TIME (SEC)      =   72108.
       SYSTEM TIME (SEC)    =   1253.5
       WALLCLOCK TIME (SEC) =        12237
              INIT (SEC) =          8
              MAIN (SEC) =      12229

  THE ANALYSIS HAS COMPLETED SUCCESSFULLY

