Abaqus/Explicit 2026                             DATE 21-9ÔÂ-2026  TIME 14:02:35
-------------------------------------------------------------------------------
 PREPROCESSOR WARNING MESSAGES
-------------------------------------------------------------------------------


***WARNING: There are 6 warning messages in the data (.dat) file.  Please
            check the data file for possible errors in the input file.


-------------------------------------------------------------------------------
 NUMERICAL PRECISION USED FOR THIS Abaqus/Explicit ANALYSIS
-------------------------------------------------------------------------------

Single precision package and double precision explicit executables will be
used in this analysis.

-------------------------------------------------------------------------------
-------------------------------------------------------------------------------
 MODEL INFORMATION (IN GLOBAL X-Y COORDINATES)
-------------------------------------------------------------------------------

   Total mass in model = 3.30000E-02
   Center of mass of model = ( 5.000000E-02, 5.000000E-02, 1.000000E-03)

    Moments of Inertia :
                 About Center of Mass              About Origin
      I(XX)          2.751889E-05                  1.100519E-04
      I(YY)          2.751889E-05                  1.100519E-04
      I(ZZ)          5.501510E-05                  2.200151E-04
      I(XY)         -9.793959E-13                 -8.250001E-05
      I(YZ)         -1.000416E-13                 -1.650000E-06
      I(ZX)         -1.027881E-13                 -1.650000E-06

-------------------------------------------------------------------------------
 STABLE TIME INCREMENT INFORMATION
-------------------------------------------------------------------------------


  The stable time increment estimate for each element is based on
  linearization about the initial state.


   Initial time increment = 1.22410E-08

   Statistics over 89888 deformable elements:
      Mean = 2.26340E-08
      Standard deviation = 3.64392E-09

   Most critical elements:
    Element number   Rank    Time increment   Increment ratio
   ----------------------------------------------------------
       16908          1       1.224104E-08      1.000000E+00
       28144          2       1.224104E-08      1.000000E+00
        5672          3       1.224104E-08      9.999999E-01
       39380          4       1.224104E-08      9.999999E-01
       61852          5       1.224104E-08      9.999999E-01
       73088          6       1.224104E-08      9.999999E-01
       84324          7       1.224104E-08      9.999999E-01
       50616          8       1.224104E-08      9.999999E-01
       16907          9       1.224107E-08      9.999973E-01
       28143         10       1.224107E-08      9.999973E-01

-------------------------------------------------------------------------------

  INFORMATION REGARDING INITIAL CONTACT OVERCLOSURES FOR NEWLY DEFINED GENERAL
  CONTACT INTERACTIONS IN STEP 1

-------------------------------------------------------------------------------

  No initial node-face overclosures found.


  Abaqus/Explicit will attempt to resolve 27 initial edge-edge overclosure(s).


  Maximum initial overclosure for edge-edge contact is 6.77626E-20 between the
  edge defined by nodes 22847 and 22846 and the edge defined by nodes 34295
  and 34296


  No nodal position adjustments have been made.


  No node-face overclosures left unresolved.


  29 edge-edge overclosure(s) left unresolved and will be stored as offsets.
  To help identify the nodes involved in the overclosures a node set
  InfoNodeUnresolvInitOver has been created. Check the message file for more
  detailed information.


  Maximum unresolved overclosure is 1.21973E-19 between the edge defined by
  nodes 131396 and 131503 and the edge defined by nodes 142952 and 142845


  For more detailed information on initial overclosures, use the *DIAGNOSTICS,
  CONTACT=DETAIL command and see the message (.msg) file.


***NOTE: You can view the deformed configuration due to the resolution of
         initial overclosures.  In increment 0, draw the deformed shape or
         draw a symbol plot of vector displacements.

------------------------------------------------------------------------------

Abaqus/Explicit 2026                             DATE 21-9ÔÂ-2026  TIME 14:02:48
The entire model is considered 1 domain.
Only 1 MPI rank is used.

-------------------------------------------------------------------------------
 SOLUTION PROGRESS
-------------------------------------------------------------------------------

 STEP 1  ORIGIN 0.0000

  Total memory used for step 1 is approximately 2.9 gigabytes.
  Global time estimation algorithm will be used.
  Scaling factor:  1.0000
              STEP     TOTAL      WALL        STABLE    CRITICAL    KINETIC      TOTAL
INCREMENT     TIME      TIME      TIME     INCREMENT     ELEMENT     ENERGY     ENERGY
        0  0.000E+00 0.000E+00  00:00:04 1.16459E-08       28144  0.000E+00  0.000E+00
Output Field Frame Number     0, of     25, at step time 0.000E+00
       37  4.309E-07 4.309E-07  00:00:27 1.16446E-08       28144  4.209E-15  2.618E-17
       80  9.316E-07 9.316E-07  00:00:48 1.16446E-08       28144  2.996E-13  2.039E-15
      123  1.432E-06 1.432E-06  00:01:10 1.16446E-08       28144  4.121E-12  3.087E-14
      166  1.933E-06 1.933E-06  00:01:31 1.16446E-08       28144  2.649E-11  1.857E-13
      209  2.434E-06 2.434E-06  00:01:51 1.16446E-08       28144  1.110E-10  5.882E-13
      251  2.923E-06 2.923E-06  00:02:12 1.16446E-08       28144  3.297E-10  1.172E-12
      293  3.412E-06 3.412E-06  00:02:33 1.16446E-08       28144  7.471E-10  1.684E-12
      336  3.913E-06 3.913E-06  00:02:54 1.16446E-08       16908  1.337E-09  1.725E-12
      379  4.413E-06 4.413E-06  00:03:14 1.16446E-08       16908  1.854E-09  1.007E-12
      421  4.902E-06 4.902E-06  00:03:36 1.16446E-08       16908  1.941E-09  9.183E-14
      463  5.391E-06 5.391E-06  00:03:56 1.16446E-08       28144  1.503E-09  3.190E-14
      507  5.904E-06 5.904E-06  00:04:17 1.16446E-08       28144  1.204E-09  1.186E-13
      551  6.416E-06 6.416E-06  00:04:38 1.16446E-08       28144  2.636E-09  2.387E-13
      595  6.929E-06 6.929E-06  00:04:59 1.16446E-08       28144  8.040E-09  3.927E-13
      638  7.429E-06 7.429E-06  00:05:19 1.16446E-08       28144  1.951E-08  5.127E-13
      679  7.907E-06 7.907E-06  00:05:40 1.16446E-08       28144  3.673E-08  5.208E-13
      715  8.326E-06 8.326E-06  00:06:01 1.16446E-08       28144  5.486E-08  4.413E-13
      759  8.838E-06 8.838E-06  00:06:22 1.16446E-08       28144  7.525E-08  3.713E-13
      803  9.351E-06 9.351E-06  00:06:43 1.16446E-08       28144  8.673E-08  4.097E-13
      847  9.863E-06 9.863E-06  00:07:04 1.16446E-08       28144  8.471E-08  7.038E-13
      859  1.000E-05 1.000E-05  00:07:09 1.16446E-08       28144  8.194E-08  8.641E-13
Output Field Frame Number     1, of     25, at step time 1.000E-05
      903  1.052E-05 1.052E-05  00:07:30 1.16446E-08       28144  6.572E-08  2.730E-11
      947  1.103E-05 1.103E-05  00:07:51 1.16446E-08       28144  5.399E-08  7.354E-11
      991  1.154E-05 1.154E-05  00:08:12 1.16446E-08       28144  6.773E-08  1.127E-10
     1035  1.205E-05 1.205E-05  00:08:32 1.16446E-08       16908  1.221E-07  2.105E-10
     1079  1.256E-05 1.256E-05  00:08:53 1.16446E-08       16908  2.168E-07  3.369E-10
     1122  1.307E-05 1.307E-05  00:09:14 1.16446E-08       28144  3.355E-07  3.023E-10
     1166  1.358E-05 1.358E-05  00:09:34 1.16446E-08       28144  4.501E-07  1.966E-10
     1203  1.401E-05 1.401E-05  00:09:56 1.16446E-08       28144  5.147E-07  1.326E-10
     1240  1.444E-05 1.444E-05  00:10:16 1.16446E-08       28144  5.351E-07  7.665E-11
     1283  1.494E-05 1.494E-05  00:10:37 1.16446E-08       28144  5.028E-07  5.762E-12
     1327  1.545E-05 1.545E-05  00:10:58 1.16446E-08       28144  4.335E-07  2.817E-12
     1370  1.595E-05 1.595E-05  00:11:18 1.16446E-08       28144  3.842E-07  5.624E-12
     1414  1.647E-05 1.647E-05  00:11:39 1.16446E-08       28144  4.049E-07  8.483E-12
     1458  1.698E-05 1.698E-05  00:12:00 1.16446E-08       28144  5.394E-07  1.023E-11
     1502  1.749E-05 1.749E-05  00:12:20 1.16446E-08       28144  7.901E-07  1.018E-11
     1546  1.800E-05 1.800E-05  00:12:41 1.16446E-08       28144  1.103E-06  8.625E-12
     1590  1.851E-05 1.851E-05  00:13:02 1.16446E-08       28144  1.386E-06  7.405E-12
     1634  1.903E-05 1.903E-05  00:13:23 1.16446E-08       28144  1.552E-06  9.103E-12

 STEP 1  ORIGIN 0.0000

              STEP     TOTAL      WALL        STABLE    CRITICAL    KINETIC      TOTAL
INCREMENT     TIME      TIME      TIME     INCREMENT     ELEMENT     ENERGY     ENERGY
     1677  1.953E-05 1.953E-05  00:13:43 1.16446E-08       28144  1.562E-06  1.142E-11
     1718  2.001E-05 2.001E-05  00:14:03 1.16446E-08       28144  1.450E-06  1.644E-11
Output Field Frame Number     2, of     25, at step time 2.001E-05
     1760  2.049E-05 2.049E-05  00:14:23 1.16446E-08       28144  1.273E-06  1.623E-10
     1804  2.101E-05 2.101E-05  00:14:44 1.16446E-08       16908  1.153E-06  3.124E-10
     1847  2.151E-05 2.151E-05  00:15:05 1.16446E-08       28144  1.211E-06  3.977E-10
     1890  2.201E-05 2.201E-05  00:15:25 1.16446E-08       28144  1.490E-06  7.195E-10
     1934  2.252E-05 2.252E-05  00:15:46 1.16446E-08       28144  1.948E-06  1.144E-09
     1978  2.303E-05 2.303E-05  00:16:07 1.16446E-08       28144  2.475E-06  8.587E-10
     2022  2.355E-05 2.355E-05  00:16:28 1.16446E-08       28144  2.891E-06  5.408E-10
     2066  2.406E-05 2.406E-05  00:16:49 1.16446E-08       28144  3.072E-06  3.435E-10
     2109  2.456E-05 2.456E-05  00:17:09 1.16446E-08       61852  2.983E-06  1.192E-10
     2153  2.507E-05 2.507E-05  00:17:30 1.16446E-08       28144  2.695E-06 -1.043E-10
     2197  2.558E-05 2.558E-05  00:17:51 1.16446E-08       28144  2.369E-06 -9.497E-11
     2238  2.606E-05 2.606E-05  00:18:12 1.16446E-08       28144  2.211E-06 -8.761E-11
     2276  2.650E-05 2.650E-05  00:18:34 1.16446E-08       28144  2.297E-06 -8.234E-11
     2312  2.692E-05 2.692E-05  00:18:55 1.16446E-08       16908  2.616E-06 -8.279E-11
     2349  2.735E-05 2.735E-05  00:19:16 1.16446E-08       28144  3.135E-06 -8.754E-11
     2386  2.778E-05 2.778E-05  00:19:38 1.16446E-08       16908  3.736E-06 -9.162E-11
     2424  2.823E-05 2.823E-05  00:20:00 1.16446E-08       16908  4.283E-06 -9.707E-11
     2468  2.874E-05 2.874E-05  00:20:21 1.16446E-08       16908  4.642E-06 -9.760E-11
     2511  2.924E-05 2.924E-05  00:20:41 1.16446E-08       16908  4.609E-06 -9.026E-11
     2557  2.978E-05 2.978E-05  00:21:02 1.16446E-08       16908  4.199E-06 -8.348E-11
     2577  3.001E-05 3.001E-05  00:21:11 1.16446E-08       16908  3.952E-06 -7.429E-11
Output Field Frame Number     3, of     25, at step time 3.001E-05
     2623  3.054E-05 3.054E-05  00:21:32 1.16446E-08       16908  3.396E-06  8.302E-11
     2669  3.108E-05 3.108E-05  00:21:53 1.16446E-08       28144  3.125E-06  1.227E-10
     2715  3.162E-05 3.162E-05  00:22:13 1.16446E-08       28144  3.319E-06  2.383E-10
     2761  3.215E-05 3.215E-05  00:22:34 1.16446E-08       28144  3.951E-06  5.537E-10
     2807  3.269E-05 3.269E-05  00:22:55 1.16446E-08       84324  4.794E-06  5.493E-10
     2853  3.322E-05 3.322E-05  00:23:16 1.16446E-08       84324  5.517E-06  2.426E-10
     2899  3.376E-05 3.376E-05  00:23:36 1.16446E-08       84324  5.829E-06  1.250E-10
     2944  3.428E-05 3.428E-05  00:23:57 1.16446E-08       84324  5.635E-06  5.745E-11
     2989  3.481E-05 3.481E-05  00:24:17 1.16446E-08       61852  5.061E-06 -1.089E-10
     3027  3.525E-05 3.525E-05  00:24:38 1.16446E-08       50616  4.471E-06 -1.229E-10
     3063  3.567E-05 3.567E-05  00:24:59 1.16446E-08       50616  4.017E-06 -1.132E-10
     3100  3.610E-05 3.610E-05  00:25:19 1.16446E-08       28144  3.800E-06 -1.063E-10
     3139  3.655E-05 3.655E-05  00:25:41 1.16446E-08       28144  3.923E-06 -1.057E-10
     3178  3.701E-05 3.701E-05  00:26:01 1.16446E-08       28144  4.372E-06 -1.128E-10
     3218  3.747E-05 3.747E-05  00:26:22 1.16446E-08       16908  5.024E-06 -1.235E-10
     3258  3.794E-05 3.794E-05  00:26:43 1.16446E-08        5672  5.659E-06 -1.321E-10
     3297  3.839E-05 3.839E-05  00:27:03 1.16446E-08       28144  6.070E-06 -1.373E-10

 STEP 1  ORIGIN 0.0000

              STEP     TOTAL      WALL        STABLE    CRITICAL    KINETIC      TOTAL
INCREMENT     TIME      TIME      TIME     INCREMENT     ELEMENT     ENERGY     ENERGY
     3328  3.875E-05 3.875E-05  00:27:24 1.16446E-08       28144  6.169E-06 -1.364E-10
     3369  3.923E-05 3.923E-05  00:27:44 1.16446E-08       16908  5.976E-06 -1.304E-10
     3411  3.972E-05 3.972E-05  00:28:05 1.16446E-08        5672  5.492E-06 -1.244E-10
     3436  4.001E-05 4.001E-05  00:28:18 1.16446E-08        5672  5.145E-06 -1.152E-10
Output Field Frame Number     4, of     25, at step time 4.001E-05
     3479  4.051E-05 4.051E-05  00:28:39 1.16446E-08        5672  4.608E-06 -9.101E-11
     3522  4.101E-05 4.101E-05  00:28:59 1.16446E-08       16908  4.315E-06 -8.738E-11
     3565  4.151E-05 4.151E-05  00:29:20 1.16446E-08       61852  4.356E-06 -8.022E-11
     3608  4.201E-05 4.201E-05  00:29:40 1.16446E-08       84324  4.690E-06 -6.194E-11
     3651  4.251E-05 4.251E-05  00:30:01 1.16446E-08       84324  5.165E-06 -7.136E-11
     3694  4.302E-05 4.302E-05  00:30:22 1.16446E-08       84324  5.597E-06 -1.119E-10
     3737  4.352E-05 4.352E-05  00:30:43 1.16446E-08       84324  5.833E-06 -1.223E-10
     3780  4.402E-05 4.402E-05  00:31:04 1.16446E-08       28144  5.815E-06 -1.237E-10
     3822  4.451E-05 4.451E-05  00:31:25 1.16446E-08       84324  5.592E-06 -1.244E-10
     3865  4.501E-05 4.501E-05  00:31:45 1.16446E-08       61852  5.263E-06 -1.254E-10
     3906  4.548E-05 4.548E-05  00:32:07 1.16446E-08       50616  4.972E-06 -1.216E-10
     3941  4.589E-05 4.589E-05  00:32:27 1.16446E-08       61852  4.809E-06 -1.195E-10
     3982  4.637E-05 4.637E-05  00:32:49 1.16446E-08       39380  4.749E-06 -1.194E-10
     4015  4.675E-05 4.675E-05  00:33:10 1.16446E-08       16908  4.796E-06 -1.212E-10
     4049  4.715E-05 4.715E-05  00:33:32 1.16446E-08       28144  4.904E-06 -1.244E-10
     4084  4.756E-05 4.756E-05  00:33:53 1.16446E-08       28144  5.041E-06 -1.265E-10
     4122  4.800E-05 4.800E-05  00:34:14 1.16446E-08        5672  5.183E-06 -1.280E-10
     4161  4.845E-05 4.845E-05  00:34:34 1.16446E-08        5672  5.291E-06 -1.271E-10
     4202  4.893E-05 4.893E-05  00:34:54 1.16446E-08       16908  5.357E-06 -1.259E-10
     4244  4.942E-05 4.942E-05  00:35:15 1.16446E-08        5672  5.380E-06 -1.276E-10
     4285  4.990E-05 4.990E-05  00:35:36 1.16446E-08        5672  5.373E-06 -1.289E-10
     4294  5.000E-05 5.000E-05  00:35:41 1.16446E-08       16908  5.368E-06 -1.291E-10
Output Field Frame Number     5, of     25, at step time 5.000E-05
     4335  5.048E-05 5.048E-05  00:36:01 1.16446E-08       16908  5.330E-06 -1.311E-10
     4376  5.096E-05 5.096E-05  00:36:22 1.16446E-08       16908  5.261E-06 -1.310E-10
     4418  5.145E-05 5.145E-05  00:36:43 1.16446E-08       61852  5.151E-06 -1.302E-10
     4460  5.194E-05 5.194E-05  00:37:04 1.16446E-08       28144  5.011E-06 -1.283E-10
     4501  5.241E-05 5.241E-05  00:37:24 1.16446E-08       28144  4.875E-06 -1.256E-10
     4543  5.290E-05 5.290E-05  00:37:45 1.16446E-08       39380  4.782E-06 -1.221E-10
     4585  5.339E-05 5.339E-05  00:38:06 1.16446E-08       28144  4.783E-06 -1.186E-10
     4627  5.388E-05 5.388E-05  00:38:27 1.16446E-08       84324  4.902E-06 -1.202E-10
     4670  5.438E-05 5.438E-05  00:38:48 1.16446E-08       84324  5.127E-06 -1.244E-10
     4712  5.487E-05 5.487E-05  00:39:08 1.16446E-08       84324  5.383E-06 -1.328E-10
     4753  5.535E-05 5.535E-05  00:39:29 1.16446E-08       61852  5.582E-06 -1.390E-10
     4792  5.580E-05 5.580E-05  00:39:50 1.16446E-08       61852  5.653E-06 -1.422E-10
     4828  5.622E-05 5.622E-05  00:40:11 1.16446E-08       73088  5.583E-06 -1.417E-10
     4864  5.664E-05 5.664E-05  00:40:31 1.16446E-08       84324  5.388E-06 -1.380E-10

 STEP 1  ORIGIN 0.0000

              STEP     TOTAL      WALL        STABLE    CRITICAL    KINETIC      TOTAL
INCREMENT     TIME      TIME      TIME     INCREMENT     ELEMENT     ENERGY     ENERGY
     4905  5.712E-05 5.712E-05  00:40:52 1.16446E-08       73088  5.068E-06 -1.321E-10
     4946  5.759E-05 5.759E-05  00:41:13 1.16446E-08       73088  4.742E-06 -1.236E-10
     4985  5.805E-05 5.805E-05  00:41:34 1.16446E-08       61852  4.525E-06 -1.177E-10
     5022  5.848E-05 5.848E-05  00:41:55 1.16446E-08       16908  4.470E-06 -1.150E-10
     5053  5.884E-05 5.884E-05  00:42:15 1.16446E-08       73088  4.553E-06 -1.149E-10
     5085  5.921E-05 5.921E-05  00:42:35 1.16446E-08       28144  4.749E-06 -1.201E-10
     5117  5.959E-05 5.959E-05  00:42:56 1.16446E-08       16908  5.016E-06 -1.280E-10
     5149  5.996E-05 5.996E-05  00:43:16 1.16446E-08       16908  5.302E-06 -1.359E-10
     5153  6.000E-05 6.000E-05  00:43:19 1.16446E-08       28144  5.335E-06 -1.368E-10
Output Field Frame Number     6, of     25, at step time 6.000E-05
     5192  6.046E-05 6.046E-05  00:43:40 1.16446E-08       16908  5.610E-06 -1.447E-10
     5226  6.085E-05 6.085E-05  00:44:00 1.16446E-08       16908  5.727E-06 -1.477E-10
     5268  6.134E-05 6.134E-05  00:44:21 1.16446E-08        5672  5.675E-06 -1.466E-10
     5310  6.183E-05 6.183E-05  00:44:42 1.16446E-08       16908  5.435E-06 -1.408E-10
     5352  6.232E-05 6.232E-05  00:45:03 1.16446E-08       16908  5.096E-06 -1.319E-10
     5394  6.281E-05 6.281E-05  00:45:23 1.16446E-08        5672  4.779E-06 -1.249E-10
     5434  6.328E-05 6.328E-05  00:45:44 1.16446E-08       16908  4.592E-06 -1.206E-10
     5476  6.377E-05 6.377E-05  00:46:05 1.16446E-08       28144  4.566E-06 -1.192E-10
     5509  6.415E-05 6.415E-05  00:46:26 1.16446E-08       28144  4.660E-06 -1.218E-10
     5539  6.450E-05 6.450E-05  00:46:46 1.16446E-08       28144  4.807E-06 -1.271E-10
     5571  6.487E-05 6.487E-05  00:47:07 1.16446E-08       28144  4.989E-06 -1.337E-10
     5602  6.523E-05 6.523E-05  00:47:27 1.16446E-08       61852  5.154E-06 -1.392E-10
     5633  6.559E-05 6.559E-05  00:47:48 1.16446E-08       28144  5.280E-06 -1.430E-10
     5664  6.596E-05 6.596E-05  00:48:09 1.16446E-08       28144  5.349E-06 -1.445E-10
     5695  6.632E-05 6.632E-05  00:48:29 1.16446E-08       84324  5.361E-06 -1.431E-10
     5726  6.668E-05 6.668E-05  00:48:49 1.16446E-08       84324  5.327E-06 -1.401E-10
     5757  6.704E-05 6.704E-05  00:49:10 1.16446E-08       84324  5.264E-06 -1.381E-10
     5788  6.740E-05 6.740E-05  00:49:31 1.16446E-08       84324  5.194E-06 -1.352E-10
     5818  6.775E-05 6.775E-05  00:49:51 1.16446E-08       84324  5.133E-06 -1.336E-10
     5849  6.811E-05 6.811E-05  00:50:11 1.16446E-08       84324  5.086E-06 -1.335E-10
     5881  6.848E-05 6.848E-05  00:50:32 1.16446E-08       50616  5.054E-06 -1.331E-10
     5912  6.884E-05 6.884E-05  00:50:52 1.16446E-08       84324  5.031E-06 -1.316E-10
     5943  6.920E-05 6.920E-05  00:51:13 1.16446E-08       84324  5.006E-06 -1.323E-10
     5974  6.957E-05 6.957E-05  00:51:34 1.16446E-08       16908  4.971E-06 -1.345E-10
     6004  6.991E-05 6.991E-05  00:51:54 1.16446E-08       28144  4.924E-06 -1.362E-10
     6012  7.001E-05 7.001E-05  00:52:01 1.16446E-08       16908  4.910E-06 -1.367E-10
Output Field Frame Number     7, of     25, at step time 7.001E-05
     6038  7.031E-05 7.031E-05  00:52:21 1.16446E-08       16908  4.862E-06 -1.377E-10
     6065  7.062E-05 7.062E-05  00:52:42 1.16446E-08       28144  4.817E-06 -1.377E-10
     6092  7.094E-05 7.094E-05  00:53:02 1.16446E-08        5672  4.786E-06 -1.368E-10
     6120  7.127E-05 7.127E-05  00:53:22 1.16446E-08        5672  4.780E-06 -1.350E-10
     6149  7.160E-05 7.160E-05  00:53:43 1.16446E-08        5672  4.812E-06 -1.341E-10

 STEP 1  ORIGIN 0.0000

              STEP     TOTAL      WALL        STABLE    CRITICAL    KINETIC      TOTAL
INCREMENT     TIME      TIME      TIME     INCREMENT     ELEMENT     ENERGY     ENERGY
     6178  7.194E-05 7.194E-05  00:54:03 1.16446E-08        5672  4.885E-06 -1.350E-10
     6208  7.229E-05 7.229E-05  00:54:24 1.16446E-08       16908  4.998E-06 -1.360E-10
     6237  7.263E-05 7.263E-05  00:54:44 1.16446E-08       16908  5.131E-06 -1.378E-10
     6266  7.297E-05 7.297E-05  00:55:04 1.16446E-08       16908  5.265E-06 -1.404E-10
     6296  7.331E-05 7.331E-05  00:55:25 1.16446E-08       16908  5.384E-06 -1.424E-10
     6326  7.366E-05 7.366E-05  00:55:46 1.16446E-08       16908  5.459E-06 -1.429E-10
     6356  7.401E-05 7.401E-05  00:56:06 1.16446E-08       16908  5.473E-06 -1.426E-10
     6387  7.437E-05 7.437E-05  00:56:27 1.16446E-08       61852  5.415E-06 -1.430E-10
     6418  7.474E-05 7.474E-05  00:56:47 1.16446E-08       61852  5.289E-06 -1.430E-10
     6449  7.510E-05 7.510E-05  00:57:08 1.16446E-08       28144  5.111E-06 -1.426E-10
     6480  7.546E-05 7.546E-05  00:57:28 1.16446E-08       84324  4.908E-06 -1.410E-10
     6511  7.582E-05 7.582E-05  00:57:49 1.16446E-08       28144  4.710E-06 -1.385E-10
     6542  7.618E-05 7.618E-05  00:58:09 1.16446E-08       28144  4.550E-06 -1.348E-10
     6573  7.654E-05 7.654E-05  00:58:29 1.16446E-08       84324  4.453E-06 -1.327E-10
     6605  7.691E-05 7.691E-05  00:58:50 1.16446E-08       84324  4.438E-06 -1.322E-10
     6636  7.727E-05 7.727E-05  00:59:10 1.16446E-08       61852  4.511E-06 -1.329E-10
     6667  7.763E-05 7.763E-05  00:59:31 1.16446E-08       61852  4.663E-06 -1.343E-10
     6699  7.801E-05 7.801E-05  00:59:52 1.16446E-08       73088  4.884E-06 -1.374E-10
     6730  7.837E-05 7.837E-05  01:00:12 1.16446E-08       61852  5.130E-06 -1.403E-10
     6762  7.874E-05 7.874E-05  01:00:33 1.16446E-08       39380  5.379E-06 -1.431E-10
     6793  7.910E-05 7.910E-05  01:00:53 1.16446E-08       84324  5.577E-06 -1.464E-10
     6824  7.946E-05 7.946E-05  01:01:13 1.16446E-08       28144  5.699E-06 -1.501E-10
     6855  7.982E-05 7.982E-05  01:01:34 1.16446E-08       73088  5.717E-06 -1.524E-10
     6871  8.001E-05 8.001E-05  01:01:44 1.16446E-08       39380  5.682E-06 -1.531E-10
Output Field Frame Number     8, of     25, at step time 8.001E-05
     6902  8.037E-05 8.037E-05  01:02:05 1.16446E-08       16908  5.528E-06 -1.534E-10
     6933  8.073E-05 8.073E-05  01:02:25 1.16446E-08       16908  5.274E-06 -1.507E-10
     6964  8.109E-05 8.109E-05  01:02:45 1.16446E-08       28144  4.955E-06 -1.461E-10
     6995  8.145E-05 8.145E-05  01:03:06 1.16446E-08       16908  4.617E-06 -1.405E-10
     7027  8.183E-05 8.183E-05  01:03:27 1.16446E-08       16908  4.311E-06 -1.348E-10
     7058  8.219E-05 8.219E-05  01:03:47 1.16446E-08       16908  4.110E-06 -1.302E-10
     7089  8.255E-05 8.255E-05  01:04:08 1.16446E-08       28144  4.049E-06 -1.276E-10
     7121  8.292E-05 8.292E-05  01:04:28 1.16446E-08       28144  4.153E-06 -1.279E-10
     7154  8.331E-05 8.331E-05  01:04:49 1.16446E-08       84324  4.431E-06 -1.314E-10
     7186  8.368E-05 8.368E-05  01:05:09 1.16446E-08       84324  4.822E-06 -1.372E-10
     7219  8.406E-05 8.406E-05  01:05:29 1.16446E-08       84324  5.275E-06 -1.448E-10
     7252  8.445E-05 8.445E-05  01:05:50 1.16446E-08       50616  5.689E-06 -1.531E-10
     7283  8.481E-05 8.481E-05  01:06:10 1.16446E-08       84324  5.960E-06 -1.597E-10
     7314  8.517E-05 8.517E-05  01:06:30 1.16446E-08       28144  6.061E-06 -1.637E-10
     7345  8.553E-05 8.553E-05  01:06:51 1.16446E-08       61852  5.964E-06 -1.642E-10
     7376  8.589E-05 8.589E-05  01:07:11 1.16446E-08       28144  5.682E-06 -1.608E-10

 STEP 1  ORIGIN 0.0000

              STEP     TOTAL      WALL        STABLE    CRITICAL    KINETIC      TOTAL
INCREMENT     TIME      TIME      TIME     INCREMENT     ELEMENT     ENERGY     ENERGY
     7408  8.626E-05 8.626E-05  01:07:32 1.16446E-08       28144  5.247E-06 -1.544E-10
     7440  8.664E-05 8.664E-05  01:07:52 1.16446E-08       28144  4.748E-06 -1.457E-10
     7473  8.702E-05 8.702E-05  01:08:12 1.16446E-08       16908  4.271E-06 -1.368E-10
     7505  8.739E-05 8.739E-05  01:08:33 1.16446E-08       16908  3.940E-06 -1.294E-10
     7538  8.778E-05 8.778E-05  01:08:53 1.16446E-08        5672  3.804E-06 -1.258E-10
     7570  8.815E-05 8.815E-05  01:09:14 1.16446E-08        5672  3.898E-06 -1.271E-10
     7601  8.851E-05 8.851E-05  01:09:34 1.16446E-08        5672  4.184E-06 -1.319E-10
     7633  8.888E-05 8.888E-05  01:09:55 1.16446E-08        5672  4.619E-06 -1.390E-10
     7665  8.926E-05 8.926E-05  01:10:15 1.16446E-08        5672  5.112E-06 -1.479E-10
     7698  8.964E-05 8.964E-05  01:10:36 1.16446E-08        5672  5.577E-06 -1.570E-10
     7729  9.000E-05 9.000E-05  01:10:55 1.16446E-08       16908  5.890E-06 -1.638E-10
Output Field Frame Number     9, of     25, at step time 9.000E-05
     7762  9.039E-05 9.039E-05  01:11:16 1.16446E-08       16908  6.029E-06 -1.683E-10
     7795  9.077E-05 9.077E-05  01:11:37 1.16446E-08       16908  5.949E-06 -1.684E-10
     7829  9.117E-05 9.117E-05  01:11:58 1.16446E-08       28144  5.660E-06 -1.642E-10
     7861  9.154E-05 9.154E-05  01:12:19 1.16446E-08       84324  5.258E-06 -1.573E-10
     7893  9.191E-05 9.191E-05  01:12:39 1.16446E-08       84324  4.808E-06 -1.495E-10
     7925  9.228E-05 9.228E-05  01:12:59 1.16446E-08       84324  4.396E-06 -1.412E-10
     7957  9.266E-05 9.266E-05  01:13:20 1.16446E-08       84324  4.092E-06 -1.356E-10
     7989  9.303E-05 9.303E-05  01:13:40 1.16446E-08       84324  3.948E-06 -1.337E-10
     8021  9.340E-05 9.340E-05  01:14:01 1.16446E-08       28144  3.982E-06 -1.343E-10
     8054  9.379E-05 9.379E-05  01:14:21 1.16446E-08       84324  4.190E-06 -1.368E-10
     8087  9.417E-05 9.417E-05  01:14:41 1.16446E-08       84324  4.530E-06 -1.414E-10
     8120  9.455E-05 9.455E-05  01:15:02 1.16446E-08       84324  4.934E-06 -1.500E-10
     8152  9.493E-05 9.493E-05  01:15:22 1.16446E-08       61852  5.316E-06 -1.584E-10
     8186  9.532E-05 9.532E-05  01:15:43 1.16446E-08       28144  5.638E-06 -1.662E-10
     8219  9.571E-05 9.571E-05  01:16:03 1.16446E-08       28144  5.809E-06 -1.715E-10
     8252  9.609E-05 9.609E-05  01:16:24 1.16446E-08       16908  5.812E-06 -1.729E-10
     8285  9.648E-05 9.648E-05  01:16:44 1.16446E-08        5672  5.644E-06 -1.690E-10
     8317  9.685E-05 9.685E-05  01:17:05 1.16446E-08        5672  5.347E-06 -1.636E-10
     8350  9.723E-05 9.723E-05  01:17:25 1.16446E-08        5672  4.957E-06 -1.567E-10
     8383  9.762E-05 9.762E-05  01:17:46 1.16446E-08        5672  4.553E-06 -1.491E-10
     8416  9.800E-05 9.800E-05  01:18:06 1.16446E-08        5672  4.213E-06 -1.438E-10
     8450  9.840E-05 9.840E-05  01:18:26 1.16446E-08        5672  4.001E-06 -1.384E-10
     8483  9.878E-05 9.878E-05  01:18:46 1.16446E-08        5672  3.974E-06 -1.342E-10
     8517  9.918E-05 9.918E-05  01:19:07 1.16446E-08        5672  4.141E-06 -1.367E-10
     8550  9.956E-05 9.956E-05  01:19:27 1.16446E-08        5672  4.462E-06 -1.458E-10
     8584  9.996E-05 9.996E-05  01:19:47 1.16446E-08        5672  4.890E-06 -1.565E-10
     8588  1.000E-04 1.000E-04  01:19:50 1.16446E-08       16908  4.943E-06 -1.577E-10
Output Field Frame Number    10, of     25, at step time 1.000E-04
     8621  1.004E-04 1.004E-04  01:20:10 1.16446E-08       16908  5.360E-06 -1.689E-10
     8655  1.008E-04 1.008E-04  01:20:31 1.16446E-08       28144  5.689E-06 -1.777E-10

 STEP 1  ORIGIN 0.0000

              STEP     TOTAL      WALL        STABLE    CRITICAL    KINETIC      TOTAL
INCREMENT     TIME      TIME      TIME     INCREMENT     ELEMENT     ENERGY     ENERGY
     8688  1.012E-04 1.012E-04  01:20:51 1.16446E-08       84324  5.840E-06 -1.794E-10
     8722  1.016E-04 1.016E-04  01:21:12 1.16446E-08       84324  5.782E-06 -1.773E-10
     8755  1.019E-04 1.019E-04  01:21:32 1.16446E-08       84324  5.528E-06 -1.725E-10
     8789  1.023E-04 1.023E-04  01:21:53 1.16446E-08       73088  5.119E-06 -1.644E-10
     8823  1.027E-04 1.027E-04  01:22:13 1.16446E-08       84324  4.654E-06 -1.551E-10
     8857  1.031E-04 1.031E-04  01:22:34 1.16446E-08       84324  4.242E-06 -1.471E-10
     8890  1.035E-04 1.035E-04  01:22:54 1.16446E-08       84324  3.986E-06 -1.369E-10
     8924  1.039E-04 1.039E-04  01:23:14 1.16446E-08       84324  3.930E-06 -1.328E-10
     8959  1.043E-04 1.043E-04  01:23:35 1.16446E-08       84324  4.106E-06 -1.402E-10
     8989  1.047E-04 1.047E-04  01:23:56 1.16446E-08       84324  4.410E-06 -1.508E-10
     9017  1.050E-04 1.050E-04  01:24:17 1.16446E-08       61852  4.767E-06 -1.606E-10
     9045  1.053E-04 1.053E-04  01:24:37 1.16446E-08       16908  5.134E-06 -1.709E-10
     9073  1.057E-04 1.057E-04  01:24:57 1.16446E-08       16908  5.450E-06 -1.789E-10
     9101  1.060E-04 1.060E-04  01:25:18 1.16446E-08        5672  5.662E-06 -1.822E-10
     9133  1.064E-04 1.064E-04  01:25:38 1.16446E-08        5672  5.736E-06 -1.822E-10
     9174  1.068E-04 1.068E-04  01:25:59 1.16446E-08        5672  5.555E-06 -1.777E-10
     9213  1.073E-04 1.073E-04  01:26:20 1.16446E-08        5672  5.163E-06 -1.694E-10
     9254  1.078E-04 1.078E-04  01:26:41 1.16446E-08        5672  4.664E-06 -1.598E-10
     9294  1.082E-04 1.082E-04  01:27:01 1.16446E-08        5672  4.261E-06 -1.481E-10
     9336  1.087E-04 1.087E-04  01:27:22 1.16446E-08        5672  4.068E-06 -1.377E-10
     9378  1.092E-04 1.092E-04  01:27:44 1.16446E-08        5672  4.168E-06 -1.441E-10
     9420  1.097E-04 1.097E-04  01:28:04 1.16446E-08       16908  4.507E-06 -1.569E-10
     9447  1.100E-04 1.100E-04  01:28:22 1.16446E-08       16908  4.789E-06 -1.657E-10
Output Field Frame Number    11, of     25, at step time 1.100E-04
     9484  1.104E-04 1.104E-04  01:28:43 1.16446E-08       28144  5.162E-06 -1.766E-10
     9514  1.108E-04 1.108E-04  01:29:03 1.16446E-08       84324  5.386E-06 -1.805E-10
     9543  1.111E-04 1.111E-04  01:29:24 1.16446E-08       84324  5.496E-06 -1.806E-10
     9573  1.115E-04 1.115E-04  01:29:44 1.16446E-08       84324  5.483E-06 -1.795E-10
     9602  1.118E-04 1.118E-04  01:30:04 1.16446E-08       84324  5.356E-06 -1.768E-10
     9631  1.121E-04 1.121E-04  01:30:25 1.16446E-08       73088  5.143E-06 -1.722E-10
     9660  1.125E-04 1.125E-04  01:30:46 1.16446E-08       84324  4.887E-06 -1.677E-10
     9689  1.128E-04 1.128E-04  01:31:06 1.16446E-08       61852  4.632E-06 -1.628E-10
     9718  1.132E-04 1.132E-04  01:31:27 1.16446E-08       84324  4.421E-06 -1.551E-10
     9747  1.135E-04 1.135E-04  01:31:47 1.16446E-08       73088  4.287E-06 -1.479E-10
     9776  1.138E-04 1.138E-04  01:32:07 1.16446E-08       50616  4.247E-06 -1.474E-10
     9805  1.142E-04 1.142E-04  01:32:28 1.16446E-08       84324  4.301E-06 -1.520E-10
     9834  1.145E-04 1.145E-04  01:32:48 1.16446E-08       73088  4.436E-06 -1.582E-10
     9863  1.149E-04 1.149E-04  01:33:08 1.16446E-08       73088  4.624E-06 -1.649E-10
     9893  1.152E-04 1.152E-04  01:33:29 1.16446E-08       28144  4.840E-06 -1.710E-10
     9924  1.156E-04 1.156E-04  01:33:49 1.16446E-08       16908  5.046E-06 -1.753E-10
     9957  1.159E-04 1.159E-04  01:34:10 1.16446E-08        5672  5.209E-06 -1.764E-10

 STEP 1  ORIGIN 0.0000

              STEP     TOTAL      WALL        STABLE    CRITICAL    KINETIC      TOTAL
INCREMENT     TIME      TIME      TIME     INCREMENT     ELEMENT     ENERGY     ENERGY
     9987  1.163E-04 1.163E-04  01:34:30 1.16446E-08        5672  5.285E-06 -1.767E-10
    10018  1.167E-04 1.167E-04  01:34:51 1.16446E-08        5672  5.282E-06 -1.773E-10
    10048  1.170E-04 1.170E-04  01:35:11 1.16446E-08        5672  5.206E-06 -1.771E-10
    10080  1.174E-04 1.174E-04  01:35:32 1.16446E-08        5672  5.062E-06 -1.759E-10
    10110  1.177E-04 1.177E-04  01:35:53 1.16446E-08        5672  4.893E-06 -1.730E-10
    10144  1.181E-04 1.181E-04  01:36:13 1.16446E-08        5672  4.691E-06 -1.662E-10
    10183  1.186E-04 1.186E-04  01:36:34 1.16446E-08        5672  4.491E-06 -1.594E-10
    10225  1.191E-04 1.191E-04  01:36:55 1.16446E-08       16908  4.359E-06 -1.589E-10
    10267  1.196E-04 1.196E-04  01:37:16 1.16446E-08        5672  4.344E-06 -1.620E-10
    10306  1.200E-04 1.200E-04  01:37:35 1.16446E-08       16908  4.439E-06 -1.653E-10
Output Field Frame Number    12, of     25, at step time 1.200E-04
    10347  1.205E-04 1.205E-04  01:37:56 1.16446E-08       28144  4.632E-06 -1.677E-10
    10389  1.210E-04 1.210E-04  01:38:17 1.16446E-08       84324  4.881E-06 -1.709E-10
    10431  1.215E-04 1.215E-04  01:38:37 1.16446E-08       84324  5.117E-06 -1.760E-10
    10474  1.220E-04 1.220E-04  01:38:58 1.16446E-08       84324  5.272E-06 -1.828E-10
    10516  1.225E-04 1.225E-04  01:39:18 1.16446E-08       84324  5.284E-06 -1.854E-10
    10559  1.230E-04 1.230E-04  01:39:39 1.16446E-08       84324  5.134E-06 -1.820E-10
    10602  1.235E-04 1.235E-04  01:40:00 1.16446E-08       28144  4.854E-06 -1.742E-10
    10644  1.239E-04 1.239E-04  01:40:20 1.16446E-08       84324  4.534E-06 -1.682E-10
    10686  1.244E-04 1.244E-04  01:40:41 1.16446E-08       28144  4.272E-06 -1.644E-10
    10728  1.249E-04 1.249E-04  01:41:01 1.16446E-08       73088  4.159E-06 -1.622E-10
    10769  1.254E-04 1.254E-04  01:41:23 1.16446E-08       28144  4.240E-06 -1.627E-10
    10809  1.259E-04 1.259E-04  01:41:44 1.16446E-08       50616  4.485E-06 -1.661E-10
    10849  1.263E-04 1.263E-04  01:42:04 1.16446E-08       61852  4.822E-06 -1.747E-10
    10889  1.268E-04 1.268E-04  01:42:26 1.16446E-08       28144  5.147E-06 -1.848E-10
    10929  1.273E-04 1.273E-04  01:42:46 1.16446E-08        5672  5.352E-06 -1.918E-10
    10969  1.277E-04 1.277E-04  01:43:07 1.16446E-08        5672  5.369E-06 -1.918E-10
    11008  1.282E-04 1.282E-04  01:43:28 1.16446E-08        5672  5.195E-06 -1.878E-10
    11047  1.286E-04 1.286E-04  01:43:49 1.16446E-08        5672  4.887E-06 -1.804E-10
    11086  1.291E-04 1.291E-04  01:44:10 1.16446E-08        5672  4.541E-06 -1.736E-10
    11126  1.296E-04 1.296E-04  01:44:31 1.16446E-08       16908  4.259E-06 -1.676E-10
    11164  1.300E-04 1.300E-04  01:44:51 1.16446E-08        5672  4.143E-06 -1.641E-10
Output Field Frame Number    13, of     25, at step time 1.300E-04
    11203  1.305E-04 1.305E-04  01:45:11 1.16446E-08        5672  4.210E-06 -1.652E-10
    11242  1.309E-04 1.309E-04  01:45:32 1.16446E-08       16908  4.438E-06 -1.701E-10
    11281  1.314E-04 1.314E-04  01:45:53 1.16446E-08       28144  4.748E-06 -1.791E-10
    11321  1.318E-04 1.318E-04  01:46:14 1.16446E-08       28144  5.045E-06 -1.874E-10
    11362  1.323E-04 1.323E-04  01:46:35 1.16446E-08       84324  5.226E-06 -1.928E-10
    11404  1.328E-04 1.328E-04  01:46:55 1.16446E-08       84324  5.222E-06 -1.920E-10
    11447  1.333E-04 1.333E-04  01:47:17 1.16446E-08       84324  5.034E-06 -1.885E-10
    11489  1.338E-04 1.338E-04  01:47:37 1.16446E-08       84324  4.747E-06 -1.829E-10
    11531  1.343E-04 1.343E-04  01:47:58 1.16446E-08       61852  4.466E-06 -1.762E-10

 STEP 1  ORIGIN 0.0000

              STEP     TOTAL      WALL        STABLE    CRITICAL    KINETIC      TOTAL
INCREMENT     TIME      TIME      TIME     INCREMENT     ELEMENT     ENERGY     ENERGY
    11573  1.348E-04 1.348E-04  01:48:19 1.16446E-08       73088  4.289E-06 -1.722E-10
    11615  1.353E-04 1.353E-04  01:48:40 1.16446E-08       84324  4.270E-06 -1.713E-10
    11656  1.357E-04 1.357E-04  01:49:00 1.16446E-08       39380  4.401E-06 -1.736E-10
    11698  1.362E-04 1.362E-04  01:49:21 1.16446E-08       28144  4.635E-06 -1.793E-10
    11740  1.367E-04 1.367E-04  01:49:42 1.16446E-08       39380  4.888E-06 -1.858E-10
    11782  1.372E-04 1.372E-04  01:50:03 1.16446E-08       16908  5.077E-06 -1.904E-10
    11824  1.377E-04 1.377E-04  01:50:24 1.16446E-08        5672  5.144E-06 -1.911E-10
    11865  1.382E-04 1.382E-04  01:50:44 1.16446E-08        5672  5.074E-06 -1.916E-10
    11905  1.386E-04 1.386E-04  01:51:05 1.16446E-08        5672  4.895E-06 -1.903E-10
    11944  1.391E-04 1.391E-04  01:51:26 1.16446E-08        5672  4.658E-06 -1.857E-10
    11984  1.395E-04 1.395E-04  01:51:46 1.16446E-08       16908  4.414E-06 -1.807E-10
    12020  1.400E-04 1.400E-04  01:52:08 1.16446E-08       16908  4.245E-06 -1.769E-10
    12023  1.400E-04 1.400E-04  01:52:09 1.16446E-08       16908  4.235E-06 -1.766E-10
Output Field Frame Number    14, of     25, at step time 1.400E-04
    12059  1.404E-04 1.404E-04  01:52:30 1.16446E-08        5672  4.167E-06 -1.742E-10
    12096  1.409E-04 1.409E-04  01:52:51 1.16446E-08       16908  4.218E-06 -1.736E-10
    12135  1.413E-04 1.413E-04  01:53:12 1.16446E-08       16908  4.404E-06 -1.770E-10
    12174  1.418E-04 1.418E-04  01:53:32 1.16446E-08       84324  4.688E-06 -1.833E-10
    12213  1.422E-04 1.422E-04  01:53:53 1.16446E-08       84324  5.002E-06 -1.887E-10
    12252  1.427E-04 1.427E-04  01:54:14 1.16446E-08       84324  5.258E-06 -1.939E-10
    12292  1.431E-04 1.431E-04  01:54:35 1.16446E-08       84324  5.375E-06 -1.995E-10
    12333  1.436E-04 1.436E-04  01:54:55 1.16446E-08       61852  5.285E-06 -2.006E-10
    12374  1.441E-04 1.441E-04  01:55:16 1.16446E-08       84324  4.984E-06 -1.961E-10
    12410  1.445E-04 1.445E-04  01:55:37 1.16446E-08       84324  4.605E-06 -1.886E-10
    12445  1.449E-04 1.449E-04  01:55:59 1.16446E-08       61852  4.220E-06 -1.804E-10
    12478  1.453E-04 1.453E-04  01:56:21 1.16446E-08       28144  3.926E-06 -1.735E-10
    12511  1.457E-04 1.457E-04  01:56:42 1.16446E-08       28144  3.771E-06 -1.683E-10
    12553  1.462E-04 1.462E-04  01:57:03 1.16446E-08       16908  3.839E-06 -1.689E-10
    12595  1.467E-04 1.467E-04  01:57:24 1.16446E-08        5672  4.199E-06 -1.763E-10
    12637  1.472E-04 1.472E-04  01:57:44 1.16446E-08        5672  4.742E-06 -1.868E-10
    12679  1.476E-04 1.476E-04  01:58:05 1.16446E-08        5672  5.285E-06 -1.985E-10
    12721  1.481E-04 1.481E-04  01:58:26 1.16446E-08        5672  5.634E-06 -2.079E-10
    12763  1.486E-04 1.486E-04  01:58:47 1.16446E-08        5672  5.655E-06 -2.107E-10
    12797  1.490E-04 1.490E-04  01:59:08 1.16446E-08       16908  5.417E-06 -2.064E-10
    12828  1.494E-04 1.494E-04  01:59:28 1.16446E-08       16908  5.042E-06 -1.982E-10
    12859  1.497E-04 1.497E-04  01:59:49 1.16446E-08       16908  4.589E-06 -1.889E-10
    12882  1.500E-04 1.500E-04  02:00:04 1.16446E-08       28144  4.254E-06 -1.819E-10
Output Field Frame Number    15, of     25, at step time 1.500E-04
    12913  1.504E-04 1.504E-04  02:00:24 1.16446E-08       84324  3.874E-06 -1.739E-10
    12943  1.507E-04 1.507E-04  02:00:45 1.16446E-08       84324  3.644E-06 -1.684E-10
    12974  1.511E-04 1.511E-04  02:01:05 1.16446E-08       61852  3.593E-06 -1.676E-10
    13005  1.514E-04 1.514E-04  02:01:26 1.16446E-08       84324  3.737E-06 -1.720E-10

 STEP 1  ORIGIN 0.0000

              STEP     TOTAL      WALL        STABLE    CRITICAL    KINETIC      TOTAL
INCREMENT     TIME      TIME      TIME     INCREMENT     ELEMENT     ENERGY     ENERGY
    13036  1.518E-04 1.518E-04  02:01:46 1.16446E-08       84324  4.045E-06 -1.789E-10
    13066  1.521E-04 1.521E-04  02:02:06 1.16446E-08       84324  4.438E-06 -1.879E-10
    13097  1.525E-04 1.525E-04  02:02:27 1.16446E-08       84324  4.866E-06 -1.971E-10
    13128  1.529E-04 1.529E-04  02:02:48 1.16446E-08       84324  5.234E-06 -2.056E-10
    13159  1.532E-04 1.532E-04  02:03:09 1.16446E-08       28144  5.476E-06 -2.107E-10
    13189  1.536E-04 1.536E-04  02:03:29 1.16446E-08       28144  5.552E-06 -2.124E-10
    13220  1.539E-04 1.539E-04  02:03:49 1.16446E-08       28144  5.461E-06 -2.099E-10
    13251  1.543E-04 1.543E-04  02:04:10 1.16446E-08       28144  5.225E-06 -2.033E-10
    13283  1.547E-04 1.547E-04  02:04:30 1.16446E-08        5672  4.885E-06 -1.946E-10
    13318  1.551E-04 1.551E-04  02:04:51 1.16446E-08        5672  4.486E-06 -1.864E-10
    13360  1.556E-04 1.556E-04  02:05:11 1.16446E-08        5672  4.098E-06 -1.797E-10
    13396  1.560E-04 1.560E-04  02:05:32 1.16446E-08        5672  3.926E-06 -1.781E-10
    13426  1.563E-04 1.563E-04  02:05:53 1.16446E-08        5672  3.917E-06 -1.809E-10
    13455  1.567E-04 1.567E-04  02:06:13 1.16446E-08        5672  4.017E-06 -1.852E-10
    13484  1.570E-04 1.570E-04  02:06:34 1.16446E-08        5672  4.196E-06 -1.903E-10
    13514  1.574E-04 1.574E-04  02:06:54 1.16446E-08        5672  4.427E-06 -1.953E-10
    13544  1.577E-04 1.577E-04  02:07:14 1.16446E-08        5672  4.663E-06 -2.013E-10
    13574  1.581E-04 1.581E-04  02:07:35 1.16446E-08       16908  4.863E-06 -2.053E-10
    13604  1.584E-04 1.584E-04  02:07:55 1.16446E-08       28144  5.001E-06 -2.068E-10
    13635  1.588E-04 1.588E-04  02:08:15 1.16446E-08       84324  5.063E-06 -2.069E-10
    13666  1.591E-04 1.591E-04  02:08:36 1.16446E-08       84324  5.044E-06 -2.055E-10
    13697  1.595E-04 1.595E-04  02:08:57 1.16446E-08       84324  4.957E-06 -2.015E-10
    13727  1.598E-04 1.598E-04  02:09:17 1.16446E-08       84324  4.831E-06 -1.963E-10
    13741  1.600E-04 1.600E-04  02:09:26 1.16446E-08       84324  4.765E-06 -1.947E-10
Output Field Frame Number    16, of     25, at step time 1.600E-04
    13771  1.604E-04 1.604E-04  02:09:47 1.16446E-08       84324  4.621E-06 -1.925E-10
    13802  1.607E-04 1.607E-04  02:10:08 1.16446E-08       84324  4.488E-06 -1.921E-10
    13832  1.611E-04 1.611E-04  02:10:28 1.16446E-08       28144  4.389E-06 -1.936E-10
    13862  1.614E-04 1.614E-04  02:10:48 1.16446E-08       84324  4.329E-06 -1.959E-10
    13892  1.618E-04 1.618E-04  02:11:09 1.16446E-08       84324  4.309E-06 -1.972E-10
    13922  1.621E-04 1.621E-04  02:11:29 1.16446E-08       84324  4.327E-06 -1.983E-10
    13953  1.625E-04 1.625E-04  02:11:49 1.16446E-08       28144  4.377E-06 -2.004E-10
    13995  1.630E-04 1.630E-04  02:12:10 1.16446E-08       28144  4.479E-06 -2.032E-10
    14037  1.635E-04 1.635E-04  02:12:30 1.16446E-08       16908  4.593E-06 -2.035E-10
    14071  1.639E-04 1.639E-04  02:12:51 1.16446E-08        5672  4.676E-06 -2.039E-10
    14101  1.642E-04 1.642E-04  02:13:12 1.16446E-08        5672  4.732E-06 -2.047E-10
    14130  1.645E-04 1.645E-04  02:13:32 1.16446E-08        5672  4.764E-06 -2.040E-10
    14159  1.649E-04 1.649E-04  02:13:52 1.16446E-08        5672  4.771E-06 -2.019E-10
    14191  1.652E-04 1.652E-04  02:14:12 1.16446E-08        5672  4.748E-06 -2.020E-10
    14222  1.656E-04 1.656E-04  02:14:33 1.16446E-08        5672  4.697E-06 -2.019E-10
    14251  1.659E-04 1.659E-04  02:14:53 1.16446E-08        5672  4.632E-06 -2.024E-10

 STEP 1  ORIGIN 0.0000

              STEP     TOTAL      WALL        STABLE    CRITICAL    KINETIC      TOTAL
INCREMENT     TIME      TIME      TIME     INCREMENT     ELEMENT     ENERGY     ENERGY
    14281  1.663E-04 1.663E-04  02:15:13 1.16446E-08        5672  4.555E-06 -2.041E-10
    14312  1.667E-04 1.667E-04  02:15:34 1.16446E-08        5672  4.478E-06 -2.050E-10
    14343  1.670E-04 1.670E-04  02:15:54 1.16446E-08        5672  4.417E-06 -2.040E-10
    14373  1.674E-04 1.674E-04  02:16:15 1.16446E-08        5672  4.383E-06 -2.042E-10
    14403  1.677E-04 1.677E-04  02:16:35 1.16446E-08       16908  4.381E-06 -2.050E-10
    14433  1.681E-04 1.681E-04  02:16:56 1.16446E-08       16908  4.411E-06 -2.056E-10
    14462  1.684E-04 1.684E-04  02:17:17 1.16446E-08       28144  4.466E-06 -2.056E-10
    14491  1.687E-04 1.687E-04  02:17:37 1.16446E-08       84324  4.538E-06 -2.053E-10
    14521  1.691E-04 1.691E-04  02:17:58 1.16446E-08       84324  4.616E-06 -2.072E-10
    14551  1.694E-04 1.694E-04  02:18:19 1.16446E-08       84324  4.684E-06 -2.083E-10
    14585  1.698E-04 1.698E-04  02:18:39 1.16446E-08       84324  4.730E-06 -2.093E-10
    14599  1.700E-04 1.700E-04  02:18:48 1.16446E-08       84324  4.736E-06 -2.094E-10
Output Field Frame Number    17, of     25, at step time 1.700E-04
    14630  1.704E-04 1.704E-04  02:19:08 1.16446E-08       39380  4.721E-06 -2.091E-10
    14661  1.707E-04 1.707E-04  02:19:29 1.16446E-08       84324  4.667E-06 -2.083E-10
    14692  1.711E-04 1.711E-04  02:19:50 1.16446E-08       73088  4.585E-06 -2.075E-10
    14722  1.714E-04 1.714E-04  02:20:10 1.16446E-08       84324  4.493E-06 -2.075E-10
    14752  1.718E-04 1.718E-04  02:20:31 1.16446E-08       84324  4.406E-06 -2.075E-10
    14783  1.721E-04 1.721E-04  02:20:51 1.16446E-08       84324  4.341E-06 -2.068E-10
    14815  1.725E-04 1.725E-04  02:21:11 1.16446E-08       84324  4.315E-06 -2.063E-10
    14846  1.729E-04 1.729E-04  02:21:31 1.16446E-08       61852  4.337E-06 -2.071E-10
    14888  1.734E-04 1.734E-04  02:21:52 1.16446E-08       28144  4.434E-06 -2.081E-10
    14931  1.739E-04 1.739E-04  02:22:13 1.16446E-08       28144  4.581E-06 -2.093E-10
    14974  1.744E-04 1.744E-04  02:22:34 1.16446E-08        5672  4.718E-06 -2.129E-10
    15014  1.748E-04 1.748E-04  02:22:55 1.16446E-08        5672  4.788E-06 -2.159E-10
    15051  1.753E-04 1.753E-04  02:23:15 1.16446E-08        5672  4.776E-06 -2.166E-10
    15089  1.757E-04 1.757E-04  02:23:36 1.16446E-08        5672  4.688E-06 -2.140E-10
    15128  1.762E-04 1.762E-04  02:23:56 1.16446E-08        5672  4.540E-06 -2.113E-10
    15167  1.766E-04 1.766E-04  02:24:17 1.16446E-08        5672  4.380E-06 -2.093E-10
    15206  1.771E-04 1.771E-04  02:24:38 1.16446E-08        5672  4.256E-06 -2.080E-10
    15245  1.775E-04 1.775E-04  02:24:58 1.16446E-08        5672  4.210E-06 -2.079E-10
    15286  1.780E-04 1.780E-04  02:25:19 1.16446E-08        5672  4.261E-06 -2.092E-10
    15317  1.784E-04 1.784E-04  02:25:40 1.16446E-08        5672  4.359E-06 -2.094E-10
    15346  1.787E-04 1.787E-04  02:26:00 1.16446E-08       16908  4.478E-06 -2.108E-10
    15376  1.790E-04 1.790E-04  02:26:21 1.16446E-08       16908  4.608E-06 -2.139E-10
    15405  1.794E-04 1.794E-04  02:26:41 1.16446E-08       28144  4.716E-06 -2.166E-10
    15435  1.797E-04 1.797E-04  02:27:01 1.16446E-08       28144  4.790E-06 -2.200E-10
    15458  1.800E-04 1.800E-04  02:27:17 1.16446E-08       28144  4.811E-06 -2.220E-10
Output Field Frame Number    18, of     25, at step time 1.800E-04
    15488  1.804E-04 1.804E-04  02:27:37 1.16446E-08       84324  4.789E-06 -2.220E-10
    15521  1.807E-04 1.807E-04  02:27:58 1.16446E-08       84324  4.704E-06 -2.189E-10
    15563  1.812E-04 1.812E-04  02:28:18 1.16446E-08       84324  4.536E-06 -2.153E-10

 STEP 1  ORIGIN 0.0000

              STEP     TOTAL      WALL        STABLE    CRITICAL    KINETIC      TOTAL
INCREMENT     TIME      TIME      TIME     INCREMENT     ELEMENT     ENERGY     ENERGY
    15606  1.817E-04 1.817E-04  02:28:39 1.16446E-08       84324  4.353E-06 -2.121E-10
    15649  1.822E-04 1.822E-04  02:29:00 1.16446E-08       84324  4.225E-06 -2.114E-10
    15692  1.827E-04 1.827E-04  02:29:21 1.16446E-08       84324  4.198E-06 -2.113E-10
    15734  1.832E-04 1.832E-04  02:29:42 1.16446E-08       84324  4.275E-06 -2.119E-10
    15776  1.837E-04 1.837E-04  02:30:02 1.16446E-08       84324  4.425E-06 -2.133E-10
    15818  1.842E-04 1.842E-04  02:30:23 1.16446E-08       61852  4.593E-06 -2.176E-10
    15861  1.847E-04 1.847E-04  02:30:44 1.16446E-08       50616  4.720E-06 -2.227E-10
    15904  1.852E-04 1.852E-04  02:31:05 1.16446E-08       28144  4.755E-06 -2.258E-10
    15947  1.857E-04 1.857E-04  02:31:26 1.16446E-08       16908  4.685E-06 -2.240E-10
    15990  1.862E-04 1.862E-04  02:31:46 1.16446E-08       16908  4.533E-06 -2.204E-10
    16033  1.867E-04 1.867E-04  02:32:07 1.16446E-08       16908  4.355E-06 -2.176E-10
    16077  1.872E-04 1.872E-04  02:32:28 1.16446E-08       16908  4.215E-06 -2.151E-10
    16121  1.877E-04 1.877E-04  02:32:49 1.16446E-08       16908  4.172E-06 -2.152E-10
    16164  1.882E-04 1.882E-04  02:33:10 1.16446E-08       16908  4.246E-06 -2.152E-10
    16208  1.887E-04 1.887E-04  02:33:30 1.16446E-08       16908  4.416E-06 -2.169E-10
    16251  1.892E-04 1.892E-04  02:33:51 1.16446E-08        5672  4.615E-06 -2.226E-10
    16294  1.897E-04 1.897E-04  02:34:12 1.16446E-08       16908  4.770E-06 -2.287E-10
    16317  1.900E-04 1.900E-04  02:34:23 1.16446E-08       16908  4.810E-06 -2.306E-10
Output Field Frame Number    19, of     25, at step time 1.900E-04
    16360  1.905E-04 1.905E-04  02:34:44 1.16446E-08       16908  4.780E-06 -2.315E-10
    16403  1.910E-04 1.910E-04  02:35:05 1.16446E-08       16908  4.615E-06 -2.284E-10
    16444  1.915E-04 1.915E-04  02:35:25 1.16446E-08       28144  4.379E-06 -2.239E-10
    16486  1.920E-04 1.920E-04  02:35:46 1.16446E-08       28144  4.138E-06 -2.187E-10
    16528  1.925E-04 1.925E-04  02:36:06 1.16446E-08       28144  3.987E-06 -2.159E-10
    16570  1.930E-04 1.930E-04  02:36:27 1.16446E-08       28144  3.990E-06 -2.158E-10
    16612  1.934E-04 1.934E-04  02:36:48 1.16446E-08       28144  4.161E-06 -2.166E-10
    16654  1.939E-04 1.939E-04  02:37:08 1.16446E-08       84324  4.451E-06 -2.223E-10
    16697  1.944E-04 1.944E-04  02:37:29 1.16446E-08       28144  4.771E-06 -2.315E-10
    16740  1.949E-04 1.949E-04  02:37:50 1.16446E-08       84324  4.994E-06 -2.386E-10
    16782  1.954E-04 1.954E-04  02:38:11 1.16446E-08       61852  5.029E-06 -2.408E-10
    16824  1.959E-04 1.959E-04  02:38:32 1.16446E-08       28144  4.856E-06 -2.378E-10
    16866  1.964E-04 1.964E-04  02:38:53 1.16446E-08       84324  4.522E-06 -2.310E-10
    16909  1.969E-04 1.969E-04  02:39:14 1.16446E-08       28144  4.125E-06 -2.229E-10
    16949  1.974E-04 1.974E-04  02:39:35 1.16446E-08       73088  3.828E-06 -2.176E-10
    16979  1.977E-04 1.977E-04  02:39:55 1.16446E-08       16908  3.711E-06 -2.150E-10
    17009  1.981E-04 1.981E-04  02:40:16 1.16446E-08       28144  3.712E-06 -2.140E-10
    17040  1.984E-04 1.984E-04  02:40:37 1.16446E-08       28144  3.838E-06 -2.153E-10
    17070  1.988E-04 1.988E-04  02:40:57 1.16446E-08       28144  4.063E-06 -2.195E-10
    17101  1.991E-04 1.991E-04  02:41:18 1.16446E-08       28144  4.363E-06 -2.263E-10
    17131  1.995E-04 1.995E-04  02:41:38 1.16446E-08       16908  4.669E-06 -2.340E-10
    17161  1.998E-04 1.998E-04  02:41:58 1.16446E-08       39380  4.939E-06 -2.405E-10

 STEP 1  ORIGIN 0.0000

              STEP     TOTAL      WALL        STABLE    CRITICAL    KINETIC      TOTAL
INCREMENT     TIME      TIME      TIME     INCREMENT     ELEMENT     ENERGY     ENERGY
    17176  2.000E-04 2.000E-04  02:42:09 1.16446E-08       28144  5.046E-06 -2.431E-10
Output Field Frame Number    20, of     25, at step time 2.000E-04
    17206  2.004E-04 2.004E-04  02:42:29 1.16446E-08       16908  5.182E-06 -2.460E-10
    17236  2.007E-04 2.007E-04  02:42:49 1.16446E-08       16908  5.195E-06 -2.458E-10
    17266  2.011E-04 2.011E-04  02:43:10 1.16446E-08       16908  5.084E-06 -2.435E-10
    17295  2.014E-04 2.014E-04  02:43:30 1.16446E-08       16908  4.873E-06 -2.395E-10
    17325  2.017E-04 2.017E-04  02:43:50 1.16446E-08       16908  4.580E-06 -2.345E-10
    17355  2.021E-04 2.021E-04  02:44:11 1.16446E-08       16908  4.256E-06 -2.289E-10
    17386  2.025E-04 2.025E-04  02:44:32 1.16446E-08       16908  3.943E-06 -2.236E-10
    17416  2.028E-04 2.028E-04  02:44:52 1.16446E-08       16908  3.707E-06 -2.191E-10
    17446  2.032E-04 2.032E-04  02:45:12 1.16446E-08       16908  3.574E-06 -2.158E-10
    17476  2.035E-04 2.035E-04  02:45:32 1.16446E-08       16908  3.566E-06 -2.145E-10
    17506  2.039E-04 2.039E-04  02:45:53 1.16446E-08       16908  3.682E-06 -2.166E-10
    17536  2.042E-04 2.042E-04  02:46:13 1.16446E-08       16908  3.907E-06 -2.221E-10
    17565  2.045E-04 2.045E-04  02:46:34 1.16446E-08       16908  4.197E-06 -2.279E-10
    17596  2.049E-04 2.049E-04  02:46:54 1.16446E-08       16908  4.539E-06 -2.348E-10
    17636  2.054E-04 2.054E-04  02:47:14 1.16446E-08       28144  4.944E-06 -2.424E-10
    17677  2.058E-04 2.058E-04  02:47:35 1.16446E-08       28144  5.212E-06 -2.464E-10
    17715  2.063E-04 2.063E-04  02:47:55 1.16446E-08       84324  5.261E-06 -2.477E-10
    17756  2.068E-04 2.068E-04  02:48:16 1.16446E-08       84324  5.080E-06 -2.459E-10
    17797  2.072E-04 2.072E-04  02:48:37 1.16446E-08       84324  4.702E-06 -2.403E-10
    17839  2.077E-04 2.077E-04  02:48:58 1.16446E-08       84324  4.216E-06 -2.328E-10
    17882  2.082E-04 2.082E-04  02:49:19 1.16446E-08       84324  3.760E-06 -2.234E-10
    17923  2.087E-04 2.087E-04  02:49:39 1.16446E-08       39380  3.491E-06 -2.170E-10
    17965  2.092E-04 2.092E-04  02:50:00 1.16446E-08       84324  3.466E-06 -2.160E-10
    18006  2.097E-04 2.097E-04  02:50:21 1.16446E-08       28144  3.696E-06 -2.206E-10
    18035  2.100E-04 2.100E-04  02:50:37 1.16446E-08       84324  3.980E-06 -2.262E-10
Output Field Frame Number    21, of     25, at step time 2.100E-04
    18073  2.105E-04 2.105E-04  02:50:58 1.16446E-08       28144  4.429E-06 -2.337E-10
    18111  2.109E-04 2.109E-04  02:51:19 1.16446E-08       16908  4.866E-06 -2.412E-10
    18148  2.113E-04 2.113E-04  02:51:40 1.16446E-08       16908  5.179E-06 -2.480E-10
    18179  2.117E-04 2.117E-04  02:52:02 1.16446E-08        5672  5.301E-06 -2.514E-10
    18210  2.120E-04 2.120E-04  02:52:23 1.16446E-08        5672  5.273E-06 -2.525E-10
    18242  2.124E-04 2.124E-04  02:52:45 1.16446E-08        5672  5.091E-06 -2.518E-10
    18274  2.128E-04 2.128E-04  02:53:07 1.16446E-08        5672  4.784E-06 -2.480E-10
    18306  2.132E-04 2.132E-04  02:53:28 1.16446E-08        5672  4.403E-06 -2.405E-10
    18338  2.135E-04 2.135E-04  02:53:50 1.16446E-08        5672  4.013E-06 -2.316E-10
    18372  2.139E-04 2.139E-04  02:54:11 1.16446E-08        5672  3.662E-06 -2.233E-10
    18407  2.143E-04 2.143E-04  02:54:33 1.16446E-08        5672  3.437E-06 -2.182E-10
    18449  2.148E-04 2.148E-04  02:54:53 1.16446E-08       16908  3.411E-06 -2.171E-10
    18491  2.153E-04 2.153E-04  02:55:14 1.16446E-08       16908  3.656E-06 -2.221E-10
    18521  2.157E-04 2.157E-04  02:55:35 1.16446E-08       28144  3.960E-06 -2.276E-10

 STEP 1  ORIGIN 0.0000

              STEP     TOTAL      WALL        STABLE    CRITICAL    KINETIC      TOTAL
INCREMENT     TIME      TIME      TIME     INCREMENT     ELEMENT     ENERGY     ENERGY
    18551  2.160E-04 2.160E-04  02:55:55 1.16446E-08       28144  4.323E-06 -2.347E-10
    18581  2.164E-04 2.164E-04  02:56:16 1.16446E-08       84324  4.690E-06 -2.424E-10
    18611  2.167E-04 2.167E-04  02:56:36 1.16446E-08       84324  5.007E-06 -2.496E-10
    18641  2.171E-04 2.171E-04  02:56:57 1.16446E-08       84324  5.224E-06 -2.560E-10
    18671  2.174E-04 2.174E-04  02:57:18 1.16446E-08       84324  5.307E-06 -2.606E-10
    18701  2.178E-04 2.178E-04  02:57:38 1.16446E-08       84324  5.243E-06 -2.609E-10
    18732  2.181E-04 2.181E-04  02:57:58 1.16446E-08       84324  5.030E-06 -2.565E-10
    18763  2.185E-04 2.185E-04  02:58:19 1.16446E-08       61852  4.701E-06 -2.493E-10
    18793  2.188E-04 2.188E-04  02:58:40 1.16446E-08       61852  4.321E-06 -2.408E-10
    18824  2.192E-04 2.192E-04  02:59:00 1.16446E-08       61852  3.927E-06 -2.317E-10
    18854  2.195E-04 2.195E-04  02:59:21 1.16446E-08       84324  3.607E-06 -2.253E-10
    18884  2.199E-04 2.199E-04  02:59:41 1.16446E-08       39380  3.396E-06 -2.202E-10
    18893  2.200E-04 2.200E-04  02:59:47 1.16446E-08       73088  3.361E-06 -2.192E-10
Output Field Frame Number    22, of     25, at step time 2.200E-04
    18923  2.204E-04 2.204E-04  03:00:07 1.16446E-08       39380  3.342E-06 -2.188E-10
    18954  2.207E-04 2.207E-04  03:00:28 1.16446E-08       16908  3.485E-06 -2.227E-10
    18984  2.211E-04 2.211E-04  03:00:48 1.16446E-08       16908  3.758E-06 -2.295E-10
    19015  2.214E-04 2.214E-04  03:01:09 1.16446E-08       16908  4.134E-06 -2.382E-10
    19045  2.218E-04 2.218E-04  03:01:29 1.16446E-08        5672  4.526E-06 -2.475E-10
    19076  2.221E-04 2.221E-04  03:01:50 1.16446E-08        5672  4.895E-06 -2.560E-10
    19107  2.225E-04 2.225E-04  03:02:11 1.16446E-08        5672  5.161E-06 -2.626E-10
    19137  2.228E-04 2.228E-04  03:02:31 1.16446E-08        5672  5.279E-06 -2.651E-10
    19168  2.232E-04 2.232E-04  03:02:51 1.16446E-08        5672  5.237E-06 -2.643E-10
    19199  2.236E-04 2.236E-04  03:03:12 1.16446E-08        5672  5.036E-06 -2.604E-10
    19230  2.239E-04 2.239E-04  03:03:33 1.16446E-08        5672  4.713E-06 -2.530E-10
    19261  2.243E-04 2.243E-04  03:03:53 1.16446E-08        5672  4.327E-06 -2.442E-10
    19292  2.246E-04 2.246E-04  03:04:14 1.16446E-08        5672  3.945E-06 -2.364E-10
    19322  2.250E-04 2.250E-04  03:04:34 1.16446E-08       16908  3.642E-06 -2.292E-10
    19352  2.253E-04 2.253E-04  03:04:54 1.16446E-08       28144  3.452E-06 -2.246E-10
    19382  2.257E-04 2.257E-04  03:05:14 1.16446E-08       28144  3.402E-06 -2.254E-10
    19413  2.261E-04 2.261E-04  03:05:35 1.16446E-08       84324  3.502E-06 -2.301E-10
    19444  2.264E-04 2.264E-04  03:05:56 1.16446E-08       84324  3.732E-06 -2.374E-10
    19474  2.268E-04 2.268E-04  03:06:16 1.16446E-08       84324  4.036E-06 -2.449E-10
    19505  2.271E-04 2.271E-04  03:06:36 1.16446E-08       84324  4.380E-06 -2.521E-10
    19536  2.275E-04 2.275E-04  03:06:57 1.16446E-08       84324  4.693E-06 -2.573E-10
    19567  2.279E-04 2.279E-04  03:07:17 1.16446E-08       73088  4.925E-06 -2.612E-10
    19598  2.282E-04 2.282E-04  03:07:37 1.16446E-08       84324  5.041E-06 -2.630E-10
    19628  2.286E-04 2.286E-04  03:07:58 1.16446E-08       61852  5.031E-06 -2.630E-10
    19658  2.289E-04 2.289E-04  03:08:18 1.16446E-08       61852  4.907E-06 -2.608E-10
    19689  2.293E-04 2.293E-04  03:08:38 1.16446E-08       84324  4.689E-06 -2.557E-10
    19720  2.296E-04 2.296E-04  03:08:59 1.16446E-08       84324  4.419E-06 -2.497E-10

 STEP 1  ORIGIN 0.0000

              STEP     TOTAL      WALL        STABLE    CRITICAL    KINETIC      TOTAL
INCREMENT     TIME      TIME      TIME     INCREMENT     ELEMENT     ENERGY     ENERGY
    19750  2.300E-04 2.300E-04  03:09:19 1.16446E-08       28144  4.151E-06 -2.443E-10
    19752  2.300E-04 2.300E-04  03:09:21 1.16446E-08       28144  4.134E-06 -2.439E-10
Output Field Frame Number    23, of     25, at step time 2.300E-04
    19783  2.304E-04 2.304E-04  03:09:41 1.16446E-08       28144  3.899E-06 -2.384E-10
    19814  2.307E-04 2.307E-04  03:10:02 1.16446E-08       28144  3.736E-06 -2.367E-10
    19845  2.311E-04 2.311E-04  03:10:23 1.16446E-08       16908  3.665E-06 -2.384E-10
    19875  2.314E-04 2.314E-04  03:10:43 1.16446E-08        5672  3.688E-06 -2.412E-10
    19905  2.318E-04 2.318E-04  03:11:03 1.16446E-08        5672  3.791E-06 -2.448E-10
    19936  2.321E-04 2.321E-04  03:11:23 1.16446E-08        5672  3.961E-06 -2.481E-10
    19967  2.325E-04 2.325E-04  03:11:44 1.16446E-08        5672  4.165E-06 -2.506E-10
    19998  2.329E-04 2.329E-04  03:12:05 1.16446E-08        5672  4.373E-06 -2.529E-10
    20029  2.332E-04 2.332E-04  03:12:25 1.16446E-08        5672  4.554E-06 -2.558E-10
    20060  2.336E-04 2.336E-04  03:12:46 1.16446E-08        5672  4.686E-06 -2.589E-10
    20090  2.339E-04 2.339E-04  03:13:06 1.16446E-08        5672  4.751E-06 -2.608E-10
    20121  2.343E-04 2.343E-04  03:13:27 1.16446E-08        5672  4.748E-06 -2.608E-10
    20152  2.347E-04 2.347E-04  03:13:48 1.16446E-08        5672  4.677E-06 -2.590E-10
    20182  2.350E-04 2.350E-04  03:14:08 1.16446E-08       28144  4.555E-06 -2.571E-10
    20213  2.354E-04 2.354E-04  03:14:29 1.16446E-08       28144  4.390E-06 -2.537E-10
    20244  2.357E-04 2.357E-04  03:14:49 1.16446E-08       84324  4.208E-06 -2.513E-10
    20275  2.361E-04 2.361E-04  03:15:10 1.16446E-08       84324  4.036E-06 -2.499E-10
    20306  2.365E-04 2.365E-04  03:15:30 1.16446E-08       84324  3.896E-06 -2.488E-10
    20337  2.368E-04 2.368E-04  03:15:51 1.16446E-08       84324  3.809E-06 -2.480E-10
    20367  2.372E-04 2.372E-04  03:16:11 1.16446E-08       84324  3.787E-06 -2.472E-10
    20398  2.375E-04 2.375E-04  03:16:31 1.16446E-08       73088  3.833E-06 -2.465E-10
    20429  2.379E-04 2.379E-04  03:16:52 1.16446E-08       61852  3.943E-06 -2.469E-10
    20460  2.382E-04 2.382E-04  03:17:13 1.16446E-08       61852  4.102E-06 -2.489E-10
    20490  2.386E-04 2.386E-04  03:17:33 1.16446E-08       61852  4.278E-06 -2.535E-10
    20520  2.389E-04 2.389E-04  03:17:53 1.16446E-08       84324  4.452E-06 -2.581E-10
    20551  2.393E-04 2.393E-04  03:18:14 1.16446E-08       84324  4.598E-06 -2.615E-10
    20582  2.397E-04 2.397E-04  03:18:34 1.16446E-08       50616  4.687E-06 -2.637E-10
    20611  2.400E-04 2.400E-04  03:18:53 1.16446E-08       16908  4.702E-06 -2.646E-10
Output Field Frame Number    24, of     25, at step time 2.400E-04
    20641  2.404E-04 2.404E-04  03:19:14 1.16446E-08       84324  4.644E-06 -2.635E-10
    20671  2.407E-04 2.407E-04  03:19:34 1.16446E-08       16908  4.518E-06 -2.618E-10
    20701  2.411E-04 2.411E-04  03:19:54 1.16446E-08        5672  4.344E-06 -2.598E-10
    20732  2.414E-04 2.414E-04  03:20:15 1.16446E-08        5672  4.142E-06 -2.568E-10
    20763  2.418E-04 2.418E-04  03:20:35 1.16446E-08        5672  3.955E-06 -2.529E-10
    20794  2.421E-04 2.421E-04  03:20:55 1.16446E-08        5672  3.817E-06 -2.490E-10
    20825  2.425E-04 2.425E-04  03:21:16 1.16446E-08        5672  3.755E-06 -2.477E-10
    20856  2.429E-04 2.429E-04  03:21:36 1.16446E-08        5672  3.781E-06 -2.470E-10
    20887  2.432E-04 2.432E-04  03:21:57 1.16446E-08        5672  3.892E-06 -2.483E-10
    20917  2.436E-04 2.436E-04  03:22:17 1.16446E-08        5672  4.062E-06 -2.529E-10

 STEP 1  ORIGIN 0.0000

              STEP     TOTAL      WALL        STABLE    CRITICAL    KINETIC      TOTAL
INCREMENT     TIME      TIME      TIME     INCREMENT     ELEMENT     ENERGY     ENERGY
    20947  2.439E-04 2.439E-04  03:22:37 1.16446E-08        5672  4.261E-06 -2.584E-10
    20977  2.443E-04 2.443E-04  03:22:58 1.16446E-08       16908  4.453E-06 -2.635E-10
    21006  2.446E-04 2.446E-04  03:23:18 1.16446E-08       16908  4.598E-06 -2.674E-10
    21033  2.449E-04 2.449E-04  03:23:39 1.16446E-08       16908  4.672E-06 -2.692E-10
    21062  2.453E-04 2.453E-04  03:24:00 1.16446E-08       28144  4.672E-06 -2.691E-10
    21097  2.457E-04 2.457E-04  03:24:25 1.16446E-08       28144  4.563E-06 -2.673E-10
    21133  2.461E-04 2.461E-04  03:24:49 1.16446E-08       84324  4.353E-06 -2.635E-10
    21170  2.465E-04 2.465E-04  03:25:13 1.16446E-08       84324  4.096E-06 -2.588E-10
    21208  2.470E-04 2.470E-04  03:25:38 1.16446E-08       84324  3.866E-06 -2.522E-10
    21246  2.474E-04 2.474E-04  03:26:02 1.16446E-08       84324  3.745E-06 -2.498E-10
    21283  2.478E-04 2.478E-04  03:26:27 1.16446E-08       84324  3.769E-06 -2.501E-10
    21321  2.483E-04 2.483E-04  03:26:51 1.16446E-08       73088  3.934E-06 -2.539E-10
    21360  2.487E-04 2.487E-04  03:27:16 1.16446E-08       73088  4.195E-06 -2.615E-10
    21399  2.492E-04 2.492E-04  03:27:41 1.16446E-08       84324  4.460E-06 -2.691E-10
    21438  2.496E-04 2.496E-04  03:28:05 1.16446E-08       28144  4.637E-06 -2.739E-10
    21470  2.500E-04 2.500E-04  03:28:25 1.16395E-08       28144  4.670E-06 -2.749E-10
Restart Number  1 at 2.50000E-04
Output Field Frame Number    25, of     25, at step time 2.500E-04
  EXPLICIT EXECUTABLE TIME SUMMARY
       USER TIME (SEC)      =   73463.
       SYSTEM TIME (SEC)    =   1270.7
       WALLCLOCK TIME (SEC) =        12511
              INIT (SEC) =          8
              MAIN (SEC) =      12503

  THE ANALYSIS HAS COMPLETED SUCCESSFULLY

