Abaqus/Explicit 2026                             DATE 21-Sep-2026  TIME 19:25:46
-------------------------------------------------------------------------------
 PREPROCESSOR WARNING MESSAGES
-------------------------------------------------------------------------------


***WARNING: There are 6 warning messages in the data (.dat) file.  Please
            check the data file for possible errors in the input file.


-------------------------------------------------------------------------------
 NUMERICAL PRECISION USED FOR THIS Abaqus/Explicit ANALYSIS
-------------------------------------------------------------------------------

Single precision package and double precision explicit executables will be
used in this analysis.

-------------------------------------------------------------------------------
-------------------------------------------------------------------------------
 MODEL INFORMATION (IN GLOBAL X-Y COORDINATES)
-------------------------------------------------------------------------------

   Total mass in model = 3.30000E-02
   Center of mass of model = ( 5.000000E-02, 5.000000E-02, 1.000000E-03)

    Moments of Inertia :
                 About Center of Mass              About Origin
      I(XX)          2.751889E-05                  1.100519E-04
      I(YY)          2.751889E-05                  1.100519E-04
      I(ZZ)          5.501510E-05                  2.200151E-04
      I(XY)         -9.793959E-13                 -8.250001E-05
      I(YZ)         -1.000416E-13                 -1.650000E-06
      I(ZX)         -1.027881E-13                 -1.650000E-06

-------------------------------------------------------------------------------
 STABLE TIME INCREMENT INFORMATION
-------------------------------------------------------------------------------


  The stable time increment estimate for each element is based on
  linearization about the initial state.


   Initial time increment = 1.22410E-08

   Statistics over 89888 deformable elements:
      Mean = 2.26340E-08
      Standard deviation = 3.64392E-09

   Most critical elements:
    Element number   Rank    Time increment   Increment ratio
   ----------------------------------------------------------
       16908          1       1.224104E-08      1.000000E+00
       28144          2       1.224104E-08      1.000000E+00
        5672          3       1.224104E-08      9.999999E-01
       39380          4       1.224104E-08      9.999999E-01
       61852          5       1.224104E-08      9.999999E-01
       73088          6       1.224104E-08      9.999999E-01
       84324          7       1.224104E-08      9.999999E-01
       50616          8       1.224104E-08      9.999999E-01
       16907          9       1.224107E-08      9.999973E-01
       28143         10       1.224107E-08      9.999973E-01

-------------------------------------------------------------------------------

  INFORMATION REGARDING INITIAL CONTACT OVERCLOSURES FOR NEWLY DEFINED GENERAL
  CONTACT INTERACTIONS IN STEP 1

-------------------------------------------------------------------------------

  No initial node-face overclosures found.


  Abaqus/Explicit will attempt to resolve 27 initial edge-edge overclosure(s).


  Maximum initial overclosure for edge-edge contact is 6.77626E-20 between the
  edge defined by nodes 22847 and 22846 and the edge defined by nodes 34295
  and 34296


  No nodal position adjustments have been made.


  No node-face overclosures left unresolved.


  29 edge-edge overclosure(s) left unresolved and will be stored as offsets.
  To help identify the nodes involved in the overclosures a node set
  InfoNodeUnresolvInitOver has been created. Check the message file for more
  detailed information.


  Maximum unresolved overclosure is 1.21973E-19 between the edge defined by
  nodes 131396 and 131503 and the edge defined by nodes 142952 and 142845


  For more detailed information on initial overclosures, use the *DIAGNOSTICS,
  CONTACT=DETAIL command and see the message (.msg) file.


***NOTE: You can view the deformed configuration due to the resolution of
         initial overclosures.  In increment 0, draw the deformed shape or
         draw a symbol plot of vector displacements.

------------------------------------------------------------------------------

Abaqus/Explicit 2026                             DATE 21-Sep-2026  TIME 19:26:01
The entire model is considered 1 domain.
Only 1 MPI rank is used.

-------------------------------------------------------------------------------
 SOLUTION PROGRESS
-------------------------------------------------------------------------------

 STEP 1  ORIGIN 0.0000

  Total memory used for step 1 is approximately 2.9 gigabytes.
  Global time estimation algorithm will be used.
  Scaling factor:  1.0000
              STEP     TOTAL      WALL        STABLE    CRITICAL    KINETIC      TOTAL
INCREMENT     TIME      TIME      TIME     INCREMENT     ELEMENT     ENERGY     ENERGY
        0  0.000E+00 0.000E+00  00:00:05 1.16459E-08       28144  0.000E+00  0.000E+00
Output Field Frame Number     0, of     25, at step time 0.000E+00
      109  1.269E-06 1.269E-06  00:00:55 1.16446E-08       28144  1.943E-12  1.387E-14
      232  2.702E-06 2.702E-06  00:01:43 1.16446E-08       28144  2.088E-10  8.982E-13
      350  4.076E-06 4.076E-06  00:02:31 1.16446E-08       16908  1.534E-09  1.588E-12
      469  5.461E-06 5.461E-06  00:03:18 1.16446E-08       28144  1.425E-09  3.953E-14
      591  6.882E-06 6.882E-06  00:04:06 1.16446E-08       28144  7.314E-09  3.776E-13
      706  8.221E-06 8.221E-06  00:04:53 1.16446E-08       28144  5.029E-08  4.630E-13
      831  9.677E-06 9.677E-06  00:05:42 1.16446E-08       16908  8.707E-08  5.575E-13
      859  1.000E-05 1.000E-05  00:05:54 1.16446E-08       28144  8.194E-08  8.641E-13
Output Field Frame Number     1, of     25, at step time 1.000E-05
      979  1.140E-05 1.140E-05  00:06:42 1.16446E-08       28144  6.044E-08  9.971E-11
     1100  1.281E-05 1.281E-05  00:07:30 1.16446E-08       28144  2.729E-07  3.385E-10
     1226  1.428E-05 1.428E-05  00:08:18 1.16446E-08       28144  5.330E-07  1.014E-10
     1352  1.574E-05 1.574E-05  00:09:07 1.16446E-08       16908  3.994E-07  4.372E-12
     1473  1.715E-05 1.715E-05  00:09:55 1.16446E-08       28144  6.136E-07  1.023E-11
     1595  1.857E-05 1.857E-05  00:10:42 1.16446E-08       28144  1.412E-06  7.415E-12
     1716  1.998E-05 1.998E-05  00:11:30 1.16446E-08       16908  1.457E-06  1.586E-11
     1718  2.001E-05 2.001E-05  00:11:31 1.16446E-08       16908  1.450E-06  1.645E-11
Output Field Frame Number     2, of     25, at step time 2.001E-05
     1836  2.138E-05 2.138E-05  00:12:18 1.16446E-08       28144  1.176E-06  3.607E-10
     1963  2.286E-05 2.286E-05  00:13:07 1.16446E-08       28144  2.298E-06  9.923E-10
     2089  2.433E-05 2.433E-05  00:13:55 1.16446E-08       28144  3.054E-06  2.625E-10
     2209  2.572E-05 2.572E-05  00:14:43 1.16446E-08       28144  2.302E-06 -9.315E-11
     2326  2.709E-05 2.709E-05  00:15:31 1.16446E-08       16908  2.795E-06 -8.445E-11
     2448  2.851E-05 2.851E-05  00:16:19 1.16446E-08       16908  4.524E-06 -9.850E-11
     2566  2.988E-05 2.988E-05  00:17:07 1.16446E-08       16908  4.092E-06 -8.073E-11
     2577  3.001E-05 3.001E-05  00:17:11 1.16446E-08       16908  3.954E-06 -7.432E-11
Output Field Frame Number     3, of     25, at step time 3.001E-05
     2699  3.143E-05 3.143E-05  00:18:00 1.16446E-08       28144  3.197E-06  1.726E-10
     2823  3.287E-05 3.287E-05  00:18:48 1.16446E-08       84324  5.069E-06  4.188E-10
     2947  3.432E-05 3.432E-05  00:19:37 1.16446E-08       84324  5.606E-06  4.858E-11
     3053  3.555E-05 3.555E-05  00:20:25 1.16446E-08       28144  4.138E-06 -1.156E-10
     3154  3.673E-05 3.673E-05  00:21:13 1.16446E-08       16908  4.067E-06 -1.078E-10
     3260  3.796E-05 3.796E-05  00:22:02 1.16446E-08       16908  5.667E-06 -1.321E-10
     3367  3.921E-05 3.921E-05  00:22:50 1.16446E-08        5672  5.986E-06 -1.303E-10
     3436  4.001E-05 4.001E-05  00:23:21 1.16446E-08       16908  5.162E-06 -1.154E-10
Output Field Frame Number     4, of     25, at step time 4.001E-05
     3539  4.121E-05 4.121E-05  00:24:07 1.16446E-08       28144  4.314E-06 -8.673E-11
     3654  4.255E-05 4.255E-05  00:24:55 1.16446E-08       84324  5.183E-06 -7.373E-11
     3766  4.385E-05 4.385E-05  00:25:43 1.16446E-08       84324  5.822E-06 -1.236E-10
     3878  4.516E-05 4.516E-05  00:26:32 1.16446E-08       61852  5.177E-06 -1.246E-10
     3993  4.650E-05 4.650E-05  00:27:20 1.16446E-08       16908  4.785E-06 -1.200E-10
     4104  4.779E-05 4.779E-05  00:28:08 1.16446E-08        5672  5.111E-06 -1.272E-10
     4212  4.905E-05 4.905E-05  00:28:55 1.16446E-08       16908  5.333E-06 -1.253E-10

 STEP 1  ORIGIN 0.0000

              STEP     TOTAL      WALL        STABLE    CRITICAL    KINETIC      TOTAL
INCREMENT     TIME      TIME      TIME     INCREMENT     ELEMENT     ENERGY     ENERGY
     4294  5.000E-05 5.000E-05  00:29:32 1.16446E-08        5672  5.354E-06 -1.285E-10
Output Field Frame Number     5, of     25, at step time 5.000E-05
     4405  5.129E-05 5.129E-05  00:30:20 1.16446E-08       28144  5.221E-06 -1.302E-10
     4517  5.260E-05 5.260E-05  00:31:08 1.16446E-08       84324  4.857E-06 -1.246E-10
     4628  5.389E-05 5.389E-05  00:31:56 1.16446E-08       84324  4.875E-06 -1.193E-10
     4741  5.521E-05 5.521E-05  00:32:45 1.16446E-08       84324  5.503E-06 -1.366E-10
     4853  5.651E-05 5.651E-05  00:33:33 1.16446E-08       28144  5.492E-06 -1.394E-10
     4964  5.780E-05 5.780E-05  00:34:21 1.16446E-08       16908  4.658E-06 -1.203E-10
     5075  5.910E-05 5.910E-05  00:35:10 1.16446E-08       28144  4.650E-06 -1.169E-10
     5153  6.000E-05 6.000E-05  00:35:44 1.16446E-08       16908  5.296E-06 -1.355E-10
Output Field Frame Number     6, of     25, at step time 6.000E-05
     5261  6.126E-05 6.126E-05  00:36:32 1.16446E-08       16908  5.705E-06 -1.464E-10
     5369  6.252E-05 6.252E-05  00:37:19 1.16446E-08       16908  4.995E-06 -1.286E-10
     5482  6.384E-05 6.384E-05  00:38:08 1.16446E-08       28144  4.575E-06 -1.186E-10
     5588  6.507E-05 6.507E-05  00:38:55 1.16446E-08       28144  5.052E-06 -1.357E-10
     5696  6.633E-05 6.633E-05  00:39:42 1.16446E-08       61852  5.360E-06 -1.422E-10
     5807  6.762E-05 6.762E-05  00:40:30 1.16446E-08       84324  5.184E-06 -1.336E-10
     5918  6.891E-05 6.891E-05  00:41:18 1.16446E-08       28144  5.028E-06 -1.308E-10
     6012  7.001E-05 7.001E-05  00:42:01 1.16446E-08       16908  4.882E-06 -1.356E-10
Output Field Frame Number     7, of     25, at step time 7.001E-05
     6105  7.109E-05 7.109E-05  00:42:50 1.16446E-08       16908  4.768E-06 -1.350E-10
     6201  7.221E-05 7.221E-05  00:43:37 1.16446E-08       16908  4.995E-06 -1.353E-10
     6306  7.343E-05 7.343E-05  00:44:26 1.16446E-08       28144  5.436E-06 -1.422E-10
     6409  7.463E-05 7.463E-05  00:45:13 1.16446E-08       28144  5.311E-06 -1.420E-10
     6521  7.593E-05 7.593E-05  00:46:01 1.16446E-08       28144  4.629E-06 -1.359E-10
     6633  7.724E-05 7.724E-05  00:46:49 1.16446E-08       28144  4.522E-06 -1.321E-10
     6742  7.851E-05 7.851E-05  00:47:37 1.16446E-08       16908  5.261E-06 -1.410E-10
     6854  7.981E-05 7.981E-05  00:48:25 1.16446E-08       16908  5.703E-06 -1.513E-10
     6871  8.001E-05 8.001E-05  00:48:32 1.16446E-08       28144  5.658E-06 -1.520E-10
Output Field Frame Number     8, of     25, at step time 8.001E-05
     6983  8.131E-05 8.131E-05  00:49:21 1.16446E-08       28144  4.707E-06 -1.409E-10
     7095  8.262E-05 8.262E-05  00:50:09 1.16446E-08       28144  4.085E-06 -1.265E-10
     7207  8.392E-05 8.392E-05  00:50:57 1.16446E-08       73088  5.163E-06 -1.418E-10
     7320  8.524E-05 8.524E-05  00:51:46 1.16446E-08       84324  6.026E-06 -1.626E-10
     7425  8.646E-05 8.646E-05  00:52:33 1.16446E-08       28144  4.927E-06 -1.478E-10
     7537  8.777E-05 8.777E-05  00:53:21 1.16446E-08        5672  3.837E-06 -1.251E-10
     7648  8.906E-05 8.906E-05  00:54:09 1.16446E-08        5672  4.904E-06 -1.427E-10
     7729  9.000E-05 9.000E-05  00:54:44 1.16446E-08       16908  5.886E-06 -1.623E-10
Output Field Frame Number     9, of     25, at step time 9.000E-05
     7837  9.126E-05 9.126E-05  00:55:33 1.16446E-08       28144  5.517E-06 -1.608E-10
     7947  9.254E-05 9.254E-05  00:56:20 1.16446E-08       84324  4.174E-06 -1.357E-10
     8058  9.383E-05 9.383E-05  00:57:07 1.16446E-08       84324  4.267E-06 -1.369E-10
     8171  9.515E-05 9.515E-05  00:57:56 1.16446E-08       84324  5.516E-06 -1.615E-10
     8280  9.642E-05 9.642E-05  00:58:43 1.16446E-08       16908  5.651E-06 -1.684E-10
     8394  9.775E-05 9.775E-05  00:59:32 1.16446E-08        5672  4.421E-06 -1.456E-10

 STEP 1  ORIGIN 0.0000

              STEP     TOTAL      WALL        STABLE    CRITICAL    KINETIC      TOTAL
INCREMENT     TIME      TIME      TIME     INCREMENT     ELEMENT     ENERGY     ENERGY
     8504  9.903E-05 9.903E-05  01:00:20 1.16446E-08        5672  4.083E-06 -1.338E-10
     8588  1.000E-04 1.000E-04  01:00:57 1.16446E-08       16908  4.966E-06 -1.567E-10
Output Field Frame Number    10, of     25, at step time 1.000E-04
     8693  1.012E-04 1.012E-04  01:01:45 1.16446E-08       84324  5.828E-06 -1.780E-10
     8807  1.026E-04 1.026E-04  01:02:33 1.16446E-08       84324  4.850E-06 -1.574E-10
     8916  1.038E-04 1.038E-04  01:03:21 1.16446E-08       84324  3.948E-06 -1.318E-10
     9021  1.050E-04 1.050E-04  01:04:09 1.16446E-08       28144  4.850E-06 -1.612E-10
     9117  1.062E-04 1.062E-04  01:04:58 1.16446E-08        5672  5.704E-06 -1.808E-10
     9214  1.073E-04 1.073E-04  01:05:45 1.16446E-08        5672  5.115E-06 -1.670E-10
     9317  1.085E-04 1.085E-04  01:06:33 1.16446E-08        5672  4.133E-06 -1.395E-10
     9419  1.097E-04 1.097E-04  01:07:22 1.16446E-08       16908  4.541E-06 -1.558E-10
     9447  1.100E-04 1.100E-04  01:07:34 1.16446E-08       16908  4.828E-06 -1.649E-10
Output Field Frame Number    11, of     25, at step time 1.100E-04
     9555  1.113E-04 1.113E-04  01:08:22 1.16446E-08       84324  5.488E-06 -1.785E-10
     9665  1.125E-04 1.125E-04  01:09:10 1.16446E-08       84324  4.803E-06 -1.652E-10
     9776  1.138E-04 1.138E-04  01:09:58 1.16446E-08       84324  4.266E-06 -1.462E-10
     9882  1.151E-04 1.151E-04  01:10:46 1.16446E-08       28144  4.806E-06 -1.681E-10
     9990  1.163E-04 1.163E-04  01:11:34 1.16446E-08        5672  5.279E-06 -1.747E-10
    10096  1.176E-04 1.176E-04  01:12:21 1.16446E-08        5672  4.931E-06 -1.723E-10
    10204  1.188E-04 1.188E-04  01:13:08 1.16446E-08        5672  4.418E-06 -1.572E-10
    10306  1.200E-04 1.200E-04  01:13:51 1.16446E-08       16908  4.482E-06 -1.642E-10
Output Field Frame Number    12, of     25, at step time 1.200E-04
    10417  1.213E-04 1.213E-04  01:14:39 1.16446E-08       84324  5.048E-06 -1.719E-10
    10525  1.226E-04 1.226E-04  01:15:27 1.16446E-08       84324  5.232E-06 -1.828E-10
    10635  1.238E-04 1.238E-04  01:16:15 1.16446E-08       61852  4.598E-06 -1.675E-10
    10744  1.251E-04 1.251E-04  01:17:02 1.16446E-08       28144  4.199E-06 -1.607E-10
    10855  1.264E-04 1.264E-04  01:17:50 1.16446E-08       16908  4.885E-06 -1.743E-10
    10966  1.277E-04 1.277E-04  01:18:39 1.16446E-08        5672  5.348E-06 -1.896E-10
    11075  1.290E-04 1.290E-04  01:19:27 1.16446E-08        5672  4.626E-06 -1.735E-10
    11164  1.300E-04 1.300E-04  01:20:06 1.16446E-08       16908  4.171E-06 -1.625E-10
Output Field Frame Number    13, of     25, at step time 1.300E-04
    11275  1.313E-04 1.313E-04  01:20:54 1.16446E-08       16908  4.725E-06 -1.758E-10
    11385  1.326E-04 1.326E-04  01:21:43 1.16446E-08       84324  5.219E-06 -1.903E-10
    11490  1.338E-04 1.338E-04  01:22:30 1.16446E-08       84324  4.710E-06 -1.803E-10
    11599  1.351E-04 1.351E-04  01:23:18 1.16446E-08       84324  4.293E-06 -1.698E-10
    11711  1.364E-04 1.364E-04  01:24:07 1.16446E-08       16908  4.755E-06 -1.799E-10
    11821  1.377E-04 1.377E-04  01:24:55 1.16446E-08        5672  5.114E-06 -1.883E-10
    11929  1.389E-04 1.389E-04  01:25:43 1.16446E-08       16908  4.709E-06 -1.847E-10
    12023  1.400E-04 1.400E-04  01:26:25 1.16446E-08        5672  4.249E-06 -1.746E-10
Output Field Frame Number    14, of     25, at step time 1.400E-04
    12123  1.412E-04 1.412E-04  01:27:14 1.16446E-08       28144  4.396E-06 -1.741E-10
    12226  1.424E-04 1.424E-04  01:28:02 1.16446E-08       84324  5.117E-06 -1.883E-10
    12326  1.435E-04 1.435E-04  01:28:50 1.16446E-08       84324  5.258E-06 -1.976E-10
    12431  1.448E-04 1.448E-04  01:29:38 1.16446E-08       61852  4.326E-06 -1.803E-10
    12545  1.461E-04 1.461E-04  01:30:26 1.16446E-08       28144  3.866E-06 -1.668E-10

 STEP 1  ORIGIN 0.0000

              STEP     TOTAL      WALL        STABLE    CRITICAL    KINETIC      TOTAL
INCREMENT     TIME      TIME      TIME     INCREMENT     ELEMENT     ENERGY     ENERGY
    12655  1.474E-04 1.474E-04  01:31:14 1.16446E-08        5672  5.047E-06 -1.903E-10
    12765  1.486E-04 1.486E-04  01:32:02 1.16446E-08       16908  5.589E-06 -2.071E-10
    12874  1.499E-04 1.499E-04  01:32:51 1.16446E-08       28144  4.304E-06 -1.803E-10
    12882  1.500E-04 1.500E-04  01:32:55 1.16446E-08       84324  4.197E-06 -1.780E-10
Output Field Frame Number    15, of     25, at step time 1.500E-04
    12992  1.513E-04 1.513E-04  01:33:43 1.16446E-08       28144  3.716E-06 -1.683E-10
    13104  1.526E-04 1.526E-04  01:34:31 1.16446E-08       84324  5.020E-06 -1.976E-10
    13214  1.539E-04 1.539E-04  01:35:19 1.16446E-08       28144  5.444E-06 -2.073E-10
    13324  1.552E-04 1.552E-04  01:36:07 1.16446E-08        5672  4.362E-06 -1.812E-10
    13434  1.564E-04 1.564E-04  01:36:55 1.16446E-08        5672  3.973E-06 -1.802E-10
    13545  1.577E-04 1.577E-04  01:37:43 1.16446E-08       16908  4.736E-06 -2.002E-10
    13659  1.591E-04 1.591E-04  01:38:32 1.16446E-08       84324  5.027E-06 -2.028E-10
    13741  1.600E-04 1.600E-04  01:39:07 1.16446E-08       73088  4.696E-06 -1.906E-10
Output Field Frame Number    16, of     25, at step time 1.600E-04
    13847  1.612E-04 1.612E-04  01:39:55 1.16446E-08       61852  4.351E-06 -1.920E-10
    13960  1.626E-04 1.626E-04  01:40:43 1.16446E-08       73088  4.467E-06 -1.997E-10
    14072  1.639E-04 1.639E-04  01:41:31 1.16446E-08        5672  4.682E-06 -2.015E-10
    14184  1.652E-04 1.652E-04  01:42:20 1.16446E-08        5672  4.686E-06 -1.976E-10
    14295  1.665E-04 1.665E-04  01:43:08 1.16446E-08        5672  4.526E-06 -2.022E-10
    14407  1.678E-04 1.678E-04  01:43:56 1.16446E-08       16908  4.452E-06 -2.037E-10
    14520  1.691E-04 1.691E-04  01:44:44 1.16446E-08       84324  4.609E-06 -2.041E-10
    14599  1.700E-04 1.700E-04  01:45:18 1.16446E-08       84324  4.682E-06 -2.056E-10
Output Field Frame Number    17, of     25, at step time 1.700E-04
    14712  1.713E-04 1.713E-04  01:46:07 1.16446E-08       84324  4.504E-06 -2.043E-10
    14819  1.726E-04 1.726E-04  01:46:55 1.16446E-08       84324  4.362E-06 -2.044E-10
    14924  1.738E-04 1.738E-04  01:47:42 1.16446E-08       16908  4.592E-06 -2.065E-10
    15031  1.750E-04 1.750E-04  01:48:31 1.16446E-08        5672  4.764E-06 -2.135E-10
    15127  1.761E-04 1.761E-04  01:49:20 1.16446E-08        5672  4.501E-06 -2.077E-10
    15224  1.773E-04 1.773E-04  01:50:08 1.16446E-08        5672  4.230E-06 -2.048E-10
    15329  1.785E-04 1.785E-04  01:50:56 1.16446E-08       16908  4.458E-06 -2.074E-10
    15432  1.797E-04 1.797E-04  01:51:44 1.16446E-08       28144  4.798E-06 -2.170E-10
    15458  1.800E-04 1.800E-04  01:51:55 1.16446E-08       28144  4.808E-06 -2.191E-10
Output Field Frame Number    18, of     25, at step time 1.800E-04
    15570  1.813E-04 1.813E-04  01:52:44 1.16446E-08       84324  4.462E-06 -2.109E-10
    15681  1.826E-04 1.826E-04  01:53:32 1.16446E-08       28144  4.201E-06 -2.082E-10
    15792  1.839E-04 1.839E-04  01:54:20 1.16446E-08       84324  4.530E-06 -2.123E-10
    15903  1.852E-04 1.852E-04  01:55:09 1.16446E-08       28144  4.754E-06 -2.228E-10
    16006  1.864E-04 1.864E-04  01:55:55 1.16446E-08       16908  4.440E-06 -2.158E-10
    16119  1.877E-04 1.877E-04  01:56:44 1.16446E-08       16908  4.177E-06 -2.120E-10
    16225  1.889E-04 1.889E-04  01:57:31 1.16446E-08        5672  4.522E-06 -2.160E-10
    16317  1.900E-04 1.900E-04  01:58:12 1.16446E-08       16908  4.813E-06 -2.276E-10
Output Field Frame Number    19, of     25, at step time 1.900E-04
    16424  1.913E-04 1.913E-04  01:59:00 1.16446E-08       16908  4.477E-06 -2.228E-10
    16537  1.926E-04 1.926E-04  01:59:48 1.16446E-08       28144  3.980E-06 -2.127E-10
    16644  1.938E-04 1.938E-04  02:00:36 1.16446E-08       84324  4.410E-06 -2.179E-10

 STEP 1  ORIGIN 0.0000

              STEP     TOTAL      WALL        STABLE    CRITICAL    KINETIC      TOTAL
INCREMENT     TIME      TIME      TIME     INCREMENT     ELEMENT     ENERGY     ENERGY
    16751  1.951E-04 1.951E-04  02:01:24 1.16446E-08       28144  5.021E-06 -2.364E-10
    16862  1.964E-04 1.964E-04  02:02:11 1.16446E-08       28144  4.522E-06 -2.279E-10
    16973  1.976E-04 1.976E-04  02:03:00 1.16446E-08       28144  3.732E-06 -2.122E-10
    17084  1.989E-04 1.989E-04  02:03:48 1.16446E-08       28144  4.238E-06 -2.198E-10
    17176  2.000E-04 2.000E-04  02:04:29 1.16446E-08       61852  5.063E-06 -2.401E-10
Output Field Frame Number    20, of     25, at step time 2.000E-04
    17287  2.013E-04 2.013E-04  02:05:17 1.16446E-08       16908  4.904E-06 -2.370E-10
    17398  2.026E-04 2.026E-04  02:06:05 1.16446E-08       16908  3.811E-06 -2.179E-10
    17500  2.038E-04 2.038E-04  02:06:52 1.16446E-08       16908  3.679E-06 -2.129E-10
    17608  2.050E-04 2.050E-04  02:07:41 1.16446E-08       28144  4.723E-06 -2.349E-10
    17718  2.063E-04 2.063E-04  02:08:30 1.16446E-08       84324  5.244E-06 -2.446E-10
    17831  2.076E-04 2.076E-04  02:09:18 1.16446E-08       84324  4.246E-06 -2.299E-10
    17937  2.089E-04 2.089E-04  02:10:07 1.16446E-08       84324  3.459E-06 -2.125E-10
    18035  2.100E-04 2.100E-04  02:10:53 1.16446E-08       84324  4.055E-06 -2.242E-10
Output Field Frame Number    21, of     25, at step time 2.100E-04
    18129  2.111E-04 2.111E-04  02:11:41 1.16446E-08       16908  5.071E-06 -2.423E-10
    18228  2.123E-04 2.123E-04  02:12:29 1.16446E-08        5672  5.134E-06 -2.483E-10
    18329  2.134E-04 2.134E-04  02:13:16 1.16446E-08        5672  4.072E-06 -2.296E-10
    18429  2.146E-04 2.146E-04  02:14:03 1.16446E-08        5672  3.423E-06 -2.142E-10
    18541  2.159E-04 2.159E-04  02:14:52 1.16446E-08       28144  4.252E-06 -2.298E-10
    18653  2.172E-04 2.172E-04  02:15:40 1.16446E-08       84324  5.257E-06 -2.548E-10
    18763  2.185E-04 2.185E-04  02:16:28 1.16446E-08       84324  4.656E-06 -2.451E-10
    18874  2.198E-04 2.198E-04  02:17:16 1.16446E-08       84324  3.465E-06 -2.185E-10
    18893  2.200E-04 2.200E-04  02:17:25 1.16446E-08       61852  3.386E-06 -2.162E-10
Output Field Frame Number    22, of     25, at step time 2.200E-04
    18997  2.212E-04 2.212E-04  02:18:12 1.16446E-08       16908  3.955E-06 -2.305E-10
    19107  2.225E-04 2.225E-04  02:19:00 1.16446E-08        5672  5.144E-06 -2.591E-10
    19216  2.238E-04 2.238E-04  02:19:48 1.16446E-08        5672  4.826E-06 -2.520E-10
    19329  2.251E-04 2.251E-04  02:20:37 1.16446E-08       16908  3.620E-06 -2.248E-10
    19444  2.264E-04 2.264E-04  02:21:26 1.16446E-08       84324  3.778E-06 -2.349E-10
    19547  2.276E-04 2.276E-04  02:22:13 1.16446E-08       84324  4.746E-06 -2.547E-10
    19654  2.289E-04 2.289E-04  02:23:01 1.16446E-08       84324  4.880E-06 -2.566E-10
    19752  2.300E-04 2.300E-04  02:23:43 1.16446E-08       28144  4.178E-06 -2.412E-10
Output Field Frame Number    23, of     25, at step time 2.300E-04
    19850  2.311E-04 2.311E-04  02:24:29 1.16446E-08        5672  3.737E-06 -2.368E-10
    19961  2.324E-04 2.324E-04  02:25:18 1.16446E-08        5672  4.095E-06 -2.459E-10
    20064  2.336E-04 2.336E-04  02:26:05 1.16446E-08        5672  4.618E-06 -2.539E-10
    20174  2.349E-04 2.349E-04  02:26:53 1.16446E-08       16908  4.610E-06 -2.543E-10
    20287  2.362E-04 2.362E-04  02:27:42 1.16446E-08       84324  4.071E-06 -2.475E-10
    20399  2.375E-04 2.375E-04  02:28:30 1.16446E-08       84324  3.829E-06 -2.428E-10
    20510  2.388E-04 2.388E-04  02:29:19 1.16446E-08       84324  4.300E-06 -2.511E-10
    20611  2.400E-04 2.400E-04  02:30:04 1.16446E-08       28144  4.689E-06 -2.607E-10
Output Field Frame Number    24, of     25, at step time 2.400E-04
    20718  2.413E-04 2.413E-04  02:30:51 1.16446E-08        5672  4.332E-06 -2.563E-10
    20829  2.425E-04 2.425E-04  02:31:40 1.16446E-08        5672  3.786E-06 -2.443E-10

 STEP 1  ORIGIN 0.0000

              STEP     TOTAL      WALL        STABLE    CRITICAL    KINETIC      TOTAL
INCREMENT     TIME      TIME      TIME     INCREMENT     ELEMENT     ENERGY     ENERGY
    20941  2.439E-04 2.439E-04  02:32:28 1.16446E-08        5672  4.136E-06 -2.517E-10
    21042  2.450E-04 2.450E-04  02:33:16 1.16446E-08       16908  4.636E-06 -2.649E-10
    21136  2.461E-04 2.461E-04  02:34:04 1.16446E-08       84324  4.389E-06 -2.605E-10
    21235  2.473E-04 2.473E-04  02:34:51 1.16446E-08       84324  3.839E-06 -2.471E-10
    21407  2.493E-04 2.493E-04  02:36:00 1.16446E-08       84324  4.443E-06 -2.655E-10
    21470  2.500E-04 2.500E-04  02:36:23 1.16395E-08       28144  4.607E-06 -2.705E-10
Restart Number  1 at 2.50000E-04
Output Field Frame Number    25, of     25, at step time 2.500E-04
  EXPLICIT EXECUTABLE TIME SUMMARY
       USER TIME (SEC)      =   23459.
       SYSTEM TIME (SEC)    =   4483.4
       WALLCLOCK TIME (SEC) =         9388
              INIT (SEC) =         10
              MAIN (SEC) =       9378

  THE ANALYSIS HAS COMPLETED SUCCESSFULLY

