Abaqus/Explicit 2026                             DATE 21-Sep-2026  TIME 19:25:46
-------------------------------------------------------------------------------
 PREPROCESSOR WARNING MESSAGES
-------------------------------------------------------------------------------


***WARNING: There are 6 warning messages in the data (.dat) file.  Please
            check the data file for possible errors in the input file.


-------------------------------------------------------------------------------
 NUMERICAL PRECISION USED FOR THIS Abaqus/Explicit ANALYSIS
-------------------------------------------------------------------------------

Single precision package and double precision explicit executables will be
used in this analysis.

-------------------------------------------------------------------------------
-------------------------------------------------------------------------------
 MODEL INFORMATION (IN GLOBAL X-Y COORDINATES)
-------------------------------------------------------------------------------

   Total mass in model = 3.30000E-02
   Center of mass of model = ( 5.000000E-02, 5.000000E-02, 1.000000E-03)

    Moments of Inertia :
                 About Center of Mass              About Origin
      I(XX)          2.751889E-05                  1.100519E-04
      I(YY)          2.751889E-05                  1.100519E-04
      I(ZZ)          5.501510E-05                  2.200151E-04
      I(XY)         -9.793959E-13                 -8.250001E-05
      I(YZ)         -1.000416E-13                 -1.650000E-06
      I(ZX)         -1.027881E-13                 -1.650000E-06

-------------------------------------------------------------------------------
 STABLE TIME INCREMENT INFORMATION
-------------------------------------------------------------------------------


  The stable time increment estimate for each element is based on
  linearization about the initial state.


   Initial time increment = 1.22410E-08

   Statistics over 89888 deformable elements:
      Mean = 2.26340E-08
      Standard deviation = 3.64392E-09

   Most critical elements:
    Element number   Rank    Time increment   Increment ratio
   ----------------------------------------------------------
       16908          1       1.224104E-08      1.000000E+00
       28144          2       1.224104E-08      1.000000E+00
        5672          3       1.224104E-08      9.999999E-01
       39380          4       1.224104E-08      9.999999E-01
       61852          5       1.224104E-08      9.999999E-01
       73088          6       1.224104E-08      9.999999E-01
       84324          7       1.224104E-08      9.999999E-01
       50616          8       1.224104E-08      9.999999E-01
       16907          9       1.224107E-08      9.999973E-01
       28143         10       1.224107E-08      9.999973E-01

-------------------------------------------------------------------------------

  INFORMATION REGARDING INITIAL CONTACT OVERCLOSURES FOR NEWLY DEFINED GENERAL
  CONTACT INTERACTIONS IN STEP 1

-------------------------------------------------------------------------------

  No initial node-face overclosures found.


  Abaqus/Explicit will attempt to resolve 27 initial edge-edge overclosure(s).


  Maximum initial overclosure for edge-edge contact is 6.77626E-20 between the
  edge defined by nodes 22847 and 22846 and the edge defined by nodes 34295
  and 34296


  No nodal position adjustments have been made.


  No node-face overclosures left unresolved.


  29 edge-edge overclosure(s) left unresolved and will be stored as offsets.
  To help identify the nodes involved in the overclosures a node set
  InfoNodeUnresolvInitOver has been created. Check the message file for more
  detailed information.


  Maximum unresolved overclosure is 1.21973E-19 between the edge defined by
  nodes 131396 and 131503 and the edge defined by nodes 142952 and 142845


  For more detailed information on initial overclosures, use the *DIAGNOSTICS,
  CONTACT=DETAIL command and see the message (.msg) file.


***NOTE: You can view the deformed configuration due to the resolution of
         initial overclosures.  In increment 0, draw the deformed shape or
         draw a symbol plot of vector displacements.

------------------------------------------------------------------------------

Abaqus/Explicit 2026                             DATE 21-Sep-2026  TIME 19:26:01
The entire model is considered 1 domain.
Only 1 MPI rank is used.

-------------------------------------------------------------------------------
 SOLUTION PROGRESS
-------------------------------------------------------------------------------

 STEP 1  ORIGIN 0.0000

  Total memory used for step 1 is approximately 2.9 gigabytes.
  Global time estimation algorithm will be used.
  Scaling factor:  1.0000
              STEP     TOTAL      WALL        STABLE    CRITICAL    KINETIC      TOTAL
INCREMENT     TIME      TIME      TIME     INCREMENT     ELEMENT     ENERGY     ENERGY
        0  0.000E+00 0.000E+00  00:00:05 1.16714E-08       28144  0.000E+00  0.000E+00
Output Field Frame Number     0, of     25, at step time 0.000E+00
       88  1.053E-06 1.053E-06  00:00:55 1.22696E-08       28144  5.783E-13  4.160E-15
      187  2.267E-06 2.267E-06  00:01:43 1.22592E-08       28144  7.149E-11  4.241E-13
      277  3.370E-06 3.370E-06  00:02:31 1.22592E-08       16908  7.039E-10  1.655E-12
      381  4.610E-06 4.610E-06  00:03:18 1.22410E-08       16908  1.960E-09  6.094E-13
      497  6.030E-06 6.030E-06  00:04:06 1.22410E-08       28144  1.319E-09  1.609E-13
      606  7.364E-06 7.364E-06  00:04:53 1.17865E-08       28144  1.760E-08  5.505E-13
      725  8.776E-06 8.776E-06  00:05:42 1.22304E-08       28144  7.313E-08  4.165E-13
      828  1.001E-05 1.001E-05  00:06:25 1.16714E-08       28144  8.180E-08  9.278E-13
Output Field Frame Number     1, of     25, at step time 1.001E-05
      943  1.135E-05 1.135E-05  00:07:13 1.16714E-08       28144  5.868E-08  9.583E-11
     1062  1.274E-05 1.274E-05  00:08:01 1.16714E-08       28144  2.574E-07  3.430E-10
     1184  1.420E-05 1.420E-05  00:08:50 1.17864E-08       28144  5.296E-07  1.120E-10
     1301  1.558E-05 1.558E-05  00:09:38 1.22410E-08       28144  4.167E-07  3.817E-12
     1417  1.697E-05 1.697E-05  00:10:26 1.19777E-08       28144  5.362E-07  1.077E-11
     1538  1.841E-05 1.841E-05  00:11:14 1.21232E-08       28144  1.335E-06  7.831E-12
     1653  1.977E-05 1.977E-05  00:12:02 1.16714E-08       28144  1.515E-06  1.369E-11
     1673  2.001E-05 2.001E-05  00:12:10 1.16714E-08       16908  1.449E-06  1.694E-11
Output Field Frame Number     2, of     25, at step time 2.001E-05
     1792  2.140E-05 2.140E-05  00:12:59 1.16714E-08       28144  1.181E-06  3.654E-10
     1912  2.280E-05 2.280E-05  00:13:47 1.16714E-08       28144  2.237E-06  1.043E-09
     2030  2.419E-05 2.419E-05  00:14:36 1.16714E-08       16908  3.069E-06  3.113E-10
     2140  2.547E-05 2.547E-05  00:15:23 1.16714E-08       28144  2.426E-06 -9.665E-11
     2261  2.690E-05 2.690E-05  00:16:11 1.18882E-08       16908  2.603E-06 -8.280E-11
     2378  2.827E-05 2.827E-05  00:16:59 1.16714E-08       16908  4.331E-06 -9.787E-11
     2498  2.968E-05 2.968E-05  00:17:48 1.17864E-08       28144  4.258E-06 -8.475E-11
     2525  3.000E-05 3.000E-05  00:17:58 1.16716E-08       28144  3.926E-06 -7.394E-11
Output Field Frame Number     3, of     25, at step time 3.000E-05
     2648  3.145E-05 3.145E-05  00:18:47 1.16714E-08       28144  3.225E-06  1.789E-10
     2771  3.289E-05 3.289E-05  00:19:35 1.16714E-08       28144  5.156E-06  4.038E-10
     2892  3.432E-05 3.432E-05  00:20:22 1.16714E-08       28144  5.544E-06  4.688E-11
     3013  3.576E-05 3.576E-05  00:21:11 1.20557E-08       28144  3.908E-06 -1.081E-10
     3115  3.699E-05 3.699E-05  00:21:59 1.18885E-08       16908  4.426E-06 -1.094E-10
     3219  3.821E-05 3.821E-05  00:22:48 1.16714E-08       61852  5.983E-06 -1.334E-10
     3324  3.944E-05 3.944E-05  00:23:36 1.16714E-08       16908  5.705E-06 -1.236E-10
     3372  4.000E-05 4.000E-05  00:23:58 1.18882E-08       16908  5.063E-06 -1.096E-10
Output Field Frame Number     4, of     25, at step time 4.000E-05
     3484  4.135E-05 4.135E-05  00:24:47 1.21814E-08       16908  4.360E-06 -7.735E-11
     3596  4.268E-05 4.268E-05  00:25:35 1.17864E-08       73088  5.392E-06 -7.793E-11
     3707  4.398E-05 4.398E-05  00:26:23 1.17867E-08       84324  5.741E-06 -1.144E-10
     3821  4.532E-05 4.532E-05  00:27:11 1.19777E-08       84324  5.046E-06 -1.136E-10
     3932  4.664E-05 4.664E-05  00:27:59 1.19777E-08       73088  4.889E-06 -1.081E-10
     4043  4.794E-05 4.794E-05  00:28:47 1.17864E-08       28144  5.156E-06 -1.149E-10
     4154  4.925E-05 4.925E-05  00:29:35 1.16714E-08       61852  5.251E-06 -1.142E-10

 STEP 1  ORIGIN 0.0000

              STEP     TOTAL      WALL        STABLE    CRITICAL    KINETIC      TOTAL
INCREMENT     TIME      TIME      TIME     INCREMENT     ELEMENT     ENERGY     ENERGY
     4218  5.000E-05 5.000E-05  00:30:03 1.19779E-08       16908  5.303E-06 -1.172E-10
Output Field Frame Number     5, of     25, at step time 5.000E-05
     4330  5.132E-05 5.132E-05  00:30:52 1.16714E-08       61852  5.303E-06 -1.187E-10
     4442  5.263E-05 5.263E-05  00:31:40 1.16714E-08       28144  4.921E-06 -1.101E-10
     4555  5.397E-05 5.397E-05  00:32:28 1.19779E-08       61852  4.809E-06 -1.086E-10
     4666  5.527E-05 5.527E-05  00:33:16 1.16714E-08       28144  5.385E-06 -1.254E-10
     4779  5.660E-05 5.660E-05  00:34:04 1.17864E-08       28144  5.547E-06 -1.297E-10
     4891  5.792E-05 5.792E-05  00:34:53 1.16714E-08       16908  4.804E-06 -1.089E-10
     5002  5.924E-05 5.924E-05  00:35:41 1.18882E-08       28144  4.574E-06 -1.093E-10
     5066  6.001E-05 6.001E-05  00:36:10 1.19779E-08       16908  4.989E-06 -1.229E-10
Output Field Frame Number     6, of     25, at step time 6.001E-05
     5175  6.128E-05 6.128E-05  00:36:58 1.16714E-08       16908  5.677E-06 -1.402E-10
     5286  6.258E-05 6.258E-05  00:37:46 1.16714E-08       16908  5.256E-06 -1.278E-10
     5398  6.390E-05 6.390E-05  00:38:34 1.22304E-08       61852  4.504E-06 -1.111E-10
     5503  6.516E-05 6.516E-05  00:39:21 1.21234E-08       61852  4.827E-06 -1.278E-10
     5610  6.642E-05 6.642E-05  00:40:08 1.16714E-08       84324  5.471E-06 -1.447E-10
     5720  6.771E-05 6.771E-05  00:40:56 1.16714E-08       39380  5.279E-06 -1.353E-10
     5830  6.900E-05 6.900E-05  00:41:44 1.18882E-08       50616  4.769E-06 -1.184E-10
     5914  7.000E-05 7.000E-05  00:42:21 1.17867E-08       50616  4.772E-06 -1.337E-10
Output Field Frame Number     7, of     25, at step time 7.000E-05
     6018  7.126E-05 7.126E-05  00:43:09 1.21232E-08       16908  5.047E-06 -1.438E-10
     6114  7.239E-05 7.239E-05  00:43:57 1.17865E-08       28144  5.136E-06 -1.454E-10
     6214  7.359E-05 7.359E-05  00:44:45 1.17865E-08        5672  5.094E-06 -1.434E-10
     6317  7.479E-05 7.479E-05  00:45:33 1.16714E-08       61852  4.998E-06 -1.384E-10
     6428  7.612E-05 7.612E-05  00:46:21 1.18882E-08       28144  4.860E-06 -1.447E-10
     6540  7.743E-05 7.743E-05  00:47:09 1.17864E-08       28144  4.911E-06 -1.493E-10
     6650  7.872E-05 7.872E-05  00:47:57 1.16714E-08       39380  5.067E-06 -1.516E-10
     6760  8.000E-05 8.000E-05  00:48:45 1.16714E-08       16908  4.995E-06 -1.405E-10
Output Field Frame Number     8, of     25, at step time 8.000E-05
     6871  8.132E-05 8.132E-05  00:49:33 1.18882E-08       39380  4.930E-06 -1.531E-10
     6984  8.267E-05 8.267E-05  00:50:21 1.16714E-08       61852  4.977E-06 -1.634E-10
     7093  8.395E-05 8.395E-05  00:51:09 1.16714E-08       39380  4.816E-06 -1.609E-10
     7207  8.528E-05 8.528E-05  00:51:58 1.16714E-08       16908  4.811E-06 -1.458E-10
     7313  8.654E-05 8.654E-05  00:52:46 1.18882E-08       28144  5.168E-06 -1.722E-10
     7425  8.788E-05 8.788E-05  00:53:34 1.16714E-08       61852  5.053E-06 -1.772E-10
     7534  8.916E-05 8.916E-05  00:54:21 1.22410E-08       84324  4.541E-06 -1.658E-10
     7606  9.001E-05 9.001E-05  00:54:53 1.16714E-08       39380  4.576E-06 -1.624E-10
Output Field Frame Number     9, of     25, at step time 9.001E-05
     7711  9.125E-05 9.125E-05  00:55:40 1.20559E-08       84324  5.127E-06 -1.841E-10
     7821  9.256E-05 9.256E-05  00:56:28 1.21811E-08       28144  5.169E-06 -1.885E-10
     7931  9.386E-05 9.386E-05  00:57:16 1.16714E-08       16908  4.608E-06 -1.780E-10
     8044  9.520E-05 9.520E-05  00:58:04 1.17865E-08       16908  4.683E-06 -1.853E-10
     8154  9.650E-05 9.650E-05  00:58:52 1.17865E-08       16908  5.104E-06 -1.973E-10
     8267  9.785E-05 9.785E-05  00:59:40 1.21232E-08       28144  4.889E-06 -1.928E-10
     8374  9.913E-05 9.913E-05  01:00:28 1.16714E-08       28144  4.612E-06 -1.850E-10

 STEP 1  ORIGIN 0.0000

              STEP     TOTAL      WALL        STABLE    CRITICAL    KINETIC      TOTAL
INCREMENT     TIME      TIME      TIME     INCREMENT     ELEMENT     ENERGY     ENERGY
     8449  1.000E-04 1.000E-04  01:01:01 1.16714E-08       73088  4.767E-06 -1.968E-10
Output Field Frame Number    10, of     25, at step time 1.000E-04
     8555  1.013E-04 1.013E-04  01:01:49 1.21232E-08       73088  5.067E-06 -2.087E-10
     8668  1.026E-04 1.026E-04  01:02:37 1.19777E-08       73088  4.784E-06 -1.993E-10
     8777  1.039E-04 1.039E-04  01:03:25 1.16714E-08       28144  4.504E-06 -1.901E-10
     8887  1.052E-04 1.052E-04  01:04:13 1.16714E-08       16908  4.910E-06 -2.112E-10
     8999  1.065E-04 1.065E-04  01:05:02 1.18882E-08       16908  5.156E-06 -2.174E-10
     9093  1.076E-04 1.076E-04  01:05:50 1.17864E-08       16908  4.693E-06 -2.042E-10
     9193  1.088E-04 1.088E-04  01:06:38 1.17865E-08       50616  4.340E-06 -1.926E-10
     9293  1.100E-04 1.100E-04  01:07:26 1.16714E-08       28144  4.769E-06 -2.130E-10
     9294  1.100E-04 1.100E-04  01:07:26 1.16714E-08       28144  4.776E-06 -2.132E-10
Output Field Frame Number    11, of     25, at step time 1.100E-04
     9398  1.112E-04 1.112E-04  01:08:14 1.21232E-08       28144  5.216E-06 -2.251E-10
     9507  1.125E-04 1.125E-04  01:09:01 1.19777E-08       28144  4.819E-06 -2.148E-10
     9619  1.138E-04 1.138E-04  01:09:50 1.18882E-08        5672  4.352E-06 -2.018E-10
     9726  1.151E-04 1.151E-04  01:10:38 1.16714E-08       28144  4.594E-06 -2.159E-10
     9837  1.164E-04 1.164E-04  01:11:26 1.16714E-08       16908  5.027E-06 -2.258E-10
     9943  1.177E-04 1.177E-04  01:12:14 1.17865E-08       28144  5.046E-06 -2.274E-10
    10050  1.189E-04 1.189E-04  01:13:01 1.16714E-08       61852  4.589E-06 -2.166E-10
    10140  1.200E-04 1.200E-04  01:13:39 1.21811E-08       73088  4.210E-06 -2.134E-10
Output Field Frame Number    12, of     25, at step time 1.200E-04
    10258  1.214E-04 1.214E-04  01:14:28 1.16714E-08       28144  4.643E-06 -2.230E-10
    10363  1.227E-04 1.227E-04  01:15:15 1.17864E-08       39380  5.347E-06 -2.408E-10
    10476  1.240E-04 1.240E-04  01:16:04 1.16714E-08       28144  4.914E-06 -2.315E-10
    10584  1.253E-04 1.253E-04  01:16:51 1.21232E-08       16908  3.991E-06 -2.158E-10
    10695  1.266E-04 1.266E-04  01:17:39 1.19777E-08       84324  4.316E-06 -2.270E-10
    10803  1.279E-04 1.279E-04  01:18:27 1.16714E-08       84324  5.268E-06 -2.450E-10
    10914  1.292E-04 1.292E-04  01:19:15 1.16714E-08       61852  5.201E-06 -2.436E-10
    10985  1.300E-04 1.300E-04  01:19:46 1.16714E-08       73088  4.597E-06 -2.340E-10
Output Field Frame Number    13, of     25, at step time 1.300E-04
    11093  1.313E-04 1.313E-04  01:20:34 1.17867E-08       50616  3.876E-06 -2.255E-10
    11205  1.326E-04 1.326E-04  01:21:23 1.16714E-08       28144  4.434E-06 -2.339E-10
    11313  1.339E-04 1.339E-04  01:22:11 1.22410E-08       28144  5.482E-06 -2.629E-10
    11418  1.352E-04 1.352E-04  01:23:00 1.21811E-08       39380  5.085E-06 -2.548E-10
    11527  1.365E-04 1.365E-04  01:23:47 1.20556E-08       28144  3.703E-06 -2.273E-10
    11641  1.379E-04 1.379E-04  01:24:36 1.22304E-08       61852  4.143E-06 -2.322E-10
    11748  1.391E-04 1.391E-04  01:25:24 1.18882E-08       61852  5.566E-06 -2.727E-10
    11823  1.400E-04 1.400E-04  01:25:55 1.16714E-08       28144  5.514E-06 -2.717E-10
Output Field Frame Number    14, of     25, at step time 1.400E-04
    11935  1.413E-04 1.413E-04  01:26:43 1.16714E-08       39380  3.981E-06 -2.386E-10
    12046  1.426E-04 1.426E-04  01:27:33 1.21234E-08       61852  3.795E-06 -2.312E-10
    12145  1.438E-04 1.438E-04  01:28:22 1.18882E-08       39380  5.083E-06 -2.703E-10
    12240  1.449E-04 1.449E-04  01:29:08 1.19777E-08       28144  5.396E-06 -2.792E-10
    12348  1.462E-04 1.462E-04  01:29:57 1.16714E-08       28144  4.254E-06 -2.527E-10
    12458  1.475E-04 1.475E-04  01:30:45 1.16714E-08       16908  3.852E-06 -2.390E-10

 STEP 1  ORIGIN 0.0000

              STEP     TOTAL      WALL        STABLE    CRITICAL    KINETIC      TOTAL
INCREMENT     TIME      TIME      TIME     INCREMENT     ELEMENT     ENERGY     ENERGY
    12568  1.488E-04 1.488E-04  01:31:33 1.16714E-08       16908  4.861E-06 -2.727E-10
    12670  1.500E-04 1.500E-04  01:32:19 1.16714E-08       16908  5.209E-06 -2.816E-10
Output Field Frame Number    15, of     25, at step time 1.500E-04
    12779  1.513E-04 1.513E-04  01:33:07 1.21814E-08       28144  4.342E-06 -2.610E-10
    12889  1.526E-04 1.526E-04  01:33:55 1.16714E-08       28144  3.877E-06 -2.475E-10
    13001  1.539E-04 1.539E-04  01:34:44 1.16714E-08       28144  4.664E-06 -2.731E-10
    13108  1.552E-04 1.552E-04  01:35:31 1.16714E-08       39380  5.207E-06 -2.880E-10
    13219  1.565E-04 1.565E-04  01:36:19 1.16714E-08       28144  4.481E-06 -2.709E-10
    13329  1.578E-04 1.578E-04  01:37:07 1.16714E-08       61852  3.752E-06 -2.518E-10
    13440  1.591E-04 1.591E-04  01:37:56 1.16714E-08       73088  4.440E-06 -2.719E-10
    13521  1.600E-04 1.600E-04  01:38:30 1.16714E-08       50616  5.186E-06 -2.919E-10
Output Field Frame Number    16, of     25, at step time 1.600E-04
    13630  1.613E-04 1.613E-04  01:39:18 1.16714E-08       39380  4.957E-06 -2.887E-10
    13738  1.626E-04 1.626E-04  01:40:06 1.17864E-08       73088  3.800E-06 -2.578E-10
    13850  1.639E-04 1.639E-04  01:40:54 1.17865E-08        5672  3.921E-06 -2.617E-10
    13960  1.651E-04 1.651E-04  01:41:43 1.16714E-08        5672  5.156E-06 -2.982E-10
    14069  1.664E-04 1.664E-04  01:42:31 1.16716E-08       16908  5.021E-06 -2.974E-10
    14182  1.678E-04 1.678E-04  01:43:19 1.16714E-08       61852  3.700E-06 -2.615E-10
    14295  1.691E-04 1.691E-04  01:44:07 1.16714E-08       84324  3.982E-06 -2.680E-10
    14374  1.700E-04 1.700E-04  01:44:41 1.18882E-08       84324  4.984E-06 -2.985E-10
Output Field Frame Number    17, of     25, at step time 1.700E-04
    14486  1.713E-04 1.713E-04  01:45:30 1.20557E-08       28144  5.088E-06 -3.060E-10
    14600  1.727E-04 1.727E-04  01:46:19 1.16714E-08       16908  3.691E-06 -2.670E-10
    14704  1.739E-04 1.739E-04  01:47:06 1.17867E-08       28144  3.856E-06 -2.696E-10
    14814  1.752E-04 1.752E-04  01:47:54 1.17865E-08       16908  5.200E-06 -3.102E-10
    14924  1.765E-04 1.765E-04  01:48:42 1.16714E-08       28144  4.794E-06 -3.048E-10
    15029  1.778E-04 1.778E-04  01:49:30 1.17867E-08       28144  3.581E-06 -2.705E-10
    15125  1.789E-04 1.789E-04  01:50:19 1.18882E-08       84324  3.892E-06 -2.773E-10
    15218  1.800E-04 1.800E-04  01:51:02 1.19777E-08       61852  4.983E-06 -3.079E-10
Output Field Frame Number    18, of     25, at step time 1.800E-04
    15317  1.812E-04 1.812E-04  01:51:49 1.20557E-08       50616  5.039E-06 -3.135E-10
    15428  1.825E-04 1.825E-04  01:52:38 1.17864E-08       16908  3.879E-06 -2.857E-10
    15536  1.838E-04 1.838E-04  01:53:26 1.16714E-08       28144  3.747E-06 -2.793E-10
    15648  1.851E-04 1.851E-04  01:54:14 1.19777E-08       61852  4.793E-06 -3.082E-10
    15757  1.864E-04 1.864E-04  01:55:02 1.17864E-08       28144  4.929E-06 -3.174E-10
    15860  1.876E-04 1.876E-04  01:55:48 1.17867E-08       28144  3.971E-06 -2.919E-10
    15972  1.889E-04 1.889E-04  01:56:37 1.18882E-08       61852  3.761E-06 -2.824E-10
    16066  1.900E-04 1.900E-04  01:57:18 1.21811E-08       28144  4.685E-06 -3.094E-10
Output Field Frame Number    19, of     25, at step time 1.900E-04
    16174  1.913E-04 1.913E-04  01:58:07 1.18885E-08       16908  4.936E-06 -3.223E-10
    16281  1.926E-04 1.926E-04  01:58:54 1.18882E-08       16908  3.779E-06 -2.907E-10
    16393  1.939E-04 1.939E-04  01:59:43 1.17864E-08       16908  3.795E-06 -2.866E-10
    16501  1.952E-04 1.952E-04  02:00:30 1.16714E-08       84324  5.104E-06 -3.252E-10
    16607  1.964E-04 1.964E-04  02:01:18 1.16714E-08       28144  4.746E-06 -3.204E-10
    16720  1.978E-04 1.978E-04  02:02:06 1.19777E-08       73088  3.271E-06 -2.802E-10

 STEP 1  ORIGIN 0.0000

              STEP     TOTAL      WALL        STABLE    CRITICAL    KINETIC      TOTAL
INCREMENT     TIME      TIME      TIME     INCREMENT     ELEMENT     ENERGY     ENERGY
    16830  1.990E-04 1.990E-04  02:02:54 1.16714E-08        5672  4.006E-06 -2.978E-10
    16912  2.000E-04 2.000E-04  02:03:30 1.18885E-08       28144  5.208E-06 -3.306E-10
Output Field Frame Number    20, of     25, at step time 2.000E-04
    17020  2.013E-04 2.013E-04  02:04:18 1.19777E-08       28144  4.936E-06 -3.246E-10
    17130  2.026E-04 2.026E-04  02:05:05 1.19777E-08       16908  3.340E-06 -2.868E-10
    17242  2.039E-04 2.039E-04  02:05:54 1.17864E-08       16908  3.696E-06 -2.985E-10
    17346  2.052E-04 2.052E-04  02:06:41 1.16714E-08        5672  5.011E-06 -3.299E-10
    17452  2.064E-04 2.064E-04  02:07:29 1.16714E-08       73088  4.909E-06 -3.253E-10
    17562  2.077E-04 2.077E-04  02:08:17 1.16714E-08       73088  3.732E-06 -3.014E-10
    17675  2.091E-04 2.091E-04  02:09:06 1.16714E-08       84324  3.682E-06 -3.057E-10
    17756  2.100E-04 2.100E-04  02:09:43 1.18882E-08       73088  4.321E-06 -3.208E-10
Output Field Frame Number    21, of     25, at step time 2.100E-04
    17865  2.113E-04 2.113E-04  02:10:31 1.16714E-08       16908  4.716E-06 -3.257E-10
    17972  2.126E-04 2.126E-04  02:11:18 1.19777E-08       16908  4.294E-06 -3.188E-10
    18073  2.138E-04 2.138E-04  02:12:07 1.17864E-08       16908  3.996E-06 -3.162E-10
    18170  2.149E-04 2.149E-04  02:12:55 1.16714E-08       16908  4.013E-06 -3.195E-10
    18269  2.161E-04 2.161E-04  02:13:43 1.16714E-08        5672  4.059E-06 -3.156E-10
    18368  2.172E-04 2.172E-04  02:14:30 1.16714E-08       84324  4.260E-06 -3.211E-10
    18477  2.185E-04 2.185E-04  02:15:19 1.18882E-08       61852  4.626E-06 -3.342E-10
    18589  2.198E-04 2.198E-04  02:16:07 1.16714E-08       16908  4.263E-06 -3.296E-10
    18604  2.200E-04 2.200E-04  02:16:13 1.16714E-08       50616  4.147E-06 -3.273E-10
Output Field Frame Number    22, of     25, at step time 2.200E-04
    18715  2.213E-04 2.213E-04  02:17:02 1.19779E-08       84324  3.445E-06 -3.009E-10
    18821  2.226E-04 2.226E-04  02:17:49 1.16714E-08       84324  4.037E-06 -3.228E-10
    18930  2.239E-04 2.239E-04  02:18:37 1.17867E-08       28144  5.070E-06 -3.494E-10
    19037  2.251E-04 2.251E-04  02:19:25 1.16714E-08       28144  4.493E-06 -3.404E-10
    19148  2.264E-04 2.264E-04  02:20:13 1.16714E-08       28144  3.127E-06 -3.024E-10
    19264  2.278E-04 2.278E-04  02:21:02 1.19779E-08       39380  3.644E-06 -3.198E-10
    19373  2.291E-04 2.291E-04  02:21:50 1.17867E-08       16908  5.256E-06 -3.599E-10
    19453  2.300E-04 2.300E-04  02:22:27 1.16714E-08       28144  5.261E-06 -3.635E-10
Output Field Frame Number    23, of     25, at step time 2.300E-04
    19558  2.312E-04 2.312E-04  02:23:14 1.16714E-08       28144  3.529E-06 -3.198E-10
    19663  2.325E-04 2.325E-04  02:24:01 1.16714E-08       28144  2.654E-06 -3.018E-10
    19766  2.337E-04 2.337E-04  02:24:48 1.18885E-08       28144  4.327E-06 -3.440E-10
    19876  2.350E-04 2.350E-04  02:25:37 1.16714E-08       39380  5.737E-06 -3.819E-10
    19980  2.362E-04 2.362E-04  02:26:24 1.16714E-08       16908  4.180E-06 -3.444E-10
    20092  2.375E-04 2.375E-04  02:27:12 1.16714E-08       28144  2.412E-06 -3.048E-10
    20204  2.388E-04 2.388E-04  02:28:01 1.17865E-08       28144  3.901E-06 -3.449E-10
    20304  2.400E-04 2.400E-04  02:28:44 1.16714E-08       50616  5.597E-06 -3.878E-10
Output Field Frame Number    24, of     25, at step time 2.400E-04
    20411  2.413E-04 2.413E-04  02:29:33 1.17864E-08       16908  4.584E-06 -3.595E-10
    20518  2.426E-04 2.426E-04  02:30:20 1.16714E-08       16908  2.794E-06 -3.202E-10
    20623  2.438E-04 2.438E-04  02:31:08 1.17867E-08       28144  3.366E-06 -3.405E-10
    20734  2.451E-04 2.451E-04  02:31:56 1.19777E-08       39380  4.967E-06 -3.814E-10
    20845  2.464E-04 2.464E-04  02:32:44 1.17865E-08       39380  4.664E-06 -3.684E-10

 STEP 1  ORIGIN 0.0000

              STEP     TOTAL      WALL        STABLE    CRITICAL    KINETIC      TOTAL
INCREMENT     TIME      TIME      TIME     INCREMENT     ELEMENT     ENERGY     ENERGY
    20956  2.477E-04 2.477E-04  02:33:32 1.16714E-08       28144  3.400E-06 -3.408E-10
    21054  2.489E-04 2.489E-04  02:34:20 1.16714E-08       28144  3.413E-06 -3.489E-10
    21149  2.500E-04 2.500E-04  02:35:07 1.18882E-08       16908  4.189E-06 -3.720E-10
    21150  2.500E-04 2.500E-04  02:35:08 1.18882E-08       16908  4.195E-06 -3.721E-10
Restart Number  1 at 2.50000E-04
Output Field Frame Number    25, of     25, at step time 2.500E-04
  EXPLICIT EXECUTABLE TIME SUMMARY
       USER TIME (SEC)      =   23352.
       SYSTEM TIME (SEC)    =   4446.9
       WALLCLOCK TIME (SEC) =         9312
              INIT (SEC) =         10
              MAIN (SEC) =       9302

  THE ANALYSIS HAS COMPLETED SUCCESSFULLY

