Abaqus/Explicit 2026                             DATE 20-Sep-2026  TIME 23:05:44
-------------------------------------------------------------------------------
 PREPROCESSOR WARNING MESSAGES
-------------------------------------------------------------------------------


***WARNING: There are 6 warning messages in the data (.dat) file.  Please
            check the data file for possible errors in the input file.


-------------------------------------------------------------------------------
 NUMERICAL PRECISION USED FOR THIS Abaqus/Explicit ANALYSIS
-------------------------------------------------------------------------------

Single precision package and explicit executables will be used in this analysis.

-------------------------------------------------------------------------------
-------------------------------------------------------------------------------
 MODEL INFORMATION (IN GLOBAL X-Y COORDINATES)
-------------------------------------------------------------------------------

   Total mass in model = 3.30000E-02
   Center of mass of model = ( 5.000000E-02, 5.000000E-02, 1.000000E-03)

    Moments of Inertia :
                 About Center of Mass              About Origin
      I(XX)          2.751994E-05                  1.100529E-04
      I(YY)          2.758459E-05                  1.101176E-04
      I(ZZ)          5.508184E-05                  2.200818E-04
      I(XY)          8.649938E-14                 -8.250001E-05
      I(YZ)         -8.363691E-14                 -1.650000E-06
      I(ZX)         -9.121897E-14                 -1.650000E-06

-------------------------------------------------------------------------------
 STABLE TIME INCREMENT INFORMATION
-------------------------------------------------------------------------------


  The stable time increment estimate for each element is based on
  linearization about the initial state.


   Initial time increment = 2.57085E-08

   Statistics over 20480 deformable elements:
      Mean = 2.59291E-08
      Standard deviation = 0.0000

   Most critical elements:
    Element number   Rank    Time increment   Increment ratio
   ----------------------------------------------------------
       10256          1       2.570849E-08      1.000000E+00
       10257          2       2.570849E-08      1.000000E+00
       10320          3       2.570849E-08      1.000000E+00
       10321          4       2.570849E-08      1.000000E+00
       10352          5       2.570849E-08      1.000000E+00
       10353          6       2.570849E-08      1.000000E+00
       10416          7       2.570849E-08      1.000000E+00
       10417          8       2.570849E-08      1.000000E+00
       10448          9       2.570849E-08      1.000000E+00
       10449         10       2.570849E-08      1.000000E+00

-------------------------------------------------------------------------------

  INFORMATION REGARDING INITIAL CONTACT OVERCLOSURES FOR NEWLY DEFINED GENERAL
  CONTACT INTERACTIONS IN STEP 1

-------------------------------------------------------------------------------

  No initial node-face overclosures found.


  Abaqus/Explicit will attempt to resolve 78 initial edge-edge overclosure(s).


  Maximum initial overclosure for edge-edge contact is 7.93079E-10 between the
  edge defined by nodes 32043 and 32076 and the edge defined by nodes 34748
  and 34749


  No node-face overclosures left unresolved.


  56 edge-edge overclosure(s) left unresolved and will be stored as offsets.
  To help identify the nodes involved in the overclosures a node set
  InfoNodeUnresolvInitOver has been created. Check the message file for more
  detailed information.


  Maximum unresolved overclosure is 7.93079E-10 between the edge defined by
  nodes 32043 and 32076 and the edge defined by nodes 34748 and 34749


  For more detailed information on initial overclosures, use the *DIAGNOSTICS,
  CONTACT=DETAIL command and see the message (.msg) file.


***NOTE: You can view the deformed configuration due to the resolution of
         initial overclosures.  In increment 0, draw the deformed shape or
         draw a symbol plot of vector displacements.

------------------------------------------------------------------------------

Abaqus/Explicit 2026                             DATE 20-Sep-2026  TIME 23:05:52
The entire model is considered 1 domain.
Only 1 MPI rank is used.

-------------------------------------------------------------------------------
 SOLUTION PROGRESS
-------------------------------------------------------------------------------

 STEP 1  ORIGIN 0.0000

  Total memory used for step 1 is approximately 341.4 megabytes.
  Global time estimation algorithm will be used.
  Scaling factor:  1.0000
              STEP     TOTAL      WALL        STABLE    CRITICAL    KINETIC      TOTAL
INCREMENT     TIME      TIME      TIME     INCREMENT     ELEMENT     ENERGY     ENERGY
        0  0.000E+00 0.000E+00  00:00:02 2.42869E-08       10449  0.000E+00  0.000E+00
Output Field Frame Number     0, of     10, at step time 0.000E+00
      106  5.004E-06 5.004E-06  00:00:06 4.80824E-08       13712  1.901E-06  3.074E-06
      211  1.004E-05 1.004E-05  00:00:10 4.79783E-08       16305  2.500E-06  3.787E-06
Output Field Frame Number     1, of     10, at step time 1.004E-05
      316  1.508E-05 1.508E-05  00:00:14 4.79692E-08       18768  4.473E-06  5.798E-06
      419  2.002E-05 2.002E-05  00:00:17 4.79655E-08        3440  6.188E-06  7.796E-06
Output Field Frame Number     2, of     10, at step time 2.002E-05
      524  2.506E-05 2.506E-05  00:00:21 4.79629E-08        3441  9.538E-06  1.015E-05
      628  3.005E-05 3.005E-05  00:00:25 4.79608E-08       17201  1.253E-05  1.390E-05
Output Field Frame Number     3, of     10, at step time 3.005E-05
      733  3.508E-05 3.508E-05  00:00:29 4.79592E-08       17072  1.784E-05  2.056E-05
      836  4.002E-05 4.002E-05  00:00:32 4.79580E-08        5617  2.335E-05  2.858E-05
Output Field Frame Number     4, of     10, at step time 4.002E-05
      941  4.506E-05 4.506E-05  00:00:36 4.79575E-08       15600  2.855E-05  3.718E-05
     1045  5.005E-05 5.005E-05  00:00:40 4.79569E-08        5553  3.295E-05  4.454E-05
Output Field Frame Number     5, of     10, at step time 5.005E-05
     1150  5.508E-05 5.508E-05  00:00:44 4.79564E-08        2961  3.800E-05  4.912E-05
     1253  6.002E-05 6.002E-05  00:00:48 4.79558E-08        2256  4.086E-05  5.456E-05
Output Field Frame Number     6, of     10, at step time 6.002E-05
     1358  6.506E-05 6.506E-05  00:00:51 4.79554E-08       15281  4.468E-05  5.988E-05
     1462  7.004E-05 7.004E-05  00:00:55 4.79550E-08        4688  4.802E-05  6.204E-05
Output Field Frame Number     7, of     10, at step time 7.004E-05
     1567  7.508E-05 7.508E-05  00:00:59 4.79546E-08        4785  4.981E-05  6.494E-05
     1670  8.002E-05 8.002E-05  00:01:03 4.79543E-08        2928  4.953E-05  6.723E-05
Output Field Frame Number     8, of     10, at step time 8.002E-05
     1775  8.505E-05 8.505E-05  00:01:07 4.79540E-08        2896  4.992E-05  6.594E-05
     1879  9.004E-05 9.004E-05  00:01:10 4.79538E-08        2801  5.226E-05  6.657E-05
Output Field Frame Number     9, of     10, at step time 9.004E-05
     1984  9.508E-05 9.508E-05  00:01:14 4.79536E-08       10544  5.102E-05  6.597E-05
     2087  1.000E-04 1.000E-04  00:01:18 4.78914E-08       20080  5.256E-05  5.851E-05
Restart Number  1 at 1.00000E-04
Output Field Frame Number    10, of     10, at step time 1.000E-04
  EXPLICIT EXECUTABLE TIME SUMMARY
       USER TIME (SEC)      =   123.80
       SYSTEM TIME (SEC)    =   25.400
       WALLCLOCK TIME (SEC) =           79
              INIT (SEC) =          2
              MAIN (SEC) =         77

  THE ANALYSIS HAS COMPLETED SUCCESSFULLY

