Abaqus/Explicit 2026                             DATE 21-Sep-2026  TIME 01:17:25
-------------------------------------------------------------------------------
 PREPROCESSOR WARNING MESSAGES
-------------------------------------------------------------------------------


***WARNING: There are 6 warning messages in the data (.dat) file.  Please
            check the data file for possible errors in the input file.


-------------------------------------------------------------------------------
 NUMERICAL PRECISION USED FOR THIS Abaqus/Explicit ANALYSIS
-------------------------------------------------------------------------------

Single precision package and double precision explicit executables will be
used in this analysis.

-------------------------------------------------------------------------------
-------------------------------------------------------------------------------
 MODEL INFORMATION (IN GLOBAL X-Y COORDINATES)
-------------------------------------------------------------------------------

   Total mass in model = 3.30000E-02
   Center of mass of model = ( 5.000000E-02, 5.000000E-02, 1.000000E-03)

    Moments of Inertia :
                 About Center of Mass              About Origin
      I(XX)          2.751889E-05                  1.100519E-04
      I(YY)          2.751889E-05                  1.100519E-04
      I(ZZ)          5.501510E-05                  2.200151E-04
      I(XY)         -9.793959E-13                 -8.250001E-05
      I(YZ)         -1.000416E-13                 -1.650000E-06
      I(ZX)         -1.027881E-13                 -1.650000E-06

-------------------------------------------------------------------------------
 STABLE TIME INCREMENT INFORMATION
-------------------------------------------------------------------------------


  The stable time increment estimate for each element is based on
  linearization about the initial state.


   Initial time increment = 1.22410E-08

   Statistics over 89888 deformable elements:
      Mean = 2.26340E-08
      Standard deviation = 3.64392E-09

   Most critical elements:
    Element number   Rank    Time increment   Increment ratio
   ----------------------------------------------------------
       16908          1       1.224104E-08      1.000000E+00
       28144          2       1.224104E-08      1.000000E+00
        5672          3       1.224104E-08      9.999999E-01
       39380          4       1.224104E-08      9.999999E-01
       61852          5       1.224104E-08      9.999999E-01
       73088          6       1.224104E-08      9.999999E-01
       84324          7       1.224104E-08      9.999999E-01
       50616          8       1.224104E-08      9.999999E-01
       16907          9       1.224107E-08      9.999973E-01
       28143         10       1.224107E-08      9.999973E-01

-------------------------------------------------------------------------------

  INFORMATION REGARDING INITIAL CONTACT OVERCLOSURES FOR NEWLY DEFINED GENERAL
  CONTACT INTERACTIONS IN STEP 1

-------------------------------------------------------------------------------

  No initial node-face overclosures found.


  Abaqus/Explicit will attempt to resolve 27 initial edge-edge overclosure(s).


  Maximum initial overclosure for edge-edge contact is 6.77626E-20 between the
  edge defined by nodes 22847 and 22846 and the edge defined by nodes 34295
  and 34296


  No nodal position adjustments have been made.


  No node-face overclosures left unresolved.


  29 edge-edge overclosure(s) left unresolved and will be stored as offsets.
  To help identify the nodes involved in the overclosures a node set
  InfoNodeUnresolvInitOver has been created. Check the message file for more
  detailed information.


  Maximum unresolved overclosure is 1.21973E-19 between the edge defined by
  nodes 131396 and 131503 and the edge defined by nodes 142952 and 142845


  For more detailed information on initial overclosures, use the *DIAGNOSTICS,
  CONTACT=DETAIL command and see the message (.msg) file.


***NOTE: You can view the deformed configuration due to the resolution of
         initial overclosures.  In increment 0, draw the deformed shape or
         draw a symbol plot of vector displacements.

------------------------------------------------------------------------------

Abaqus/Explicit 2026                             DATE 21-Sep-2026  TIME 01:17:39
The entire model is considered 1 domain.
Only 1 MPI rank is used.

-------------------------------------------------------------------------------
 SOLUTION PROGRESS
-------------------------------------------------------------------------------

 STEP 1  ORIGIN 0.0000

  Total memory used for step 1 is approximately 2.9 gigabytes.
  Global time estimation algorithm will be used.
  Scaling factor:  1.0000
              STEP     TOTAL      WALL        STABLE    CRITICAL    KINETIC      TOTAL
INCREMENT     TIME      TIME      TIME     INCREMENT     ELEMENT     ENERGY     ENERGY
        0  0.000E+00 0.000E+00  00:00:05 1.16714E-08       28144  0.000E+00  0.000E+00
Output Field Frame Number     0, of     25, at step time 0.000E+00
      112  1.500E-06 1.500E-06  00:00:47 1.36084E-08       28144  5.317E-12  1.014E-15
      235  3.169E-06 3.169E-06  00:01:29 1.35237E-08       28144  4.875E-10  1.582E-14
      361  4.872E-06 4.872E-06  00:02:11 1.35126E-08       28144  1.777E-09  1.636E-14
      499  6.736E-06 6.736E-06  00:02:53 1.35126E-08       28144  5.171E-09  4.274E-13
      637  8.594E-06 8.594E-06  00:03:36 1.31232E-08       28144  6.047E-08  4.443E-13
      743  1.000E-05 1.000E-05  00:04:09 1.33825E-08       28144  7.390E-08  9.768E-13
Output Field Frame Number     1, of     25, at step time 1.000E-05
      878  1.176E-05 1.176E-05  00:04:51 1.28838E-08       16908  9.103E-08  4.069E-12
     1012  1.349E-05 1.349E-05  00:05:33 1.28838E-08       16908  3.936E-07  3.452E-12
     1144  1.519E-05 1.519E-05  00:06:15 1.28838E-08       16908  4.383E-07  7.402E-12
     1273  1.686E-05 1.686E-05  00:06:57 1.31232E-08       28144  5.208E-07  1.500E-11
     1397  1.846E-05 1.846E-05  00:07:39 1.28838E-08       28144  1.215E-06  1.265E-11
     1514  1.997E-05 1.997E-05  00:08:21 1.28838E-08       28144  1.333E-06  2.044E-11
     1517  2.001E-05 2.001E-05  00:08:22 1.28838E-08       28144  1.327E-06  2.081E-11
Output Field Frame Number     2, of     25, at step time 2.001E-05
     1639  2.159E-05 2.159E-05  00:09:04 1.30108E-08       28144  1.410E-06  3.228E-11
     1757  2.311E-05 2.311E-05  00:09:47 1.28838E-08       16908  2.257E-06  2.980E-11
     1873  2.460E-05 2.460E-05  00:10:29 1.28838E-08       16908  2.506E-06  3.995E-11
     1988  2.611E-05 2.611E-05  00:11:11 1.31232E-08       28144  2.700E-06  5.118E-11
     2100  2.759E-05 2.759E-05  00:11:53 1.28838E-08       61852  3.423E-06  4.877E-11
     2211  2.904E-05 2.904E-05  00:12:35 1.28838E-08       73088  3.469E-06  6.127E-11
     2286  3.001E-05 3.001E-05  00:13:03 1.28838E-08       16908  3.529E-06  6.980E-11
Output Field Frame Number     3, of     25, at step time 3.001E-05
     2394  3.141E-05 3.141E-05  00:13:46 1.28838E-08       84324  4.345E-06  6.487E-11
     2503  3.282E-05 3.282E-05  00:14:28 1.28838E-08       28144  4.597E-06  6.825E-11
     2608  3.419E-05 3.419E-05  00:15:09 1.32222E-08        5672  4.151E-06  8.550E-11
     2717  3.563E-05 3.563E-05  00:15:51 1.28838E-08        5672  4.750E-06  8.065E-11
     2826  3.704E-05 3.704E-05  00:16:33 1.35012E-08       16908  5.289E-06  7.687E-11
     2935  3.847E-05 3.847E-05  00:17:15 1.30108E-08       61852  4.851E-06  9.096E-11
     3042  3.987E-05 3.987E-05  00:17:57 1.33080E-08       61852  5.003E-06  9.198E-11
     3053  4.001E-05 4.001E-05  00:18:01 1.28838E-08       16908  5.049E-06  9.099E-11
Output Field Frame Number     4, of     25, at step time 4.001E-05
     3165  4.146E-05 4.146E-05  00:18:43 1.28838E-08       61852  5.139E-06  8.875E-11
     3275  4.291E-05 4.291E-05  00:19:25 1.33080E-08       28144  4.997E-06  9.792E-11
     3386  4.436E-05 4.436E-05  00:20:06 1.28838E-08       16908  5.694E-06  8.317E-11
     3496  4.581E-05 4.581E-05  00:20:48 1.32219E-08        5672  5.115E-06  9.685E-11
     3607  4.727E-05 4.727E-05  00:21:30 1.30109E-08       39380  4.271E-06  1.145E-10
     3715  4.868E-05 4.868E-05  00:22:11 1.32219E-08       50616  5.930E-06  8.515E-11
     3815  5.000E-05 5.000E-05  00:22:50 1.35012E-08       28144  6.181E-06  8.049E-11
Output Field Frame Number     5, of     25, at step time 5.000E-05
     3923  5.143E-05 5.143E-05  00:23:32 1.28838E-08       61852  3.805E-06  1.278E-10
     4032  5.286E-05 5.286E-05  00:24:14 1.32219E-08       28144  4.673E-06  1.114E-10
     4145  5.434E-05 5.434E-05  00:24:56 1.33080E-08       16908  7.012E-06  7.073E-11
     4255  5.578E-05 5.578E-05  00:25:38 1.32222E-08       73088  4.617E-06  1.255E-10

 STEP 1  ORIGIN 0.0000

              STEP     TOTAL      WALL        STABLE    CRITICAL    KINETIC      TOTAL
INCREMENT     TIME      TIME      TIME     INCREMENT     ELEMENT     ENERGY     ENERGY
     4361  5.717E-05 5.717E-05  00:26:20 1.33080E-08       73088  3.368E-06  1.341E-10
     4471  5.861E-05 5.861E-05  00:27:01 1.28838E-08       16908  6.399E-06  8.042E-11
     4579  6.001E-05 6.001E-05  00:27:43 1.30108E-08       50616  6.287E-06  8.576E-11
Output Field Frame Number     6, of     25, at step time 6.001E-05
     4686  6.143E-05 6.143E-05  00:28:26 1.32219E-08        5672  3.520E-06  1.411E-10
     4796  6.288E-05 6.288E-05  00:29:08 1.31232E-08       28144  4.783E-06  1.070E-10
     4902  6.426E-05 6.426E-05  00:29:50 1.28838E-08       50616  6.506E-06  8.478E-11
     5007  6.562E-05 6.562E-05  00:30:32 1.34465E-08       73088  4.953E-06  1.106E-10
     5115  6.703E-05 6.703E-05  00:31:13 1.32219E-08        5672  4.128E-06  1.216E-10
     5224  6.845E-05 6.845E-05  00:31:55 1.28838E-08       73088  5.473E-06  9.446E-11
     5339  6.994E-05 6.994E-05  00:32:36 1.28838E-08        5672  5.432E-06  1.008E-10
     5344  7.001E-05 7.001E-05  00:32:38 1.28838E-08       28144  5.390E-06  1.024E-10
Output Field Frame Number     7, of     25, at step time 7.001E-05
     5463  7.157E-05 7.157E-05  00:33:21 1.28838E-08       16908  4.691E-06  1.147E-10
     5587  7.321E-05 7.321E-05  00:34:03 1.28838E-08       73088  5.051E-06  1.016E-10
     5710  7.481E-05 7.481E-05  00:34:45 1.28838E-08       73088  5.111E-06  1.048E-10
     5833  7.642E-05 7.642E-05  00:35:26 1.32222E-08       28144  5.168E-06  1.028E-10
     5963  7.811E-05 7.811E-05  00:36:07 1.28838E-08       16908  4.777E-06  1.062E-10
     6100  7.989E-05 7.989E-05  00:36:48 1.32219E-08       16908  4.918E-06  1.048E-10
     6109  8.001E-05 8.001E-05  00:36:51 1.31232E-08       28144  4.984E-06  1.039E-10
Output Field Frame Number     8, of     25, at step time 8.001E-05
     6249  8.185E-05 8.185E-05  00:37:33 1.33083E-08       16908  5.515E-06  9.180E-11
     6392  8.373E-05 8.373E-05  00:38:14 1.33825E-08       16908  4.245E-06  1.109E-10
     6532  8.558E-05 8.558E-05  00:38:55 1.30108E-08       73088  5.250E-06  9.469E-11
     6676  8.748E-05 8.748E-05  00:39:37 1.35009E-08       28144  5.493E-06  8.921E-11
     6817  8.933E-05 8.933E-05  00:40:19 1.28838E-08       28144  3.898E-06  1.129E-10
     6868  9.000E-05 9.000E-05  00:40:34 1.33825E-08       16908  4.259E-06  1.073E-10
Output Field Frame Number     9, of     25, at step time 9.000E-05
     7010  9.188E-05 9.188E-05  00:41:15 1.28838E-08       28144  6.049E-06  7.703E-11
     7157  9.379E-05 9.379E-05  00:41:57 1.28838E-08        5672  4.168E-06  1.065E-10
     7299  9.564E-05 9.564E-05  00:42:39 1.31232E-08       84324  4.845E-06  9.402E-11
     7446  9.756E-05 9.756E-05  00:43:20 1.33825E-08       28144  5.575E-06  8.384E-11
     7590  9.946E-05 9.946E-05  00:44:02 1.33080E-08       73088  4.151E-06  1.054E-10
     7631  1.000E-04 1.000E-04  00:44:13 1.32219E-08       39380  4.362E-06  1.033E-10
Output Field Frame Number    10, of     25, at step time 1.000E-04
     7778  1.019E-04 1.019E-04  00:44:55 1.30109E-08       16908  5.351E-06  8.543E-11
     7923  1.038E-04 1.038E-04  00:45:36 1.33080E-08       61852  4.778E-06  9.714E-11
     8074  1.058E-04 1.058E-04  00:46:18 1.34465E-08       16908  4.745E-06  9.882E-11
     8227  1.079E-04 1.079E-04  00:47:00 1.32219E-08       61852  4.823E-06  9.717E-11
     8377  1.098E-04 1.098E-04  00:47:41 1.33825E-08       73088  5.366E-06  8.204E-11
     8390  1.100E-04 1.100E-04  00:47:45 1.33080E-08       28144  5.255E-06  8.308E-11
Output Field Frame Number    11, of     25, at step time 1.100E-04
     8543  1.120E-04 1.120E-04  00:48:27 1.30109E-08       73088  3.951E-06  1.122E-10
     8696  1.140E-04 1.140E-04  00:49:09 1.32219E-08       84324  5.846E-06  7.979E-11
     8846  1.160E-04 1.160E-04  00:49:51 1.35069E-08       28144  4.135E-06  1.093E-10
     8994  1.179E-04 1.179E-04  00:50:33 1.31232E-08       28144  4.861E-06  9.453E-11

 STEP 1  ORIGIN 0.0000

              STEP     TOTAL      WALL        STABLE    CRITICAL    KINETIC      TOTAL
INCREMENT     TIME      TIME      TIME     INCREMENT     ELEMENT     ENERGY     ENERGY
     9139  1.198E-04 1.198E-04  00:51:15 1.28838E-08       16908  5.304E-06  8.817E-11
     9154  1.200E-04 1.200E-04  00:51:19 1.30108E-08        5672  5.093E-06  9.156E-11
Output Field Frame Number    12, of     25, at step time 1.200E-04
     9292  1.218E-04 1.218E-04  00:52:00 1.28838E-08       73088  4.078E-06  1.129E-10
     9430  1.236E-04 1.236E-04  00:52:43 1.28841E-08       50616  5.459E-06  8.427E-11
     9559  1.253E-04 1.253E-04  00:53:25 1.34465E-08       28144  4.451E-06  1.107E-10
     9684  1.269E-04 1.269E-04  00:54:06 1.30108E-08       73088  4.478E-06  1.066E-10
     9803  1.285E-04 1.285E-04  00:54:48 1.30108E-08       39380  5.292E-06  9.037E-11
     9922  1.300E-04 1.300E-04  00:55:28 1.32219E-08       16908  4.521E-06  1.126E-10
Output Field Frame Number    13, of     25, at step time 1.300E-04
    10042  1.316E-04 1.316E-04  00:56:10 1.28838E-08       28144  4.461E-06  1.030E-10
    10157  1.331E-04 1.331E-04  00:56:52 1.30111E-08       50616  5.010E-06  1.009E-10
    10269  1.345E-04 1.345E-04  00:57:34 1.28838E-08       39380  4.765E-06  1.082E-10
    10379  1.359E-04 1.359E-04  00:58:16 1.28838E-08       16908  4.556E-06  1.008E-10
    10486  1.373E-04 1.373E-04  00:58:57 1.30108E-08        5672  4.627E-06  9.973E-11
    10595  1.387E-04 1.387E-04  00:59:39 1.28838E-08       28144  4.709E-06  1.064E-10
    10691  1.400E-04 1.400E-04  01:00:17 1.31232E-08       73088  4.854E-06  9.994E-11
Output Field Frame Number    14, of     25, at step time 1.400E-04
    10800  1.414E-04 1.414E-04  01:00:59 1.32219E-08       28144  4.682E-06  9.653E-11
    10909  1.429E-04 1.429E-04  01:01:41 1.28838E-08       61852  4.356E-06  1.058E-10
    11022  1.443E-04 1.443E-04  01:02:23 1.33080E-08       28144  4.779E-06  1.025E-10
    11140  1.459E-04 1.459E-04  01:03:05 1.33080E-08       84324  4.952E-06  9.092E-11
    11267  1.476E-04 1.476E-04  01:03:47 1.28838E-08       61852  4.199E-06  1.042E-10
    11393  1.492E-04 1.492E-04  01:04:29 1.28838E-08       50616  4.723E-06  9.443E-11
    11452  1.500E-04 1.500E-04  01:04:47 1.31232E-08       16908  5.105E-06  9.651E-11
Output Field Frame Number    15, of     25, at step time 1.500E-04
    11584  1.517E-04 1.517E-04  01:05:28 1.30108E-08       39380  4.519E-06  9.682E-11
    11722  1.535E-04 1.535E-04  01:06:10 1.35069E-08       16908  4.195E-06  1.028E-10
    11866  1.554E-04 1.554E-04  01:06:52 1.30108E-08        5672  5.278E-06  9.206E-11
    12006  1.572E-04 1.572E-04  01:07:33 1.30108E-08       16908  4.128E-06  1.008E-10
    12152  1.592E-04 1.592E-04  01:08:15 1.33825E-08       61852  4.474E-06  9.370E-11
    12215  1.600E-04 1.600E-04  01:08:33 1.34465E-08       28144  5.183E-06  8.118E-11
Output Field Frame Number    16, of     25, at step time 1.600E-04
    12368  1.620E-04 1.620E-04  01:09:15 1.33080E-08       28144  4.499E-06  9.374E-11
    12519  1.640E-04 1.640E-04  01:09:56 1.32222E-08       73088  4.001E-06  1.000E-10
    12673  1.660E-04 1.660E-04  01:10:38 1.34465E-08       16908  5.392E-06  9.008E-11
    12823  1.680E-04 1.680E-04  01:11:20 1.32219E-08        5672  3.877E-06  1.036E-10
    12977  1.700E-04 1.700E-04  01:12:02 1.28838E-08       73088  4.727E-06  8.603E-11
    12978  1.700E-04 1.700E-04  01:12:02 1.30111E-08       73088  4.738E-06  8.598E-11
Output Field Frame Number    17, of     25, at step time 1.700E-04
    13130  1.720E-04 1.720E-04  01:12:44 1.32219E-08       73088  4.724E-06  9.182E-11
    13277  1.739E-04 1.739E-04  01:13:26 1.31232E-08       61852  4.131E-06  9.998E-11
    13422  1.758E-04 1.758E-04  01:14:08 1.28838E-08       50616  4.821E-06  8.623E-11
    13564  1.777E-04 1.777E-04  01:14:50 1.32219E-08       39380  4.221E-06  1.007E-10
    13698  1.794E-04 1.794E-04  01:15:31 1.28838E-08       16908  4.766E-06  8.537E-11
    13743  1.800E-04 1.800E-04  01:15:45 1.28838E-08       84324  4.770E-06  8.391E-11
Output Field Frame Number    18, of     25, at step time 1.800E-04

 STEP 1  ORIGIN 0.0000

              STEP     TOTAL      WALL        STABLE    CRITICAL    KINETIC      TOTAL
INCREMENT     TIME      TIME      TIME     INCREMENT     ELEMENT     ENERGY     ENERGY
    13878  1.818E-04 1.818E-04  01:16:27 1.31232E-08       61852  4.059E-06  1.017E-10
    14012  1.835E-04 1.835E-04  01:17:09 1.28838E-08       61852  4.794E-06  8.481E-11
    14141  1.852E-04 1.852E-04  01:17:51 1.31232E-08       28144  4.454E-06  9.099E-11
    14268  1.869E-04 1.869E-04  01:18:32 1.31232E-08       39380  4.030E-06  1.005E-10
    14389  1.885E-04 1.885E-04  01:19:14 1.31232E-08       73088  5.060E-06  7.803E-11
    14503  1.900E-04 1.900E-04  01:19:55 1.30108E-08       84324  4.214E-06  9.412E-11
    14504  1.900E-04 1.900E-04  01:19:55 1.28838E-08       28144  4.202E-06  9.429E-11
Output Field Frame Number    19, of     25, at step time 1.900E-04
    14614  1.914E-04 1.914E-04  01:20:36 1.32219E-08       28144  3.857E-06  1.014E-10
    14722  1.928E-04 1.928E-04  01:21:18 1.31232E-08       28144  5.158E-06  7.505E-11
    14831  1.943E-04 1.943E-04  01:21:59 1.33080E-08        5672  4.536E-06  8.620E-11
    14941  1.957E-04 1.957E-04  01:22:40 1.33080E-08       73088  3.453E-06  1.072E-10
    15053  1.972E-04 1.972E-04  01:23:22 1.30109E-08       50616  5.000E-06  7.719E-11
    15162  1.986E-04 1.986E-04  01:24:03 1.28838E-08       28144  5.044E-06  7.732E-11
    15268  2.000E-04 2.000E-04  01:24:42 1.31232E-08       16908  3.333E-06  1.074E-10
Output Field Frame Number    20, of     25, at step time 2.000E-04
    15386  2.015E-04 2.015E-04  01:25:24 1.30109E-08       39380  4.440E-06  8.656E-11
    15494  2.030E-04 2.030E-04  01:26:05 1.28841E-08        5672  5.511E-06  7.222E-11
    15606  2.044E-04 2.044E-04  01:26:47 1.32219E-08       16908  3.716E-06  1.007E-10
    15718  2.059E-04 2.059E-04  01:27:28 1.28838E-08        5672  3.586E-06  1.004E-10
    15829  2.073E-04 2.073E-04  01:28:10 1.34465E-08       16908  5.286E-06  7.286E-11
    15940  2.088E-04 2.088E-04  01:28:51 1.33080E-08       16908  4.709E-06  8.631E-11
    16031  2.100E-04 2.100E-04  01:29:26 1.31235E-08       73088  3.536E-06  1.003E-10
Output Field Frame Number    21, of     25, at step time 2.100E-04
    16137  2.114E-04 2.114E-04  01:30:07 1.31232E-08       73088  3.862E-06  9.314E-11
    16244  2.128E-04 2.128E-04  01:30:48 1.33080E-08       28144  5.027E-06  7.917E-11
    16352  2.142E-04 2.142E-04  01:31:30 1.32219E-08       28144  4.771E-06  8.192E-11
    16460  2.156E-04 2.156E-04  01:32:12 1.31232E-08       39380  3.678E-06  9.486E-11
    16567  2.170E-04 2.170E-04  01:32:54 1.28838E-08       28144  3.831E-06  9.350E-11
    16672  2.184E-04 2.184E-04  01:33:35 1.28841E-08       39380  4.919E-06  7.769E-11
    16776  2.198E-04 2.198E-04  01:34:16 1.28838E-08       28144  4.824E-06  7.834E-11
    16794  2.200E-04 2.200E-04  01:34:23 1.28838E-08       16908  4.656E-06  8.085E-11
Output Field Frame Number    22, of     25, at step time 2.200E-04
    16900  2.214E-04 2.214E-04  01:35:05 1.31235E-08       28144  3.636E-06  9.485E-11
    17005  2.227E-04 2.227E-04  01:35:46 1.30108E-08       28144  3.912E-06  8.945E-11
    17113  2.242E-04 2.242E-04  01:36:28 1.30109E-08       28144  4.888E-06  7.580E-11
    17222  2.256E-04 2.256E-04  01:37:10 1.35012E-08        5672  4.619E-06  8.016E-11
    17337  2.271E-04 2.271E-04  01:37:52 1.33080E-08       16908  3.624E-06  9.296E-11
    17456  2.287E-04 2.287E-04  01:38:34 1.33080E-08       28144  4.156E-06  8.547E-11
    17557  2.300E-04 2.300E-04  01:39:09 1.30109E-08       61852  4.989E-06  7.348E-11
Output Field Frame Number    23, of     25, at step time 2.300E-04
    17682  2.316E-04 2.316E-04  01:39:51 1.28838E-08       39380  4.102E-06  8.592E-11
    17814  2.333E-04 2.333E-04  01:40:32 1.32219E-08       84324  3.619E-06  9.348E-11
    17947  2.351E-04 2.351E-04  01:41:14 1.31232E-08       16908  5.082E-06  7.210E-11
    18079  2.368E-04 2.368E-04  01:41:55 1.31232E-08       50616  3.956E-06  8.915E-11

 STEP 1  ORIGIN 0.0000

              STEP     TOTAL      WALL        STABLE    CRITICAL    KINETIC      TOTAL
INCREMENT     TIME      TIME      TIME     INCREMENT     ELEMENT     ENERGY     ENERGY
    18216  2.386E-04 2.386E-04  01:42:37 1.32219E-08        5672  3.623E-06  9.443E-11
    18324  2.400E-04 2.400E-04  01:43:09 1.28838E-08       73088  5.151E-06  7.216E-11
Output Field Frame Number    24, of     25, at step time 2.400E-04
    18464  2.418E-04 2.418E-04  01:43:51 1.30108E-08       16908  3.944E-06  9.014E-11
    18606  2.437E-04 2.437E-04  01:44:33 1.33825E-08       61852  3.497E-06  9.603E-11
    18755  2.456E-04 2.456E-04  01:45:14 1.34465E-08       16908  5.381E-06  7.178E-11
    18908  2.477E-04 2.477E-04  01:45:56 1.30109E-08       16908  3.115E-06  1.025E-10
    19055  2.496E-04 2.496E-04  01:46:37 1.35009E-08       16908  4.460E-06  7.968E-11
    19086  2.500E-04 2.500E-04  01:46:47 1.28838E-08       61852  4.967E-06  7.250E-11
Restart Number  1 at 2.50000E-04
Output Field Frame Number    25, of     25, at step time 2.500E-04
  EXPLICIT EXECUTABLE TIME SUMMARY
       USER TIME (SEC)      =   18476.
       SYSTEM TIME (SEC)    =   1791.7
       WALLCLOCK TIME (SEC) =         6412
              INIT (SEC) =         10
              MAIN (SEC) =       6402

  THE ANALYSIS HAS COMPLETED SUCCESSFULLY

