Abaqus/Explicit 2026                             DATE 21-Sep-2026  TIME 01:17:09
-------------------------------------------------------------------------------
 PREPROCESSOR WARNING MESSAGES
-------------------------------------------------------------------------------


***WARNING: There are 6 warning messages in the data (.dat) file.  Please
            check the data file for possible errors in the input file.


-------------------------------------------------------------------------------
 NUMERICAL PRECISION USED FOR THIS Abaqus/Explicit ANALYSIS
-------------------------------------------------------------------------------

Single precision package and double precision explicit executables will be
used in this analysis.

-------------------------------------------------------------------------------
-------------------------------------------------------------------------------
 MODEL INFORMATION (IN GLOBAL X-Y COORDINATES)
-------------------------------------------------------------------------------

   Total mass in model = 3.30000E-02
   Center of mass of model = ( 5.000000E-02, 5.000000E-02, 1.000000E-03)

    Moments of Inertia :
                 About Center of Mass              About Origin
      I(XX)          2.751889E-05                  1.100519E-04
      I(YY)          2.751889E-05                  1.100519E-04
      I(ZZ)          5.501510E-05                  2.200151E-04
      I(XY)         -9.793959E-13                 -8.250001E-05
      I(YZ)         -1.000416E-13                 -1.650000E-06
      I(ZX)         -1.027881E-13                 -1.650000E-06

-------------------------------------------------------------------------------
 STABLE TIME INCREMENT INFORMATION
-------------------------------------------------------------------------------


  The stable time increment estimate for each element is based on
  linearization about the initial state.


   Initial time increment = 1.22410E-08

   Statistics over 89888 deformable elements:
      Mean = 2.26340E-08
      Standard deviation = 3.64392E-09

   Most critical elements:
    Element number   Rank    Time increment   Increment ratio
   ----------------------------------------------------------
       16908          1       1.224104E-08      1.000000E+00
       28144          2       1.224104E-08      1.000000E+00
        5672          3       1.224104E-08      9.999999E-01
       39380          4       1.224104E-08      9.999999E-01
       61852          5       1.224104E-08      9.999999E-01
       73088          6       1.224104E-08      9.999999E-01
       84324          7       1.224104E-08      9.999999E-01
       50616          8       1.224104E-08      9.999999E-01
       16907          9       1.224107E-08      9.999973E-01
       28143         10       1.224107E-08      9.999973E-01

-------------------------------------------------------------------------------

  INFORMATION REGARDING INITIAL CONTACT OVERCLOSURES FOR NEWLY DEFINED GENERAL
  CONTACT INTERACTIONS IN STEP 1

-------------------------------------------------------------------------------

  No initial node-face overclosures found.


  Abaqus/Explicit will attempt to resolve 27 initial edge-edge overclosure(s).


  Maximum initial overclosure for edge-edge contact is 6.77626E-20 between the
  edge defined by nodes 22847 and 22846 and the edge defined by nodes 34295
  and 34296


  No nodal position adjustments have been made.


  No node-face overclosures left unresolved.


  29 edge-edge overclosure(s) left unresolved and will be stored as offsets.
  To help identify the nodes involved in the overclosures a node set
  InfoNodeUnresolvInitOver has been created. Check the message file for more
  detailed information.


  Maximum unresolved overclosure is 1.21973E-19 between the edge defined by
  nodes 131396 and 131503 and the edge defined by nodes 142952 and 142845


  For more detailed information on initial overclosures, use the *DIAGNOSTICS,
  CONTACT=DETAIL command and see the message (.msg) file.


***NOTE: You can view the deformed configuration due to the resolution of
         initial overclosures.  In increment 0, draw the deformed shape or
         draw a symbol plot of vector displacements.

------------------------------------------------------------------------------

Abaqus/Explicit 2026                             DATE 21-Sep-2026  TIME 01:17:23
The entire model is considered 1 domain.
Only 1 MPI rank is used.

-------------------------------------------------------------------------------
 SOLUTION PROGRESS
-------------------------------------------------------------------------------

 STEP 1  ORIGIN 0.0000

  Total memory used for step 1 is approximately 2.9 gigabytes.
  Global time estimation algorithm will be used.
  Scaling factor:  1.0000
              STEP     TOTAL      WALL        STABLE    CRITICAL    KINETIC      TOTAL
INCREMENT     TIME      TIME      TIME     INCREMENT     ELEMENT     ENERGY     ENERGY
        0  0.000E+00 0.000E+00  00:00:05 1.15145E-08       28144  0.000E+00  0.000E+00
Output Field Frame Number     0, of     25, at step time 0.000E+00
      102  1.326E-06 1.326E-06  00:00:47 1.32091E-08       28144  2.523E-12  6.598E-16
      212  2.778E-06 2.778E-06  00:01:29 1.31932E-08       28144  2.346E-10  1.157E-14
      321  4.216E-06 4.216E-06  00:02:11 1.31932E-08       16908  1.554E-09  9.627E-15
      438  5.759E-06 5.759E-06  00:02:54 1.31932E-08       28144  1.039E-09  1.272E-13
      555  7.303E-06 7.303E-06  00:03:37 1.31932E-08       28144  1.547E-08  5.380E-13
      672  8.846E-06 8.846E-06  00:04:19 1.31932E-08       16908  6.847E-08  3.787E-13
      760  1.001E-05 1.001E-05  00:04:50 1.31932E-08       28144  7.383E-08  9.455E-13
Output Field Frame Number     1, of     25, at step time 1.001E-05
      879  1.158E-05 1.158E-05  00:05:32 1.31932E-08       28144  7.603E-08  3.875E-12
     1003  1.321E-05 1.321E-05  00:06:13 1.31932E-08       28144  3.414E-07  3.698E-12
     1129  1.488E-05 1.488E-05  00:06:55 1.31932E-08       16908  4.652E-07  5.915E-12
     1261  1.662E-05 1.662E-05  00:07:38 1.31932E-08       16908  4.569E-07  1.511E-11
     1392  1.835E-05 1.835E-05  00:08:19 1.31932E-08       28144  1.171E-06  1.313E-11
     1518  2.001E-05 2.001E-05  00:08:58 1.31932E-08       28144  1.325E-06  2.167E-11
Output Field Frame Number     2, of     25, at step time 2.001E-05
     1659  2.187E-05 2.187E-05  00:09:41 1.31932E-08       28144  1.545E-06  3.347E-11
     1805  2.379E-05 2.379E-05  00:10:23 1.31932E-08       16908  2.476E-06  3.331E-11
     1947  2.567E-05 2.567E-05  00:11:04 1.31932E-08       16908  2.536E-06  5.225E-11
     2097  2.765E-05 2.765E-05  00:11:46 1.31932E-08       16908  3.501E-06  4.948E-11
     2252  2.969E-05 2.969E-05  00:12:29 1.31932E-08       84324  3.366E-06  7.179E-11
     2276  3.001E-05 3.001E-05  00:12:35 1.31932E-08       84324  3.427E-06  7.396E-11
Output Field Frame Number     3, of     25, at step time 3.001E-05
     2428  3.201E-05 3.201E-05  00:13:17 1.31932E-08       61852  4.764E-06  6.322E-11
     2585  3.409E-05 3.409E-05  00:13:59 1.31932E-08       28144  4.049E-06  8.815E-11
     2739  3.612E-05 3.612E-05  00:14:42 1.31932E-08        5672  5.111E-06  7.912E-11
     2887  3.807E-05 3.807E-05  00:15:23 1.31932E-08       16908  5.198E-06  8.470E-11
     3034  4.001E-05 4.001E-05  00:16:04 1.31932E-08       61852  4.638E-06  9.725E-11
Output Field Frame Number     4, of     25, at step time 4.001E-05
     3173  4.184E-05 4.184E-05  00:16:46 1.31932E-08       61852  5.668E-06  8.263E-11
     3313  4.369E-05 4.369E-05  00:17:27 1.31932E-08       16908  5.104E-06  9.634E-11
     3450  4.550E-05 4.550E-05  00:18:09 1.31932E-08       16908  5.163E-06  9.098E-11
     3584  4.727E-05 4.727E-05  00:18:51 1.31932E-08       16908  5.248E-06  9.372E-11
     3713  4.897E-05 4.897E-05  00:19:33 1.31932E-08       84324  5.484E-06  9.002E-11
     3792  5.001E-05 5.001E-05  00:19:58 1.31932E-08       50616  5.442E-06  8.752E-11
Output Field Frame Number     5, of     25, at step time 5.001E-05
     3920  5.170E-05 5.170E-05  00:20:41 1.31932E-08       50616  4.791E-06  9.934E-11
     4049  5.340E-05 5.340E-05  00:21:22 1.31932E-08       16908  5.428E-06  9.059E-11
     4169  5.498E-05 5.498E-05  00:22:03 1.31932E-08        5672  5.760E-06  8.302E-11
     4289  5.657E-05 5.657E-05  00:22:45 1.31932E-08       16908  4.643E-06  1.004E-10
     4407  5.812E-05 5.812E-05  00:23:27 1.31932E-08       28144  4.970E-06  9.558E-11
     4525  5.968E-05 5.968E-05  00:24:08 1.31932E-08       50616  5.969E-06  8.096E-11
     4550  6.001E-05 6.001E-05  00:24:17 1.31932E-08       61852  5.951E-06  8.133E-11
Output Field Frame Number     6, of     25, at step time 6.001E-05
     4665  6.153E-05 6.153E-05  00:24:59 1.31932E-08       73088  4.920E-06  9.550E-11
     4775  6.298E-05 6.298E-05  00:25:41 1.31932E-08       16908  4.502E-06  1.010E-10

 STEP 1  ORIGIN 0.0000

              STEP     TOTAL      WALL        STABLE    CRITICAL    KINETIC      TOTAL
INCREMENT     TIME      TIME      TIME     INCREMENT     ELEMENT     ENERGY     ENERGY
     4885  6.443E-05 6.443E-05  00:26:23 1.31932E-08       16908  5.585E-06  8.681E-11
     4994  6.587E-05 6.587E-05  00:27:05 1.31932E-08        5672  5.940E-06  8.005E-11
     5102  6.729E-05 6.729E-05  00:27:47 1.31932E-08       28144  4.654E-06  9.766E-11
     5211  6.873E-05 6.873E-05  00:28:29 1.31932E-08       39380  4.431E-06  1.036E-10
     5308  7.001E-05 7.001E-05  00:29:07 1.31932E-08       61852  5.869E-06  8.112E-11
Output Field Frame Number     7, of     25, at step time 7.001E-05
     5416  7.144E-05 7.144E-05  00:29:49 1.31932E-08       84324  5.933E-06  7.743E-11
     5520  7.281E-05 7.281E-05  00:30:31 1.31932E-08       28144  4.178E-06  1.066E-10
     5623  7.417E-05 7.417E-05  00:31:12 1.31932E-08       16908  4.577E-06  1.012E-10
     5732  7.560E-05 7.560E-05  00:31:54 1.31932E-08        5672  6.394E-06  6.952E-11
     5843  7.707E-05 7.707E-05  00:32:36 1.31932E-08       16908  5.167E-06  9.012E-11
     5953  7.852E-05 7.852E-05  00:33:18 1.31932E-08       84324  3.908E-06  1.113E-10
     6062  7.996E-05 7.996E-05  00:34:01 1.31932E-08       84324  5.689E-06  7.992E-11
     6066  8.001E-05 8.001E-05  00:34:02 1.31932E-08       84324  5.760E-06  7.873E-11
Output Field Frame Number     8, of     25, at step time 8.001E-05
     6174  8.144E-05 8.144E-05  00:34:44 1.31932E-08       84324  6.013E-06  7.628E-11
     6284  8.289E-05 8.289E-05  00:35:25 1.31932E-08       16908  4.259E-06  1.056E-10
     6391  8.430E-05 8.430E-05  00:36:07 1.31932E-08        5672  4.700E-06  9.463E-11
     6498  8.571E-05 8.571E-05  00:36:48 1.31932E-08        5672  5.914E-06  7.628E-11
     6607  8.715E-05 8.715E-05  00:37:30 1.31932E-08       28144  5.229E-06  9.048E-11
     6717  8.860E-05 8.860E-05  00:38:11 1.31932E-08       84324  4.551E-06  9.757E-11
     6824  9.001E-05 9.001E-05  00:38:49 1.31932E-08       84324  5.099E-06  8.759E-11
Output Field Frame Number     9, of     25, at step time 9.001E-05
     6937  9.150E-05 9.150E-05  00:39:31 1.31932E-08       28144  5.453E-06  8.521E-11
     7048  9.297E-05 9.297E-05  00:40:12 1.31932E-08        5672  5.094E-06  8.965E-11
     7159  9.443E-05 9.443E-05  00:40:54 1.31932E-08        5672  4.801E-06  9.277E-11
     7272  9.592E-05 9.592E-05  00:41:35 1.31932E-08       16908  5.108E-06  8.858E-11
     7386  9.743E-05 9.743E-05  00:42:17 1.31932E-08       84324  5.331E-06  8.494E-11
     7501  9.894E-05 9.894E-05  00:42:59 1.31932E-08       84324  4.946E-06  9.147E-11
     7582  1.000E-04 1.000E-04  00:43:30 1.31932E-08       84324  4.864E-06  9.178E-11
Output Field Frame Number    10, of     25, at step time 1.000E-04
     7690  1.014E-04 1.014E-04  00:44:11 1.31932E-08       16908  5.119E-06  8.661E-11
     7799  1.029E-04 1.029E-04  00:44:53 1.31932E-08        5672  5.135E-06  8.849E-11
     7905  1.043E-04 1.043E-04  00:45:33 1.31932E-08        5672  5.093E-06  8.850E-11
     8013  1.057E-04 1.057E-04  00:46:15 1.31932E-08       61852  5.015E-06  8.664E-11
     8122  1.071E-04 1.071E-04  00:46:57 1.31932E-08       84324  4.787E-06  9.269E-11
     8230  1.086E-04 1.086E-04  00:47:39 1.31932E-08       28144  5.190E-06  8.782E-11
     8338  1.100E-04 1.100E-04  00:48:21 1.31932E-08       16908  5.440E-06  8.002E-11
     8340  1.100E-04 1.100E-04  00:48:22 1.31932E-08       16908  5.432E-06  8.011E-11
Output Field Frame Number    11, of     25, at step time 1.100E-04
     8449  1.115E-04 1.115E-04  00:49:04 1.31932E-08        5672  4.570E-06  9.426E-11
     8556  1.129E-04 1.129E-04  00:49:46 1.31932E-08        5672  4.642E-06  9.536E-11
     8664  1.143E-04 1.143E-04  00:50:28 1.31932E-08       28144  5.714E-06  7.638E-11
     8778  1.158E-04 1.158E-04  00:51:10 1.31932E-08       84324  5.090E-06  8.595E-11
     8899  1.174E-04 1.174E-04  00:51:52 1.31932E-08       28144  4.241E-06  9.999E-11

 STEP 1  ORIGIN 0.0000

              STEP     TOTAL      WALL        STABLE    CRITICAL    KINETIC      TOTAL
INCREMENT     TIME      TIME      TIME     INCREMENT     ELEMENT     ENERGY     ENERGY
     9020  1.190E-04 1.190E-04  00:52:34 1.31932E-08       28144  5.456E-06  7.908E-11
     9098  1.200E-04 1.200E-04  00:53:00 1.31932E-08       16908  5.654E-06  7.691E-11
Output Field Frame Number    12, of     25, at step time 1.200E-04
     9230  1.218E-04 1.218E-04  00:53:42 1.31932E-08       28144  4.505E-06  9.599E-11
     9363  1.235E-04 1.235E-04  00:54:23 1.31932E-08       84324  4.912E-06  8.621E-11
     9500  1.253E-04 1.253E-04  00:55:05 1.31932E-08       28144  5.309E-06  8.308E-11
     9640  1.272E-04 1.272E-04  00:55:47 1.31932E-08       16908  4.774E-06  8.943E-11
     9781  1.290E-04 1.290E-04  00:56:28 1.31932E-08       16908  4.813E-06  8.843E-11
     9856  1.300E-04 1.300E-04  00:56:50 1.31932E-08       16908  5.052E-06  8.703E-11
Output Field Frame Number    13, of     25, at step time 1.300E-04
    10003  1.320E-04 1.320E-04  00:57:32 1.31932E-08       28144  5.201E-06  8.092E-11
    10154  1.339E-04 1.339E-04  00:58:14 1.31932E-08       28144  4.346E-06  9.674E-11
    10306  1.360E-04 1.360E-04  00:58:56 1.31932E-08       28144  5.651E-06  7.499E-11
    10458  1.380E-04 1.380E-04  00:59:37 1.31932E-08       16908  4.435E-06  9.268E-11
    10610  1.400E-04 1.400E-04  01:00:19 1.31932E-08       16908  4.833E-06  8.932E-11
    10613  1.400E-04 1.400E-04  01:00:20 1.31932E-08       16908  4.890E-06  8.831E-11
Output Field Frame Number    14, of     25, at step time 1.400E-04
    10763  1.420E-04 1.420E-04  01:01:02 1.31932E-08       16908  5.656E-06  7.180E-11
    10914  1.440E-04 1.440E-04  01:01:45 1.31932E-08       28144  3.690E-06  1.075E-10
    11063  1.459E-04 1.459E-04  01:02:27 1.31932E-08       84324  6.093E-06  6.376E-11
    11206  1.478E-04 1.478E-04  01:03:09 1.31932E-08       28144  4.255E-06  9.819E-11
    11342  1.496E-04 1.496E-04  01:03:51 1.31932E-08       16908  4.621E-06  8.865E-11
    11371  1.500E-04 1.500E-04  01:04:00 1.31932E-08       16908  5.150E-06  7.868E-11
Output Field Frame Number    15, of     25, at step time 1.500E-04
    11501  1.517E-04 1.517E-04  01:04:41 1.31932E-08       16908  5.429E-06  7.616E-11
    11626  1.534E-04 1.534E-04  01:05:23 1.31932E-08       84324  4.026E-06  1.014E-10
    11748  1.550E-04 1.550E-04  01:06:05 1.31932E-08       84324  5.266E-06  7.569E-11
    11869  1.566E-04 1.566E-04  01:06:47 1.31932E-08       84324  5.119E-06  8.130E-11
    11981  1.580E-04 1.580E-04  01:07:28 1.31932E-08       16908  4.286E-06  9.603E-11
    12096  1.596E-04 1.596E-04  01:08:10 1.31932E-08        5672  5.067E-06  7.876E-11
    12129  1.600E-04 1.600E-04  01:08:22 1.31932E-08        5672  5.238E-06  7.589E-11
Output Field Frame Number    16, of     25, at step time 1.600E-04
    12238  1.614E-04 1.614E-04  01:09:04 1.31932E-08       28144  4.868E-06  8.580E-11
    12347  1.629E-04 1.629E-04  01:09:46 1.31932E-08       84324  4.588E-06  8.972E-11
    12455  1.643E-04 1.643E-04  01:10:28 1.31932E-08       84324  5.004E-06  7.895E-11
    12563  1.657E-04 1.657E-04  01:11:10 1.31932E-08       84324  4.744E-06  8.591E-11
    12673  1.672E-04 1.672E-04  01:11:52 1.31932E-08        5672  4.703E-06  8.851E-11
    12780  1.686E-04 1.686E-04  01:12:34 1.31932E-08        5672  5.187E-06  7.677E-11
    12887  1.700E-04 1.700E-04  01:13:15 1.31932E-08        5672  4.677E-06  8.447E-11
Output Field Frame Number    17, of     25, at step time 1.700E-04
    12993  1.714E-04 1.714E-04  01:13:57 1.31932E-08       28144  4.279E-06  9.399E-11
    13101  1.728E-04 1.728E-04  01:14:39 1.31932E-08       84324  5.243E-06  7.764E-11
    13211  1.743E-04 1.743E-04  01:15:21 1.31932E-08       73088  5.252E-06  7.485E-11
    13320  1.757E-04 1.757E-04  01:16:02 1.31932E-08       84324  4.012E-06  9.626E-11
    13429  1.772E-04 1.772E-04  01:16:44 1.31932E-08        5672  4.599E-06  8.758E-11
    13539  1.786E-04 1.786E-04  01:17:25 1.31932E-08        5672  5.711E-06  6.731E-11

 STEP 1  ORIGIN 0.0000

              STEP     TOTAL      WALL        STABLE    CRITICAL    KINETIC      TOTAL
INCREMENT     TIME      TIME      TIME     INCREMENT     ELEMENT     ENERGY     ENERGY
    13645  1.800E-04 1.800E-04  01:18:06 1.31932E-08        5672  4.545E-06  8.724E-11
Output Field Frame Number    18, of     25, at step time 1.800E-04
    13756  1.815E-04 1.815E-04  01:18:47 1.31932E-08       28144  3.964E-06  9.796E-11
    13870  1.830E-04 1.830E-04  01:19:29 1.31932E-08       73088  5.508E-06  6.897E-11
    13985  1.845E-04 1.845E-04  01:20:10 1.31932E-08       84324  4.908E-06  8.026E-11
    14099  1.860E-04 1.860E-04  01:20:51 1.31932E-08       28144  3.894E-06  1.004E-10
    14211  1.875E-04 1.875E-04  01:21:33 1.31932E-08        5672  5.376E-06  7.080E-11
    14330  1.890E-04 1.890E-04  01:22:14 1.31932E-08       16908  4.975E-06  7.697E-11
    14403  1.900E-04 1.900E-04  01:22:41 1.31932E-08       16908  3.841E-06  9.972E-11
Output Field Frame Number    19, of     25, at step time 1.900E-04
    14514  1.915E-04 1.915E-04  01:23:22 1.31932E-08       16908  4.599E-06  8.680E-11
    14624  1.929E-04 1.929E-04  01:24:04 1.31932E-08       61852  5.886E-06  6.042E-11
    14735  1.944E-04 1.944E-04  01:24:45 1.31932E-08       28144  4.031E-06  9.443E-11
    14847  1.959E-04 1.959E-04  01:25:27 1.31932E-08       28144  3.935E-06  9.757E-11
    14958  1.973E-04 1.973E-04  01:26:08 1.31932E-08       61852  6.002E-06  5.874E-11
    15069  1.988E-04 1.988E-04  01:26:50 1.31932E-08       84324  4.662E-06  8.305E-11
    15161  2.000E-04 2.000E-04  01:27:24 1.31932E-08       16908  3.342E-06  1.073E-10
Output Field Frame Number    20, of     25, at step time 2.000E-04
    15267  2.014E-04 2.014E-04  01:28:06 1.31932E-08       16908  5.082E-06  7.453E-11
    15376  2.028E-04 2.028E-04  01:28:47 1.31932E-08       16908  5.781E-06  6.244E-11
    15485  2.043E-04 2.043E-04  01:29:28 1.31932E-08       16908  3.713E-06  1.006E-10
    15594  2.057E-04 2.057E-04  01:30:11 1.31932E-08       28144  4.230E-06  8.864E-11
    15703  2.072E-04 2.072E-04  01:30:52 1.31932E-08       73088  5.768E-06  6.177E-11
    15811  2.086E-04 2.086E-04  01:31:33 1.31932E-08       84324  4.519E-06  8.686E-11
    15919  2.100E-04 2.100E-04  01:32:15 1.31932E-08       28144  3.887E-06  9.452E-11
Output Field Frame Number    21, of     25, at step time 2.100E-04
    16027  2.114E-04 2.114E-04  01:32:57 1.31932E-08       16908  5.104E-06  7.137E-11
    16132  2.128E-04 2.128E-04  01:33:38 1.31932E-08       16908  5.020E-06  7.714E-11
    16239  2.142E-04 2.142E-04  01:34:19 1.31932E-08       28144  4.272E-06  8.947E-11
    16346  2.156E-04 2.156E-04  01:35:00 1.31932E-08       73088  4.608E-06  7.980E-11
    16453  2.170E-04 2.170E-04  01:35:41 1.31932E-08       84324  4.831E-06  7.754E-11
    16561  2.185E-04 2.185E-04  01:36:23 1.31932E-08       28144  4.538E-06  8.412E-11
    16669  2.199E-04 2.199E-04  01:37:05 1.31932E-08       16908  4.624E-06  8.120E-11
    16677  2.200E-04 2.200E-04  01:37:08 1.31932E-08       16908  4.643E-06  8.078E-11
Output Field Frame Number    22, of     25, at step time 2.200E-04
    16784  2.214E-04 2.214E-04  01:37:50 1.31932E-08        5672  4.751E-06  7.853E-11
    16895  2.229E-04 2.229E-04  01:38:32 1.31932E-08       16908  4.520E-06  8.236E-11
    17004  2.243E-04 2.243E-04  01:39:14 1.31932E-08       84324  4.512E-06  8.255E-11
    17113  2.258E-04 2.258E-04  01:39:56 1.31932E-08       84324  4.767E-06  7.831E-11
    17221  2.272E-04 2.272E-04  01:40:38 1.31932E-08       84324  4.675E-06  7.948E-11
    17329  2.286E-04 2.286E-04  01:41:19 1.31932E-08       16908  4.440E-06  8.367E-11
    17435  2.300E-04 2.300E-04  01:42:00 1.31932E-08       16908  4.635E-06  7.939E-11
Output Field Frame Number    23, of     25, at step time 2.300E-04
    17540  2.314E-04 2.314E-04  01:42:41 1.31932E-08       16908  4.691E-06  7.747E-11
    17650  2.328E-04 2.328E-04  01:43:23 1.31932E-08       28144  4.404E-06  8.457E-11
    17760  2.343E-04 2.343E-04  01:44:05 1.31932E-08       61852  4.720E-06  7.933E-11

 STEP 1  ORIGIN 0.0000

              STEP     TOTAL      WALL        STABLE    CRITICAL    KINETIC      TOTAL
INCREMENT     TIME      TIME      TIME     INCREMENT     ELEMENT     ENERGY     ENERGY
    17868  2.357E-04 2.357E-04  01:44:46 1.31932E-08       28144  4.860E-06  7.329E-11
    17979  2.372E-04 2.372E-04  01:45:28 1.31932E-08       16908  4.093E-06  8.707E-11
    18085  2.386E-04 2.386E-04  01:46:09 1.31932E-08       16908  4.371E-06  8.556E-11
    18193  2.400E-04 2.400E-04  01:46:50 1.31932E-08       16908  5.365E-06  6.687E-11
Output Field Frame Number    24, of     25, at step time 2.400E-04
    18402  2.428E-04 2.428E-04  01:47:49 1.31932E-08       84324  3.558E-06  9.623E-11
    18787  2.478E-04 2.478E-04  01:49:21 1.31932E-08       16908  3.373E-06  9.855E-11
    18951  2.500E-04 2.500E-04  01:49:59 1.31889E-08       28144  5.591E-06  6.171E-11
Restart Number  1 at 2.50000E-04
Output Field Frame Number    25, of     25, at step time 2.500E-04
  EXPLICIT EXECUTABLE TIME SUMMARY
       USER TIME (SEC)      =   18757.
       SYSTEM TIME (SEC)    =   1848.2
       WALLCLOCK TIME (SEC) =         6604
              INIT (SEC) =         10
              MAIN (SEC) =       6594

  THE ANALYSIS HAS COMPLETED SUCCESSFULLY

