Abaqus/Explicit 2026                             DATE 21-Sep-2026  TIME 01:16:54
-------------------------------------------------------------------------------
 PREPROCESSOR WARNING MESSAGES
-------------------------------------------------------------------------------


***WARNING: There are 6 warning messages in the data (.dat) file.  Please
            check the data file for possible errors in the input file.


-------------------------------------------------------------------------------
 NUMERICAL PRECISION USED FOR THIS Abaqus/Explicit ANALYSIS
-------------------------------------------------------------------------------

Single precision package and double precision explicit executables will be
used in this analysis.

-------------------------------------------------------------------------------
-------------------------------------------------------------------------------
 MODEL INFORMATION (IN GLOBAL X-Y COORDINATES)
-------------------------------------------------------------------------------

   Total mass in model = 3.30000E-02
   Center of mass of model = ( 5.000000E-02, 5.000000E-02, 1.000000E-03)

    Moments of Inertia :
                 About Center of Mass              About Origin
      I(XX)          2.751889E-05                  1.100519E-04
      I(YY)          2.751889E-05                  1.100519E-04
      I(ZZ)          5.501510E-05                  2.200151E-04
      I(XY)         -9.793959E-13                 -8.250001E-05
      I(YZ)         -1.000416E-13                 -1.650000E-06
      I(ZX)         -1.027881E-13                 -1.650000E-06

-------------------------------------------------------------------------------
 STABLE TIME INCREMENT INFORMATION
-------------------------------------------------------------------------------


  The stable time increment estimate for each element is based on
  linearization about the initial state.


   Initial time increment = 1.22410E-08

   Statistics over 89888 deformable elements:
      Mean = 2.26340E-08
      Standard deviation = 3.64392E-09

   Most critical elements:
    Element number   Rank    Time increment   Increment ratio
   ----------------------------------------------------------
       16908          1       1.224104E-08      1.000000E+00
       28144          2       1.224104E-08      1.000000E+00
        5672          3       1.224104E-08      9.999999E-01
       39380          4       1.224104E-08      9.999999E-01
       61852          5       1.224104E-08      9.999999E-01
       73088          6       1.224104E-08      9.999999E-01
       84324          7       1.224104E-08      9.999999E-01
       50616          8       1.224104E-08      9.999999E-01
       16907          9       1.224107E-08      9.999973E-01
       28143         10       1.224107E-08      9.999973E-01

-------------------------------------------------------------------------------

  INFORMATION REGARDING INITIAL CONTACT OVERCLOSURES FOR NEWLY DEFINED GENERAL
  CONTACT INTERACTIONS IN STEP 1

-------------------------------------------------------------------------------

  No initial node-face overclosures found.


  Abaqus/Explicit will attempt to resolve 27 initial edge-edge overclosure(s).


  Maximum initial overclosure for edge-edge contact is 6.77626E-20 between the
  edge defined by nodes 22847 and 22846 and the edge defined by nodes 34295
  and 34296


  No nodal position adjustments have been made.


  No node-face overclosures left unresolved.


  29 edge-edge overclosure(s) left unresolved and will be stored as offsets.
  To help identify the nodes involved in the overclosures a node set
  InfoNodeUnresolvInitOver has been created. Check the message file for more
  detailed information.


  Maximum unresolved overclosure is 1.21973E-19 between the edge defined by
  nodes 131396 and 131503 and the edge defined by nodes 142952 and 142845


  For more detailed information on initial overclosures, use the *DIAGNOSTICS,
  CONTACT=DETAIL command and see the message (.msg) file.


***NOTE: You can view the deformed configuration due to the resolution of
         initial overclosures.  In increment 0, draw the deformed shape or
         draw a symbol plot of vector displacements.

------------------------------------------------------------------------------

Abaqus/Explicit 2026                             DATE 21-Sep-2026  TIME 01:17:08
The entire model is considered 1 domain.
Only 1 MPI rank is used.

-------------------------------------------------------------------------------
 SOLUTION PROGRESS
-------------------------------------------------------------------------------

 STEP 1  ORIGIN 0.0000

  Total memory used for step 1 is approximately 2.9 gigabytes.
  Global time estimation algorithm will be used.
  Scaling factor:  1.0000
              STEP     TOTAL      WALL        STABLE    CRITICAL    KINETIC      TOTAL
INCREMENT     TIME      TIME      TIME     INCREMENT     ELEMENT     ENERGY     ENERGY
        0  0.000E+00 0.000E+00  00:00:05 1.15145E-08       28144  0.000E+00  0.000E+00
Output Field Frame Number     0, of     25, at step time 0.000E+00
      123  1.586E-06 1.586E-06  00:00:49 1.30803E-08       28144  7.428E-12  1.308E-15
      249  3.234E-06 3.234E-06  00:01:31 1.30803E-08       28144  5.414E-10  1.500E-14
      373  4.856E-06 4.856E-06  00:02:13 1.30803E-08       28144  1.782E-09  1.472E-14
      493  6.426E-06 6.426E-06  00:02:55 1.30803E-08       28144  2.465E-09  3.080E-13
      613  7.996E-06 7.996E-06  00:03:38 1.30803E-08       28144  3.785E-08  5.365E-13
      731  9.539E-06 9.539E-06  00:04:20 1.30803E-08       16908  7.873E-08  5.024E-13
      767  1.001E-05 1.001E-05  00:04:33 1.30803E-08       16908  7.378E-08  9.329E-13
Output Field Frame Number     1, of     25, at step time 1.001E-05
      880  1.149E-05 1.149E-05  00:05:16 1.30803E-08       28144  7.049E-08  3.689E-12
      992  1.295E-05 1.295E-05  00:05:58 1.30803E-08       28144  2.877E-07  3.948E-12
     1103  1.440E-05 1.440E-05  00:06:40 1.30803E-08       16908  4.821E-07  4.059E-12
     1213  1.584E-05 1.584E-05  00:07:22 1.30803E-08       16908  3.900E-07  1.143E-11
     1324  1.730E-05 1.730E-05  00:08:04 1.30803E-08       16908  6.842E-07  1.512E-11
     1432  1.871E-05 1.871E-05  00:08:46 1.30803E-08       28144  1.294E-06  1.291E-11
     1531  2.000E-05 2.000E-05  00:09:24 1.30803E-08       28144  1.325E-06  2.125E-11
Output Field Frame Number     2, of     25, at step time 2.000E-05
     1642  2.146E-05 2.146E-05  00:10:06 1.30803E-08       28144  1.366E-06  3.285E-11
     1754  2.292E-05 2.292E-05  00:10:48 1.30803E-08       28144  2.168E-06  3.029E-11
     1864  2.436E-05 2.436E-05  00:11:30 1.30803E-08       16908  2.495E-06  3.829E-11
     1977  2.584E-05 2.584E-05  00:12:12 1.30803E-08       16908  2.585E-06  5.208E-11
     2086  2.726E-05 2.726E-05  00:12:54 1.30803E-08       16908  3.355E-06  4.859E-11
     2195  2.869E-05 2.869E-05  00:13:36 1.30803E-08       28144  3.508E-06  5.733E-11
     2296  3.001E-05 3.001E-05  00:14:15 1.30803E-08       84324  3.413E-06  7.293E-11
Output Field Frame Number     3, of     25, at step time 3.001E-05
     2408  3.147E-05 3.147E-05  00:14:57 1.30803E-08       84324  4.449E-06  6.533E-11
     2523  3.298E-05 3.298E-05  00:15:38 1.30803E-08       28144  4.708E-06  6.781E-11
     2637  3.447E-05 3.447E-05  00:16:20 1.30803E-08       16908  3.946E-06  9.074E-11
     2756  3.603E-05 3.603E-05  00:17:02 1.30803E-08       16908  5.012E-06  7.946E-11
     2877  3.761E-05 3.761E-05  00:17:44 1.30803E-08       16908  5.558E-06  7.542E-11
     3003  3.926E-05 3.926E-05  00:18:26 1.30803E-08       84324  4.457E-06  9.848E-11
     3060  4.000E-05 4.000E-05  00:18:45 1.30803E-08       84324  4.574E-06  9.674E-11
Output Field Frame Number     4, of     25, at step time 4.000E-05
     3190  4.170E-05 4.170E-05  00:19:27 1.30803E-08       84324  5.694E-06  8.030E-11
     3324  4.346E-05 4.346E-05  00:20:08 1.30803E-08       16908  5.211E-06  9.288E-11
     3458  4.521E-05 4.521E-05  00:20:50 1.30803E-08        5672  5.037E-06  9.207E-11
     3591  4.695E-05 4.695E-05  00:21:31 1.30803E-08       16908  5.333E-06  8.976E-11
     3728  4.874E-05 4.874E-05  00:22:13 1.30803E-08       84324  5.437E-06  8.976E-11
     3825  5.001E-05 5.001E-05  00:22:41 1.30803E-08       84324  5.362E-06  8.738E-11
Output Field Frame Number     5, of     25, at step time 5.001E-05
     3968  5.188E-05 5.188E-05  00:23:23 1.30803E-08       84324  4.851E-06  9.680E-11
     4116  5.382E-05 5.382E-05  00:24:04 1.30803E-08       16908  5.668E-06  8.494E-11
     4262  5.573E-05 5.573E-05  00:24:46 1.30803E-08       16908  5.239E-06  8.928E-11
     4413  5.770E-05 5.770E-05  00:25:29 1.30803E-08       28144  4.723E-06  9.788E-11
     4565  5.969E-05 5.969E-05  00:26:10 1.30803E-08       84324  5.955E-06  7.984E-11

 STEP 1  ORIGIN 0.0000

              STEP     TOTAL      WALL        STABLE    CRITICAL    KINETIC      TOTAL
INCREMENT     TIME      TIME      TIME     INCREMENT     ELEMENT     ENERGY     ENERGY
     4589  6.000E-05 6.000E-05  00:26:17 1.30803E-08       84324  5.939E-06  8.000E-11
Output Field Frame Number     6, of     25, at step time 6.000E-05
     4743  6.202E-05 6.202E-05  00:26:59 1.30803E-08       28144  4.594E-06  9.798E-11
     4897  6.403E-05 6.403E-05  00:27:40 1.30803E-08       16908  5.275E-06  8.961E-11
     5054  6.609E-05 6.609E-05  00:28:22 1.30803E-08       16908  5.792E-06  8.036E-11
     5213  6.816E-05 6.816E-05  00:29:05 1.30803E-08       28144  4.221E-06  1.042E-10
     5354  7.001E-05 7.001E-05  00:29:45 1.30803E-08       84324  5.930E-06  7.869E-11
Output Field Frame Number     7, of     25, at step time 7.001E-05
     5480  7.166E-05 7.166E-05  00:30:26 1.30803E-08       28144  5.599E-06  8.140E-11
     5609  7.334E-05 7.334E-05  00:31:07 1.30803E-08       16908  3.983E-06  1.088E-10
     5759  7.531E-05 7.531E-05  00:31:49 1.30803E-08       16908  6.226E-06  7.158E-11
     5905  7.722E-05 7.722E-05  00:32:31 1.30803E-08       16908  4.855E-06  9.400E-11
     6050  7.911E-05 7.911E-05  00:33:13 1.30803E-08       84324  4.524E-06  9.864E-11
     6118  8.000E-05 8.000E-05  00:33:33 1.30803E-08       84324  5.813E-06  7.680E-11
Output Field Frame Number     8, of     25, at step time 8.000E-05
     6261  8.187E-05 8.187E-05  00:34:15 1.30803E-08       28144  5.422E-06  8.548E-11
     6399  8.368E-05 8.368E-05  00:34:57 1.30803E-08       16908  4.210E-06  1.025E-10
     6533  8.543E-05 8.543E-05  00:35:39 1.30803E-08        5672  5.835E-06  7.584E-11
     6661  8.711E-05 8.711E-05  00:36:20 1.30803E-08       28144  5.248E-06  8.872E-11
     6785  8.873E-05 8.873E-05  00:37:02 1.30803E-08       84324  4.563E-06  9.539E-11
     6883  9.001E-05 9.001E-05  00:37:35 1.30803E-08       84324  5.119E-06  8.610E-11
Output Field Frame Number     9, of     25, at step time 9.001E-05
     6998  9.151E-05 9.151E-05  00:38:18 1.30803E-08       28144  5.484E-06  8.347E-11
     7110  9.298E-05 9.298E-05  00:38:59 1.30803E-08        5672  5.076E-06  8.840E-11
     7222  9.444E-05 9.444E-05  00:39:41 1.30803E-08        5672  4.778E-06  9.182E-11
     7333  9.590E-05 9.590E-05  00:40:22 1.30803E-08       16908  5.150E-06  8.667E-11
     7450  9.743E-05 9.743E-05  00:41:04 1.30803E-08       84324  5.358E-06  8.317E-11
     7561  9.888E-05 9.888E-05  00:41:46 1.30803E-08       84324  4.907E-06  9.061E-11
     7647  1.000E-04 1.000E-04  00:42:19 1.30803E-08       84324  4.850E-06  9.070E-11
Output Field Frame Number    10, of     25, at step time 1.000E-04
     7763  1.015E-04 1.015E-04  00:43:01 1.30803E-08       16908  5.209E-06  8.391E-11
     7874  1.030E-04 1.030E-04  00:43:43 1.30803E-08        5672  5.124E-06  8.737E-11
     7987  1.044E-04 1.044E-04  00:44:24 1.30803E-08       16908  5.032E-06  8.773E-11
     8101  1.059E-04 1.059E-04  00:45:06 1.30803E-08       84324  5.025E-06  8.517E-11
     8207  1.073E-04 1.073E-04  00:45:47 1.30803E-08       84324  4.859E-06  9.064E-11
     8317  1.088E-04 1.088E-04  00:46:28 1.30803E-08       84324  5.224E-06  8.550E-11
     8412  1.100E-04 1.100E-04  00:47:05 1.30803E-08       16908  5.395E-06  7.947E-11
Output Field Frame Number    11, of     25, at step time 1.100E-04
     8520  1.114E-04 1.114E-04  00:47:46 1.30803E-08       16908  4.664E-06  9.120E-11
     8631  1.129E-04 1.129E-04  00:48:28 1.30803E-08       16908  4.673E-06  9.337E-11
     8742  1.143E-04 1.143E-04  00:49:10 1.30803E-08       28144  5.662E-06  7.606E-11
     8852  1.158E-04 1.158E-04  00:49:52 1.30803E-08       84324  5.141E-06  8.377E-11
     8963  1.172E-04 1.172E-04  00:50:34 1.30803E-08       28144  4.278E-06  9.800E-11
     9071  1.186E-04 1.186E-04  00:51:16 1.30803E-08       16908  5.139E-06  8.307E-11
     9176  1.200E-04 1.200E-04  00:51:57 1.30803E-08       16908  5.622E-06  7.624E-11
Output Field Frame Number    12, of     25, at step time 1.200E-04
     9283  1.214E-04 1.214E-04  00:52:38 1.30803E-08       16908  4.750E-06  9.107E-11

 STEP 1  ORIGIN 0.0000

              STEP     TOTAL      WALL        STABLE    CRITICAL    KINETIC      TOTAL
INCREMENT     TIME      TIME      TIME     INCREMENT     ELEMENT     ENERGY     ENERGY
     9393  1.228E-04 1.228E-04  00:53:21 1.30803E-08       84324  4.579E-06  9.101E-11
     9503  1.243E-04 1.243E-04  00:54:03 1.30803E-08       84324  5.242E-06  8.059E-11
     9610  1.257E-04 1.257E-04  00:54:44 1.30803E-08       28144  5.210E-06  8.376E-11
     9719  1.271E-04 1.271E-04  00:55:26 1.30803E-08       16908  4.834E-06  8.728E-11
     9827  1.285E-04 1.285E-04  00:56:08 1.30803E-08       16908  4.741E-06  8.729E-11
     9936  1.299E-04 1.299E-04  00:56:50 1.30803E-08       16908  5.012E-06  8.629E-11
     9941  1.300E-04 1.300E-04  00:56:52 1.30803E-08       16908  5.033E-06  8.604E-11
Output Field Frame Number    13, of     25, at step time 1.300E-04
    10051  1.314E-04 1.314E-04  00:57:33 1.30803E-08       28144  5.341E-06  7.900E-11
    10162  1.329E-04 1.329E-04  00:58:15 1.30803E-08       28144  4.715E-06  8.662E-11
    10270  1.343E-04 1.343E-04  00:58:57 1.30803E-08       28144  4.422E-06  9.530E-11
    10378  1.357E-04 1.357E-04  00:59:39 1.30803E-08       28144  5.534E-06  7.645E-11
    10488  1.372E-04 1.372E-04  01:00:21 1.30803E-08       28144  5.347E-06  7.548E-11
    10597  1.386E-04 1.386E-04  01:01:03 1.30803E-08       16908  3.913E-06  1.019E-10
    10705  1.400E-04 1.400E-04  01:01:44 1.30803E-08       16908  4.929E-06  8.630E-11
Output Field Frame Number    14, of     25, at step time 1.400E-04
    10817  1.415E-04 1.415E-04  01:02:27 1.30803E-08       16908  6.088E-06  6.371E-11
    10926  1.429E-04 1.429E-04  01:03:09 1.30803E-08       16908  4.251E-06  9.553E-11
    11036  1.443E-04 1.443E-04  01:03:51 1.30803E-08       28144  4.028E-06  9.989E-11
    11147  1.458E-04 1.458E-04  01:04:33 1.30803E-08       84324  6.038E-06  6.382E-11
    11257  1.472E-04 1.472E-04  01:05:15 1.30803E-08       84324  5.114E-06  8.130E-11
    11365  1.486E-04 1.486E-04  01:05:56 1.30803E-08       16908  3.738E-06  1.049E-10
    11470  1.500E-04 1.500E-04  01:06:36 1.30803E-08       16908  5.212E-06  7.655E-11
Output Field Frame Number    15, of     25, at step time 1.500E-04
    11578  1.514E-04 1.514E-04  01:07:18 1.30803E-08       16908  5.711E-06  6.944E-11
    11689  1.529E-04 1.529E-04  01:08:00 1.30803E-08       28144  4.144E-06  9.854E-11
    11802  1.544E-04 1.544E-04  01:08:43 1.30803E-08       84324  4.677E-06  8.581E-11
    11911  1.558E-04 1.558E-04  01:09:24 1.30803E-08       84324  5.603E-06  6.978E-11
    12019  1.572E-04 1.572E-04  01:10:06 1.30803E-08       16908  4.602E-06  8.995E-11
    12129  1.586E-04 1.586E-04  01:10:48 1.30803E-08        5672  4.434E-06  9.033E-11
    12234  1.600E-04 1.600E-04  01:11:28 1.30803E-08       16908  5.269E-06  7.438E-11
Output Field Frame Number    16, of     25, at step time 1.600E-04
    12342  1.614E-04 1.614E-04  01:12:10 1.30803E-08       16908  4.937E-06  8.336E-11
    12451  1.628E-04 1.628E-04  01:12:52 1.30803E-08       84324  4.549E-06  8.909E-11
    12563  1.643E-04 1.643E-04  01:13:34 1.30803E-08       84324  4.976E-06  7.825E-11
    12676  1.658E-04 1.658E-04  01:14:16 1.30803E-08       84324  4.788E-06  8.410E-11
    12796  1.674E-04 1.674E-04  01:14:58 1.30803E-08       16908  4.778E-06  8.577E-11
    12917  1.689E-04 1.689E-04  01:15:40 1.30803E-08        5672  5.129E-06  7.580E-11
    12999  1.700E-04 1.700E-04  01:16:07 1.30803E-08       16908  4.679E-06  8.313E-11
Output Field Frame Number    17, of     25, at step time 1.700E-04
    13123  1.716E-04 1.716E-04  01:16:49 1.30803E-08       84324  4.419E-06  9.070E-11
    13247  1.733E-04 1.733E-04  01:17:31 1.30803E-08       84324  5.456E-06  7.211E-11
    13378  1.750E-04 1.750E-04  01:18:13 1.30803E-08       84324  4.592E-06  8.438E-11
    13509  1.767E-04 1.767E-04  01:18:54 1.30803E-08       16908  4.200E-06  9.297E-11
    13641  1.784E-04 1.784E-04  01:19:36 1.30803E-08        5672  5.694E-06  6.676E-11

 STEP 1  ORIGIN 0.0000

              STEP     TOTAL      WALL        STABLE    CRITICAL    KINETIC      TOTAL
INCREMENT     TIME      TIME      TIME     INCREMENT     ELEMENT     ENERGY     ENERGY
    13763  1.800E-04 1.800E-04  01:20:12 1.30803E-08       16908  4.502E-06  8.666E-11
Output Field Frame Number    18, of     25, at step time 1.800E-04
    13895  1.817E-04 1.817E-04  01:20:53 1.30803E-08       28144  4.231E-06  9.183E-11
    14043  1.837E-04 1.837E-04  01:21:34 1.30803E-08       84324  5.626E-06  6.549E-11
    14186  1.855E-04 1.855E-04  01:22:16 1.30803E-08       84324  3.867E-06  9.923E-11
    14327  1.874E-04 1.874E-04  01:22:57 1.30803E-08       16908  5.372E-06  7.003E-11
    14469  1.892E-04 1.892E-04  01:23:38 1.30803E-08       16908  4.652E-06  8.198E-11
    14528  1.900E-04 1.900E-04  01:23:55 1.30803E-08       16908  3.771E-06  9.952E-11
Output Field Frame Number    19, of     25, at step time 1.900E-04
    14671  1.919E-04 1.919E-04  01:24:36 1.30803E-08       28144  5.287E-06  7.245E-11
    14816  1.938E-04 1.938E-04  01:25:17 1.30803E-08       28144  4.946E-06  7.608E-11
    14955  1.956E-04 1.956E-04  01:25:59 1.30803E-08       28144  3.628E-06  1.015E-10
    15101  1.975E-04 1.975E-04  01:26:41 1.30803E-08       28144  6.116E-06  5.581E-11
    15245  1.994E-04 1.994E-04  01:27:22 1.30803E-08       16908  3.668E-06  9.986E-11
    15292  2.000E-04 2.000E-04  01:27:36 1.30803E-08       16908  3.317E-06  1.060E-10
Output Field Frame Number    20, of     25, at step time 2.000E-04
    15442  2.020E-04 2.020E-04  01:28:18 1.30803E-08       16908  5.874E-06  5.929E-11
    15585  2.038E-04 2.038E-04  01:28:59 1.30803E-08       16908  4.291E-06  8.910E-11
    15733  2.058E-04 2.058E-04  01:29:40 1.30803E-08       28144  4.311E-06  8.562E-11
    15885  2.078E-04 2.078E-04  01:30:22 1.30803E-08       84324  5.514E-06  6.722E-11
    16030  2.097E-04 2.097E-04  01:31:03 1.30803E-08       28144  3.801E-06  9.568E-11
    16057  2.100E-04 2.100E-04  01:31:11 1.30803E-08       16908  3.892E-06  9.284E-11
Output Field Frame Number    21, of     25, at step time 2.100E-04
    16205  2.119E-04 2.119E-04  01:31:52 1.30803E-08       16908  5.286E-06  6.878E-11
    16358  2.139E-04 2.139E-04  01:32:34 1.30803E-08       16908  4.392E-06  8.674E-11
    16514  2.160E-04 2.160E-04  01:33:17 1.30803E-08       84324  4.693E-06  7.721E-11
    16662  2.179E-04 2.179E-04  01:33:58 1.30803E-08       84324  4.691E-06  8.004E-11
    16773  2.194E-04 2.194E-04  01:34:39 1.30803E-08       16908  4.550E-06  8.201E-11
    16821  2.200E-04 2.200E-04  01:34:56 1.30803E-08       16908  4.627E-06  8.010E-11
Output Field Frame Number    22, of     25, at step time 2.200E-04
    16953  2.217E-04 2.217E-04  01:35:37 1.30803E-08       16908  4.728E-06  7.752E-11
    17105  2.237E-04 2.237E-04  01:36:18 1.30803E-08       28144  4.460E-06  8.235E-11
    17260  2.257E-04 2.257E-04  01:37:00 1.30803E-08       84324  4.802E-06  7.640E-11
    17412  2.277E-04 2.277E-04  01:37:42 1.30803E-08       28144  4.511E-06  8.117E-11
    17561  2.297E-04 2.297E-04  01:38:24 1.30803E-08       16908  4.627E-06  7.882E-11
    17586  2.300E-04 2.300E-04  01:38:31 1.30803E-08       16908  4.715E-06  7.683E-11
Output Field Frame Number    23, of     25, at step time 2.300E-04
    17727  2.319E-04 2.319E-04  01:39:13 1.30803E-08       16908  4.553E-06  7.899E-11
    17867  2.337E-04 2.337E-04  01:39:55 1.30803E-08       84324  4.494E-06  8.280E-11
    18000  2.354E-04 2.354E-04  01:40:37 1.30803E-08       28144  5.031E-06  6.978E-11
    18128  2.371E-04 2.371E-04  01:41:19 1.30803E-08       16908  4.026E-06  8.688E-11
    18252  2.387E-04 2.387E-04  01:42:00 1.30803E-08       16908  4.510E-06  8.206E-11
    18350  2.400E-04 2.400E-04  01:42:32 1.30803E-08       28144  5.489E-06  6.362E-11
Output Field Frame Number    24, of     25, at step time 2.400E-04
    18476  2.416E-04 2.416E-04  01:43:14 1.30803E-08       84324  4.169E-06  8.331E-11
    18599  2.433E-04 2.433E-04  01:43:56 1.30803E-08       84324  3.773E-06  9.199E-11
    18716  2.448E-04 2.448E-04  01:44:37 1.30803E-08       16908  5.622E-06  6.141E-11

 STEP 1  ORIGIN 0.0000

              STEP     TOTAL      WALL        STABLE    CRITICAL    KINETIC      TOTAL
INCREMENT     TIME      TIME      TIME     INCREMENT     ELEMENT     ENERGY     ENERGY
    18828  2.463E-04 2.463E-04  01:45:19 1.30803E-08       16908  4.849E-06  7.299E-11
    18937  2.477E-04 2.477E-04  01:46:01 1.30803E-08       16908  3.317E-06  9.794E-11
    19048  2.491E-04 2.491E-04  01:46:42 1.30803E-08       28144  4.719E-06  7.490E-11
    19115  2.500E-04 2.500E-04  01:47:08 1.30617E-08       28144  5.680E-06  5.944E-11
Restart Number  1 at 2.50000E-04
Output Field Frame Number    25, of     25, at step time 2.500E-04
  EXPLICIT EXECUTABLE TIME SUMMARY
       USER TIME (SEC)      =   18536.
       SYSTEM TIME (SEC)    =   1820.8
       WALLCLOCK TIME (SEC) =         6433
              INIT (SEC) =         10
              MAIN (SEC) =       6423

  THE ANALYSIS HAS COMPLETED SUCCESSFULLY

