CASE acc_n01 1 51
CASE imp_hi 1 26
CASE imp_lo 1 26
CASE imp_mid 1 26
CASE wav_base 1 26
CASE wav_d03_r08 1 26
CASE wav_d08_r31 1 26
CASE grade_hi 1 26
CASE grade_lo 1 26
CASE grade_mid 1 26
CASE impact_big 1 51
CASE impact_dmg 1 51
CASE impact_full 1 51
CASE impact_hi 2 52
CASE impact_lo 2 52
CASE impact_mid 2 52
CASE iw_small 1 51
CASE kdef 1 11
CASE kply_ply 1 11
CASE kply_smoke 1 5
CASE kply_stiff 1 11
CASE ksoft 1 11
CASE scope_impact 2 33
CASE scope_smoke 1 11
CASE smoke2 1 51
CASE smoke 1 51
CASE wav_d03 1 26
CASE wav_d08 1 26
CASE wave_base 1 26
CASE wave_d03 1 26
CASE wave_d08 1 26
CASE wave_dp 1 11
CASE wave_smoke 1 11
CASE ugw_line1000 2 102
CASE ugw_line1000_c3d8r 2 102
CASE ugw_line_c3d8 2 102
CASE abaqus_line500_c3d8r_dp_surface 1 51
CASE ugw_line 1 51
CASE ugw_line_c3d8_dp 1 51
CASE ugw_line_c3d8_nobv 1 51
CASE ugw_line_c3d8r_dp 1 51
CASE ugw_line_c3d8r_ehg 1 51
CASE ugw_point400 1 51
CASE ugw_small 1 51
CASE axial_c3d8_elastic 1 21
CASE axial_c3d8_max_stress 1 21
CASE axial_c3d8_maxps 1 21
CASE axial_c3d8_quads 1 21
CASE axial_sc8r_hashin 1 21
CASE c3d8_elastic 1 19
CASE c3d8_max_strain 1 19
CASE c3d8_max_stress 1 19
CASE c3d8_maxpe 1 19
CASE c3d8_maxps 1 19
CASE c3d8_quads 1 19
CASE c3d8_tsaiwu 1 19
CASE cohesive_cohesive 1 21
CASE cohesive_k_default 1 11
CASE cohesive_k_ply 1 11
CASE cohesive_solid 1 21
CASE shear_c3d8_elastic 1 21
CASE shear_c3d8_max_stress 1 21
CASE surfcoh_interface 1 21
CASE surfcoh_stack 1 21
CASE acc_n02 1 51
CASE acc_n02 1 51
CASE acc_n02 1 51
CASE acc_n02_prepare 2 22
CASE acc_n02_prepare 2 22
CASE acc_n02_prepare 2 22
CASE acc_n02_relax1 1 11
CASE acc_n02_relax1 1 11
CASE acc_n02_relax1 1 11
CASE acc_n03 1 51
CASE acc_n03_prepare 2 22
CASE acc_n03_relax1 1 11
CASE continued 2 22
CASE continued_interval 2 22
CASE coupon_first 1 51
CASE coupon_first 1 51
CASE coupon_first 1 51
CASE first 1 11
CASE switch 3 33
CASE whole 3 33
CASE 1000_8_damage 1 51
CASE 1000_8_healthy 1 51
CASE 2000_16_damage 1 51
CASE 2000_16_healthy 1 51
CASE 4000_32_damage 1 51
CASE 4000_32_healthy 1 51
CASE wavefield 1 51
CASE wavefield 1 51
CASE wavefield 1 51
CASE wavefield 1 51
CASE wavefield 1 51
CASE wavefield 1 51
CASE clamp10mm 2 102
CASE clamp30mm 2 102
CASE contact050 2 102
CASE contact200 2 102
CASE finest_halfdt 2 102
CASE halfdt 2 102
CASE offcentre 2 102
CASE order10 2 102
CASE order14 2 102
CASE order18 2 102
CASE order22 2 102
CASE order30 2 102
CASE order38 2 102
CASE order46 2 102
CASE order6 2 102
CASE stiffness075 2 102
CASE stiffness125 2 102
CASE farfield_100x80x4 2 102
CASE farfield_150x120x4 2 102
CASE farfield_200x160x4 2 102
CASE farfield_200x160x8 2 102
CASE global 2 102
CASE submodel 2 102
CASE ae_dataset 1 51
CASE faults_traces 1 51
CASE gear_example_waveforms_0 1 51
CASE gear_example_waveforms_150 1 51
CASE gear_example_waveforms_200 1 51
CASE gear_example_waveforms_250 1 51
CASE gear_example_waveforms_300 1 51
CASE joint_surrogates 1 51
CASE plate_waveforms 1 51
CASE acc_n02_relax1 1 7
CASE ugw_impact 1 2
MERGED 130 cases 170 source clips
