EXPORTED ugw_impact__IMPACT__da8b94f1 2
EXPORTED ugw_line1000__WAVE__8736e4b9 51
EXPORTED ugw_line1000_c3d8r__WAVE__9a28bf4b 51
EXPORTED ugw_line__WAVE__5d0d5ac4 51
EXPORTED ugw_line_c3d8__WAVE__c4820d01 51
EXPORTED ugw_line_c3d8_dp__WAVE__3fd79584 51
EXPORTED ugw_line_c3d8_nobv__WAVE__8697b9d1 51
EXPORTED ugw_line_c3d8r_dp__WAVE__1e593937 51
EXPORTED ugw_line_c3d8r_ehg__WAVE__0bf8cf39 51
EXPORTED ugw_point400__WAVE__938ea353 51
EXPORTED ugw_small__WAVE__9818ec68 51
EXPORTED c3d8_elastic__S1__c9f67bca 19
EXPORTED c3d8_max_strain__S1__b8a4deab 19
EXPORTED c3d8_max_stress__S1__cddd95aa 19
EXPORTED c3d8_maxpe__S1__7ee5ec02 19
EXPORTED c3d8_maxps__S1__c506692d 19
EXPORTED c3d8_quads__S1__c3683a7b 19
EXPORTED c3d8_tsaiwu__S1__5b294fbd 19
EXPORTED cohesive_cohesive__S1__375dbbb2 21
EXPORTED cohesive_solid__S1__fbc7638a 21
EXPORTED cohesive_k_default__PULL__d0c35313 11
EXPORTED cohesive_k_ply__PULL__75c0a764 11
EXPORTED switch__OFF1__ad92718b 11
EXPORTED switch__ON__b5753516 11
EXPORTED switch__OFF2__1e2224b5 11
EXPORTED axial_c3d8_elastic__S1__a94dbb79 21
EXPORTED axial_c3d8_max_stress__S1__3d2a0786 21
EXPORTED axial_c3d8_maxps__S1__69e310df 21
EXPORTED axial_c3d8_quads__S1__14f80099 21
EXPORTED axial_sc8r_hashin__S1__01e153ca 21
EXPORTED shear_c3d8_elastic__S1__4f59fb18 21
EXPORTED shear_c3d8_max_stress__S1__ad384bbb 21
EXPORTED acc_n01__IMPACT__34fa7d29 51
EXPORTED acc_n02_relax1__acc_n02_relax1__2e5ce3e1 7
EXPORTED grade_hi__IMPACT__d04c3c5a 26
EXPORTED grade_lo__IMPACT__c60e1092 26
EXPORTED grade_mid__IMPACT__2fcd7b53 26
EXPORTED imp_hi__IMPACT__41d87c74 26
EXPORTED imp_lo__IMPACT__f065c58c 26
EXPORTED imp_mid__IMPACT__e9f1fa9b 26
EXPORTED impact_big__IMPACT__842711d4 51
EXPORTED impact_dmg__IMPACT__83fad9bc 51
EXPORTED impact_full__IMPACT__c62eb679 51
EXPORTED impact_hi__IMPACT__1929ccaa 26
EXPORTED impact_hi__WAVE__246d9e1d 26
EXPORTED impact_lo__IMPACT__54026e7b 26
EXPORTED impact_lo__WAVE__930eeba0 26
EXPORTED impact_mid__IMPACT__52da9842 26
EXPORTED impact_mid__WAVE__0ebb1d27 26
EXPORTED iw_small__IMPACT__eda0b4ac 51
EXPORTED kdef__WAVE__8d03a022 11
EXPORTED kply_ply__WAVE__3febed0f 11
EXPORTED kply_smoke__WAVE__a329c62e 5
EXPORTED kply_stiff__WAVE__27581ec3 11
EXPORTED ksoft__WAVE__d8f2174e 11
EXPORTED scope_impact__IMPACT__0e369eb1 7
EXPORTED scope_impact__WAVE__52c6e0ed 26
EXPORTED scope_smoke__WAVE__ffe4d1a8 11
EXPORTED smoke__IMPACT__bcd75f83 51
EXPORTED smoke2__IMPACT__7e600908 51
EXPORTED wav_base__WAVE__31bfb0d4 26
EXPORTED wav_d03__WAVE__f22fdec6 26
EXPORTED wav_d03_r08__WAVE__610f16ee 26
EXPORTED wav_d08__WAVE__2a23102c 26
EXPORTED wav_d08_r31__WAVE__cf0049b0 26
EXPORTED wave_base__WAVE__6b2ad559 26
EXPORTED wave_d03__WAVE__57e8d8de 26
EXPORTED wave_d08__WAVE__ec42e15f 26
EXPORTED wave_dp__WAVE__0646558a 11
EXPORTED wave_smoke__WAVE__74425e6e 11
EXPORTED acc_n02__acc_n02__41dc5ea4 51
EXPORTED acc_n02_prepare__acc_n02_prepare_POSITION__989068a8 11
EXPORTED acc_n02_prepare__acc_n02_prepare_LAUNCH__7b052533 11
EXPORTED acc_n02_relax1__acc_n02_relax1__fd2490de 11
EXPORTED coupon_first__IMPACT__6c992c7f 51
EXPORTED acc_n02__acc_n02__aba940bf 51
EXPORTED acc_n02_prepare__acc_n02_prepare_POSITION__0580e01d 11
EXPORTED acc_n02_prepare__acc_n02_prepare_LAUNCH__9dbd80ba 11
EXPORTED acc_n02_relax1__acc_n02_relax1__fb011f0a 11
EXPORTED acc_n03__acc_n03__099e4a64 51
EXPORTED acc_n03_prepare__acc_n03_prepare_POSITION__47c5768d 11
EXPORTED acc_n03_prepare__acc_n03_prepare_LAUNCH__cda73a0a 11
EXPORTED acc_n03_relax1__acc_n03_relax1__7ea8ccbb 11
EXPORTED coupon_first__IMPACT__63d1d1a3 51
EXPORTED acc_n02__acc_n02__ad6da8bd 51
EXPORTED acc_n02_prepare__acc_n02_prepare_POSITION__94c7a999 11
EXPORTED acc_n02_prepare__acc_n02_prepare_LAUNCH__5907b003 11
EXPORTED acc_n02_relax1__acc_n02_relax1__e5325563 11
EXPORTED continued__RELAX__85660a3c 11
EXPORTED continued__RELOAD__e84e5a49 11
EXPORTED continued_interval__RELAX__ac676570 11
EXPORTED continued_interval__RELOAD__cf017bc2 11
EXPORTED coupon_first__IMPACT__cfad7201 51
EXPORTED first__PULL__8e7372fb 11
EXPORTED whole__PULL__0ec6bc5b 11
EXPORTED whole__RELAX__44d3ee68 11
EXPORTED whole__RELOAD__0e4b0601 11
EXPORTED surfcoh_interface__S1__b8683abe 21
EXPORTED surfcoh_stack__S1__71766a54 21
EXPORT_FINISHED 109
