GIF acc_n01__IMPACT__34fa7d29
GIF acc_n02_relax1__acc_n02_relax1__fb011f0a
GIF axial_c3d8_max_stress__S1__3d2a0786
GIF c3d8_max_strain__S1__b8a4deab
GIF c3d8_maxpe__S1__7ee5ec02
GIF c3d8_maxps__S1__c506692d
GIF continued_interval__RELAX__ac676570
GIF farfield_100x80x4__sensors__bbafe6ef
GIF grade_lo__IMPACT__c60e1092
GIF guided_wave_3d__abaqus_line500_c3d8_surface__34fe8da0
GIF guided_wave_v2__1000_8_damage__2ac0000b
GIF guided_wave_v2__1000_8_healthy__84c4bdad
GIF imp_lo__IMPACT__f065c58c
GIF impact_dmg__IMPACT__83fad9bc
GIF kply_smoke__WAVE__a329c62e
GIF kply_stiff__WAVE__27581ec3
GIF order18__fields__d846913d
GIF order38__fields__7dcf7f6d
GIF order6__signals__ff80bd27
GIF out_line_1000x4x8_abaqusdt__wavefield__50766719
GIF results__gear_example_waveforms_200__8958e499
GIF results__gear_example_waveforms_300__301e5756
GIF shear_c3d8_max_stress__S1__ad384bbb
GIF surfcoh_stack__S1__71766a54
GIF ugw_line_c3d8r_ehg__WAVE__0bf8cf39
GIF wav_d03_r08__WAVE__610f16ee
GIF whole__RELOAD__0e4b0601
RENDER_FINISHED 27 errors 0
