GIF acc_n02__acc_n02__41dc5ea4
GIF acc_n02__acc_n02__aba940bf
GIF acc_n02_prepare__acc_n02_prepare_POSITION__0580e01d
GIF acc_n03__acc_n03__099e4a64
GIF acc_n03_prepare__acc_n03_prepare_POSITION__47c5768d
GIF axial_sc8r_hashin__S1__01e153ca
GIF c3d8_quads__S1__c3683a7b
GIF clamp10mm__fields__b18b47c2
GIF contact050__signals__4d79e743
GIF contact200__signals__a6c81466
GIF continued_interval__RELOAD__cf017bc2
GIF coupon_first__IMPACT__6c992c7f
GIF farfield_150x120x4__through_thickness__785cc154
GIF farfield_200x160x8__sensors__4902294a
GIF first__PULL__8e7372fb
GIF global__through_thickness__ef3f76f2
GIF guided_wave_v2__4000_32_healthy__4b23713d
GIF halfdt__fields__77f13ae9
GIF halfdt__signals__a9b63907
GIF imp_mid__IMPACT__e9f1fa9b
GIF impact_lo__IMPACT__54026e7b
GIF impact_mid__IMPACT__52da9842
GIF kply_ply__WAVE__3febed0f
GIF offcentre__fields__01a38583
GIF offcentre__signals__a130e264
GIF order22__signals__5f9988c6
GIF order30__fields__610efffe
GIF order46__fields__374fa33b
GIF out_line_1000x4x8__wavefield__49a6dab5
GIF out_line_ehgdt__wavefield__bf7da8f2
GIF results__ae_dataset_sample0__70068cec
GIF results__gear_example_waveforms_0__d9299ea6
GIF results__gear_example_waveforms_150__1fdf9028
GIF scope_smoke__WAVE__ffe4d1a8
GIF smoke2__IMPACT__7e600908
GIF smoke__IMPACT__bcd75f83
GIF submodel__contact_patch__d5ed3159
GIF submodel__signals__06287773
GIF switch__OFF1__ad92718b
GIF ugw_impact__IMPACT__da8b94f1
GIF ugw_line1000__WAVE__8736e4b9
GIF ugw_line_c3d8_dp__WAVE__3fd79584
GIF ugw_line_c3d8_nobv__WAVE__8697b9d1
GIF ugw_small__WAVE__9818ec68
GIF wav_base__WAVE__31bfb0d4
GIF wav_d08_r31__WAVE__cf0049b0
GIF wave_base__WAVE__6b2ad559
GIF wave_dp__WAVE__0646558a
GIF wave_smoke__WAVE__74425e6e
GIF whole__PULL__0ec6bc5b
RENDER_FINISHED 50 errors 0
