GIF acc_n02_prepare__acc_n02_prepare_LAUNCH__5907b003
GIF acc_n02_prepare__acc_n02_prepare_LAUNCH__7b052533
GIF acc_n02_prepare__acc_n02_prepare_POSITION__989068a8
GIF acc_n02_relax1__acc_n02_relax1__e5325563
GIF acc_n02_relax1__acc_n02_relax1__fd2490de
GIF acc_n03_prepare__acc_n03_prepare_LAUNCH__cda73a0a
GIF axial_c3d8_elastic__S1__a94dbb79
GIF axial_c3d8_maxps__S1__69e310df
GIF c3d8_elastic__S1__c9f67bca
GIF clamp10mm__signals__25762246
GIF clamp30mm__fields__60ae57b5
GIF cohesive_cohesive__S1__375dbbb2
GIF cohesive_k_ply__PULL__75c0a764
GIF continued__RELOAD__e84e5a49
GIF farfield_150x120x4__sensors__4ec885a4
GIF farfield_200x160x4__sensors__f6a66b48
GIF farfield_200x160x4__through_thickness__1033fb13
GIF finest_halfdt__signals__6373982f
GIF guided_wave_3d__abaqus_line1000_c3d8_surface__e27a666a
GIF guided_wave_v2__2000_16_damage__030c7f84
GIF impact_big__IMPACT__842711d4
GIF impact_full__IMPACT__c62eb679
GIF iw_small__IMPACT__eda0b4ac
GIF order14__fields__22b46d46
GIF order14__signals__9b52043b
GIF order22__fields__432a1e6a
GIF order46__signals__9d92c16d
GIF out_line_500x4x4__wavefield__9b08b59d
GIF out_point_400__wavefield__a0e4edd3
GIF results__gear_example_waveforms_250__83f55a31
GIF results__joint_surrogates__636e9c3b
GIF scope_impact__IMPACT__0e369eb1
GIF stiffness075__fields__7a6d1922
GIF stiffness075__signals__0956d523
GIF stiffness125__fields__5604959f
GIF stiffness125__signals__8213612e
GIF ugw_line__WAVE__5d0d5ac4
GIF ugw_line_c3d8__WAVE__c4820d01
GIF wav_d03__WAVE__f22fdec6
GIF wave_d03__WAVE__57e8d8de
GIF wave_d08__WAVE__ec42e15f
RENDER_FINISHED 41 errors 0
