GIF acc_n02__acc_n02__ad6da8bd
GIF acc_n02_prepare__acc_n02_prepare_LAUNCH__9dbd80ba
GIF acc_n02_prepare__acc_n02_prepare_POSITION__94c7a999
GIF acc_n02_relax1__acc_n02_relax1__2e5ce3e1
GIF acc_n03_relax1__acc_n03_relax1__7ea8ccbb
GIF axial_c3d8_quads__S1__14f80099
GIF c3d8_max_stress__S1__cddd95aa
GIF c3d8_tsaiwu__S1__5b294fbd
GIF clamp30mm__signals__1d49b0bd
GIF cohesive_k_default__PULL__d0c35313
GIF cohesive_solid__S1__fbc7638a
GIF contact050__fields__7ec97407
GIF contact200__fields__9e80d2dd
GIF continued__RELAX__85660a3c
GIF coupon_first__IMPACT__63d1d1a3
GIF coupon_first__IMPACT__cfad7201
GIF farfield_100x80x4__through_thickness__50c80711
GIF farfield_200x160x8__through_thickness__00902d6a
GIF finest_halfdt__fields__7d07055a
GIF global__sensors__53f74111
GIF grade_hi__IMPACT__d04c3c5a
GIF grade_mid__IMPACT__2fcd7b53
GIF guided_wave_3d__abaqus_line1000_c3d8r_surface__7baa13d2
GIF guided_wave_3d__abaqus_line500_c3d8r_dp_surface__d0b710c9
GIF guided_wave_v2__2000_16_healthy__9f6c6ecf
GIF guided_wave_v2__4000_32_damage__71e321a0
GIF imp_hi__IMPACT__41d87c74
GIF impact_hi__IMPACT__1929ccaa
GIF impact_hi__WAVE__246d9e1d
GIF impact_lo__WAVE__930eeba0
GIF impact_mid__WAVE__0ebb1d27
GIF kdef__WAVE__8d03a022
GIF ksoft__WAVE__d8f2174e
GIF order10__fields__32f6f11d
GIF order10__signals__e6b5893b
GIF order18__signals__d9de66f7
GIF order30__signals__3dfce7b9
GIF order38__signals__8581d6ac
GIF order6__fields__9488c110
GIF out_line_abaqusdt__wavefield__67b38000
GIF results__faults_traces__ccfb429b
GIF results__plate_waveforms__26e57465
GIF scope_impact__WAVE__52c6e0ed
GIF shear_c3d8_elastic__S1__4f59fb18
GIF surfcoh_interface__S1__b8683abe
GIF switch__OFF2__1e2224b5
GIF switch__ON__b5753516
GIF ugw_line1000_c3d8r__WAVE__9a28bf4b
GIF ugw_line_c3d8r_dp__WAVE__1e593937
GIF ugw_point400__WAVE__938ea353
GIF wav_d08__WAVE__2a23102c
GIF whole__RELAX__44d3ee68
RENDER_FINISHED 52 errors 0
