GIF acc_n01__IMPACT__34fa7d29
GIF acc_n02_relax1__acc_n02_relax1__2e5ce3e1
GIF axial_c3d8_elastic__S1__a94dbb79
GIF axial_c3d8_max_stress__S1__3d2a0786
GIF axial_c3d8_maxps__S1__69e310df
GIF axial_c3d8_quads__S1__14f80099
GIF axial_sc8r_hashin__S1__01e153ca
GIF c3d8_elastic__S1__c9f67bca
GIF c3d8_max_strain__S1__b8a4deab
GIF c3d8_max_stress__S1__cddd95aa
GIF c3d8_maxpe__S1__7ee5ec02
GIF c3d8_maxps__S1__c506692d
GIF c3d8_quads__S1__c3683a7b
GIF c3d8_tsaiwu__S1__5b294fbd
GIF clamp10mm__fields__b18b47c2
GIF clamp10mm__signals__25762246
GIF clamp30mm__fields__60ae57b5
GIF clamp30mm__signals__1d49b0bd
GIF cohesive_cohesive__S1__375dbbb2
GIF cohesive_k_default__PULL__d0c35313
GIF cohesive_k_ply__PULL__75c0a764
GIF cohesive_solid__S1__fbc7638a
GIF contact050__fields__7ec97407
GIF contact050__signals__4d79e743
GIF contact200__fields__9e80d2dd
GIF contact200__signals__a6c81466
GIF farfield_100x80x4__sensors__bbafe6ef
GIF farfield_100x80x4__through_thickness__50c80711
GIF farfield_150x120x4__sensors__4ec885a4
GIF farfield_150x120x4__through_thickness__785cc154
GIF farfield_200x160x4__sensors__f6a66b48
GIF farfield_200x160x4__through_thickness__1033fb13
GIF farfield_200x160x8__sensors__4902294a
GIF farfield_200x160x8__through_thickness__00902d6a
GIF finest_halfdt__fields__7d07055a
GIF finest_halfdt__signals__6373982f
GIF global__sensors__53f74111
GIF global__through_thickness__ef3f76f2
