Abaqus/Explicit 2026                             DATE 23-Sep-2026  TIME 13:39:40
-------------------------------------------------------------------------------
 PREPROCESSOR WARNING MESSAGES
-------------------------------------------------------------------------------


***WARNING: There are 4 warning messages in the data (.dat) file.  Please
            check the data file for possible errors in the input file.


-------------------------------------------------------------------------------
 NUMERICAL PRECISION USED FOR THIS Abaqus/Explicit ANALYSIS
-------------------------------------------------------------------------------

Single precision package and double precision explicit executables will be
used in this analysis.

-------------------------------------------------------------------------------

Abaqus/Explicit 2026                             DATE 23-Sep-2026  TIME 13:39:54

 STEP 2  ORIGIN 5.00000E-04

  Total memory used for step 2 is approximately 3.5 gigabytes.
  Global time estimation algorithm will be used.
  Scaling factor:  1.0000
              STEP     TOTAL      WALL        STABLE    CRITICAL    KINETIC      TOTAL
INCREMENT     TIME      TIME      TIME     INCREMENT     ELEMENT     ENERGY     ENERGY
        0  0.000E+00 5.000E-04  00:00:03 1.16446E-08        5672  2.353E-01  3.000E-01
Output Field Frame Number     0, of     10, at step time 0.000E+00
      334  3.893E-06 5.039E-04  00:02:14 1.16431E-08        5672  2.590E-01  3.000E-01
      685  7.979E-06 5.080E-04  00:04:24 1.16431E-08        5672  2.888E-01  3.000E-01
     1025  1.194E-05 5.119E-04  00:06:30 1.16431E-08        5672  3.196E-01  3.000E-01
     1358  1.582E-05 5.158E-04  00:08:31 1.16431E-08       16908  3.487E-01  3.000E-01
     1712  1.994E-05 5.199E-04  00:10:33 1.16431E-08        5672  3.790E-01  3.000E-01
     2022  2.355E-05 5.235E-04  00:12:35 1.16431E-08        5672  4.090E-01  3.000E-01
     2293  2.670E-05 5.267E-04  00:14:36 1.16431E-08        5672  4.385E-01  3.000E-01
     2556  2.976E-05 5.298E-04  00:16:37 1.16431E-08        5672  4.702E-01  3.000E-01
     2817  3.280E-05 5.328E-04  00:18:38 1.16431E-08       84324  5.051E-01  3.000E-01
     3065  3.569E-05 5.357E-04  00:20:38 1.16431E-08       84324  5.406E-01  3.000E-01
     3299  3.841E-05 5.384E-04  00:22:39 1.16431E-08       84324  5.755E-01  3.000E-01
     3551  4.135E-05 5.413E-04  00:24:42 1.16431E-08       84324  6.143E-01  3.000E-01
     3784  4.406E-05 5.441E-04  00:26:43 1.16431E-08       84324  6.514E-01  3.000E-01
     4041  4.705E-05 5.471E-04  00:28:44 1.16431E-08       84324  6.935E-01  3.000E-01
     4295  5.001E-05 5.500E-04  00:30:39 1.16431E-08       84324  7.357E-01  2.997E-01
Output Field Frame Number     1, of     10, at step time 5.001E-05
     4613  5.371E-05 5.537E-04  00:32:43 1.16431E-08       84324  6.322E-01  2.997E-01
     4936  5.747E-05 5.575E-04  00:34:47 1.16431E-08        5672  5.355E-01  2.997E-01
     5291  6.161E-05 5.616E-04  00:36:49 1.16431E-08        5672  4.387E-01  2.997E-01
     5630  6.555E-05 5.656E-04  00:38:50 1.16431E-08        5672  3.553E-01  2.997E-01
     5939  6.915E-05 5.692E-04  00:40:51 1.16431E-08        5672  2.871E-01  2.997E-01
     6200  7.219E-05 5.722E-04  00:42:52 1.16431E-08        5672  2.355E-01  2.997E-01
     6481  7.546E-05 5.755E-04  00:44:53 1.16431E-08        5672  1.863E-01  2.997E-01
     6787  7.903E-05 5.790E-04  00:46:54 1.16431E-08       84324  1.400E-01  2.997E-01
     7111  8.280E-05 5.828E-04  00:49:01 1.16431E-08       16908  9.940E-02  2.997E-01
     7407  8.624E-05 5.862E-04  00:51:06 1.16431E-08        5672  6.993E-02  2.997E-01
     7742  9.014E-05 5.901E-04  00:53:19 1.16431E-08        5672  4.478E-02  2.997E-01
     8046  9.368E-05 5.937E-04  00:55:27 1.16431E-08        5672  2.890E-02  2.997E-01
     8340  9.711E-05 5.971E-04  00:57:34 1.16431E-08        5672  1.960E-02  2.997E-01
     8589  1.000E-04 6.000E-04  00:59:12 1.16431E-08        5672  1.661E-02  2.997E-01
Output Field Frame Number     2, of     10, at step time 1.000E-04
     8918  1.038E-04 6.038E-04  01:01:17 1.16431E-08        5672  1.553E-02  2.997E-01
     9177  1.069E-04 6.069E-04  01:03:18 1.16431E-08       84324  1.465E-02  2.997E-01
     9443  1.099E-04 6.099E-04  01:05:20 1.16431E-08       84324  1.396E-02  2.997E-01
     9737  1.134E-04 6.134E-04  01:07:21 1.16431E-08       84324  1.365E-02  2.997E-01
    10038  1.169E-04 6.169E-04  01:09:23 1.16431E-08       84324  1.383E-02  2.997E-01
    10316  1.201E-04 6.201E-04  01:11:27 1.16431E-08       16908  1.429E-02  2.997E-01
    10600  1.234E-04 6.234E-04  01:13:35 1.16431E-08        5672  1.479E-02  2.997E-01
    10925  1.272E-04 6.272E-04  01:15:37 1.16431E-08        5672  1.496E-02  2.997E-01
    11210  1.305E-04 6.305E-04  01:17:42 1.16431E-08       84324  1.454E-02  2.997E-01
    11531  1.343E-04 6.343E-04  01:19:48 1.16431E-08       84324  1.357E-02  2.997E-01

 STEP 2  ORIGIN 5.00000E-04

              STEP     TOTAL      WALL        STABLE    CRITICAL    KINETIC      TOTAL
INCREMENT     TIME      TIME      TIME     INCREMENT     ELEMENT     ENERGY     ENERGY
    11882  1.383E-04 6.383E-04  01:21:52 1.16431E-08       84324  1.224E-02  2.997E-01
    12198  1.420E-04 6.420E-04  01:23:54 1.16431E-08        5672  1.114E-02  2.997E-01
    12503  1.456E-04 6.456E-04  01:26:09 1.16431E-08        5672  1.025E-02  2.997E-01
    12861  1.497E-04 6.497E-04  01:28:32 1.16431E-08       84324  9.441E-03  2.997E-01
    12883  1.500E-04 6.500E-04  01:28:41 1.16431E-08       84324  9.403E-03  2.997E-01
Output Field Frame Number     3, of     10, at step time 1.500E-04
    13248  1.543E-04 6.543E-04  01:31:03 1.16431E-08       84324  8.873E-03  2.997E-01
    13609  1.585E-04 6.585E-04  01:33:25 1.16431E-08       84324  8.372E-03  2.997E-01
    13972  1.627E-04 6.627E-04  01:35:40 1.16431E-08        5672  7.782E-03  2.997E-01
    14342  1.670E-04 6.670E-04  01:38:02 1.16431E-08        5672  7.130E-03  2.997E-01
    14719  1.714E-04 6.714E-04  01:40:21 1.16431E-08        5672  6.388E-03  2.997E-01
    15083  1.756E-04 6.756E-04  01:42:43 1.16431E-08        5672  5.652E-03  2.997E-01
    15391  1.792E-04 6.792E-04  01:44:50 1.16431E-08        5672  5.073E-03  2.997E-01
    15749  1.834E-04 6.834E-04  01:47:14 1.16431E-08        5672  4.427E-03  2.997E-01
    16115  1.876E-04 6.876E-04  01:49:37 1.16431E-08        5672  3.803E-03  2.997E-01
    16486  1.920E-04 6.920E-04  01:51:56 1.16431E-08        5672  3.265E-03  2.997E-01
    16829  1.959E-04 6.959E-04  01:54:02 1.16431E-08        5672  2.838E-03  2.997E-01
    17170  1.999E-04 6.999E-04  01:56:04 1.16431E-08        5672  2.508E-03  2.997E-01
    17178  2.000E-04 7.000E-04  01:56:08 1.16431E-08       16908  2.502E-03  2.997E-01
Output Field Frame Number     4, of     10, at step time 2.000E-04
    17517  2.040E-04 7.040E-04  01:58:12 1.16431E-08       84324  2.251E-03  2.997E-01
    17868  2.080E-04 7.080E-04  02:00:15 1.16431E-08       84324  2.018E-03  2.997E-01
    18193  2.118E-04 7.118E-04  02:02:17 1.16431E-08       84324  1.793E-03  2.997E-01
    18513  2.156E-04 7.156E-04  02:04:19 1.16431E-08       84324  1.533E-03  2.997E-01
    18843  2.194E-04 7.194E-04  02:06:22 1.16431E-08        5672  1.228E-03  2.997E-01
    19189  2.234E-04 7.234E-04  02:08:25 1.16431E-08       84324  9.225E-04  2.997E-01
    19530  2.274E-04 7.274E-04  02:10:28 1.16431E-08       84324  7.020E-04  2.997E-01
    19882  2.315E-04 7.315E-04  02:12:33 1.16431E-08       84324  5.664E-04  2.997E-01
    20260  2.359E-04 7.359E-04  02:14:46 1.16431E-08       16908  5.020E-04  2.997E-01
    20636  2.403E-04 7.403E-04  02:16:58 1.16431E-08        5672  4.773E-04  2.997E-01
    20991  2.444E-04 7.444E-04  02:19:03 1.16431E-08        5672  4.490E-04  2.997E-01
    21295  2.479E-04 7.479E-04  02:21:06 1.16431E-08        5672  3.975E-04  2.997E-01
    21472  2.500E-04 7.500E-04  02:22:15 1.16431E-08        5672  3.533E-04  2.997E-01
Output Field Frame Number     5, of     10, at step time 2.500E-04
    21795  2.538E-04 7.538E-04  02:24:17 1.16431E-08       16908  2.519E-04  2.997E-01
    22125  2.576E-04 7.576E-04  02:26:20 1.16431E-08        5672  1.508E-04  2.997E-01
    22462  2.615E-04 7.615E-04  02:28:22 1.16431E-08       16908  8.692E-05  2.997E-01
    22803  2.655E-04 7.655E-04  02:30:25 1.16431E-08       84324  5.914E-05  2.997E-01
    23144  2.695E-04 7.695E-04  02:32:28 1.16431E-08       84324  5.863E-05  2.997E-01
    23487  2.735E-04 7.735E-04  02:34:31 1.16431E-08       84324  7.237E-05  2.997E-01
    23835  2.775E-04 7.775E-04  02:36:34 1.16431E-08       84324  9.591E-05  2.997E-01
    24147  2.812E-04 7.812E-04  02:38:38 1.16431E-08       16908  1.153E-04  2.997E-01
    24439  2.846E-04 7.846E-04  02:40:43 1.16431E-08        5672  1.251E-04  2.997E-01

 STEP 2  ORIGIN 5.00000E-04

              STEP     TOTAL      WALL        STABLE    CRITICAL    KINETIC      TOTAL
INCREMENT     TIME      TIME      TIME     INCREMENT     ELEMENT     ENERGY     ENERGY
    24758  2.883E-04 7.883E-04  02:42:46 1.16431E-08       16908  1.279E-04  2.997E-01
    25085  2.921E-04 7.921E-04  02:44:48 1.16431E-08       16908  1.217E-04  2.997E-01
    25420  2.960E-04 7.960E-04  02:46:51 1.16431E-08        5672  1.122E-04  2.997E-01
    25760  2.999E-04 7.999E-04  02:48:53 1.16431E-08       16908  1.058E-04  2.997E-01
    25766  3.000E-04 8.000E-04  02:48:56 1.16431E-08       16908  1.058E-04  2.997E-01
Output Field Frame Number     6, of     10, at step time 3.000E-04
    26113  3.040E-04 8.040E-04  02:51:01 1.16431E-08       16908  1.028E-04  2.997E-01
    26456  3.080E-04 8.080E-04  02:53:04 1.16431E-08       84324  1.049E-04  2.997E-01
    26802  3.121E-04 8.121E-04  02:55:06 1.16431E-08       28144  1.146E-04  2.997E-01
    27125  3.158E-04 8.158E-04  02:57:09 1.16431E-08       16908  1.269E-04  2.997E-01
    27430  3.194E-04 8.194E-04  02:59:16 1.16431E-08       28144  1.417E-04  2.997E-01
    27773  3.234E-04 8.234E-04  03:01:35 1.16431E-08       84324  1.595E-04  2.997E-01
    28107  3.273E-04 8.273E-04  03:03:48 1.16431E-08       84324  1.692E-04  2.997E-01
    28415  3.308E-04 8.308E-04  03:05:48 1.16431E-08       84324  1.684E-04  2.997E-01
    28746  3.347E-04 8.347E-04  03:07:56 1.16431E-08       84324  1.606E-04  2.997E-01
    29111  3.389E-04 8.389E-04  03:10:16 1.16431E-08       84324  1.501E-04  2.997E-01
    29470  3.431E-04 8.431E-04  03:12:33 1.16431E-08       28144  1.407E-04  2.997E-01
    29836  3.474E-04 8.474E-04  03:14:49 1.16431E-08       84324  1.363E-04  2.997E-01
    30061  3.500E-04 8.500E-04  03:16:17 1.16431E-08       84324  1.355E-04  2.997E-01
Output Field Frame Number     7, of     10, at step time 3.500E-04
    30358  3.535E-04 8.535E-04  03:18:19 1.16431E-08       84324  1.363E-04  2.997E-01
    30667  3.571E-04 8.571E-04  03:20:19 1.16431E-08       28144  1.380E-04  2.997E-01
    30986  3.608E-04 8.608E-04  03:22:21 1.16431E-08       16908  1.375E-04  2.997E-01
    31344  3.649E-04 8.649E-04  03:24:34 1.16431E-08       16908  1.314E-04  2.997E-01
    31706  3.692E-04 8.692E-04  03:26:47 1.16431E-08       28144  1.214E-04  2.997E-01
    32083  3.736E-04 8.736E-04  03:29:03 1.16431E-08       84324  1.107E-04  2.997E-01
    32473  3.781E-04 8.781E-04  03:31:22 1.16431E-08       84324  1.003E-04  2.997E-01
    32864  3.826E-04 8.826E-04  03:33:40 1.16431E-08       84324  9.101E-05  2.997E-01
    33206  3.866E-04 8.866E-04  03:35:56 1.16431E-08       84324  8.436E-05  2.997E-01
    33513  3.902E-04 8.902E-04  03:37:59 1.16431E-08       28144  7.956E-05  2.997E-01
    33829  3.939E-04 8.939E-04  03:40:02 1.16431E-08       16908  7.486E-05  2.997E-01
    34148  3.976E-04 8.976E-04  03:42:05 1.16431E-08       16908  6.993E-05  2.997E-01
    34355  4.000E-04 9.000E-04  03:43:25 1.16431E-08       16908  6.645E-05  2.997E-01
Output Field Frame Number     8, of     10, at step time 4.000E-04
    34685  4.038E-04 9.038E-04  03:45:26 1.16431E-08       16908  6.071E-05  2.997E-01
    35021  4.078E-04 9.078E-04  03:47:27 1.16431E-08       16908  5.467E-05  2.997E-01
    35362  4.117E-04 9.117E-04  03:49:27 1.16431E-08       16908  4.842E-05  2.997E-01
    35719  4.159E-04 9.159E-04  03:51:28 1.16431E-08       16908  4.192E-05  2.997E-01
    36080  4.201E-04 9.201E-04  03:53:29 1.16431E-08       16908  3.562E-05  2.997E-01
    36406  4.239E-04 9.239E-04  03:55:30 1.16431E-08       16908  3.073E-05  2.997E-01
    36737  4.277E-04 9.277E-04  03:57:30 1.16431E-08       28144  2.697E-05  2.997E-01
    37075  4.317E-04 9.317E-04  03:59:31 1.16431E-08       28144  2.426E-05  2.997E-01
    37417  4.357E-04 9.357E-04  04:01:31 1.16431E-08       28144  2.226E-05  2.997E-01

 STEP 2  ORIGIN 5.00000E-04

              STEP     TOTAL      WALL        STABLE    CRITICAL    KINETIC      TOTAL
INCREMENT     TIME      TIME      TIME     INCREMENT     ELEMENT     ENERGY     ENERGY
    37763  4.397E-04 9.397E-04  04:03:32 1.16431E-08       28144  2.033E-05  2.997E-01
    38114  4.438E-04 9.438E-04  04:05:32 1.16431E-08       28144  1.805E-05  2.997E-01
    38473  4.479E-04 9.479E-04  04:07:33 1.16431E-08       84324  1.511E-05  2.997E-01
    38650  4.500E-04 9.500E-04  04:08:31 1.16431E-08       84324  1.346E-05  2.997E-01
Output Field Frame Number     9, of     10, at step time 4.500E-04
    39021  4.543E-04 9.543E-04  04:10:31 1.16431E-08       84324  1.007E-05  2.997E-01
    39345  4.581E-04 9.581E-04  04:12:32 1.16431E-08       84324  7.515E-06  2.997E-01
    39681  4.620E-04 9.620E-04  04:14:32 1.16431E-08       16908  5.680E-06  2.997E-01
    40021  4.660E-04 9.660E-04  04:16:32 1.16431E-08       16908  4.850E-06  2.997E-01
    40365  4.700E-04 9.700E-04  04:18:33 1.16431E-08       16908  4.550E-06  2.997E-01
    40715  4.741E-04 9.741E-04  04:20:33 1.16431E-08       16908  4.251E-06  2.997E-01
    41070  4.782E-04 9.782E-04  04:22:34 1.16431E-08       16908  3.753E-06  2.997E-01
    41434  4.824E-04 9.824E-04  04:24:35 1.16431E-08       16908  3.073E-06  2.997E-01
    41804  4.867E-04 9.867E-04  04:26:35 1.16431E-08       28144  2.209E-06  2.997E-01
    42151  4.908E-04 9.908E-04  04:28:35 1.16431E-08       28144  1.496E-06  2.997E-01
    42484  4.947E-04 9.947E-04  04:30:36 1.16431E-08       16908  1.018E-06  2.997E-01
    42823  4.986E-04 9.986E-04  04:32:37 1.16431E-08       16908  7.621E-07  2.997E-01
    42944  5.000E-04 1.000E-03  04:33:19 1.16403E-08       16908  7.156E-07  2.997E-01
Restart Number  1 at 1.00000E-03
Output Field Frame Number    10, of     10, at step time 5.000E-04
  EXPLICIT EXECUTABLE TIME SUMMARY
       USER TIME (SEC)      =   15677.
       SYSTEM TIME (SEC)    =   666.50
       WALLCLOCK TIME (SEC) =        16403
              INIT (SEC) =          6
              MAIN (SEC) =      16397

  THE ANALYSIS HAS COMPLETED SUCCESSFULLY

