Abaqus/Explicit 2026                             DATE 21-9ÔÂ-2026  TIME 13:08:32
-------------------------------------------------------------------------------
 PREPROCESSOR WARNING MESSAGES
-------------------------------------------------------------------------------


***WARNING: There are 5 warning messages in the data (.dat) file.  Please
            check the data file for possible errors in the input file.


-------------------------------------------------------------------------------
 NUMERICAL PRECISION USED FOR THIS Abaqus/Explicit ANALYSIS
-------------------------------------------------------------------------------

Single precision package and double precision explicit executables will be
used in this analysis.

-------------------------------------------------------------------------------
-------------------------------------------------------------------------------
 MODEL INFORMATION (IN GLOBAL X-Y COORDINATES)
-------------------------------------------------------------------------------

   Total mass in model = 1.56000E-05
   Center of mass of model = ( 5.000000E-04, 5.000000E-04, 1.000000E-03)

    Moments of Inertia :
                 About Center of Mass              About Origin
      I(XX)          1.170000E-11                  3.120001E-11
      I(YY)          1.170000E-11                  3.120001E-11
      I(ZZ)          7.800002E-12                  1.560001E-11
      I(XY)          2.822505E-19                 -3.900001E-12
      I(YZ)          4.560807E-19                 -7.800003E-12
      I(ZX)          4.560807E-19                 -7.800003E-12

-------------------------------------------------------------------------------
 STABLE TIME INCREMENT INFORMATION
-------------------------------------------------------------------------------


  The stable time increment estimate for each element is based on
  linearization about the initial state.


   Initial time increment = 1.11061E-07

   Statistics over 2 deformable elements:
      Mean = 1.11061E-07
      Standard deviation = 0.0000

   Most critical elements:
    Element number   Rank    Time increment   Increment ratio
   ----------------------------------------------------------
           1          1       1.110615E-07      1.000000E+00
           2          2       1.110615E-07      1.000000E+00

-------------------------------------------------------------------------------

  INFORMATION REGARDING INITIAL CONTACT OVERCLOSURES FOR NEWLY DEFINED GENERAL
  CONTACT INTERACTIONS IN STEP 1

-------------------------------------------------------------------------------

  No initial node-face or edge-edge overclosures found.


  No nodal position adjustments have been made.


  No unresolved initial node-face or edge-edge overclosures found.


Abaqus/Explicit 2026                             DATE 21-9ÔÂ-2026  TIME 13:08:38
The entire model is considered 1 domain.
Only 1 MPI rank is used.

-------------------------------------------------------------------------------
 SOLUTION PROGRESS
-------------------------------------------------------------------------------

 STEP 1  ORIGIN 0.0000

  Total memory used for step 1 is approximately 737.8 kilobytes.
  Global time estimation algorithm will be used.
  Scaling factor:  1.0000
              STEP     TOTAL      WALL        STABLE    CRITICAL    KINETIC      TOTAL
INCREMENT     TIME      TIME      TIME     INCREMENT     ELEMENT     ENERGY     ENERGY
        0  0.000E+00 0.000E+00  00:00:00 1.04939E-07           2  7.800E-12  7.800E-12
Output Field Frame Number     0, of     10, at step time 0.000E+00
       20  2.098E-06 2.098E-06  00:00:00 1.04884E-07           2  9.234E-12  7.805E-12
       39  4.091E-06 4.091E-06  00:00:00 1.04884E-07           2  1.169E-11  7.882E-12
Output Field Frame Number     1, of     10, at step time 4.091E-06
       59  6.188E-06 6.188E-06  00:00:00 1.04884E-07           2  1.239E-11  7.826E-12
       77  8.076E-06 8.076E-06  00:00:00 1.04884E-07           2  1.410E-11  7.796E-12
Output Field Frame Number     2, of     10, at step time 8.076E-06
       97  1.017E-05 1.017E-05  00:00:00 1.04884E-07           2  1.365E-11  7.796E-12
      115  1.206E-05 1.206E-05  00:00:00 1.04884E-07           2  1.298E-11  7.797E-12
Output Field Frame Number     3, of     10, at step time 1.206E-05
      135  1.416E-05 1.416E-05  00:00:00 1.04884E-07           2  1.302E-11  7.796E-12
      153  1.605E-05 1.605E-05  00:00:00 1.04884E-07           2  1.302E-11  7.795E-12
Output Field Frame Number     4, of     10, at step time 1.605E-05
      173  1.814E-05 1.814E-05  00:00:00 1.04884E-07           2  1.305E-11  7.795E-12
      191  2.003E-05 2.003E-05  00:00:00 1.04884E-07           2  4.075E-12  5.759E-12
Output Field Frame Number     5, of     10, at step time 2.003E-05
      211  2.213E-05 2.213E-05  00:00:00 1.04884E-07           2  1.116E-12  5.390E-12
      229  2.402E-05 2.402E-05  00:00:00 1.04884E-07           1  8.691E-15  5.459E-12
Output Field Frame Number     6, of     10, at step time 2.402E-05
      249  2.612E-05 2.612E-05  00:00:00 1.04884E-07           1  6.218E-15  5.383E-12
      267  2.800E-05 2.800E-05  00:00:00 1.04884E-07           1  3.516E-14  5.352E-12
Output Field Frame Number     7, of     10, at step time 2.800E-05
      287  3.010E-05 3.010E-05  00:00:00 1.04884E-07           1  1.055E-14  5.350E-12
      306  3.209E-05 3.209E-05  00:00:00 1.04884E-07           2  4.887E-17  5.350E-12
Output Field Frame Number     8, of     10, at step time 3.209E-05
      326  3.419E-05 3.419E-05  00:00:00 1.04884E-07           2  4.850E-17  5.349E-12
      344  3.608E-05 3.608E-05  00:00:00 1.04884E-07           2  5.316E-16  5.349E-12
Output Field Frame Number     9, of     10, at step time 3.608E-05
      364  3.818E-05 3.818E-05  00:00:01 1.04884E-07           2  1.614E-16  5.349E-12
      382  4.000E-05 4.000E-05  00:00:01 1.04756E-07           1  9.326E-17  5.349E-12
Restart Number  1 at 4.00000E-05
Output Field Frame Number    10, of     10, at step time 4.000E-05
  EXPLICIT EXECUTABLE TIME SUMMARY
       USER TIME (SEC)      =  0.10000
       SYSTEM TIME (SEC)    =  0.10000
       WALLCLOCK TIME (SEC) =            1
              INIT (SEC) =          0
              MAIN (SEC) =          1

  THE ANALYSIS HAS COMPLETED SUCCESSFULLY

