Abaqus/Explicit 2026                             DATE 20-Sep-2026  TIME 18:21:40
-------------------------------------------------------------------------------
 PREPROCESSOR WARNING MESSAGES
-------------------------------------------------------------------------------


***WARNING: There are 4 warning messages in the data (.dat) file.  Please
            check the data file for possible errors in the input file.


-------------------------------------------------------------------------------
 NUMERICAL PRECISION USED FOR THIS Abaqus/Explicit ANALYSIS
-------------------------------------------------------------------------------

Single precision package and explicit executables will be used in this analysis.

-------------------------------------------------------------------------------
-------------------------------------------------------------------------------
 MODEL INFORMATION (IN GLOBAL X-Y COORDINATES)
-------------------------------------------------------------------------------

   Total mass in model = 1.00078E-02
   Center of mass of model = ( 4.996493E-03, 3.896962E-07, 3.896962E-07)

    Moments of Inertia :
                 About Center of Mass              About Origin
      I(XX)          1.000001E-05                  1.000001E-05
      I(YY)          1.000016E-05                  1.025001E-05
      I(ZZ)          1.000016E-05                  1.025001E-05
      I(XY)          1.753633E-11                 -1.950001E-12
      I(YZ)         -1.948481E-12                 -1.950001E-12
      I(ZX)          1.753633E-11                 -1.950001E-12

-------------------------------------------------------------------------------
 STABLE TIME INCREMENT INFORMATION
-------------------------------------------------------------------------------


  The stable time increment estimate for each element is based on
  linearization about the initial state.


   Initial time increment = 1.11061E-07

   Statistics over 1 deformable elements:
      Mean = 1.11061E-07
      Standard deviation = 0.0000

   Most critical elements:
    Element number   Rank    Time increment   Increment ratio
   ----------------------------------------------------------
           1          1       1.110615E-07      1.000000E+00


Abaqus/Explicit 2026                             DATE 20-Sep-2026  TIME 18:21:47
The entire model is considered 1 domain.
Only 1 MPI rank is used.

-------------------------------------------------------------------------------
 SOLUTION PROGRESS
-------------------------------------------------------------------------------

 STEP 1  ORIGIN 0.0000

  Total memory used for step 1 is approximately 1.0 megabytes.
  Global time estimation algorithm will be used.
  Scaling factor:  1.0000
              STEP     TOTAL      WALL        STABLE    CRITICAL    KINETIC      TOTAL
INCREMENT     TIME      TIME      TIME     INCREMENT     ELEMENT     ENERGY     ENERGY
        0  0.000E+00 0.000E+00  00:00:00 1.11061E-07           1  1.224E-04  1.224E-04
       46  5.109E-06 5.109E-06  00:00:00 1.11061E-07           1  9.610E-05  1.246E-04
       92  1.022E-05 1.022E-05  00:00:00 1.11056E-07           1  7.047E-05  1.270E-04
      138  1.533E-05 1.533E-05  00:00:00 1.11061E-07           1  7.621E-05  1.279E-04
      184  2.043E-05 2.043E-05  00:00:00 1.11061E-07           1  9.373E-05  1.255E-04
      230  2.554E-05 2.554E-05  00:00:00 1.11057E-07           1  9.617E-05  1.239E-04
      276  3.065E-05 3.065E-05  00:00:00 1.11061E-07           1  1.002E-04  1.232E-04
      322  3.576E-05 3.576E-05  00:00:00 1.11055E-07           1  9.161E-05  1.252E-04
      368  4.087E-05 4.087E-05  00:00:00 1.11061E-07           1  7.294E-05  1.269E-04
      414  4.598E-05 4.598E-05  00:00:00 1.11060E-07           1  7.386E-05  1.269E-04
      460  5.109E-05 5.109E-05  00:00:00 1.11060E-07           1  9.731E-05  1.248E-04
      506  5.620E-05 5.620E-05  00:00:00 1.11061E-07           1  9.780E-05  1.237E-04
      552  6.130E-05 6.130E-05  00:00:00 1.11055E-07           1  8.081E-05  1.243E-04
      598  6.641E-05 6.641E-05  00:00:00 1.11061E-07           1  8.192E-05  1.255E-04
      644  7.152E-05 7.152E-05  00:00:00 1.11058E-07           1  8.768E-05  1.263E-04
      690  7.663E-05 7.663E-05  00:00:00 1.11061E-07           1  7.745E-05  1.262E-04
      736  8.174E-05 8.174E-05  00:00:00 1.11061E-07           1  7.511E-05  1.254E-04
      782  8.685E-05 8.685E-05  00:00:00 1.11057E-07           1  9.172E-05  1.240E-04
      828  9.196E-05 9.196E-05  00:00:00 1.11061E-07           1  9.059E-05  1.244E-04
      874  9.707E-05 9.707E-05  00:00:00 1.11056E-07           1  7.717E-05  1.255E-04
      901  1.000E-04 1.000E-04  00:00:00 1.11061E-07           1  8.739E-05  1.264E-04
Restart Number  1 at 1.00000E-04
  EXPLICIT EXECUTABLE TIME SUMMARY
       USER TIME (SEC)      =  0.10000
       SYSTEM TIME (SEC)    =  0.20000
       WALLCLOCK TIME (SEC) =            0
              INIT (SEC) =          0
              MAIN (SEC) =          0

  THE ANALYSIS HAS COMPLETED SUCCESSFULLY

