Abaqus/Explicit 2026                             DATE 22-Sep-2026  TIME 13:24:38
-------------------------------------------------------------------------------
 PREPROCESSOR WARNING MESSAGES
-------------------------------------------------------------------------------


***WARNING: There are 6 warning messages in the data (.dat) file.  Please
            check the data file for possible errors in the input file.


-------------------------------------------------------------------------------
 NUMERICAL PRECISION USED FOR THIS Abaqus/Explicit ANALYSIS
-------------------------------------------------------------------------------

Single precision package and double precision explicit executables will be
used in this analysis.

-------------------------------------------------------------------------------
-------------------------------------------------------------------------------
 MODEL INFORMATION (IN GLOBAL X-Y COORDINATES)
-------------------------------------------------------------------------------

   Total mass in model = 1.56000E-05
   Center of mass of model = ( 5.000000E-04, 5.000000E-04, 1.000000E-03)

    Moments of Inertia :
                 About Center of Mass              About Origin
      I(XX)          1.170000E-11                  3.120001E-11
      I(YY)          1.170000E-11                  3.120001E-11
      I(ZZ)          7.800002E-12                  1.560001E-11
      I(XY)          2.822505E-19                 -3.900001E-12
      I(YZ)          4.560807E-19                 -7.800003E-12
      I(ZX)          4.560807E-19                 -7.800003E-12

-------------------------------------------------------------------------------
 STABLE TIME INCREMENT INFORMATION
-------------------------------------------------------------------------------


  The stable time increment estimate for each element is based on
  linearization about the initial state.


   Initial time increment = 1.11061E-07

   Statistics over 2 deformable elements:
      Mean = 1.11061E-07
      Standard deviation = 0.0000

   Most critical elements:
    Element number   Rank    Time increment   Increment ratio
   ----------------------------------------------------------
           1          1       1.110615E-07      1.000000E+00
           2          2       1.110615E-07      1.000000E+00

-------------------------------------------------------------------------------

  INFORMATION REGARDING INITIAL CONTACT OVERCLOSURES FOR NEWLY DEFINED GENERAL
  CONTACT INTERACTIONS IN STEP 1

-------------------------------------------------------------------------------

  No initial node-face or edge-edge overclosures found.


  No nodal position adjustments have been made.


  No unresolved initial node-face or edge-edge overclosures found.


Abaqus/Explicit 2026                             DATE 22-Sep-2026  TIME 13:24:45
The entire model is considered 1 domain.
Only 1 MPI rank is used.

-------------------------------------------------------------------------------
 SOLUTION PROGRESS
-------------------------------------------------------------------------------

 STEP 1  ORIGIN 0.0000

  Total memory used for step 1 is approximately 758.4 kilobytes.
  Global time estimation algorithm will be used.
  Scaling factor:  1.0000
              STEP     TOTAL      WALL        STABLE    CRITICAL    KINETIC      TOTAL
INCREMENT     TIME      TIME      TIME     INCREMENT     ELEMENT     ENERGY     ENERGY
        0  0.000E+00 0.000E+00  00:00:00 1.05413E-07           2  4.875E-07  4.875E-07
Output Field Frame Number     0, of     10, at step time 0.000E+00
       19  2.002E-06 2.002E-06  00:00:00 1.05387E-07           2  6.753E-07  5.064E-07
       38  4.005E-06 4.005E-06  00:00:00 1.05387E-07           2  9.583E-07  4.965E-07
Output Field Frame Number     1, of     10, at step time 4.005E-06
       57  6.007E-06 6.007E-06  00:00:00 1.05569E-07           2  1.063E-06  4.895E-07
       76  8.019E-06 8.019E-06  00:00:00 1.05893E-07           2  1.007E-06  4.873E-07
Output Field Frame Number     2, of     10, at step time 8.019E-06
       95  1.003E-05 1.003E-05  00:00:00 1.05892E-07           1  9.882E-07  4.875E-07
      114  1.204E-05 1.204E-05  00:00:00 1.05893E-07           1  9.851E-07  4.873E-07
Output Field Frame Number     3, of     10, at step time 1.204E-05
      133  1.405E-05 1.405E-05  00:00:00 1.05893E-07           1  9.852E-07  4.872E-07
      152  1.607E-05 1.607E-05  00:00:00 1.05893E-07           1  9.866E-07  4.872E-07
Output Field Frame Number     4, of     10, at step time 1.607E-05
      171  1.808E-05 1.808E-05  00:00:00 1.05893E-07           2  9.889E-07  4.872E-07
      190  2.009E-05 2.009E-05  00:00:00 1.05893E-07           2  2.645E-07  1.991E-07
Output Field Frame Number     5, of     10, at step time 2.009E-05
      209  2.210E-05 2.210E-05  00:00:00 1.05892E-07           2  1.443E-07  7.228E-08
      227  2.401E-05 2.401E-05  00:00:00 1.05893E-07           1  1.869E-09  8.456E-08
Output Field Frame Number     6, of     10, at step time 2.401E-05
      246  2.602E-05 2.602E-05  00:00:00 1.05893E-07           1  7.982E-09  7.384E-08
      265  2.803E-05 2.803E-05  00:00:00 1.05893E-07           2  4.920E-09  7.142E-08
Output Field Frame Number     7, of     10, at step time 2.803E-05
      284  3.004E-05 3.004E-05  00:00:00 1.05893E-07           2  1.068E-09  7.139E-08
      303  3.206E-05 3.206E-05  00:00:00 1.05893E-07           2  2.011E-10  7.129E-08
Output Field Frame Number     8, of     10, at step time 3.206E-05
      322  3.407E-05 3.407E-05  00:00:00 1.05893E-07           2  1.225E-10  7.119E-08
      341  3.608E-05 3.608E-05  00:00:00 1.05893E-07           2  4.384E-11  7.117E-08
Output Field Frame Number     9, of     10, at step time 3.608E-05
      360  3.809E-05 3.809E-05  00:00:00 1.05893E-07           1  7.218E-12  7.117E-08
      379  4.000E-05 4.000E-05  00:00:00 1.05893E-07           1  7.377E-12  7.117E-08
Restart Number  1 at 4.00000E-05
Output Field Frame Number    10, of     10, at step time 4.000E-05
  EXPLICIT EXECUTABLE TIME SUMMARY
       USER TIME (SEC)      =   0.0000
       SYSTEM TIME (SEC)    =  0.10000
       WALLCLOCK TIME (SEC) =            0
              INIT (SEC) =          0
              MAIN (SEC) =          0

  THE ANALYSIS HAS COMPLETED SUCCESSFULLY

