Abaqus/Explicit 2026                             DATE 20-Sep-2026  TIME 17:30:36
-------------------------------------------------------------------------------
 PREPROCESSOR WARNING MESSAGES
-------------------------------------------------------------------------------


***WARNING: There are 5 warning messages in the data (.dat) file.  Please
            check the data file for possible errors in the input file.


-------------------------------------------------------------------------------
 NUMERICAL PRECISION USED FOR THIS Abaqus/Explicit ANALYSIS
-------------------------------------------------------------------------------

Single precision package and explicit executables will be used in this analysis.

-------------------------------------------------------------------------------
-------------------------------------------------------------------------------
 MODEL INFORMATION (IN GLOBAL X-Y COORDINATES)
-------------------------------------------------------------------------------

   Total mass in model = 1.57157E-03
   Center of mass of model = ( 5.000000E-04, 5.000000E-04, 5.050000E-04)

    Moments of Inertia :
                 About Center of Mass              About Origin
      I(XX)          3.931322E-10                  1.186814E-09
      I(YY)          3.931322E-10                  1.186814E-09
      I(ZZ)          7.857852E-10                  1.571570E-09
      I(XY)          1.716805E-17                 -3.928926E-10
      I(YZ)         -1.741717E-17                 -3.968215E-10
      I(ZX)         -1.741717E-17                 -3.968215E-10

-------------------------------------------------------------------------------
 STABLE TIME INCREMENT INFORMATION
-------------------------------------------------------------------------------


  The stable time increment estimate for each element is based on
  linearization about the initial state.


   Initial time increment = 4.23165E-08

   Statistics over 3 deformable elements:
      Mean = 1.25961E-06
      Standard deviation = 2.10842E-06

   Most critical elements:
    Element number   Rank    Time increment   Increment ratio
   ----------------------------------------------------------
           1          1       4.231647E-08      1.000000E+00
           3          2       4.231647E-08      1.000000E+00
           2          3       3.694207E-06      1.145482E-02


Abaqus/Explicit 2026                             DATE 20-Sep-2026  TIME 17:30:42
The entire model is considered 1 domain.
Only 1 MPI rank is used.

-------------------------------------------------------------------------------
 SOLUTION PROGRESS
-------------------------------------------------------------------------------

 STEP 1  ORIGIN 0.0000

  Total memory used for step 1 is approximately 1.0 megabytes.
  Global time estimation algorithm will be used.
  Scaling factor:  1.0000
              STEP     TOTAL      WALL        STABLE    CRITICAL    KINETIC      TOTAL
INCREMENT     TIME      TIME      TIME     INCREMENT     ELEMENT     ENERGY     ENERGY
        0  0.000E+00 0.000E+00  00:00:00 4.23165E-08           3  7.065E-08  7.065E-08
Output Field Frame Number     0, of     20, at step time 0.000E+00
       89  1.007E-05 1.007E-05  00:00:00 1.23072E-07           1  2.671E-05  7.327E-08
Output Field Frame Number     1, of     20, at step time 1.007E-05
      170  2.004E-05 2.004E-05  00:00:00 1.23072E-07           1  1.949E-04  7.226E-08
Output Field Frame Number     2, of     20, at step time 2.004E-05
      251  3.001E-05 3.001E-05  00:00:00 1.23072E-07           1  2.481E-04  7.344E-08
Output Field Frame Number     3, of     20, at step time 3.001E-05
      333  4.010E-05 4.010E-05  00:00:00 1.23072E-07           3  1.172E-04  7.592E-08
Output Field Frame Number     4, of     20, at step time 4.010E-05
      414  5.007E-05 5.007E-05  00:00:00 1.23072E-07           3  1.066E-04  7.459E-08
Output Field Frame Number     5, of     20, at step time 5.007E-05
      495  6.004E-05 6.004E-05  00:00:00 1.23072E-07           1  1.950E-04  7.636E-08
Output Field Frame Number     6, of     20, at step time 6.004E-05
      576  7.001E-05 7.001E-05  00:00:00 1.23072E-07           1  3.404E-04  8.923E-08
Output Field Frame Number     7, of     20, at step time 7.001E-05
      658  8.010E-05 8.010E-05  00:00:01 1.23072E-07           3  3.433E-04  7.377E-08
Output Field Frame Number     8, of     20, at step time 8.010E-05
      739  9.007E-05 9.007E-05  00:00:01 1.23072E-07           3  2.133E-04  7.290E-08
Output Field Frame Number     9, of     20, at step time 9.007E-05
      820  1.000E-04 1.000E-04  00:00:01 1.23072E-07           3  1.203E-04  7.466E-08
Output Field Frame Number    10, of     20, at step time 1.000E-04
      901  1.100E-04 1.100E-04  00:00:01 1.23072E-07           1  2.329E-04  7.310E-08
Output Field Frame Number    11, of     20, at step time 1.100E-04
      983  1.201E-04 1.201E-04  00:00:01 1.23072E-07           1  3.099E-04  7.177E-08
Output Field Frame Number    12, of     20, at step time 1.201E-04
     1064  1.301E-04 1.301E-04  00:00:01 1.23072E-07           3  1.986E-04  7.306E-08
Output Field Frame Number    13, of     20, at step time 1.301E-04
     1145  1.400E-04 1.400E-04  00:00:01 1.23072E-07           3  1.182E-04  7.313E-08
Output Field Frame Number    14, of     20, at step time 1.400E-04
     1226  1.500E-04 1.500E-04  00:00:01 1.23072E-07           1  1.725E-04  7.300E-08
Output Field Frame Number    15, of     20, at step time 1.500E-04
     1308  1.601E-04 1.601E-04  00:00:01 1.23072E-07           1  2.618E-04  7.338E-08
Output Field Frame Number    16, of     20, at step time 1.601E-04
     1389  1.701E-04 1.701E-04  00:00:01 1.23072E-07           3  2.627E-04  7.267E-08
Output Field Frame Number    17, of     20, at step time 1.701E-04
     1470  1.800E-04 1.800E-04  00:00:01 1.23072E-07           3  1.663E-04  7.288E-08
Output Field Frame Number    18, of     20, at step time 1.800E-04
     1552  1.901E-04 1.901E-04  00:00:01 1.23072E-07           1  1.162E-04  7.415E-08
Output Field Frame Number    19, of     20, at step time 1.901E-04
     1633  2.000E-04 2.000E-04  00:00:01 1.23072E-07           1  2.028E-04  7.427E-08
Restart Number  1 at 2.00000E-04
Output Field Frame Number    20, of     20, at step time 2.000E-04
  EXPLICIT EXECUTABLE TIME SUMMARY
       USER TIME (SEC)      =  0.40000
       SYSTEM TIME (SEC)    =  0.60000
       WALLCLOCK TIME (SEC) =            1
              INIT (SEC) =          0
              MAIN (SEC) =          1

  THE ANALYSIS HAS COMPLETED SUCCESSFULLY

