Abaqus/Explicit 2026                             DATE 20-Sep-2026  TIME 17:30:13
-------------------------------------------------------------------------------
 PREPROCESSOR WARNING MESSAGES
-------------------------------------------------------------------------------


***WARNING: There are 5 warning messages in the data (.dat) file.  Please
            check the data file for possible errors in the input file.


-------------------------------------------------------------------------------
 NUMERICAL PRECISION USED FOR THIS Abaqus/Explicit ANALYSIS
-------------------------------------------------------------------------------

Single precision package and explicit executables will be used in this analysis.

-------------------------------------------------------------------------------
-------------------------------------------------------------------------------
 MODEL INFORMATION (IN GLOBAL X-Y COORDINATES)
-------------------------------------------------------------------------------

   Total mass in model = 1.58570E-06
   Center of mass of model = ( 5.000000E-04, 5.000000E-04, 5.050000E-04)

    Moments of Inertia :
                 About Center of Mass              About Origin
      I(XX)          5.966398E-13                  1.397458E-12
      I(YY)          5.966398E-13                  1.397458E-12
      I(ZZ)          7.928502E-13                  1.585700E-12
      I(XY)          1.547139E-20                 -3.964251E-13
      I(YZ)         -8.577727E-21                 -4.003893E-13
      I(ZX)         -8.577727E-21                 -4.003893E-13

-------------------------------------------------------------------------------
 STABLE TIME INCREMENT INFORMATION
-------------------------------------------------------------------------------


  The stable time increment estimate for each element is based on
  linearization about the initial state.


   Initial time increment = 1.03643E-09

   Statistics over 3 deformable elements:
      Mean = 2.85565E-08
      Standard deviation = 2.38330E-08

   Most critical elements:
    Element number   Rank    Time increment   Increment ratio
   ----------------------------------------------------------
           2          1       1.036430E-09      1.000000E+00
           1          2       4.231647E-08      2.449235E-02
           3          3       4.231647E-08      2.449235E-02


Abaqus/Explicit 2026                             DATE 20-Sep-2026  TIME 17:30:20
The entire model is considered 1 domain.
Only 1 MPI rank is used.

-------------------------------------------------------------------------------
 SOLUTION PROGRESS
-------------------------------------------------------------------------------

 STEP 1  ORIGIN 0.0000

  Total memory used for step 1 is approximately 1.0 megabytes.
  Global time estimation algorithm will be used.
  Scaling factor:  1.0000
              STEP     TOTAL      WALL        STABLE    CRITICAL    KINETIC      TOTAL
INCREMENT     TIME      TIME      TIME     INCREMENT     ELEMENT     ENERGY     ENERGY
        0  0.000E+00 0.000E+00  00:00:00 1.03643E-09           2  7.065E-08  7.065E-08
Output Field Frame Number     0, of     20, at step time 0.000E+00
      411  1.001E-05 1.001E-05  00:00:00 2.63028E-08           2  1.627E-07  7.075E-08
Output Field Frame Number     1, of     20, at step time 1.001E-05
      791  2.001E-05 2.001E-05  00:00:00 2.63028E-08           2  1.937E-07  7.072E-08
Output Field Frame Number     2, of     20, at step time 2.001E-05
     1171  3.000E-05 3.000E-05  00:00:00 2.63028E-08           2  9.063E-08  7.062E-08
Output Field Frame Number     3, of     20, at step time 3.000E-05
     1552  4.003E-05 4.003E-05  00:00:00 2.63028E-08           2  1.599E-07  7.079E-08
Output Field Frame Number     4, of     20, at step time 4.003E-05
     1932  5.002E-05 5.002E-05  00:00:00 2.63028E-08           2  2.381E-07  7.056E-08
Output Field Frame Number     5, of     20, at step time 5.002E-05
     2312  6.002E-05 6.002E-05  00:00:00 2.63028E-08           2  8.366E-08  7.061E-08
Output Field Frame Number     6, of     20, at step time 6.002E-05
     2692  7.001E-05 7.001E-05  00:00:00 2.63028E-08           2  1.002E-07  7.038E-08
Output Field Frame Number     7, of     20, at step time 7.001E-05
     3072  8.001E-05 8.001E-05  00:00:00 2.63028E-08           2  2.420E-07  7.019E-08
Output Field Frame Number     8, of     20, at step time 8.001E-05
     3452  9.000E-05 9.000E-05  00:00:00 2.63028E-08           2  8.506E-08  6.969E-08
Output Field Frame Number     9, of     20, at step time 9.000E-05
     3833  1.000E-04 1.000E-04  00:00:00 2.63028E-08           2  8.966E-08  6.938E-08
Output Field Frame Number    10, of     20, at step time 1.000E-04
     4213  1.100E-04 1.100E-04  00:00:00 2.63028E-08           2  2.593E-07  6.949E-08
Output Field Frame Number    11, of     20, at step time 1.100E-04
     4593  1.200E-04 1.200E-04  00:00:00 2.63028E-08           2  1.293E-07  6.849E-08
Output Field Frame Number    12, of     20, at step time 1.200E-04
     4973  1.300E-04 1.300E-04  00:00:00 2.63028E-08           2  1.059E-07  6.822E-08
Output Field Frame Number    13, of     20, at step time 1.300E-04
     5353  1.400E-04 1.400E-04  00:00:00 2.63028E-08           2  2.365E-07  6.731E-08
Output Field Frame Number    14, of     20, at step time 1.400E-04
     5733  1.500E-04 1.500E-04  00:00:00 2.63028E-08           2  1.424E-07  6.661E-08
Output Field Frame Number    15, of     20, at step time 1.500E-04
     6113  1.600E-04 1.600E-04  00:00:00 2.63028E-08           2  7.751E-08  6.615E-08
Output Field Frame Number    16, of     20, at step time 1.600E-04
     6493  1.700E-04 1.700E-04  00:00:00 2.63028E-08           2  1.763E-07  6.704E-08
Output Field Frame Number    17, of     20, at step time 1.700E-04
     6874  1.800E-04 1.800E-04  00:00:01 2.63028E-08           2  1.673E-07  6.682E-08
Output Field Frame Number    18, of     20, at step time 1.800E-04
     7254  1.900E-04 1.900E-04  00:00:01 2.63028E-08           2  8.168E-08  6.766E-08
Output Field Frame Number    19, of     20, at step time 1.900E-04
     7634  2.000E-04 2.000E-04  00:00:01 2.63028E-08           2  1.510E-07  7.101E-08
Restart Number  1 at 2.00000E-04
Output Field Frame Number    20, of     20, at step time 2.000E-04
  EXPLICIT EXECUTABLE TIME SUMMARY
       USER TIME (SEC)      =  0.60000
       SYSTEM TIME (SEC)    =   1.4000
       WALLCLOCK TIME (SEC) =            1
              INIT (SEC) =          0
              MAIN (SEC) =          1

  THE ANALYSIS HAS COMPLETED SUCCESSFULLY

